OpenJDK 64-Bit Server VM (25.151-b12) for linux-amd64 JRE (1.8.0_151-8u151-b12-0ubuntu0.16.04.2-b12), built on Oct 27 2017 21:59:02 by "buildd" with gcc 5.4.0 20160609
Memory: 4k page, physical 5837400k(2330000k free), swap 6012924k(2715684k free)
CommandLine flags: -XX:CMSInitiatingOccupancyFraction=50 -XX:CMSMaxAbortablePrecleanTime=6000 -XX:+CMSParallelRemarkEnabled -XX:+CMSScavengeBeforeRemark -XX:ConcGCThreads=4 -XX:GCLogFileSize=20971520 -XX:InitialHeapSize=3221225472 -XX:MaxHeapSize=3221225472 -XX:MaxTenuringThreshold=8 -XX:NewRatio=3 -XX:NumberOfGCLogFiles=9 -XX:OldPLABSize=16 -XX:-OmitStackTraceInFastThrow -XX:OnOutOfMemoryError=/home/bruno/solr/solr-7.2.0/bin/oom_solr.sh 8983 /home/bruno/solr/solr-7.2.0/server/logs -XX:ParallelGCThreads=4 -XX:+ParallelRefProcEnabled -XX:PretenureSizeThreshold=67108864 -XX:+PrintGC -XX:+PrintGCApplicationStoppedTime -XX:+PrintGCDateStamps -XX:+PrintGCDetails -XX:+PrintGCTimeStamps -XX:+PrintHeapAtGC -XX:+PrintTenuringDistribution -XX:SurvivorRatio=4 -XX:TargetSurvivorRatio=90 -XX:ThreadStackSize=256 -XX:+UseCMSInitiatingOccupancyOnly -XX:+UseCompressedClassPointers -XX:+UseCompressedOops -XX:+UseConcMarkSweepGC -XX:+UseGCLogFileRotation -XX:+UseParNewGC 
2018-01-03T20:27:06.861-0200: 0,153: Total time for which application threads were stopped: 0,0000620 seconds, Stopping threads took: 0,0000130 seconds
2018-01-03T20:27:06.981-0200: 0,273: Total time for which application threads were stopped: 0,0000877 seconds, Stopping threads took: 0,0000136 seconds
2018-01-03T20:27:07.010-0200: 0,302: Total time for which application threads were stopped: 0,0000936 seconds, Stopping threads took: 0,0000139 seconds
2018-01-03T20:27:07.204-0200: 0,496: Total time for which application threads were stopped: 0,0001272 seconds, Stopping threads took: 0,0000159 seconds
2018-01-03T20:27:07.536-0200: 0,828: Total time for which application threads were stopped: 0,0001296 seconds, Stopping threads took: 0,0000158 seconds
2018-01-03T20:27:07.713-0200: 1,004: Total time for which application threads were stopped: 0,0001484 seconds, Stopping threads took: 0,0000171 seconds
2018-01-03T20:27:07.739-0200: 1,030: Total time for which application threads were stopped: 0,0001581 seconds, Stopping threads took: 0,0000148 seconds
2018-01-03T20:27:08.059-0200: 1,350: Total time for which application threads were stopped: 0,0002154 seconds, Stopping threads took: 0,0000204 seconds
2018-01-03T20:27:08.109-0200: 1,400: Total time for which application threads were stopped: 0,0003122 seconds, Stopping threads took: 0,0000384 seconds
2018-01-03T20:27:08.235-0200: 1,527: Total time for which application threads were stopped: 0,0002221 seconds, Stopping threads took: 0,0000194 seconds
2018-01-03T20:27:08.498-0200: 1,790: Total time for which application threads were stopped: 0,0002103 seconds, Stopping threads took: 0,0000182 seconds
2018-01-03T20:27:08.531-0200: 1,823: Total time for which application threads were stopped: 0,0001879 seconds, Stopping threads took: 0,0000164 seconds
2018-01-03T20:27:08.578-0200: 1,870: Total time for which application threads were stopped: 0,0002248 seconds, Stopping threads took: 0,0000140 seconds
2018-01-03T20:27:08.579-0200: 1,871: Total time for which application threads were stopped: 0,0001878 seconds, Stopping threads took: 0,0000095 seconds
2018-01-03T20:27:08.601-0200: 1,893: Total time for which application threads were stopped: 0,0002036 seconds, Stopping threads took: 0,0000181 seconds
2018-01-03T20:27:08.716-0200: 2,007: Total time for which application threads were stopped: 0,0003457 seconds, Stopping threads took: 0,0000202 seconds
2018-01-03T20:27:09.097-0200: 2,389: Total time for which application threads were stopped: 0,0002517 seconds, Stopping threads took: 0,0000196 seconds
2018-01-03T20:27:09.640-0200: 2,932: Total time for which application threads were stopped: 0,0003057 seconds, Stopping threads took: 0,0000197 seconds
2018-01-03T20:27:09.673-0200: 2,964: Total time for which application threads were stopped: 0,0000736 seconds, Stopping threads took: 0,0000208 seconds
2018-01-03T20:27:09.679-0200: 2,970: Total time for which application threads were stopped: 0,0002185 seconds, Stopping threads took: 0,0001737 seconds
2018-01-03T20:27:09.754-0200: 3,046: Total time for which application threads were stopped: 0,0001055 seconds, Stopping threads took: 0,0000223 seconds
2018-01-03T20:27:09.754-0200: 3,046: Total time for which application threads were stopped: 0,0000985 seconds, Stopping threads took: 0,0000677 seconds
2018-01-03T20:27:09.808-0200: 3,100: Total time for which application threads were stopped: 0,0000851 seconds, Stopping threads took: 0,0000248 seconds
2018-01-03T20:27:09.809-0200: 3,101: Total time for which application threads were stopped: 0,0003868 seconds, Stopping threads took: 0,0000177 seconds
2018-01-03T20:27:09.971-0200: 3,262: Total time for which application threads were stopped: 0,0000775 seconds, Stopping threads took: 0,0000276 seconds
2018-01-03T20:27:10.049-0200: 3,341: Total time for which application threads were stopped: 0,0001070 seconds, Stopping threads took: 0,0000331 seconds
2018-01-03T20:27:10.149-0200: 3,440: Total time for which application threads were stopped: 0,0016442 seconds, Stopping threads took: 0,0000198 seconds
2018-01-03T20:27:10.178-0200: 3,470: Total time for which application threads were stopped: 0,0005705 seconds, Stopping threads took: 0,0005135 seconds
2018-01-03T20:27:10.269-0200: 3,560: Total time for which application threads were stopped: 0,0001686 seconds, Stopping threads took: 0,0000261 seconds
2018-01-03T20:27:10.310-0200: 3,601: Total time for which application threads were stopped: 0,0000708 seconds, Stopping threads took: 0,0000160 seconds
2018-01-03T20:27:10.391-0200: 3,683: Total time for which application threads were stopped: 0,0001002 seconds, Stopping threads took: 0,0000160 seconds
2018-01-03T20:27:10.488-0200: 3,780: Total time for which application threads were stopped: 0,0001007 seconds, Stopping threads took: 0,0000279 seconds
2018-01-03T20:27:10.502-0200: 3,794: Total time for which application threads were stopped: 0,0002807 seconds, Stopping threads took: 0,0000205 seconds
2018-01-03T20:27:10.557-0200: 3,848: Total time for which application threads were stopped: 0,0003006 seconds, Stopping threads took: 0,0000205 seconds
2018-01-03T20:27:10.628-0200: 3,920: Total time for which application threads were stopped: 0,0000692 seconds, Stopping threads took: 0,0000215 seconds
2018-01-03T20:27:10.815-0200: 4,107: Total time for which application threads were stopped: 0,0040835 seconds, Stopping threads took: 0,0038624 seconds
2018-01-03T20:27:10.861-0200: 4,152: [GC (CMS Initial Mark) [1 CMS-initial-mark: 0K(2359296K)] 251724K(3014656K), 0,1446167 secs] [Times: user=0,04 sys=0,00, real=0,15 secs] 
2018-01-03T20:27:11.005-0200: 4,297: Total time for which application threads were stopped: 0,1447309 seconds, Stopping threads took: 0,0000325 seconds
2018-01-03T20:27:11.010-0200: 4,302: [CMS-concurrent-mark-start]
2018-01-03T20:27:11.025-0200: 4,317: [CMS-concurrent-mark: 0,015/0,015 secs] [Times: user=0,01 sys=0,00, real=0,02 secs] 
2018-01-03T20:27:11.025-0200: 4,317: [CMS-concurrent-preclean-start]
2018-01-03T20:27:11.032-0200: 4,324: [CMS-concurrent-preclean: 0,007/0,007 secs] [Times: user=0,00 sys=0,00, real=0,00 secs] 
2018-01-03T20:27:11.032-0200: 4,324: [CMS-concurrent-abortable-preclean-start]
2018-01-03T20:27:11.068-0200: 4,359: Total time for which application threads were stopped: 0,0011168 seconds, Stopping threads took: 0,0010623 seconds
2018-01-03T20:27:11.075-0200: 4,367: Total time for which application threads were stopped: 0,0000798 seconds, Stopping threads took: 0,0000216 seconds
2018-01-03T20:27:11.188-0200: 4,480: Total time for which application threads were stopped: 0,0000873 seconds, Stopping threads took: 0,0000146 seconds
2018-01-03T20:27:11.234-0200: 4,526: Total time for which application threads were stopped: 0,0000760 seconds, Stopping threads took: 0,0000140 seconds
2018-01-03T20:27:11.287-0200: 4,578: Total time for which application threads were stopped: 0,0000859 seconds, Stopping threads took: 0,0000216 seconds
2018-01-03T20:27:11.622-0200: 4,914: Total time for which application threads were stopped: 0,0076748 seconds, Stopping threads took: 0,0075862 seconds
2018-01-03T20:27:11.662-0200: 4,954: Total time for which application threads were stopped: 0,0000969 seconds, Stopping threads took: 0,0000384 seconds
2018-01-03T20:27:11.800-0200: 5,092: Total time for which application threads were stopped: 0,0001468 seconds, Stopping threads took: 0,0000385 seconds
2018-01-03T20:27:11.832-0200: 5,124: Total time for which application threads were stopped: 0,0000597 seconds, Stopping threads took: 0,0000199 seconds
2018-01-03T20:27:11.844-0200: 5,135: Total time for which application threads were stopped: 0,0000708 seconds, Stopping threads took: 0,0000229 seconds
2018-01-03T20:27:11.850-0200: 5,141: Total time for which application threads were stopped: 0,0000606 seconds, Stopping threads took: 0,0000194 seconds
2018-01-03T20:27:11.853-0200: 5,144: Total time for which application threads were stopped: 0,0000520 seconds, Stopping threads took: 0,0000170 seconds
2018-01-03T20:27:11.860-0200: 5,151: Total time for which application threads were stopped: 0,0001015 seconds, Stopping threads took: 0,0000199 seconds
2018-01-03T20:27:11.866-0200: 5,158: Total time for which application threads were stopped: 0,0000563 seconds, Stopping threads took: 0,0000186 seconds
2018-01-03T20:27:11.887-0200: 5,179: Total time for which application threads were stopped: 0,0000737 seconds, Stopping threads took: 0,0000196 seconds
2018-01-03T20:27:11.926-0200: 5,217: Total time for which application threads were stopped: 0,0000733 seconds, Stopping threads took: 0,0000210 seconds
2018-01-03T20:27:12.062-0200: 5,354: Total time for which application threads were stopped: 0,0000972 seconds, Stopping threads took: 0,0000216 seconds
2018-01-03T20:27:12.356-0200: 5,647: Total time for which application threads were stopped: 0,0001027 seconds, Stopping threads took: 0,0000299 seconds
2018-01-03T20:27:12.385-0200: 5,676: Total time for which application threads were stopped: 0,0000912 seconds, Stopping threads took: 0,0000206 seconds
2018-01-03T20:27:12.585-0200: 5,877: Total time for which application threads were stopped: 0,0000818 seconds, Stopping threads took: 0,0000217 seconds
2018-01-03T20:27:12.618-0200: 5,910: Total time for which application threads were stopped: 0,0000774 seconds, Stopping threads took: 0,0000213 seconds
2018-01-03T20:27:12.623-0200: 5,915: Total time for which application threads were stopped: 0,0003504 seconds, Stopping threads took: 0,0000191 seconds
2018-01-03T20:27:12.659-0200: 5,951: Total time for which application threads were stopped: 0,0000849 seconds, Stopping threads took: 0,0000263 seconds
2018-01-03T20:27:12.679-0200: 5,971: Total time for which application threads were stopped: 0,0001346 seconds, Stopping threads took: 0,0000217 seconds
2018-01-03T20:27:12.736-0200: 6,027: Total time for which application threads were stopped: 0,0000711 seconds, Stopping threads took: 0,0000210 seconds
2018-01-03T20:27:12.775-0200: 6,067: Total time for which application threads were stopped: 0,0000936 seconds, Stopping threads took: 0,0000221 seconds
2018-01-03T20:27:12.822-0200: 6,113: Total time for which application threads were stopped: 0,0000980 seconds, Stopping threads took: 0,0000212 seconds
2018-01-03T20:27:13.036-0200: 6,327: Total time for which application threads were stopped: 0,0000645 seconds, Stopping threads took: 0,0000194 seconds
2018-01-03T20:27:13.110-0200: 6,402: Total time for which application threads were stopped: 0,0001047 seconds, Stopping threads took: 0,0000284 seconds
2018-01-03T20:27:13.393-0200: 6,685: Total time for which application threads were stopped: 0,0004664 seconds, Stopping threads took: 0,0000274 seconds
2018-01-03T20:27:13.584-0200: 6,876: Total time for which application threads were stopped: 0,0000903 seconds, Stopping threads took: 0,0000218 seconds
2018-01-03T20:27:13.631-0200: 6,922: Total time for which application threads were stopped: 0,0003581 seconds, Stopping threads took: 0,0002705 seconds
2018-01-03T20:27:13.755-0200: 7,047: Total time for which application threads were stopped: 0,0000869 seconds, Stopping threads took: 0,0000271 seconds
2018-01-03T20:27:13.792-0200: 7,083: Total time for which application threads were stopped: 0,0000943 seconds, Stopping threads took: 0,0000285 seconds
2018-01-03T20:27:13.944-0200: 7,236: Total time for which application threads were stopped: 0,0001146 seconds, Stopping threads took: 0,0000269 seconds
2018-01-03T20:27:14.037-0200: 7,329: Total time for which application threads were stopped: 0,0003488 seconds, Stopping threads took: 0,0000190 seconds
2018-01-03T20:27:14.066-0200: 7,358: Total time for which application threads were stopped: 0,0000706 seconds, Stopping threads took: 0,0000146 seconds
2018-01-03T20:27:14.156-0200: 7,448: Total time for which application threads were stopped: 0,0001223 seconds, Stopping threads took: 0,0000201 seconds
2018-01-03T20:27:14.201-0200: 7,493: Total time for which application threads were stopped: 0,0000786 seconds, Stopping threads took: 0,0000219 seconds
2018-01-03T20:27:14.250-0200: 7,542: Total time for which application threads were stopped: 0,0001086 seconds, Stopping threads took: 0,0000261 seconds
2018-01-03T20:27:14.291-0200: 7,583: Total time for which application threads were stopped: 0,0000757 seconds, Stopping threads took: 0,0000216 seconds
2018-01-03T20:27:14.406-0200: 7,698: Total time for which application threads were stopped: 0,0055312 seconds, Stopping threads took: 0,0054547 seconds
2018-01-03T20:27:14.467-0200: 7,758: Total time for which application threads were stopped: 0,0000976 seconds, Stopping threads took: 0,0000407 seconds
2018-01-03T20:27:14.510-0200: 7,801: Total time for which application threads were stopped: 0,0000851 seconds, Stopping threads took: 0,0000237 seconds
2018-01-03T20:27:14.582-0200: 7,874: Total time for which application threads were stopped: 0,0000823 seconds, Stopping threads took: 0,0000221 seconds
2018-01-03T20:27:14.619-0200: 7,910: Total time for which application threads were stopped: 0,0000833 seconds, Stopping threads took: 0,0000238 seconds
2018-01-03T20:27:14.686-0200: 7,978: Total time for which application threads were stopped: 0,0000683 seconds, Stopping threads took: 0,0000210 seconds
2018-01-03T20:27:14.734-0200: 8,026: Total time for which application threads were stopped: 0,0000778 seconds, Stopping threads took: 0,0000219 seconds
2018-01-03T20:27:14.761-0200: 8,052: Total time for which application threads were stopped: 0,0000656 seconds, Stopping threads took: 0,0000209 seconds
2018-01-03T20:27:14.782-0200: 8,074: Total time for which application threads were stopped: 0,0000962 seconds, Stopping threads took: 0,0000212 seconds
2018-01-03T20:27:14.807-0200: 8,099: Total time for which application threads were stopped: 0,0000895 seconds, Stopping threads took: 0,0000388 seconds
2018-01-03T20:27:14.823-0200: 8,115: Total time for which application threads were stopped: 0,0004650 seconds, Stopping threads took: 0,0000206 seconds
2018-01-03T20:27:14.830-0200: 8,121: Total time for which application threads were stopped: 0,0000788 seconds, Stopping threads took: 0,0000205 seconds
2018-01-03T20:27:14.879-0200: 8,171: Total time for which application threads were stopped: 0,0001257 seconds, Stopping threads took: 0,0000217 seconds
2018-01-03T20:27:14.967-0200: 8,259: Total time for which application threads were stopped: 0,0001149 seconds, Stopping threads took: 0,0000228 seconds
2018-01-03T20:27:14.998-0200: 8,290: Total time for which application threads were stopped: 0,0000856 seconds, Stopping threads took: 0,0000267 seconds
{Heap before GC invocations=0 (full 1):
 par new generation   total 655360K, used 524288K [0x0000000700000000, 0x0000000730000000, 0x0000000730000000)
  eden space 524288K, 100% used [0x0000000700000000, 0x0000000720000000, 0x0000000720000000)
  from space 131072K,   0% used [0x0000000720000000, 0x0000000720000000, 0x0000000728000000)
  to   space 131072K,   0% used [0x0000000728000000, 0x0000000728000000, 0x0000000730000000)
 concurrent mark-sweep generation total 2359296K, used 0K [0x0000000730000000, 0x00000007c0000000, 0x00000007c0000000)
 Metaspace       used 37133K, capacity 38225K, committed 38560K, reserved 1083392K
  class space    used 4414K, capacity 4828K, committed 4900K, reserved 1048576K
2018-01-03T20:27:15.007-0200: 8,299: [GC (Allocation Failure) 2018-01-03T20:27:15.007-0200: 8,299: [ParNew
Desired survivor size 120795952 bytes, new threshold 8 (max 8)
- age   1:   34466760 bytes,   34466760 total
: 524288K->33954K(655360K), 0,0888637 secs] 524288K->33954K(3014656K), 0,0889260 secs] [Times: user=0,07 sys=0,01, real=0,09 secs] 
Heap after GC invocations=1 (full 1):
 par new generation   total 655360K, used 33954K [0x0000000700000000, 0x0000000730000000, 0x0000000730000000)
  eden space 524288K,   0% used [0x0000000700000000, 0x0000000700000000, 0x0000000720000000)
  from space 131072K,  25% used [0x0000000728000000, 0x000000072a128b20, 0x0000000730000000)
  to   space 131072K,   0% used [0x0000000720000000, 0x0000000720000000, 0x0000000728000000)
 concurrent mark-sweep generation total 2359296K, used 0K [0x0000000730000000, 0x00000007c0000000, 0x00000007c0000000)
 Metaspace       used 37133K, capacity 38225K, committed 38560K, reserved 1083392K
  class space    used 4414K, capacity 4828K, committed 4900K, reserved 1048576K
}
2018-01-03T20:27:15.096-0200: 8,388: Total time for which application threads were stopped: 0,0907402 seconds, Stopping threads took: 0,0016779 seconds
2018-01-03T20:27:15.114-0200: 8,405: Total time for which application threads were stopped: 0,0001073 seconds, Stopping threads took: 0,0000190 seconds
2018-01-03T20:27:15.115-0200: 8,406: Total time for which application threads were stopped: 0,0000633 seconds, Stopping threads took: 0,0000162 seconds
2018-01-03T20:27:15.127-0200: 8,419: Total time for which application threads were stopped: 0,0000786 seconds, Stopping threads took: 0,0000167 seconds
2018-01-03T20:27:15.251-0200: 8,543: Total time for which application threads were stopped: 0,0001214 seconds, Stopping threads took: 0,0000244 seconds
2018-01-03T20:27:15.275-0200: 8,567: Total time for which application threads were stopped: 0,0000780 seconds, Stopping threads took: 0,0000255 seconds
2018-01-03T20:27:15.276-0200: 8,568: Total time for which application threads were stopped: 0,0000349 seconds, Stopping threads took: 0,0000072 seconds
2018-01-03T20:27:15.276-0200: 8,568: Total time for which application threads were stopped: 0,0000305 seconds, Stopping threads took: 0,0000063 seconds
2018-01-03T20:27:15.277-0200: 8,568: Total time for which application threads were stopped: 0,0000349 seconds, Stopping threads took: 0,0000075 seconds
2018-01-03T20:27:15.277-0200: 8,568: Total time for which application threads were stopped: 0,0000253 seconds, Stopping threads took: 0,0000056 seconds
2018-01-03T20:27:15.277-0200: 8,568: Total time for which application threads were stopped: 0,0000228 seconds, Stopping threads took: 0,0000044 seconds
2018-01-03T20:27:15.277-0200: 8,568: Total time for which application threads were stopped: 0,0000217 seconds, Stopping threads took: 0,0000042 seconds
2018-01-03T20:27:15.277-0200: 8,568: Total time for which application threads were stopped: 0,0000220 seconds, Stopping threads took: 0,0000043 seconds
2018-01-03T20:27:15.277-0200: 8,568: Total time for which application threads were stopped: 0,0000212 seconds, Stopping threads took: 0,0000039 seconds
2018-01-03T20:27:15.277-0200: 8,568: Total time for which application threads were stopped: 0,0000218 seconds, Stopping threads took: 0,0000045 seconds
2018-01-03T20:27:15.277-0200: 8,569: Total time for which application threads were stopped: 0,0000217 seconds, Stopping threads took: 0,0000041 seconds
2018-01-03T20:27:15.277-0200: 8,569: Total time for which application threads were stopped: 0,0000220 seconds, Stopping threads took: 0,0000041 seconds
2018-01-03T20:27:15.277-0200: 8,569: Total time for which application threads were stopped: 0,0000220 seconds, Stopping threads took: 0,0000045 seconds
2018-01-03T20:27:15.277-0200: 8,569: Total time for which application threads were stopped: 0,0000222 seconds, Stopping threads took: 0,0000043 seconds
2018-01-03T20:27:15.277-0200: 8,569: Total time for which application threads were stopped: 0,0000216 seconds, Stopping threads took: 0,0000040 seconds
2018-01-03T20:27:15.277-0200: 8,569: Total time for which application threads were stopped: 0,0000216 seconds, Stopping threads took: 0,0000040 seconds
2018-01-03T20:27:15.277-0200: 8,569: Total time for which application threads were stopped: 0,0000218 seconds, Stopping threads took: 0,0000042 seconds
2018-01-03T20:27:15.277-0200: 8,569: Total time for which application threads were stopped: 0,0000219 seconds, Stopping threads took: 0,0000042 seconds
2018-01-03T20:27:15.277-0200: 8,569: Total time for which application threads were stopped: 0,0000233 seconds, Stopping threads took: 0,0000048 seconds
2018-01-03T20:27:15.277-0200: 8,569: Total time for which application threads were stopped: 0,0000855 seconds, Stopping threads took: 0,0000039 seconds
2018-01-03T20:27:15.280-0200: 8,572: Total time for which application threads were stopped: 0,0000551 seconds, Stopping threads took: 0,0000149 seconds
2018-01-03T20:27:15.294-0200: 8,586: Total time for which application threads were stopped: 0,0000568 seconds, Stopping threads took: 0,0000162 seconds
2018-01-03T20:27:16.295-0200: 9,586: Total time for which application threads were stopped: 0,0000621 seconds, Stopping threads took: 0,0000202 seconds
 CMS: abort preclean due to time 2018-01-03T20:27:17.214-0200: 10,506: [CMS-concurrent-abortable-preclean: 1,482/6,182 secs] [Times: user=3,58 sys=0,14, real=6,18 secs] 
2018-01-03T20:27:17.219-0200: 10,510: [GC (CMS Final Remark) [YG occupancy: 89423 K (655360 K)]{Heap before GC invocations=1 (full 1):
 par new generation   total 655360K, used 89423K [0x0000000700000000, 0x0000000730000000, 0x0000000730000000)
  eden space 524288K,  10% used [0x0000000700000000, 0x000000070362b338, 0x0000000720000000)
  from space 131072K,  25% used [0x0000000728000000, 0x000000072a128b20, 0x0000000730000000)
  to   space 131072K,   0% used [0x0000000720000000, 0x0000000720000000, 0x0000000728000000)
 concurrent mark-sweep generation total 2359296K, used 0K [0x0000000730000000, 0x00000007c0000000, 0x00000007c0000000)
 Metaspace       used 37728K, capacity 38925K, committed 39148K, reserved 1083392K
  class space    used 4538K, capacity 4944K, committed 4976K, reserved 1048576K
2018-01-03T20:27:17.219-0200: 10,510: [GC (CMS Final Remark) 2018-01-03T20:27:17.219-0200: 10,510: [ParNew
Desired survivor size 120795952 bytes, new threshold 8 (max 8)
- age   1:     723632 bytes,     723632 total
- age   2:   14467096 bytes,   15190728 total
: 89423K->24250K(655360K), 0,0660478 secs] 89423K->24250K(3014656K), 0,0660853 secs] [Times: user=0,05 sys=0,00, real=0,07 secs] 
Heap after GC invocations=2 (full 1):
 par new generation   total 655360K, used 24250K [0x0000000700000000, 0x0000000730000000, 0x0000000730000000)
  eden space 524288K,   0% used [0x0000000700000000, 0x0000000700000000, 0x0000000720000000)
  from space 131072K,  18% used [0x0000000720000000, 0x00000007217ae918, 0x0000000728000000)
  to   space 131072K,   0% used [0x0000000728000000, 0x0000000728000000, 0x0000000730000000)
 concurrent mark-sweep generation total 2359296K, used 0K [0x0000000730000000, 0x00000007c0000000, 0x00000007c0000000)
 Metaspace       used 37728K, capacity 38925K, committed 39148K, reserved 1083392K
  class space    used 4538K, capacity 4944K, committed 4976K, reserved 1048576K
}
2018-01-03T20:27:17.285-0200: 10,576: [Rescan (parallel) , 0,0158348 secs]2018-01-03T20:27:17.301-0200: 10,592: [weak refs processing, 0,0198475 secs]2018-01-03T20:27:17.321-0200: 10,612: [class unloading, 0,0044042 secs]2018-01-03T20:27:17.325-0200: 10,617: [scrub symbol table, 0,0076501 secs]2018-01-03T20:27:17.333-0200: 10,624: [scrub string table, 0,0004094 secs][1 CMS-remark: 0K(2359296K)] 24250K(3014656K), 0,1151119 secs] [Times: user=0,10 sys=0,00, real=0,11 secs] 
2018-01-03T20:27:17.334-0200: 10,625: Total time for which application threads were stopped: 0,1151955 seconds, Stopping threads took: 0,0000175 seconds
2018-01-03T20:27:17.334-0200: 10,626: [CMS-concurrent-sweep-start]
2018-01-03T20:27:17.335-0200: 10,626: Total time for which application threads were stopped: 0,0000539 seconds, Stopping threads took: 0,0000252 seconds
2018-01-03T20:27:17.336-0200: 10,628: [CMS-concurrent-sweep: 0,002/0,002 secs] [Times: user=0,00 sys=0,00, real=0,01 secs] 
2018-01-03T20:27:17.336-0200: 10,628: [CMS-concurrent-reset-start]
2018-01-03T20:27:17.343-0200: 10,634: Total time for which application threads were stopped: 0,0000698 seconds, Stopping threads took: 0,0000201 seconds
2018-01-03T20:27:17.343-0200: 10,634: Total time for which application threads were stopped: 0,0000237 seconds, Stopping threads took: 0,0000061 seconds
2018-01-03T20:27:17.343-0200: 10,634: Total time for which application threads were stopped: 0,0000199 seconds, Stopping threads took: 0,0000047 seconds
2018-01-03T20:27:17.343-0200: 10,635: Total time for which application threads were stopped: 0,0000208 seconds, Stopping threads took: 0,0000047 seconds
2018-01-03T20:27:17.343-0200: 10,635: Total time for which application threads were stopped: 0,0000206 seconds, Stopping threads took: 0,0000056 seconds
2018-01-03T20:27:17.343-0200: 10,635: Total time for which application threads were stopped: 0,0000187 seconds, Stopping threads took: 0,0000046 seconds
2018-01-03T20:27:17.343-0200: 10,635: Total time for which application threads were stopped: 0,0000184 seconds, Stopping threads took: 0,0000044 seconds
2018-01-03T20:27:17.343-0200: 10,635: Total time for which application threads were stopped: 0,0000182 seconds, Stopping threads took: 0,0000043 seconds
2018-01-03T20:27:17.343-0200: 10,635: Total time for which application threads were stopped: 0,0000185 seconds, Stopping threads took: 0,0000045 seconds
2018-01-03T20:27:17.343-0200: 10,635: Total time for which application threads were stopped: 0,0000179 seconds, Stopping threads took: 0,0000045 seconds
2018-01-03T20:27:17.343-0200: 10,635: Total time for which application threads were stopped: 0,0000183 seconds, Stopping threads took: 0,0000042 seconds
2018-01-03T20:27:17.343-0200: 10,635: Total time for which application threads were stopped: 0,0000182 seconds, Stopping threads took: 0,0000043 seconds
2018-01-03T20:27:17.343-0200: 10,635: Total time for which application threads were stopped: 0,0000186 seconds, Stopping threads took: 0,0000045 seconds
2018-01-03T20:27:17.343-0200: 10,635: Total time for which application threads were stopped: 0,0000184 seconds, Stopping threads took: 0,0000045 seconds
2018-01-03T20:27:17.343-0200: 10,635: Total time for which application threads were stopped: 0,0000183 seconds, Stopping threads took: 0,0000044 seconds
2018-01-03T20:27:17.343-0200: 10,635: Total time for which application threads were stopped: 0,0000181 seconds, Stopping threads took: 0,0000044 seconds
2018-01-03T20:27:17.343-0200: 10,635: Total time for which application threads were stopped: 0,0000183 seconds, Stopping threads took: 0,0000044 seconds
2018-01-03T20:27:17.343-0200: 10,635: Total time for which application threads were stopped: 0,0000181 seconds, Stopping threads took: 0,0000043 seconds
2018-01-03T20:27:17.343-0200: 10,635: Total time for which application threads were stopped: 0,0000943 seconds, Stopping threads took: 0,0000043 seconds
2018-01-03T20:27:17.355-0200: 10,647: [CMS-concurrent-reset: 0,018/0,018 secs] [Times: user=0,01 sys=0,02, real=0,02 secs] 
2018-01-03T20:27:53.564-0200: 46,855: Total time for which application threads were stopped: 0,0000813 seconds, Stopping threads took: 0,0000357 seconds
2018-01-03T20:27:53.564-0200: 46,855: Total time for which application threads were stopped: 0,0000280 seconds, Stopping threads took: 0,0000065 seconds
2018-01-03T20:27:58.567-0200: 51,858: Total time for which application threads were stopped: 0,0000541 seconds, Stopping threads took: 0,0000168 seconds
2018-01-03T20:27:59.567-0200: 52,858: Total time for which application threads were stopped: 0,0001021 seconds, Stopping threads took: 0,0000369 seconds
2018-01-03T20:28:04.108-0200: 57,399: Total time for which application threads were stopped: 0,0000546 seconds, Stopping threads took: 0,0000141 seconds
2018-01-03T20:28:04.108-0200: 57,399: Total time for which application threads were stopped: 0,0000395 seconds, Stopping threads took: 0,0000056 seconds
2018-01-03T20:28:04.145-0200: 57,436: Total time for which application threads were stopped: 0,0000599 seconds, Stopping threads took: 0,0000187 seconds
2018-01-03T20:28:04.146-0200: 57,438: Total time for which application threads were stopped: 0,0000509 seconds, Stopping threads took: 0,0000156 seconds
2018-01-03T20:28:04.146-0200: 57,438: Total time for which application threads were stopped: 0,0000288 seconds, Stopping threads took: 0,0000090 seconds
2018-01-03T20:28:04.151-0200: 57,443: Total time for which application threads were stopped: 0,0000884 seconds, Stopping threads took: 0,0000339 seconds
2018-01-03T20:28:04.151-0200: 57,443: Total time for which application threads were stopped: 0,0000264 seconds, Stopping threads took: 0,0000089 seconds
2018-01-03T20:28:04.157-0200: 57,448: Total time for which application threads were stopped: 0,0000557 seconds, Stopping threads took: 0,0000190 seconds
2018-01-03T20:28:04.186-0200: 57,477: Total time for which application threads were stopped: 0,0000706 seconds, Stopping threads took: 0,0000238 seconds
2018-01-03T20:28:04.187-0200: 57,478: Total time for which application threads were stopped: 0,0000824 seconds, Stopping threads took: 0,0000410 seconds
2018-01-03T20:28:04.187-0200: 57,478: Total time for which application threads were stopped: 0,0000338 seconds, Stopping threads took: 0,0000118 seconds
2018-01-03T20:28:04.187-0200: 57,479: Total time for which application threads were stopped: 0,0000288 seconds, Stopping threads took: 0,0000091 seconds
2018-01-03T20:28:04.187-0200: 57,479: Total time for which application threads were stopped: 0,0000256 seconds, Stopping threads took: 0,0000092 seconds
2018-01-03T20:28:04.187-0200: 57,479: Total time for which application threads were stopped: 0,0000257 seconds, Stopping threads took: 0,0000090 seconds
2018-01-03T20:28:04.190-0200: 57,481: Total time for which application threads were stopped: 0,0000517 seconds, Stopping threads took: 0,0000184 seconds
2018-01-03T20:28:04.207-0200: 57,499: Total time for which application threads were stopped: 0,0000748 seconds, Stopping threads took: 0,0000210 seconds
2018-01-03T20:28:04.210-0200: 57,502: Total time for which application threads were stopped: 0,0000642 seconds, Stopping threads took: 0,0000207 seconds
2018-01-03T20:28:04.210-0200: 57,502: Total time for which application threads were stopped: 0,0000716 seconds, Stopping threads took: 0,0000113 seconds
2018-01-03T20:28:04.210-0200: 57,502: Total time for which application threads were stopped: 0,0000308 seconds, Stopping threads took: 0,0000101 seconds
2018-01-03T20:28:04.211-0200: 57,502: Total time for which application threads were stopped: 0,0000354 seconds, Stopping threads took: 0,0000099 seconds
2018-01-03T20:28:04.211-0200: 57,502: Total time for which application threads were stopped: 0,0000310 seconds, Stopping threads took: 0,0000102 seconds
2018-01-03T20:28:04.211-0200: 57,503: Total time for which application threads were stopped: 0,0000348 seconds, Stopping threads took: 0,0000118 seconds
2018-01-03T20:28:04.358-0200: 57,649: Total time for which application threads were stopped: 0,0000837 seconds, Stopping threads took: 0,0000212 seconds
2018-01-03T20:28:04.435-0200: 57,727: Total time for which application threads were stopped: 0,0000680 seconds, Stopping threads took: 0,0000201 seconds
2018-01-03T20:28:04.456-0200: 57,748: Total time for which application threads were stopped: 0,0000794 seconds, Stopping threads took: 0,0000205 seconds
2018-01-03T20:28:04.464-0200: 57,755: Total time for which application threads were stopped: 0,0000571 seconds, Stopping threads took: 0,0000204 seconds
2018-01-03T20:28:04.467-0200: 57,758: Total time for which application threads were stopped: 0,0000873 seconds, Stopping threads took: 0,0000462 seconds
2018-01-03T20:28:04.474-0200: 57,766: Total time for which application threads were stopped: 0,0000646 seconds, Stopping threads took: 0,0000219 seconds
2018-01-03T20:28:04.483-0200: 57,775: Total time for which application threads were stopped: 0,0000626 seconds, Stopping threads took: 0,0000209 seconds
2018-01-03T20:28:04.492-0200: 57,783: Total time for which application threads were stopped: 0,0000709 seconds, Stopping threads took: 0,0000326 seconds
2018-01-03T20:28:04.496-0200: 57,788: Total time for which application threads were stopped: 0,0000623 seconds, Stopping threads took: 0,0000203 seconds
2018-01-03T20:28:04.518-0200: 57,810: Total time for which application threads were stopped: 0,0000815 seconds, Stopping threads took: 0,0000186 seconds
2018-01-03T20:28:04.521-0200: 57,813: Total time for which application threads were stopped: 0,0000574 seconds, Stopping threads took: 0,0000197 seconds
2018-01-03T20:28:04.528-0200: 57,820: Total time for which application threads were stopped: 0,0000702 seconds, Stopping threads took: 0,0000313 seconds
2018-01-03T20:28:04.528-0200: 57,820: Total time for which application threads were stopped: 0,0000312 seconds, Stopping threads took: 0,0000107 seconds
2018-01-03T20:28:04.528-0200: 57,820: Total time for which application threads were stopped: 0,0000268 seconds, Stopping threads took: 0,0000094 seconds
2018-01-03T20:28:04.548-0200: 57,839: Total time for which application threads were stopped: 0,0000560 seconds, Stopping threads took: 0,0000200 seconds
2018-01-03T20:28:04.548-0200: 57,839: Total time for which application threads were stopped: 0,0000279 seconds, Stopping threads took: 0,0000096 seconds
2018-01-03T20:28:04.570-0200: 57,862: Total time for which application threads were stopped: 0,0000852 seconds, Stopping threads took: 0,0000207 seconds
2018-01-03T20:28:04.570-0200: 57,862: Total time for which application threads were stopped: 0,0000317 seconds, Stopping threads took: 0,0000105 seconds
2018-01-03T20:28:04.622-0200: 57,913: Total time for which application threads were stopped: 0,0000555 seconds, Stopping threads took: 0,0000183 seconds
2018-01-03T20:28:04.631-0200: 57,923: Total time for which application threads were stopped: 0,0020712 seconds, Stopping threads took: 0,0020278 seconds
2018-01-03T20:28:04.634-0200: 57,925: Total time for which application threads were stopped: 0,0000592 seconds, Stopping threads took: 0,0000187 seconds
2018-01-03T20:28:04.637-0200: 57,928: Total time for which application threads were stopped: 0,0000583 seconds, Stopping threads took: 0,0000189 seconds
2018-01-03T20:28:04.639-0200: 57,931: Total time for which application threads were stopped: 0,0000580 seconds, Stopping threads took: 0,0000198 seconds
2018-01-03T20:28:04.643-0200: 57,935: Total time for which application threads were stopped: 0,0000587 seconds, Stopping threads took: 0,0000194 seconds
2018-01-03T20:28:04.645-0200: 57,936: Total time for which application threads were stopped: 0,0000432 seconds, Stopping threads took: 0,0000156 seconds
2018-01-03T20:28:04.648-0200: 57,940: Total time for which application threads were stopped: 0,0000625 seconds, Stopping threads took: 0,0000188 seconds
2018-01-03T20:28:04.649-0200: 57,941: Total time for which application threads were stopped: 0,0000480 seconds, Stopping threads took: 0,0000167 seconds
2018-01-03T20:28:04.653-0200: 57,945: Total time for which application threads were stopped: 0,0000570 seconds, Stopping threads took: 0,0000189 seconds
2018-01-03T20:28:04.656-0200: 57,948: Total time for which application threads were stopped: 0,0000602 seconds, Stopping threads took: 0,0000190 seconds
2018-01-03T20:28:04.658-0200: 57,949: Total time for which application threads were stopped: 0,0000427 seconds, Stopping threads took: 0,0000154 seconds
2018-01-03T20:28:04.661-0200: 57,952: Total time for which application threads were stopped: 0,0000508 seconds, Stopping threads took: 0,0000196 seconds
2018-01-03T20:28:04.665-0200: 57,957: Total time for which application threads were stopped: 0,0000512 seconds, Stopping threads took: 0,0000200 seconds
2018-01-03T20:28:04.667-0200: 57,959: Total time for which application threads were stopped: 0,0000451 seconds, Stopping threads took: 0,0000164 seconds
2018-01-03T20:28:04.670-0200: 57,962: Total time for which application threads were stopped: 0,0000554 seconds, Stopping threads took: 0,0000194 seconds
2018-01-03T20:28:04.678-0200: 57,970: Total time for which application threads were stopped: 0,0000635 seconds, Stopping threads took: 0,0000234 seconds
2018-01-03T20:28:04.683-0200: 57,974: Total time for which application threads were stopped: 0,0000586 seconds, Stopping threads took: 0,0000221 seconds
2018-01-03T20:28:04.692-0200: 57,983: Total time for which application threads were stopped: 0,0000590 seconds, Stopping threads took: 0,0000233 seconds
2018-01-03T20:28:04.698-0200: 57,990: Total time for which application threads were stopped: 0,0000623 seconds, Stopping threads took: 0,0000244 seconds
2018-01-03T20:28:04.705-0200: 57,997: Total time for which application threads were stopped: 0,0001343 seconds, Stopping threads took: 0,0000246 seconds
2018-01-03T20:28:04.785-0200: 58,077: Total time for which application threads were stopped: 0,0001322 seconds, Stopping threads took: 0,0000206 seconds
2018-01-03T20:28:04.835-0200: 58,126: Total time for which application threads were stopped: 0,0000834 seconds, Stopping threads took: 0,0000208 seconds
2018-01-03T20:28:05.281-0200: 58,572: Total time for which application threads were stopped: 0,0001395 seconds, Stopping threads took: 0,0000242 seconds
2018-01-03T20:28:06.281-0200: 59,573: Total time for which application threads were stopped: 0,0001896 seconds, Stopping threads took: 0,0000464 seconds
2018-01-03T20:28:07.286-0200: 60,577: Total time for which application threads were stopped: 0,0043518 seconds, Stopping threads took: 0,0042738 seconds
2018-01-03T20:28:08.294-0200: 61,586: Total time for which application threads were stopped: 0,0037040 seconds, Stopping threads took: 0,0036574 seconds
{Heap before GC invocations=2 (full 1):
 par new generation   total 655360K, used 548538K [0x0000000700000000, 0x0000000730000000, 0x0000000730000000)
  eden space 524288K, 100% used [0x0000000700000000, 0x0000000720000000, 0x0000000720000000)
  from space 131072K,  18% used [0x0000000720000000, 0x00000007217ae918, 0x0000000728000000)
  to   space 131072K,   0% used [0x0000000728000000, 0x0000000728000000, 0x0000000730000000)
 concurrent mark-sweep generation total 2359296K, used 0K [0x0000000730000000, 0x00000007c0000000, 0x00000007c0000000)
 Metaspace       used 40559K, capacity 42123K, committed 42348K, reserved 1087488K
  class space    used 4813K, capacity 5278K, committed 5360K, reserved 1048576K
2018-01-03T20:28:09.279-0200: 62,570: [GC (Allocation Failure) 2018-01-03T20:28:09.279-0200: 62,570: [ParNew
Desired survivor size 120795952 bytes, new threshold 8 (max 8)
- age   1:   18894312 bytes,   18894312 total
- age   2:      92288 bytes,   18986600 total
- age   3:   13279624 bytes,   32266224 total
: 548538K->34490K(655360K), 0,1167942 secs] 548538K->34490K(3014656K), 0,1168613 secs] [Times: user=0,12 sys=0,00, real=0,12 secs] 
Heap after GC invocations=3 (full 1):
 par new generation   total 655360K, used 34490K [0x0000000700000000, 0x0000000730000000, 0x0000000730000000)
  eden space 524288K,   0% used [0x0000000700000000, 0x0000000700000000, 0x0000000720000000)
  from space 131072K,  26% used [0x0000000728000000, 0x000000072a1aeb90, 0x0000000730000000)
  to   space 131072K,   0% used [0x0000000720000000, 0x0000000720000000, 0x0000000728000000)
 concurrent mark-sweep generation total 2359296K, used 0K [0x0000000730000000, 0x00000007c0000000, 0x00000007c0000000)
 Metaspace       used 40559K, capacity 42123K, committed 42348K, reserved 1087488K
  class space    used 4813K, capacity 5278K, committed 5360K, reserved 1048576K
}
2018-01-03T20:28:09.395-0200: 62,687: Total time for which application threads were stopped: 0,1170545 seconds, Stopping threads took: 0,0000284 seconds
2018-01-03T20:28:09.404-0200: 62,696: Total time for which application threads were stopped: 0,0022996 seconds, Stopping threads took: 0,0022201 seconds
2018-01-03T20:28:10.407-0200: 63,698: Total time for which application threads were stopped: 0,0020944 seconds, Stopping threads took: 0,0020277 seconds
2018-01-03T20:28:11.410-0200: 64,702: Total time for which application threads were stopped: 0,0023290 seconds, Stopping threads took: 0,0021484 seconds
{Heap before GC invocations=3 (full 1):
 par new generation   total 655360K, used 558778K [0x0000000700000000, 0x0000000730000000, 0x0000000730000000)
  eden space 524288K, 100% used [0x0000000700000000, 0x0000000720000000, 0x0000000720000000)
  from space 131072K,  26% used [0x0000000728000000, 0x000000072a1aeb90, 0x0000000730000000)
  to   space 131072K,   0% used [0x0000000720000000, 0x0000000720000000, 0x0000000728000000)
 concurrent mark-sweep generation total 2359296K, used 0K [0x0000000730000000, 0x00000007c0000000, 0x00000007c0000000)
 Metaspace       used 40602K, capacity 42187K, committed 42348K, reserved 1087488K
  class space    used 4813K, capacity 5278K, committed 5360K, reserved 1048576K
2018-01-03T20:28:11.949-0200: 65,241: [GC (Allocation Failure) 2018-01-03T20:28:11.949-0200: 65,241: [ParNew
Desired survivor size 120795952 bytes, new threshold 8 (max 8)
- age   1:   22486768 bytes,   22486768 total
- age   2:   15120424 bytes,   37607192 total
- age   3:      92288 bytes,   37699480 total
- age   4:   12888776 bytes,   50588256 total
: 558778K->57555K(655360K), 0,1573635 secs] 558778K->57555K(3014656K), 0,1574278 secs] [Times: user=0,14 sys=0,02, real=0,16 secs] 
Heap after GC invocations=4 (full 1):
 par new generation   total 655360K, used 57555K [0x0000000700000000, 0x0000000730000000, 0x0000000730000000)
  eden space 524288K,   0% used [0x0000000700000000, 0x0000000700000000, 0x0000000720000000)
  from space 131072K,  43% used [0x0000000720000000, 0x0000000723834db0, 0x0000000728000000)
  to   space 131072K,   0% used [0x0000000728000000, 0x0000000728000000, 0x0000000730000000)
 concurrent mark-sweep generation total 2359296K, used 0K [0x0000000730000000, 0x00000007c0000000, 0x00000007c0000000)
 Metaspace       used 40602K, capacity 42187K, committed 42348K, reserved 1087488K
  class space    used 4813K, capacity 5278K, committed 5360K, reserved 1048576K
}
2018-01-03T20:28:12.107-0200: 65,398: Total time for which application threads were stopped: 0,1575804 seconds, Stopping threads took: 0,0000269 seconds
2018-01-03T20:28:13.112-0200: 66,404: Total time for which application threads were stopped: 0,0020911 seconds, Stopping threads took: 0,0020240 seconds
{Heap before GC invocations=4 (full 1):
 par new generation   total 655360K, used 581843K [0x0000000700000000, 0x0000000730000000, 0x0000000730000000)
  eden space 524288K, 100% used [0x0000000700000000, 0x0000000720000000, 0x0000000720000000)
  from space 131072K,  43% used [0x0000000720000000, 0x0000000723834db0, 0x0000000728000000)
  to   space 131072K,   0% used [0x0000000728000000, 0x0000000728000000, 0x0000000730000000)
 concurrent mark-sweep generation total 2359296K, used 0K [0x0000000730000000, 0x00000007c0000000, 0x00000007c0000000)
 Metaspace       used 40611K, capacity 42187K, committed 42348K, reserved 1087488K
  class space    used 4813K, capacity 5278K, committed 5360K, reserved 1048576K
2018-01-03T20:28:13.612-0200: 66,904: [GC (Allocation Failure) 2018-01-03T20:28:13.612-0200: 66,904: [ParNew
Desired survivor size 120795952 bytes, new threshold 8 (max 8)
- age   1:   25215696 bytes,   25215696 total
- age   2:   17865936 bytes,   43081632 total
- age   3:   15119896 bytes,   58201528 total
- age   4:      92288 bytes,   58293816 total
- age   5:   12632648 bytes,   70926464 total
: 581843K->97755K(655360K), 0,1333388 secs] 581843K->97755K(3014656K), 0,1333954 secs] [Times: user=0,12 sys=0,01, real=0,14 secs] 
Heap after GC invocations=5 (full 1):
 par new generation   total 655360K, used 97755K [0x0000000700000000, 0x0000000730000000, 0x0000000730000000)
  eden space 524288K,   0% used [0x0000000700000000, 0x0000000700000000, 0x0000000720000000)
  from space 131072K,  74% used [0x0000000728000000, 0x000000072df76f48, 0x0000000730000000)
  to   space 131072K,   0% used [0x0000000720000000, 0x0000000720000000, 0x0000000728000000)
 concurrent mark-sweep generation total 2359296K, used 0K [0x0000000730000000, 0x00000007c0000000, 0x00000007c0000000)
 Metaspace       used 40611K, capacity 42187K, committed 42348K, reserved 1087488K
  class space    used 4813K, capacity 5278K, committed 5360K, reserved 1048576K
}
2018-01-03T20:28:13.746-0200: 67,037: Total time for which application threads were stopped: 0,1335511 seconds, Stopping threads took: 0,0000244 seconds
2018-01-03T20:28:13.754-0200: 67,046: Total time for which application threads were stopped: 0,0035044 seconds, Stopping threads took: 0,0033904 seconds
{Heap before GC invocations=5 (full 1):
 par new generation   total 655360K, used 622043K [0x0000000700000000, 0x0000000730000000, 0x0000000730000000)
  eden space 524288K, 100% used [0x0000000700000000, 0x0000000720000000, 0x0000000720000000)
  from space 131072K,  74% used [0x0000000728000000, 0x000000072df76f48, 0x0000000730000000)
  to   space 131072K,   0% used [0x0000000720000000, 0x0000000720000000, 0x0000000728000000)
 concurrent mark-sweep generation total 2359296K, used 0K [0x0000000730000000, 0x00000007c0000000, 0x00000007c0000000)
 Metaspace       used 40621K, capacity 42187K, committed 42348K, reserved 1087488K
  class space    used 4813K, capacity 5278K, committed 5360K, reserved 1048576K
2018-01-03T20:28:14.750-0200: 68,042: [GC (Allocation Failure) 2018-01-03T20:28:14.750-0200: 68,042: [ParNew
Desired survivor size 120795952 bytes, new threshold 8 (max 8)
- age   1:   25358584 bytes,   25358584 total
- age   2:   20068600 bytes,   45427184 total
- age   3:   17341512 bytes,   62768696 total
- age   4:   15119896 bytes,   77888592 total
- age   5:      92288 bytes,   77980880 total
- age   6:   12455640 bytes,   90436520 total
: 622043K->110507K(655360K), 0,1254783 secs] 622043K->110507K(3014656K), 0,1255302 secs] [Times: user=0,12 sys=0,00, real=0,13 secs] 
Heap after GC invocations=6 (full 1):
 par new generation   total 655360K, used 110507K [0x0000000700000000, 0x0000000730000000, 0x0000000730000000)
  eden space 524288K,   0% used [0x0000000700000000, 0x0000000700000000, 0x0000000720000000)
  from space 131072K,  84% used [0x0000000720000000, 0x0000000726beadc0, 0x0000000728000000)
  to   space 131072K,   0% used [0x0000000728000000, 0x0000000728000000, 0x0000000730000000)
 concurrent mark-sweep generation total 2359296K, used 0K [0x0000000730000000, 0x00000007c0000000, 0x00000007c0000000)
 Metaspace       used 40621K, capacity 42187K, committed 42348K, reserved 1087488K
  class space    used 4813K, capacity 5278K, committed 5360K, reserved 1048576K
}
2018-01-03T20:28:14.875-0200: 68,167: Total time for which application threads were stopped: 0,1257152 seconds, Stopping threads took: 0,0000225 seconds
2018-01-03T20:28:14.880-0200: 68,171: Total time for which application threads were stopped: 0,0015990 seconds, Stopping threads took: 0,0015174 seconds
2018-01-03T20:28:15.882-0200: 69,174: Total time for which application threads were stopped: 0,0021027 seconds, Stopping threads took: 0,0020434 seconds
{Heap before GC invocations=6 (full 1):
 par new generation   total 655360K, used 634795K [0x0000000700000000, 0x0000000730000000, 0x0000000730000000)
  eden space 524288K, 100% used [0x0000000700000000, 0x0000000720000000, 0x0000000720000000)
  from space 131072K,  84% used [0x0000000720000000, 0x0000000726beadc0, 0x0000000728000000)
  to   space 131072K,   0% used [0x0000000728000000, 0x0000000728000000, 0x0000000730000000)
 concurrent mark-sweep generation total 2359296K, used 0K [0x0000000730000000, 0x00000007c0000000, 0x00000007c0000000)
 Metaspace       used 40622K, capacity 42187K, committed 42348K, reserved 1087488K
  class space    used 4813K, capacity 5278K, committed 5360K, reserved 1048576K
2018-01-03T20:28:15.921-0200: 69,213: [GC (Allocation Failure) 2018-01-03T20:28:15.921-0200: 69,213: [ParNew
Desired survivor size 120795952 bytes, new threshold 8 (max 8)
- age   1:   28763416 bytes,   28763416 total
- age   2:   17723032 bytes,   46486448 total
- age   3:   17961184 bytes,   64447632 total
- age   4:   16814648 bytes,   81262280 total
- age   5:   14725992 bytes,   95988272 total
- age   6:      92256 bytes,   96080528 total
- age   7:   12332296 bytes,  108412824 total
: 634795K->131072K(655360K), 0,1774052 secs] 634795K->133800K(3014656K), 0,1774606 secs] [Times: user=0,16 sys=0,02, real=0,18 secs] 
Heap after GC invocations=7 (full 1):
 par new generation   total 655360K, used 131072K [0x0000000700000000, 0x0000000730000000, 0x0000000730000000)
  eden space 524288K,   0% used [0x0000000700000000, 0x0000000700000000, 0x0000000720000000)
  from space 131072K, 100% used [0x0000000728000000, 0x0000000730000000, 0x0000000730000000)
  to   space 131072K,   0% used [0x0000000720000000, 0x0000000720000000, 0x0000000728000000)
 concurrent mark-sweep generation total 2359296K, used 2728K [0x0000000730000000, 0x00000007c0000000, 0x00000007c0000000)
 Metaspace       used 40622K, capacity 42187K, committed 42348K, reserved 1087488K
  class space    used 4813K, capacity 5278K, committed 5360K, reserved 1048576K
}
2018-01-03T20:28:16.099-0200: 69,390: Total time for which application threads were stopped: 0,1775890 seconds, Stopping threads took: 0,0000233 seconds
2018-01-03T20:28:16.104-0200: 69,396: Total time for which application threads were stopped: 0,0020036 seconds, Stopping threads took: 0,0018795 seconds
2018-01-03T20:28:17.107-0200: 70,398: Total time for which application threads were stopped: 0,0021638 seconds, Stopping threads took: 0,0020305 seconds
{Heap before GC invocations=7 (full 1):
 par new generation   total 655360K, used 655360K [0x0000000700000000, 0x0000000730000000, 0x0000000730000000)
  eden space 524288K, 100% used [0x0000000700000000, 0x0000000720000000, 0x0000000720000000)
  from space 131072K, 100% used [0x0000000728000000, 0x0000000730000000, 0x0000000730000000)
  to   space 131072K,   0% used [0x0000000720000000, 0x0000000720000000, 0x0000000728000000)
 concurrent mark-sweep generation total 2359296K, used 2728K [0x0000000730000000, 0x00000007c0000000, 0x00000007c0000000)
 Metaspace       used 40622K, capacity 42187K, committed 42348K, reserved 1087488K
  class space    used 4813K, capacity 5278K, committed 5360K, reserved 1048576K
2018-01-03T20:28:17.159-0200: 70,450: [GC (Allocation Failure) 2018-01-03T20:28:17.159-0200: 70,450: [ParNew
Desired survivor size 120795952 bytes, new threshold 8 (max 8)
- age   1:   31396656 bytes,   31396656 total
- age   2:   19460464 bytes,   50857120 total
- age   3:   16287216 bytes,   67144336 total
- age   4:   16526912 bytes,   83671248 total
- age   5:   16438032 bytes,  100109280 total
- age   6:   14435392 bytes,  114544672 total
- age   7:      92256 bytes,  114636928 total
- age   8:   12247680 bytes,  126884608 total
: 655360K->131072K(655360K), 0,1624207 secs] 658088K->136908K(3014656K), 0,1624658 secs] [Times: user=0,16 sys=0,01, real=0,16 secs] 
Heap after GC invocations=8 (full 1):
 par new generation   total 655360K, used 131072K [0x0000000700000000, 0x0000000730000000, 0x0000000730000000)
  eden space 524288K,   0% used [0x0000000700000000, 0x0000000700000000, 0x0000000720000000)
  from space 131072K, 100% used [0x0000000720000000, 0x0000000728000000, 0x0000000728000000)
  to   space 131072K,   0% used [0x0000000728000000, 0x0000000728000000, 0x0000000730000000)
 concurrent mark-sweep generation total 2359296K, used 5836K [0x0000000730000000, 0x00000007c0000000, 0x00000007c0000000)
 Metaspace       used 40622K, capacity 42187K, committed 42348K, reserved 1087488K
  class space    used 4813K, capacity 5278K, committed 5360K, reserved 1048576K
}
2018-01-03T20:28:17.321-0200: 70,613: Total time for which application threads were stopped: 0,1625902 seconds, Stopping threads took: 0,0000219 seconds
2018-01-03T20:28:17.327-0200: 70,619: Total time for which application threads were stopped: 0,0022555 seconds, Stopping threads took: 0,0020856 seconds
2018-01-03T20:28:18.022-0200: 71,314: Total time for which application threads were stopped: 0,0001331 seconds, Stopping threads took: 0,0000536 seconds
2018-01-03T20:28:19.025-0200: 72,316: Total time for which application threads were stopped: 0,0021441 seconds, Stopping threads took: 0,0020191 seconds
2018-01-03T20:28:19.623-0200: 72,915: Total time for which application threads were stopped: 0,0001094 seconds, Stopping threads took: 0,0000215 seconds
2018-01-03T20:28:19.624-0200: 72,915: Total time for which application threads were stopped: 0,0000598 seconds, Stopping threads took: 0,0000072 seconds
2018-01-03T20:28:19.624-0200: 72,916: Total time for which application threads were stopped: 0,0000313 seconds, Stopping threads took: 0,0000059 seconds
2018-01-03T20:28:19.624-0200: 72,916: Total time for which application threads were stopped: 0,0000267 seconds, Stopping threads took: 0,0000054 seconds
2018-01-03T20:28:20.635-0200: 73,926: Total time for which application threads were stopped: 0,0103403 seconds, Stopping threads took: 0,0102669 seconds
2018-01-03T20:28:21.637-0200: 74,929: Total time for which application threads were stopped: 0,0020550 seconds, Stopping threads took: 0,0019998 seconds
{Heap before GC invocations=8 (full 1):
 par new generation   total 655360K, used 655360K [0x0000000700000000, 0x0000000730000000, 0x0000000730000000)
  eden space 524288K, 100% used [0x0000000700000000, 0x0000000720000000, 0x0000000720000000)
  from space 131072K, 100% used [0x0000000720000000, 0x0000000728000000, 0x0000000728000000)
  to   space 131072K,   0% used [0x0000000728000000, 0x0000000728000000, 0x0000000730000000)
 concurrent mark-sweep generation total 2359296K, used 5836K [0x0000000730000000, 0x00000007c0000000, 0x00000007c0000000)
 Metaspace       used 41362K, capacity 42897K, committed 43116K, reserved 1087488K
  class space    used 4874K, capacity 5343K, committed 5360K, reserved 1048576K
2018-01-03T20:28:22.447-0200: 75,739: [GC (Allocation Failure) 2018-01-03T20:28:22.447-0200: 75,739: [ParNew
Desired survivor size 120795952 bytes, new threshold 8 (max 8)
- age   1:   21336560 bytes,   21336560 total
- age   2:   17632520 bytes,   38969080 total
- age   3:   16074488 bytes,   55043568 total
- age   4:   12898096 bytes,   67941664 total
- age   5:   13030656 bytes,   80972320 total
- age   6:   13065624 bytes,   94037944 total
- age   7:   11427120 bytes,  105465064 total
- age   8:      80432 bytes,  105545496 total
: 655360K->131072K(655360K), 0,2490288 secs] 661196K->154032K(3014656K), 0,2490918 secs] [Times: user=0,22 sys=0,01, real=0,25 secs] 
Heap after GC invocations=9 (full 1):
 par new generation   total 655360K, used 131072K [0x0000000700000000, 0x0000000730000000, 0x0000000730000000)
  eden space 524288K,   0% used [0x0000000700000000, 0x0000000700000000, 0x0000000720000000)
  from space 131072K, 100% used [0x0000000728000000, 0x0000000730000000, 0x0000000730000000)
  to   space 131072K,   0% used [0x0000000720000000, 0x0000000720000000, 0x0000000728000000)
 concurrent mark-sweep generation total 2359296K, used 22960K [0x0000000730000000, 0x00000007c0000000, 0x00000007c0000000)
 Metaspace       used 41362K, capacity 42897K, committed 43116K, reserved 1087488K
  class space    used 4874K, capacity 5343K, committed 5360K, reserved 1048576K
}
2018-01-03T20:28:22.696-0200: 75,988: Total time for which application threads were stopped: 0,2492769 seconds, Stopping threads took: 0,0000224 seconds
2018-01-03T20:28:23.259-0200: 76,551: Total time for which application threads were stopped: 0,0001074 seconds, Stopping threads took: 0,0000437 seconds
2018-01-03T20:28:23.260-0200: 76,551: Total time for which application threads were stopped: 0,0000760 seconds, Stopping threads took: 0,0000090 seconds
2018-01-03T20:28:23.261-0200: 76,552: Total time for which application threads were stopped: 0,0000622 seconds, Stopping threads took: 0,0000138 seconds
2018-01-03T20:28:23.261-0200: 76,552: Total time for which application threads were stopped: 0,0000555 seconds, Stopping threads took: 0,0000066 seconds
2018-01-03T20:28:23.272-0200: 76,563: Total time for which application threads were stopped: 0,0001594 seconds, Stopping threads took: 0,0000195 seconds
2018-01-03T20:28:23.275-0200: 76,566: Total time for which application threads were stopped: 0,0002297 seconds, Stopping threads took: 0,0000401 seconds
2018-01-03T20:28:23.297-0200: 76,589: Total time for which application threads were stopped: 0,0000942 seconds, Stopping threads took: 0,0000239 seconds
2018-01-03T20:28:23.339-0200: 76,630: Total time for which application threads were stopped: 0,0043790 seconds, Stopping threads took: 0,0042428 seconds
2018-01-03T20:28:23.339-0200: 76,631: Total time for which application threads were stopped: 0,0001860 seconds, Stopping threads took: 0,0001151 seconds
2018-01-03T20:28:23.449-0200: 76,740: Total time for which application threads were stopped: 0,0025829 seconds, Stopping threads took: 0,0024391 seconds
2018-01-03T20:28:23.455-0200: 76,746: Total time for which application threads were stopped: 0,0039801 seconds, Stopping threads took: 0,0039320 seconds
2018-01-03T20:28:23.455-0200: 76,746: Total time for which application threads were stopped: 0,0000306 seconds, Stopping threads took: 0,0000075 seconds
2018-01-03T20:28:23.455-0200: 76,747: Total time for which application threads were stopped: 0,0000316 seconds, Stopping threads took: 0,0000069 seconds
2018-01-03T20:28:23.455-0200: 76,747: Total time for which application threads were stopped: 0,0000356 seconds, Stopping threads took: 0,0000081 seconds
2018-01-03T20:28:23.457-0200: 76,749: Total time for which application threads were stopped: 0,0000692 seconds, Stopping threads took: 0,0000099 seconds
2018-01-03T20:28:23.471-0200: 76,763: Total time for which application threads were stopped: 0,0027480 seconds, Stopping threads took: 0,0026438 seconds
2018-01-03T20:28:23.471-0200: 76,763: Total time for which application threads were stopped: 0,0000599 seconds, Stopping threads took: 0,0000073 seconds
2018-01-03T20:28:23.507-0200: 76,798: Total time for which application threads were stopped: 0,0043638 seconds, Stopping threads took: 0,0042594 seconds
2018-01-03T20:28:23.523-0200: 76,815: Total time for which application threads were stopped: 0,0049008 seconds, Stopping threads took: 0,0042545 seconds
2018-01-03T20:28:23.542-0200: 76,834: Total time for which application threads were stopped: 0,0029405 seconds, Stopping threads took: 0,0028281 seconds
2018-01-03T20:28:23.558-0200: 76,850: Total time for which application threads were stopped: 0,0057979 seconds, Stopping threads took: 0,0056868 seconds
2018-01-03T20:28:23.561-0200: 76,853: Total time for which application threads were stopped: 0,0008305 seconds, Stopping threads took: 0,0004239 seconds
2018-01-03T20:28:23.588-0200: 76,880: Total time for which application threads were stopped: 0,0097738 seconds, Stopping threads took: 0,0096717 seconds
2018-01-03T20:28:23.589-0200: 76,880: Total time for which application threads were stopped: 0,0000666 seconds, Stopping threads took: 0,0000090 seconds
2018-01-03T20:28:23.622-0200: 76,914: Total time for which application threads were stopped: 0,0057172 seconds, Stopping threads took: 0,0056382 seconds
2018-01-03T20:28:23.625-0200: 76,917: Total time for which application threads were stopped: 0,0000848 seconds, Stopping threads took: 0,0000121 seconds
2018-01-03T20:28:23.631-0200: 76,923: Total time for which application threads were stopped: 0,0004293 seconds, Stopping threads took: 0,0003486 seconds
2018-01-03T20:28:23.631-0200: 76,923: Total time for which application threads were stopped: 0,0000583 seconds, Stopping threads took: 0,0000066 seconds
2018-01-03T20:28:23.631-0200: 76,923: Total time for which application threads were stopped: 0,0000407 seconds, Stopping threads took: 0,0000046 seconds
2018-01-03T20:28:23.631-0200: 76,923: Total time for which application threads were stopped: 0,0000412 seconds, Stopping threads took: 0,0000056 seconds
2018-01-03T20:28:23.631-0200: 76,923: Total time for which application threads were stopped: 0,0000237 seconds, Stopping threads took: 0,0000048 seconds
2018-01-03T20:28:23.631-0200: 76,923: Total time for which application threads were stopped: 0,0000253 seconds, Stopping threads took: 0,0000048 seconds
2018-01-03T20:28:23.631-0200: 76,923: Total time for which application threads were stopped: 0,0000251 seconds, Stopping threads took: 0,0000049 seconds
2018-01-03T20:28:24.635-0200: 77,927: Total time for which application threads were stopped: 0,0033592 seconds, Stopping threads took: 0,0032987 seconds
{Heap before GC invocations=9 (full 1):
 par new generation   total 655360K, used 655360K [0x0000000700000000, 0x0000000730000000, 0x0000000730000000)
  eden space 524288K, 100% used [0x0000000700000000, 0x0000000720000000, 0x0000000720000000)
  from space 131072K, 100% used [0x0000000728000000, 0x0000000730000000, 0x0000000730000000)
  to   space 131072K,   0% used [0x0000000720000000, 0x0000000720000000, 0x0000000728000000)
 concurrent mark-sweep generation total 2359296K, used 22960K [0x0000000730000000, 0x00000007c0000000, 0x00000007c0000000)
 Metaspace       used 41810K, capacity 43409K, committed 43500K, reserved 1087488K
  class space    used 4926K, capacity 5407K, committed 5488K, reserved 1048576K
2018-01-03T20:28:25.190-0200: 78,482: [GC (Allocation Failure) 2018-01-03T20:28:25.191-0200: 78,482: [ParNew
Desired survivor size 120795952 bytes, new threshold 8 (max 8)
- age   1:   13317624 bytes,   13317624 total
- age   2:    4220400 bytes,   17538024 total
- age   3:    6764408 bytes,   24302432 total
- age   4:    8317552 bytes,   32619984 total
- age   5:    6260640 bytes,   38880624 total
- age   6:    6359344 bytes,   45239968 total
- age   7:    6402232 bytes,   51642200 total
- age   8:    6233928 bytes,   57876128 total
: 655360K->84073K(655360K), 0,1297173 secs] 678320K->107115K(3014656K), 0,1298158 secs] [Times: user=0,12 sys=0,00, real=0,13 secs] 
Heap after GC invocations=10 (full 1):
 par new generation   total 655360K, used 84073K [0x0000000700000000, 0x0000000730000000, 0x0000000730000000)
  eden space 524288K,   0% used [0x0000000700000000, 0x0000000700000000, 0x0000000720000000)
  from space 131072K,  64% used [0x0000000720000000, 0x000000072521a5e8, 0x0000000728000000)
  to   space 131072K,   0% used [0x0000000728000000, 0x0000000728000000, 0x0000000730000000)
 concurrent mark-sweep generation total 2359296K, used 23041K [0x0000000730000000, 0x00000007c0000000, 0x00000007c0000000)
 Metaspace       used 41810K, capacity 43409K, committed 43500K, reserved 1087488K
  class space    used 4926K, capacity 5407K, committed 5488K, reserved 1048576K
}
2018-01-03T20:28:25.320-0200: 78,612: Total time for which application threads were stopped: 0,1299655 seconds, Stopping threads took: 0,0000279 seconds
2018-01-03T20:28:25.322-0200: 78,614: Total time for which application threads were stopped: 0,0001325 seconds, Stopping threads took: 0,0000404 seconds
2018-01-03T20:28:26.324-0200: 79,616: Total time for which application threads were stopped: 0,0020759 seconds, Stopping threads took: 0,0020150 seconds
{Heap before GC invocations=10 (full 1):
 par new generation   total 655360K, used 608361K [0x0000000700000000, 0x0000000730000000, 0x0000000730000000)
  eden space 524288K, 100% used [0x0000000700000000, 0x0000000720000000, 0x0000000720000000)
  from space 131072K,  64% used [0x0000000720000000, 0x000000072521a5e8, 0x0000000728000000)
  to   space 131072K,   0% used [0x0000000728000000, 0x0000000728000000, 0x0000000730000000)
 concurrent mark-sweep generation total 2359296K, used 23041K [0x0000000730000000, 0x00000007c0000000, 0x00000007c0000000)
 Metaspace       used 41811K, capacity 43409K, committed 43500K, reserved 1087488K
  class space    used 4926K, capacity 5407K, committed 5488K, reserved 1048576K
2018-01-03T20:28:27.768-0200: 81,060: [GC (Allocation Failure) 2018-01-03T20:28:27.768-0200: 81,060: [ParNew
Desired survivor size 120795952 bytes, new threshold 8 (max 8)
- age   1:   22053992 bytes,   22053992 total
- age   2:   11096600 bytes,   33150592 total
- age   3:    4220400 bytes,   37370992 total
- age   4:    6764288 bytes,   44135280 total
- age   5:    8317552 bytes,   52452832 total
- age   6:    6260640 bytes,   58713472 total
- age   7:    6359344 bytes,   65072816 total
- age   8:    6402232 bytes,   71475048 total
: 608361K->95023K(655360K), 0,1295241 secs] 631403K->124165K(3014656K), 0,1295772 secs] [Times: user=0,12 sys=0,01, real=0,13 secs] 
Heap after GC invocations=11 (full 1):
 par new generation   total 655360K, used 95023K [0x0000000700000000, 0x0000000730000000, 0x0000000730000000)
  eden space 524288K,   0% used [0x0000000700000000, 0x0000000700000000, 0x0000000720000000)
  from space 131072K,  72% used [0x0000000728000000, 0x000000072dccbfa0, 0x0000000730000000)
  to   space 131072K,   0% used [0x0000000720000000, 0x0000000720000000, 0x0000000728000000)
 concurrent mark-sweep generation total 2359296K, used 29141K [0x0000000730000000, 0x00000007c0000000, 0x00000007c0000000)
 Metaspace       used 41811K, capacity 43409K, committed 43500K, reserved 1087488K
  class space    used 4926K, capacity 5407K, committed 5488K, reserved 1048576K
}
2018-01-03T20:28:27.898-0200: 81,190: Total time for which application threads were stopped: 0,1297136 seconds, Stopping threads took: 0,0000193 seconds
2018-01-03T20:28:27.908-0200: 81,200: Total time for which application threads were stopped: 0,0019046 seconds, Stopping threads took: 0,0018167 seconds
2018-01-03T20:28:28.911-0200: 82,203: Total time for which application threads were stopped: 0,0024043 seconds, Stopping threads took: 0,0021711 seconds
{Heap before GC invocations=11 (full 1):
 par new generation   total 655360K, used 619311K [0x0000000700000000, 0x0000000730000000, 0x0000000730000000)
  eden space 524288K, 100% used [0x0000000700000000, 0x0000000720000000, 0x0000000720000000)
  from space 131072K,  72% used [0x0000000728000000, 0x000000072dccbfa0, 0x0000000730000000)
  to   space 131072K,   0% used [0x0000000720000000, 0x0000000720000000, 0x0000000728000000)
 concurrent mark-sweep generation total 2359296K, used 29141K [0x0000000730000000, 0x00000007c0000000, 0x00000007c0000000)
 Metaspace       used 41811K, capacity 43409K, committed 43500K, reserved 1087488K
  class space    used 4926K, capacity 5407K, committed 5488K, reserved 1048576K
2018-01-03T20:28:29.022-0200: 82,314: [GC (Allocation Failure) 2018-01-03T20:28:29.022-0200: 82,314: [ParNew
Desired survivor size 120795952 bytes, new threshold 8 (max 8)
- age   1:   23653640 bytes,   23653640 total
- age   2:   18223440 bytes,   41877080 total
- age   3:   11095976 bytes,   52973056 total
- age   4:    4220400 bytes,   57193456 total
- age   5:    6764288 bytes,   63957744 total
- age   6:    8317552 bytes,   72275296 total
- age   7:    6260640 bytes,   78535936 total
- age   8:    6359344 bytes,   84895280 total
: 619311K->98112K(655360K), 0,1386355 secs] 648453K->133506K(3014656K), 0,1386861 secs] [Times: user=0,13 sys=0,01, real=0,14 secs] 
Heap after GC invocations=12 (full 1):
 par new generation   total 655360K, used 98112K [0x0000000700000000, 0x0000000730000000, 0x0000000730000000)
  eden space 524288K,   0% used [0x0000000700000000, 0x0000000700000000, 0x0000000720000000)
  from space 131072K,  74% used [0x0000000720000000, 0x0000000725fd02c8, 0x0000000728000000)
  to   space 131072K,   0% used [0x0000000728000000, 0x0000000728000000, 0x0000000730000000)
 concurrent mark-sweep generation total 2359296K, used 35394K [0x0000000730000000, 0x00000007c0000000, 0x00000007c0000000)
 Metaspace       used 41811K, capacity 43409K, committed 43500K, reserved 1087488K
  class space    used 4926K, capacity 5407K, committed 5488K, reserved 1048576K
}
2018-01-03T20:28:29.161-0200: 82,453: Total time for which application threads were stopped: 0,1388169 seconds, Stopping threads took: 0,0000229 seconds
2018-01-03T20:28:29.163-0200: 82,454: Total time for which application threads were stopped: 0,0001078 seconds, Stopping threads took: 0,0000328 seconds
2018-01-03T20:28:30.165-0200: 83,457: Total time for which application threads were stopped: 0,0020662 seconds, Stopping threads took: 0,0020213 seconds
{Heap before GC invocations=12 (full 1):
 par new generation   total 655360K, used 622400K [0x0000000700000000, 0x0000000730000000, 0x0000000730000000)
  eden space 524288K, 100% used [0x0000000700000000, 0x0000000720000000, 0x0000000720000000)
  from space 131072K,  74% used [0x0000000720000000, 0x0000000725fd02c8, 0x0000000728000000)
  to   space 131072K,   0% used [0x0000000728000000, 0x0000000728000000, 0x0000000730000000)
 concurrent mark-sweep generation total 2359296K, used 35394K [0x0000000730000000, 0x00000007c0000000, 0x00000007c0000000)
 Metaspace       used 41811K, capacity 43409K, committed 43500K, reserved 1087488K
  class space    used 4926K, capacity 5407K, committed 5488K, reserved 1048576K
2018-01-03T20:28:30.221-0200: 83,513: [GC (Allocation Failure) 2018-01-03T20:28:30.221-0200: 83,513: [ParNew
Desired survivor size 120795952 bytes, new threshold 8 (max 8)
- age   1:   25791192 bytes,   25791192 total
- age   2:   18767152 bytes,   44558344 total
- age   3:   17174712 bytes,   61733056 total
- age   4:   11096000 bytes,   72829056 total
- age   5:    4220400 bytes,   77049456 total
- age   6:    6764288 bytes,   83813744 total
- age   7:    8315488 bytes,   92129232 total
- age   8:    6260640 bytes,   98389872 total
: 622400K->131072K(655360K), 0,1381144 secs] 657794K->172676K(3014656K), 0,1381716 secs] [Times: user=0,14 sys=0,00, real=0,14 secs] 
Heap after GC invocations=13 (full 1):
 par new generation   total 655360K, used 131072K [0x0000000700000000, 0x0000000730000000, 0x0000000730000000)
  eden space 524288K,   0% used [0x0000000700000000, 0x0000000700000000, 0x0000000720000000)
  from space 131072K, 100% used [0x0000000728000000, 0x0000000730000000, 0x0000000730000000)
  to   space 131072K,   0% used [0x0000000720000000, 0x0000000720000000, 0x0000000728000000)
 concurrent mark-sweep generation total 2359296K, used 41604K [0x0000000730000000, 0x00000007c0000000, 0x00000007c0000000)
 Metaspace       used 41811K, capacity 43409K, committed 43500K, reserved 1087488K
  class space    used 4926K, capacity 5407K, committed 5488K, reserved 1048576K
}
2018-01-03T20:28:30.359-0200: 83,651: Total time for which application threads were stopped: 0,1383274 seconds, Stopping threads took: 0,0000237 seconds
2018-01-03T20:28:30.362-0200: 83,654: Total time for which application threads were stopped: 0,0000943 seconds, Stopping threads took: 0,0000171 seconds
2018-01-03T20:28:31.365-0200: 84,656: Total time for which application threads were stopped: 0,0020584 seconds, Stopping threads took: 0,0020142 seconds
{Heap before GC invocations=13 (full 1):
 par new generation   total 655360K, used 655360K [0x0000000700000000, 0x0000000730000000, 0x0000000730000000)
  eden space 524288K, 100% used [0x0000000700000000, 0x0000000720000000, 0x0000000720000000)
  from space 131072K, 100% used [0x0000000728000000, 0x0000000730000000, 0x0000000730000000)
  to   space 131072K,   0% used [0x0000000720000000, 0x0000000720000000, 0x0000000728000000)
 concurrent mark-sweep generation total 2359296K, used 41604K [0x0000000730000000, 0x00000007c0000000, 0x00000007c0000000)
 Metaspace       used 41811K, capacity 43409K, committed 43500K, reserved 1087488K
  class space    used 4926K, capacity 5407K, committed 5488K, reserved 1048576K
2018-01-03T20:28:31.404-0200: 84,695: [GC (Allocation Failure) 2018-01-03T20:28:31.404-0200: 84,695: [ParNew
Desired survivor size 120795952 bytes, new threshold 8 (max 8)
- age   1:   28732912 bytes,   28732912 total
- age   2:   19271888 bytes,   48004800 total
- age   3:   17194016 bytes,   65198816 total
- age   4:   17174712 bytes,   82373528 total
- age   5:   11095976 bytes,   93469504 total
- age   6:    4220400 bytes,   97689904 total
- age   7:    6764288 bytes,  104454192 total
- age   8:    8315488 bytes,  112769680 total
: 655360K->131072K(655360K), 0,1578272 secs] 696964K->178790K(3014656K), 0,1578756 secs] [Times: user=0,15 sys=0,01, real=0,15 secs] 
Heap after GC invocations=14 (full 1):
 par new generation   total 655360K, used 131072K [0x0000000700000000, 0x0000000730000000, 0x0000000730000000)
  eden space 524288K,   0% used [0x0000000700000000, 0x0000000700000000, 0x0000000720000000)
  from space 131072K, 100% used [0x0000000720000000, 0x0000000728000000, 0x0000000728000000)
  to   space 131072K,   0% used [0x0000000728000000, 0x0000000728000000, 0x0000000730000000)
 concurrent mark-sweep generation total 2359296K, used 47718K [0x0000000730000000, 0x00000007c0000000, 0x00000007c0000000)
 Metaspace       used 41811K, capacity 43409K, committed 43500K, reserved 1087488K
  class space    used 4926K, capacity 5407K, committed 5488K, reserved 1048576K
}
2018-01-03T20:28:31.562-0200: 84,853: Total time for which application threads were stopped: 0,1580054 seconds, Stopping threads took: 0,0000220 seconds
2018-01-03T20:28:31.570-0200: 84,861: Total time for which application threads were stopped: 0,0029143 seconds, Stopping threads took: 0,0028330 seconds
2018-01-03T20:28:32.572-0200: 85,864: Total time for which application threads were stopped: 0,0020825 seconds, Stopping threads took: 0,0020188 seconds
{Heap before GC invocations=14 (full 1):
 par new generation   total 655360K, used 655360K [0x0000000700000000, 0x0000000730000000, 0x0000000730000000)
  eden space 524288K, 100% used [0x0000000700000000, 0x0000000720000000, 0x0000000720000000)
  from space 131072K, 100% used [0x0000000720000000, 0x0000000728000000, 0x0000000728000000)
  to   space 131072K,   0% used [0x0000000728000000, 0x0000000728000000, 0x0000000730000000)
 concurrent mark-sweep generation total 2359296K, used 47718K [0x0000000730000000, 0x00000007c0000000, 0x00000007c0000000)
 Metaspace       used 41811K, capacity 43409K, committed 43500K, reserved 1087488K
  class space    used 4926K, capacity 5407K, committed 5488K, reserved 1048576K
2018-01-03T20:28:32.583-0200: 85,875: [GC (Allocation Failure) 2018-01-03T20:28:32.583-0200: 85,875: [ParNew
Desired survivor size 120795952 bytes, new threshold 8 (max 8)
- age   1:   27513080 bytes,   27513080 total
- age   2:   19581208 bytes,   47094288 total
- age   3:   17511448 bytes,   64605736 total
- age   4:   16523096 bytes,   81128832 total
- age   5:   16471720 bytes,   97600552 total
- age   6:   10600256 bytes,  108200808 total
- age   7:    4220232 bytes,  112421040 total
- age   8:    6764288 bytes,  119185328 total
: 655360K->131072K(655360K), 0,1541181 secs] 703078K->192239K(3014656K), 0,1541713 secs] [Times: user=0,14 sys=0,01, real=0,15 secs] 
Heap after GC invocations=15 (full 1):
 par new generation   total 655360K, used 131072K [0x0000000700000000, 0x0000000730000000, 0x0000000730000000)
  eden space 524288K,   0% used [0x0000000700000000, 0x0000000700000000, 0x0000000720000000)
  from space 131072K, 100% used [0x0000000728000000, 0x0000000730000000, 0x0000000730000000)
  to   space 131072K,   0% used [0x0000000720000000, 0x0000000720000000, 0x0000000728000000)
 concurrent mark-sweep generation total 2359296K, used 61167K [0x0000000730000000, 0x00000007c0000000, 0x00000007c0000000)
 Metaspace       used 41811K, capacity 43409K, committed 43500K, reserved 1087488K
  class space    used 4926K, capacity 5407K, committed 5488K, reserved 1048576K
}
2018-01-03T20:28:32.737-0200: 86,029: Total time for which application threads were stopped: 0,1542961 seconds, Stopping threads took: 0,0000223 seconds
2018-01-03T20:28:32.739-0200: 86,030: Total time for which application threads were stopped: 0,0000927 seconds, Stopping threads took: 0,0000318 seconds
2018-01-03T20:28:33.741-0200: 87,033: Total time for which application threads were stopped: 0,0020996 seconds, Stopping threads took: 0,0020339 seconds
2018-01-03T20:28:34.743-0200: 88,035: Total time for which application threads were stopped: 0,0021502 seconds, Stopping threads took: 0,0020354 seconds
{Heap before GC invocations=15 (full 1):
 par new generation   total 655360K, used 655360K [0x0000000700000000, 0x0000000730000000, 0x0000000730000000)
  eden space 524288K, 100% used [0x0000000700000000, 0x0000000720000000, 0x0000000720000000)
  from space 131072K, 100% used [0x0000000728000000, 0x0000000730000000, 0x0000000730000000)
  to   space 131072K,   0% used [0x0000000720000000, 0x0000000720000000, 0x0000000728000000)
 concurrent mark-sweep generation total 2359296K, used 61167K [0x0000000730000000, 0x00000007c0000000, 0x00000007c0000000)
 Metaspace       used 41830K, capacity 43409K, committed 43500K, reserved 1087488K
  class space    used 4926K, capacity 5407K, committed 5488K, reserved 1048576K
2018-01-03T20:28:35.434-0200: 88,726: [GC (Allocation Failure) 2018-01-03T20:28:35.434-0200: 88,726: [ParNew
Desired survivor size 120795952 bytes, new threshold 8 (max 8)
- age   1:   26031264 bytes,   26031264 total
- age   2:   15367568 bytes,   41398832 total
- age   3:   16503240 bytes,   57902072 total
- age   4:   13383736 bytes,   71285808 total
- age   5:   13375920 bytes,   84661728 total
- age   6:   13391736 bytes,   98053464 total
- age   7:    8553848 bytes,  106607312 total
- age   8:    4220232 bytes,  110827544 total
: 655360K->131072K(655360K), 0,1377105 secs] 716527K->201124K(3014656K), 0,1377633 secs] [Times: user=0,13 sys=0,01, real=0,14 secs] 
Heap after GC invocations=16 (full 1):
 par new generation   total 655360K, used 131072K [0x0000000700000000, 0x0000000730000000, 0x0000000730000000)
  eden space 524288K,   0% used [0x0000000700000000, 0x0000000700000000, 0x0000000720000000)
  from space 131072K, 100% used [0x0000000720000000, 0x0000000728000000, 0x0000000728000000)
  to   space 131072K,   0% used [0x0000000728000000, 0x0000000728000000, 0x0000000730000000)
 concurrent mark-sweep generation total 2359296K, used 70052K [0x0000000730000000, 0x00000007c0000000, 0x00000007c0000000)
 Metaspace       used 41830K, capacity 43409K, committed 43500K, reserved 1087488K
  class space    used 4926K, capacity 5407K, committed 5488K, reserved 1048576K
}
2018-01-03T20:28:35.572-0200: 88,863: Total time for which application threads were stopped: 0,1379069 seconds, Stopping threads took: 0,0000215 seconds
2018-01-03T20:28:35.582-0200: 88,873: Total time for which application threads were stopped: 0,0033465 seconds, Stopping threads took: 0,0032523 seconds
2018-01-03T20:28:36.069-0200: 89,361: Total time for which application threads were stopped: 0,0000646 seconds, Stopping threads took: 0,0000191 seconds
2018-01-03T20:28:36.070-0200: 89,362: Total time for which application threads were stopped: 0,0000541 seconds, Stopping threads took: 0,0000168 seconds
2018-01-03T20:28:36.075-0200: 89,366: Total time for which application threads were stopped: 0,0000670 seconds, Stopping threads took: 0,0000216 seconds
2018-01-03T20:28:36.178-0200: 89,470: Total time for which application threads were stopped: 0,0000898 seconds, Stopping threads took: 0,0000255 seconds
{Heap before GC invocations=16 (full 1):
 par new generation   total 655360K, used 655360K [0x0000000700000000, 0x0000000730000000, 0x0000000730000000)
  eden space 524288K, 100% used [0x0000000700000000, 0x0000000720000000, 0x0000000720000000)
  from space 131072K, 100% used [0x0000000720000000, 0x0000000728000000, 0x0000000728000000)
  to   space 131072K,   0% used [0x0000000728000000, 0x0000000728000000, 0x0000000730000000)
 concurrent mark-sweep generation total 2359296K, used 70052K [0x0000000730000000, 0x00000007c0000000, 0x00000007c0000000)
 Metaspace       used 41867K, capacity 43409K, committed 43500K, reserved 1087488K
  class space    used 4926K, capacity 5407K, committed 5488K, reserved 1048576K
2018-01-03T20:28:36.942-0200: 90,233: [GC (Allocation Failure) 2018-01-03T20:28:36.942-0200: 90,233: [ParNew
Desired survivor size 120795952 bytes, new threshold 8 (max 8)
- age   1:   10672496 bytes,   10672496 total
- age   2:    7220872 bytes,   17893368 total
- age   3:    7521608 bytes,   25414976 total
- age   4:    9654664 bytes,   35069640 total
- age   5:    7551376 bytes,   42621016 total
- age   6:    7562760 bytes,   50183776 total
- age   7:    7512368 bytes,   57696144 total
- age   8:    4940528 bytes,   62636672 total
: 655360K->108998K(655360K), 0,0969605 secs] 725412K->183190K(3014656K), 0,0970199 secs] [Times: user=0,10 sys=0,00, real=0,10 secs] 
Heap after GC invocations=17 (full 1):
 par new generation   total 655360K, used 108998K [0x0000000700000000, 0x0000000730000000, 0x0000000730000000)
  eden space 524288K,   0% used [0x0000000700000000, 0x0000000700000000, 0x0000000720000000)
  from space 131072K,  83% used [0x0000000728000000, 0x000000072ea71bc0, 0x0000000730000000)
  to   space 131072K,   0% used [0x0000000720000000, 0x0000000720000000, 0x0000000728000000)
 concurrent mark-sweep generation total 2359296K, used 74191K [0x0000000730000000, 0x00000007c0000000, 0x00000007c0000000)
 Metaspace       used 41867K, capacity 43409K, committed 43500K, reserved 1087488K
  class space    used 4926K, capacity 5407K, committed 5488K, reserved 1048576K
}
2018-01-03T20:28:37.039-0200: 90,330: Total time for which application threads were stopped: 0,0971609 seconds, Stopping threads took: 0,0000243 seconds
2018-01-03T20:28:37.045-0200: 90,337: Total time for which application threads were stopped: 0,0023275 seconds, Stopping threads took: 0,0022640 seconds
{Heap before GC invocations=17 (full 1):
 par new generation   total 655360K, used 633286K [0x0000000700000000, 0x0000000730000000, 0x0000000730000000)
  eden space 524288K, 100% used [0x0000000700000000, 0x0000000720000000, 0x0000000720000000)
  from space 131072K,  83% used [0x0000000728000000, 0x000000072ea71bc0, 0x0000000730000000)
  to   space 131072K,   0% used [0x0000000720000000, 0x0000000720000000, 0x0000000728000000)
 concurrent mark-sweep generation total 2359296K, used 74191K [0x0000000730000000, 0x00000007c0000000, 0x00000007c0000000)
 Metaspace       used 41867K, capacity 43409K, committed 43500K, reserved 1087488K
  class space    used 4926K, capacity 5407K, committed 5488K, reserved 1048576K
2018-01-03T20:28:37.994-0200: 91,285: [GC (Allocation Failure) 2018-01-03T20:28:37.994-0200: 91,285: [ParNew
Desired survivor size 120795952 bytes, new threshold 8 (max 8)
- age   1:   21206608 bytes,   21206608 total
- age   2:    9214312 bytes,   30420920 total
- age   3:    7220752 bytes,   37641672 total
- age   4:    7521608 bytes,   45163280 total
- age   5:    9654600 bytes,   54817880 total
- age   6:    7551312 bytes,   62369192 total
- age   7:    7562760 bytes,   69931952 total
- age   8:    7512336 bytes,   77444288 total
: 633286K->106354K(655360K), 0,1098742 secs] 707478K->185373K(3014656K), 0,1099214 secs] [Times: user=0,11 sys=0,00, real=0,12 secs] 
Heap after GC invocations=18 (full 1):
 par new generation   total 655360K, used 106354K [0x0000000700000000, 0x0000000730000000, 0x0000000730000000)
  eden space 524288K,   0% used [0x0000000700000000, 0x0000000700000000, 0x0000000720000000)
  from space 131072K,  81% used [0x0000000720000000, 0x00000007267dcb10, 0x0000000728000000)
  to   space 131072K,   0% used [0x0000000728000000, 0x0000000728000000, 0x0000000730000000)
 concurrent mark-sweep generation total 2359296K, used 79018K [0x0000000730000000, 0x00000007c0000000, 0x00000007c0000000)
 Metaspace       used 41867K, capacity 43409K, committed 43500K, reserved 1087488K
  class space    used 4926K, capacity 5407K, committed 5488K, reserved 1048576K
}
2018-01-03T20:28:38.103-0200: 91,395: Total time for which application threads were stopped: 0,1100531 seconds, Stopping threads took: 0,0000238 seconds
2018-01-03T20:28:38.108-0200: 91,400: Total time for which application threads were stopped: 0,0014271 seconds, Stopping threads took: 0,0013674 seconds
2018-01-03T20:28:38.296-0200: 91,588: Total time for which application threads were stopped: 0,0021345 seconds, Stopping threads took: 0,0020354 seconds
2018-01-03T20:28:38.307-0200: 91,598: Total time for which application threads were stopped: 0,0032130 seconds, Stopping threads took: 0,0031472 seconds
2018-01-03T20:28:38.412-0200: 91,704: Total time for which application threads were stopped: 0,0001115 seconds, Stopping threads took: 0,0000285 seconds
2018-01-03T20:28:38.690-0200: 91,982: Total time for which application threads were stopped: 0,0030103 seconds, Stopping threads took: 0,0028685 seconds
2018-01-03T20:28:38.690-0200: 91,982: Total time for which application threads were stopped: 0,0000504 seconds, Stopping threads took: 0,0000063 seconds
2018-01-03T20:28:39.203-0200: 92,494: Total time for which application threads were stopped: 0,0064814 seconds, Stopping threads took: 0,0064008 seconds
2018-01-03T20:28:39.205-0200: 92,496: Total time for which application threads were stopped: 0,0000661 seconds, Stopping threads took: 0,0000116 seconds
2018-01-03T20:28:39.207-0200: 92,499: Total time for which application threads were stopped: 0,0000708 seconds, Stopping threads took: 0,0000130 seconds
2018-01-03T20:28:39.332-0200: 92,623: Total time for which application threads were stopped: 0,0090940 seconds, Stopping threads took: 0,0089929 seconds
2018-01-03T20:28:39.450-0200: 92,742: Total time for which application threads were stopped: 0,0040441 seconds, Stopping threads took: 0,0039464 seconds
2018-01-03T20:28:39.492-0200: 92,783: Total time for which application threads were stopped: 0,0049938 seconds, Stopping threads took: 0,0049054 seconds
2018-01-03T20:28:39.555-0200: 92,847: Total time for which application threads were stopped: 0,0073630 seconds, Stopping threads took: 0,0072670 seconds
2018-01-03T20:28:39.555-0200: 92,847: Total time for which application threads were stopped: 0,0000668 seconds, Stopping threads took: 0,0000080 seconds
2018-01-03T20:28:39.711-0200: 93,003: Total time for which application threads were stopped: 0,0063756 seconds, Stopping threads took: 0,0062938 seconds
2018-01-03T20:28:39.712-0200: 93,004: Total time for which application threads were stopped: 0,0000623 seconds, Stopping threads took: 0,0000117 seconds
2018-01-03T20:28:39.712-0200: 93,004: Total time for which application threads were stopped: 0,0000400 seconds, Stopping threads took: 0,0000053 seconds
2018-01-03T20:28:39.712-0200: 93,004: Total time for which application threads were stopped: 0,0000366 seconds, Stopping threads took: 0,0000045 seconds
2018-01-03T20:28:39.712-0200: 93,004: Total time for which application threads were stopped: 0,0000362 seconds, Stopping threads took: 0,0000050 seconds
2018-01-03T20:28:39.713-0200: 93,004: Total time for which application threads were stopped: 0,0000402 seconds, Stopping threads took: 0,0000056 seconds
{Heap before GC invocations=18 (full 1):
 par new generation   total 655360K, used 630642K [0x0000000700000000, 0x0000000730000000, 0x0000000730000000)
  eden space 524288K, 100% used [0x0000000700000000, 0x0000000720000000, 0x0000000720000000)
  from space 131072K,  81% used [0x0000000720000000, 0x00000007267dcb10, 0x0000000728000000)
  to   space 131072K,   0% used [0x0000000728000000, 0x0000000728000000, 0x0000000730000000)
 concurrent mark-sweep generation total 2359296K, used 79018K [0x0000000730000000, 0x00000007c0000000, 0x00000007c0000000)
 Metaspace       used 41900K, capacity 43479K, committed 43756K, reserved 1087488K
  class space    used 4926K, capacity 5408K, committed 5488K, reserved 1048576K
2018-01-03T20:28:40.016-0200: 93,307: [GC (Allocation Failure) 2018-01-03T20:28:40.016-0200: 93,307: [ParNew
Desired survivor size 120795952 bytes, new threshold 8 (max 8)
- age   1:   12360248 bytes,   12360248 total
- age   2:    8169496 bytes,   20529744 total
- age   3:    4105832 bytes,   24635576 total
- age   4:    7220752 bytes,   31856328 total
- age   5:    7521608 bytes,   39377936 total
- age   6:    8606008 bytes,   47983944 total
- age   7:    7551312 bytes,   55535256 total
- age   8:    7562760 bytes,   63098016 total
: 630642K->87741K(655360K), 0,1202569 secs] 709661K->174096K(3014656K), 0,1202973 secs] [Times: user=0,12 sys=0,00, real=0,12 secs] 
Heap after GC invocations=19 (full 1):
 par new generation   total 655360K, used 87741K [0x0000000700000000, 0x0000000730000000, 0x0000000730000000)
  eden space 524288K,   0% used [0x0000000700000000, 0x0000000700000000, 0x0000000720000000)
  from space 131072K,  66% used [0x0000000728000000, 0x000000072d5af7f0, 0x0000000730000000)
  to   space 131072K,   0% used [0x0000000720000000, 0x0000000720000000, 0x0000000728000000)
 concurrent mark-sweep generation total 2359296K, used 86354K [0x0000000730000000, 0x00000007c0000000, 0x00000007c0000000)
 Metaspace       used 41900K, capacity 43479K, committed 43756K, reserved 1087488K
  class space    used 4926K, capacity 5408K, committed 5488K, reserved 1048576K
}
2018-01-03T20:28:40.136-0200: 93,427: Total time for which application threads were stopped: 0,1204306 seconds, Stopping threads took: 0,0000214 seconds
2018-01-03T20:28:40.139-0200: 93,430: Total time for which application threads were stopped: 0,0005409 seconds, Stopping threads took: 0,0004609 seconds
{Heap before GC invocations=19 (full 1):
 par new generation   total 655360K, used 612029K [0x0000000700000000, 0x0000000730000000, 0x0000000730000000)
  eden space 524288K, 100% used [0x0000000700000000, 0x0000000720000000, 0x0000000720000000)
  from space 131072K,  66% used [0x0000000728000000, 0x000000072d5af7f0, 0x0000000730000000)
  to   space 131072K,   0% used [0x0000000720000000, 0x0000000720000000, 0x0000000728000000)
 concurrent mark-sweep generation total 2359296K, used 86354K [0x0000000730000000, 0x00000007c0000000, 0x00000007c0000000)
 Metaspace       used 41900K, capacity 43479K, committed 43756K, reserved 1087488K
  class space    used 4926K, capacity 5408K, committed 5488K, reserved 1048576K
2018-01-03T20:28:41.621-0200: 94,913: [GC (Allocation Failure) 2018-01-03T20:28:41.621-0200: 94,913: [ParNew
Desired survivor size 120795952 bytes, new threshold 8 (max 8)
- age   1:   20881016 bytes,   20881016 total
- age   2:   11520408 bytes,   32401424 total
- age   3:    8169376 bytes,   40570800 total
- age   4:    4105832 bytes,   44676632 total
- age   5:    7220752 bytes,   51897384 total
- age   6:    7521608 bytes,   59418992 total
- age   7:    8606008 bytes,   68025000 total
- age   8:    7551312 bytes,   75576312 total
: 612029K->90354K(655360K), 0,1154303 secs] 698384K->184095K(3014656K), 0,1154805 secs] [Times: user=0,11 sys=0,00, real=0,12 secs] 
Heap after GC invocations=20 (full 1):
 par new generation   total 655360K, used 90354K [0x0000000700000000, 0x0000000730000000, 0x0000000730000000)
  eden space 524288K,   0% used [0x0000000700000000, 0x0000000700000000, 0x0000000720000000)
  from space 131072K,  68% used [0x0000000720000000, 0x000000072583cb18, 0x0000000728000000)
  to   space 131072K,   0% used [0x0000000728000000, 0x0000000728000000, 0x0000000730000000)
 concurrent mark-sweep generation total 2359296K, used 93740K [0x0000000730000000, 0x00000007c0000000, 0x00000007c0000000)
 Metaspace       used 41900K, capacity 43479K, committed 43756K, reserved 1087488K
  class space    used 4926K, capacity 5408K, committed 5488K, reserved 1048576K
}
2018-01-03T20:28:41.737-0200: 95,028: Total time for which application threads were stopped: 0,1156045 seconds, Stopping threads took: 0,0000225 seconds
2018-01-03T20:28:41.738-0200: 95,030: Total time for which application threads were stopped: 0,0001085 seconds, Stopping threads took: 0,0000320 seconds
{Heap before GC invocations=20 (full 1):
 par new generation   total 655360K, used 614642K [0x0000000700000000, 0x0000000730000000, 0x0000000730000000)
  eden space 524288K, 100% used [0x0000000700000000, 0x0000000720000000, 0x0000000720000000)
  from space 131072K,  68% used [0x0000000720000000, 0x000000072583cb18, 0x0000000728000000)
  to   space 131072K,   0% used [0x0000000728000000, 0x0000000728000000, 0x0000000730000000)
 concurrent mark-sweep generation total 2359296K, used 93740K [0x0000000730000000, 0x00000007c0000000, 0x00000007c0000000)
 Metaspace       used 41900K, capacity 43479K, committed 43756K, reserved 1087488K
  class space    used 4926K, capacity 5408K, committed 5488K, reserved 1048576K
2018-01-03T20:28:42.661-0200: 95,953: [GC (Allocation Failure) 2018-01-03T20:28:42.661-0200: 95,953: [ParNew
Desired survivor size 120795952 bytes, new threshold 8 (max 8)
- age   1:   24134160 bytes,   24134160 total
- age   2:   17143704 bytes,   41277864 total
- age   3:   11486672 bytes,   52764536 total
- age   4:    8169376 bytes,   60933912 total
- age   5:    4105832 bytes,   65039744 total
- age   6:    7220752 bytes,   72260496 total
- age   7:    7521608 bytes,   79782104 total
- age   8:    8606008 bytes,   88388112 total
: 614642K->127135K(655360K), 0,1222625 secs] 708383K->228250K(3014656K), 0,1223268 secs] [Times: user=0,12 sys=0,01, real=0,13 secs] 
Heap after GC invocations=21 (full 1):
 par new generation   total 655360K, used 127135K [0x0000000700000000, 0x0000000730000000, 0x0000000730000000)
  eden space 524288K,   0% used [0x0000000700000000, 0x0000000700000000, 0x0000000720000000)
  from space 131072K,  96% used [0x0000000728000000, 0x000000072fc27ec0, 0x0000000730000000)
  to   space 131072K,   0% used [0x0000000720000000, 0x0000000720000000, 0x0000000728000000)
 concurrent mark-sweep generation total 2359296K, used 101114K [0x0000000730000000, 0x00000007c0000000, 0x00000007c0000000)
 Metaspace       used 41900K, capacity 43479K, committed 43756K, reserved 1087488K
  class space    used 4926K, capacity 5408K, committed 5488K, reserved 1048576K
}
2018-01-03T20:28:42.783-0200: 96,075: Total time for which application threads were stopped: 0,1224698 seconds, Stopping threads took: 0,0000247 seconds
2018-01-03T20:28:42.787-0200: 96,078: Total time for which application threads were stopped: 0,0008287 seconds, Stopping threads took: 0,0007679 seconds
{Heap before GC invocations=21 (full 1):
 par new generation   total 655360K, used 651423K [0x0000000700000000, 0x0000000730000000, 0x0000000730000000)
  eden space 524288K, 100% used [0x0000000700000000, 0x0000000720000000, 0x0000000720000000)
  from space 131072K,  96% used [0x0000000728000000, 0x000000072fc27ec0, 0x0000000730000000)
  to   space 131072K,   0% used [0x0000000720000000, 0x0000000720000000, 0x0000000728000000)
 concurrent mark-sweep generation total 2359296K, used 101114K [0x0000000730000000, 0x00000007c0000000, 0x00000007c0000000)
 Metaspace       used 41900K, capacity 43479K, committed 43756K, reserved 1087488K
  class space    used 4926K, capacity 5408K, committed 5488K, reserved 1048576K
2018-01-03T20:28:43.730-0200: 97,022: [GC (Allocation Failure) 2018-01-03T20:28:43.730-0200: 97,022: [ParNew
Desired survivor size 120795952 bytes, new threshold 8 (max 8)
- age   1:   25191120 bytes,   25191120 total
- age   2:   18880776 bytes,   44071896 total
- age   3:   17143584 bytes,   61215480 total
- age   4:   11486672 bytes,   72702152 total
- age   5:    8169376 bytes,   80871528 total
- age   6:    4105832 bytes,   84977360 total
- age   7:    7220752 bytes,   92198112 total
- age   8:    7521608 bytes,   99719720 total
: 651423K->120651K(655360K), 0,1253640 secs] 752538K->230170K(3014656K), 0,1254099 secs] [Times: user=0,12 sys=0,00, real=0,13 secs] 
Heap after GC invocations=22 (full 1):
 par new generation   total 655360K, used 120651K [0x0000000700000000, 0x0000000730000000, 0x0000000730000000)
  eden space 524288K,   0% used [0x0000000700000000, 0x0000000700000000, 0x0000000720000000)
  from space 131072K,  92% used [0x0000000720000000, 0x00000007275d2e90, 0x0000000728000000)
  to   space 131072K,   0% used [0x0000000728000000, 0x0000000728000000, 0x0000000730000000)
 concurrent mark-sweep generation total 2359296K, used 109519K [0x0000000730000000, 0x00000007c0000000, 0x00000007c0000000)
 Metaspace       used 41900K, capacity 43479K, committed 43756K, reserved 1087488K
  class space    used 4926K, capacity 5408K, committed 5488K, reserved 1048576K
}
2018-01-03T20:28:43.855-0200: 97,147: Total time for which application threads were stopped: 0,1255421 seconds, Stopping threads took: 0,0000223 seconds
2018-01-03T20:28:43.861-0200: 97,152: Total time for which application threads were stopped: 0,0019843 seconds, Stopping threads took: 0,0019006 seconds
2018-01-03T20:28:44.863-0200: 98,154: Total time for which application threads were stopped: 0,0021504 seconds, Stopping threads took: 0,0020574 seconds
{Heap before GC invocations=22 (full 1):
 par new generation   total 655360K, used 644939K [0x0000000700000000, 0x0000000730000000, 0x0000000730000000)
  eden space 524288K, 100% used [0x0000000700000000, 0x0000000720000000, 0x0000000720000000)
  from space 131072K,  92% used [0x0000000720000000, 0x00000007275d2e90, 0x0000000728000000)
  to   space 131072K,   0% used [0x0000000728000000, 0x0000000728000000, 0x0000000730000000)
 concurrent mark-sweep generation total 2359296K, used 109519K [0x0000000730000000, 0x00000007c0000000, 0x00000007c0000000)
 Metaspace       used 41900K, capacity 43479K, committed 43756K, reserved 1087488K
  class space    used 4926K, capacity 5408K, committed 5488K, reserved 1048576K
2018-01-03T20:28:44.908-0200: 98,200: [GC (Allocation Failure) 2018-01-03T20:28:44.908-0200: 98,200: [ParNew
Desired survivor size 120795952 bytes, new threshold 8 (max 8)
- age   1:   28013280 bytes,   28013280 total
- age   2:   19243072 bytes,   47256352 total
- age   3:   17307744 bytes,   64564096 total
- age   4:   17143584 bytes,   81707680 total
- age   5:   11486672 bytes,   93194352 total
- age   6:    8169376 bytes,  101363728 total
- age   7:    4105832 bytes,  105469560 total
- age   8:    7220752 bytes,  112690312 total
: 644939K->131072K(655360K), 0,1410108 secs] 754458K->247936K(3014656K), 0,1410633 secs] [Times: user=0,14 sys=0,01, real=0,14 secs] 
Heap after GC invocations=23 (full 1):
 par new generation   total 655360K, used 131072K [0x0000000700000000, 0x0000000730000000, 0x0000000730000000)
  eden space 524288K,   0% used [0x0000000700000000, 0x0000000700000000, 0x0000000720000000)
  from space 131072K, 100% used [0x0000000728000000, 0x0000000730000000, 0x0000000730000000)
  to   space 131072K,   0% used [0x0000000720000000, 0x0000000720000000, 0x0000000728000000)
 concurrent mark-sweep generation total 2359296K, used 116864K [0x0000000730000000, 0x00000007c0000000, 0x00000007c0000000)
 Metaspace       used 41900K, capacity 43479K, committed 43756K, reserved 1087488K
  class space    used 4926K, capacity 5408K, committed 5488K, reserved 1048576K
}
2018-01-03T20:28:45.049-0200: 98,341: Total time for which application threads were stopped: 0,1411959 seconds, Stopping threads took: 0,0000221 seconds
2018-01-03T20:28:45.051-0200: 98,343: Total time for which application threads were stopped: 0,0001056 seconds, Stopping threads took: 0,0000413 seconds
{Heap before GC invocations=23 (full 1):
 par new generation   total 655360K, used 655360K [0x0000000700000000, 0x0000000730000000, 0x0000000730000000)
  eden space 524288K, 100% used [0x0000000700000000, 0x0000000720000000, 0x0000000720000000)
  from space 131072K, 100% used [0x0000000728000000, 0x0000000730000000, 0x0000000730000000)
  to   space 131072K,   0% used [0x0000000720000000, 0x0000000720000000, 0x0000000728000000)
 concurrent mark-sweep generation total 2359296K, used 116864K [0x0000000730000000, 0x00000007c0000000, 0x00000007c0000000)
 Metaspace       used 41900K, capacity 43479K, committed 43756K, reserved 1087488K
  class space    used 4926K, capacity 5408K, committed 5488K, reserved 1048576K
2018-01-03T20:28:45.995-0200: 99,286: [GC (Allocation Failure) 2018-01-03T20:28:45.995-0200: 99,286: [ParNew
Desired survivor size 120795952 bytes, new threshold 8 (max 8)
- age   1:   19382136 bytes,   19382136 total
- age   2:   18017928 bytes,   37400064 total
- age   3:   15042880 bytes,   52442944 total
- age   4:   15012024 bytes,   67454968 total
- age   5:   15930264 bytes,   83385232 total
- age   6:   11423160 bytes,   94808392 total
- age   7:    8169376 bytes,  102977768 total
- age   8:    4105832 bytes,  107083600 total
: 655360K->131072K(655360K), 0,1476073 secs] 772224K->271787K(3014656K), 0,1476744 secs] [Times: user=0,14 sys=0,01, real=0,15 secs] 
Heap after GC invocations=24 (full 1):
 par new generation   total 655360K, used 131072K [0x0000000700000000, 0x0000000730000000, 0x0000000730000000)
  eden space 524288K,   0% used [0x0000000700000000, 0x0000000700000000, 0x0000000720000000)
  from space 131072K, 100% used [0x0000000720000000, 0x0000000728000000, 0x0000000728000000)
  to   space 131072K,   0% used [0x0000000728000000, 0x0000000728000000, 0x0000000730000000)
 concurrent mark-sweep generation total 2359296K, used 140715K [0x0000000730000000, 0x00000007c0000000, 0x00000007c0000000)
 Metaspace       used 41900K, capacity 43479K, committed 43756K, reserved 1087488K
  class space    used 4926K, capacity 5408K, committed 5488K, reserved 1048576K
}
2018-01-03T20:28:46.142-0200: 99,434: Total time for which application threads were stopped: 0,1478312 seconds, Stopping threads took: 0,0000246 seconds
2018-01-03T20:28:46.148-0200: 99,440: Total time for which application threads were stopped: 0,0018781 seconds, Stopping threads took: 0,0017803 seconds
{Heap before GC invocations=24 (full 1):
 par new generation   total 655360K, used 655360K [0x0000000700000000, 0x0000000730000000, 0x0000000730000000)
  eden space 524288K, 100% used [0x0000000700000000, 0x0000000720000000, 0x0000000720000000)
  from space 131072K, 100% used [0x0000000720000000, 0x0000000728000000, 0x0000000728000000)
  to   space 131072K,   0% used [0x0000000728000000, 0x0000000728000000, 0x0000000730000000)
 concurrent mark-sweep generation total 2359296K, used 140715K [0x0000000730000000, 0x00000007c0000000, 0x00000007c0000000)
 Metaspace       used 41900K, capacity 43479K, committed 43756K, reserved 1087488K
  class space    used 4926K, capacity 5408K, committed 5488K, reserved 1048576K
2018-01-03T20:28:47.115-0200: 100,407: [GC (Allocation Failure) 2018-01-03T20:28:47.115-0200: 100,407: [ParNew
Desired survivor size 120795952 bytes, new threshold 8 (max 8)
- age   1:   31326408 bytes,   31326408 total
- age   2:   14239600 bytes,   45566008 total
- age   3:   17063520 bytes,   62629528 total
- age   4:   14077536 bytes,   76707064 total
- age   5:   14052048 bytes,   90759112 total
- age   6:   14979904 bytes,  105739016 total
- age   7:   10975088 bytes,  116714104 total
- age   8:    8167856 bytes,  124881960 total
: 655360K->131072K(655360K), 0,1563999 secs] 796075K->282703K(3014656K), 0,1564492 secs] [Times: user=0,15 sys=0,01, real=0,15 secs] 
Heap after GC invocations=25 (full 1):
 par new generation   total 655360K, used 131072K [0x0000000700000000, 0x0000000730000000, 0x0000000730000000)
  eden space 524288K,   0% used [0x0000000700000000, 0x0000000700000000, 0x0000000720000000)
  from space 131072K, 100% used [0x0000000728000000, 0x0000000730000000, 0x0000000730000000)
  to   space 131072K,   0% used [0x0000000720000000, 0x0000000720000000, 0x0000000728000000)
 concurrent mark-sweep generation total 2359296K, used 151631K [0x0000000730000000, 0x00000007c0000000, 0x00000007c0000000)
 Metaspace       used 41900K, capacity 43479K, committed 43756K, reserved 1087488K
  class space    used 4926K, capacity 5408K, committed 5488K, reserved 1048576K
}
2018-01-03T20:28:47.272-0200: 100,563: Total time for which application threads were stopped: 0,1565791 seconds, Stopping threads took: 0,0000226 seconds
2018-01-03T20:28:47.275-0200: 100,567: Total time for which application threads were stopped: 0,0006095 seconds, Stopping threads took: 0,0005508 seconds
2018-01-03T20:28:48.277-0200: 101,569: Total time for which application threads were stopped: 0,0021302 seconds, Stopping threads took: 0,0020430 seconds
2018-01-03T20:28:49.159-0200: 102,450: Total time for which application threads were stopped: 0,0000912 seconds, Stopping threads took: 0,0000207 seconds
{Heap before GC invocations=25 (full 1):
 par new generation   total 655360K, used 655360K [0x0000000700000000, 0x0000000730000000, 0x0000000730000000)
  eden space 524288K, 100% used [0x0000000700000000, 0x0000000720000000, 0x0000000720000000)
  from space 131072K, 100% used [0x0000000728000000, 0x0000000730000000, 0x0000000730000000)
  to   space 131072K,   0% used [0x0000000720000000, 0x0000000720000000, 0x0000000728000000)
 concurrent mark-sweep generation total 2359296K, used 151631K [0x0000000730000000, 0x00000007c0000000, 0x00000007c0000000)
 Metaspace       used 41902K, capacity 43479K, committed 43756K, reserved 1087488K
  class space    used 4926K, capacity 5408K, committed 5488K, reserved 1048576K
2018-01-03T20:28:49.428-0200: 102,719: [GC (Allocation Failure) 2018-01-03T20:28:49.428-0200: 102,719: [ParNew
Desired survivor size 120795952 bytes, new threshold 8 (max 8)
- age   1:    4554376 bytes,    4554376 total
- age   2:   20582984 bytes,   25137360 total
- age   3:    7967952 bytes,   33105312 total
- age   4:   10872584 bytes,   43977896 total
- age   5:    7851976 bytes,   51829872 total
- age   6:    7816472 bytes,   59646344 total
- age   7:    8756552 bytes,   68402896 total
- age   8:    9260496 bytes,   77663392 total
: 655360K->131072K(655360K), 0,1250062 secs] 806991K->290680K(3014656K), 0,1250611 secs] [Times: user=0,10 sys=0,00, real=0,12 secs] 
Heap after GC invocations=26 (full 1):
 par new generation   total 655360K, used 131072K [0x0000000700000000, 0x0000000730000000, 0x0000000730000000)
  eden space 524288K,   0% used [0x0000000700000000, 0x0000000700000000, 0x0000000720000000)
  from space 131072K, 100% used [0x0000000720000000, 0x0000000728000000, 0x0000000728000000)
  to   space 131072K,   0% used [0x0000000728000000, 0x0000000728000000, 0x0000000730000000)
 concurrent mark-sweep generation total 2359296K, used 159608K [0x0000000730000000, 0x00000007c0000000, 0x00000007c0000000)
 Metaspace       used 41902K, capacity 43479K, committed 43756K, reserved 1087488K
  class space    used 4926K, capacity 5408K, committed 5488K, reserved 1048576K
}
2018-01-03T20:28:49.553-0200: 102,844: Total time for which application threads were stopped: 0,1252303 seconds, Stopping threads took: 0,0000238 seconds
{Heap before GC invocations=26 (full 1):
 par new generation   total 655360K, used 655360K [0x0000000700000000, 0x0000000730000000, 0x0000000730000000)
  eden space 524288K, 100% used [0x0000000700000000, 0x0000000720000000, 0x0000000720000000)
  from space 131072K, 100% used [0x0000000720000000, 0x0000000728000000, 0x0000000728000000)
  to   space 131072K,   0% used [0x0000000728000000, 0x0000000728000000, 0x0000000730000000)
 concurrent mark-sweep generation total 2359296K, used 159608K [0x0000000730000000, 0x00000007c0000000, 0x00000007c0000000)
 Metaspace       used 41902K, capacity 43479K, committed 43756K, reserved 1087488K
  class space    used 4926K, capacity 5408K, committed 5488K, reserved 1048576K
2018-01-03T20:28:50.524-0200: 103,816: [GC (Allocation Failure) 2018-01-03T20:28:50.524-0200: 103,816: [ParNew
Desired survivor size 120795952 bytes, new threshold 8 (max 8)
- age   1:   20795480 bytes,   20795480 total
- age   2:    4197712 bytes,   24993192 total
- age   3:   20574536 bytes,   45567728 total
- age   4:    7967952 bytes,   53535680 total
- age   5:   10872584 bytes,   64408264 total
- age   6:    7851976 bytes,   72260240 total
- age   7:    7816472 bytes,   80076712 total
- age   8:    8756552 bytes,   88833264 total
: 655360K->120878K(655360K), 0,1267752 secs] 814968K->289532K(3014656K), 0,1268378 secs] [Times: user=0,12 sys=0,00, real=0,12 secs] 
Heap after GC invocations=27 (full 1):
 par new generation   total 655360K, used 120878K [0x0000000700000000, 0x0000000730000000, 0x0000000730000000)
  eden space 524288K,   0% used [0x0000000700000000, 0x0000000700000000, 0x0000000720000000)
  from space 131072K,  92% used [0x0000000728000000, 0x000000072f60b970, 0x0000000730000000)
  to   space 131072K,   0% used [0x0000000720000000, 0x0000000720000000, 0x0000000728000000)
 concurrent mark-sweep generation total 2359296K, used 168653K [0x0000000730000000, 0x00000007c0000000, 0x00000007c0000000)
 Metaspace       used 41902K, capacity 43479K, committed 43756K, reserved 1087488K
  class space    used 4926K, capacity 5408K, committed 5488K, reserved 1048576K
}
2018-01-03T20:28:50.651-0200: 103,943: Total time for which application threads were stopped: 0,1269902 seconds, Stopping threads took: 0,0000376 seconds
2018-01-03T20:28:50.656-0200: 103,948: Total time for which application threads were stopped: 0,0016549 seconds, Stopping threads took: 0,0015754 seconds
2018-01-03T20:28:50.656-0200: 103,948: Total time for which application threads were stopped: 0,0000480 seconds, Stopping threads took: 0,0000069 seconds
{Heap before GC invocations=27 (full 1):
 par new generation   total 655360K, used 645166K [0x0000000700000000, 0x0000000730000000, 0x0000000730000000)
  eden space 524288K, 100% used [0x0000000700000000, 0x0000000720000000, 0x0000000720000000)
  from space 131072K,  92% used [0x0000000728000000, 0x000000072f60b970, 0x0000000730000000)
  to   space 131072K,   0% used [0x0000000720000000, 0x0000000720000000, 0x0000000728000000)
 concurrent mark-sweep generation total 2359296K, used 168653K [0x0000000730000000, 0x00000007c0000000, 0x00000007c0000000)
 Metaspace       used 41902K, capacity 43479K, committed 43756K, reserved 1087488K
  class space    used 4926K, capacity 5408K, committed 5488K, reserved 1048576K
2018-01-03T20:28:51.606-0200: 104,897: [GC (Allocation Failure) 2018-01-03T20:28:51.606-0200: 104,897: [ParNew
Desired survivor size 120795952 bytes, new threshold 8 (max 8)
- age   1:   25410752 bytes,   25410752 total
- age   2:   17816336 bytes,   43227088 total
- age   3:    4196872 bytes,   47423960 total
- age   4:   20574416 bytes,   67998376 total
- age   5:    7967952 bytes,   75966328 total
- age   6:    9823992 bytes,   85790320 total
- age   7:    7851976 bytes,   93642296 total
- age   8:    7816472 bytes,  101458768 total
: 645166K->122703K(655360K), 0,1353351 secs] 813820K->299908K(3014656K), 0,1353970 secs] [Times: user=0,14 sys=0,00, real=0,13 secs] 
Heap after GC invocations=28 (full 1):
 par new generation   total 655360K, used 122703K [0x0000000700000000, 0x0000000730000000, 0x0000000730000000)
  eden space 524288K,   0% used [0x0000000700000000, 0x0000000700000000, 0x0000000720000000)
  from space 131072K,  93% used [0x0000000720000000, 0x00000007277d3ed8, 0x0000000728000000)
  to   space 131072K,   0% used [0x0000000728000000, 0x0000000728000000, 0x0000000730000000)
 concurrent mark-sweep generation total 2359296K, used 177205K [0x0000000730000000, 0x00000007c0000000, 0x00000007c0000000)
 Metaspace       used 41902K, capacity 43479K, committed 43756K, reserved 1087488K
  class space    used 4926K, capacity 5408K, committed 5488K, reserved 1048576K
}
2018-01-03T20:28:51.741-0200: 105,033: Total time for which application threads were stopped: 0,1355614 seconds, Stopping threads took: 0,0000312 seconds
2018-01-03T20:28:51.742-0200: 105,034: Total time for which application threads were stopped: 0,0001134 seconds, Stopping threads took: 0,0000295 seconds
{Heap before GC invocations=28 (full 1):
 par new generation   total 655360K, used 646991K [0x0000000700000000, 0x0000000730000000, 0x0000000730000000)
  eden space 524288K, 100% used [0x0000000700000000, 0x0000000720000000, 0x0000000720000000)
  from space 131072K,  93% used [0x0000000720000000, 0x00000007277d3ed8, 0x0000000728000000)
  to   space 131072K,   0% used [0x0000000728000000, 0x0000000728000000, 0x0000000730000000)
 concurrent mark-sweep generation total 2359296K, used 177205K [0x0000000730000000, 0x00000007c0000000, 0x00000007c0000000)
 Metaspace       used 41902K, capacity 43479K, committed 43756K, reserved 1087488K
  class space    used 4926K, capacity 5408K, committed 5488K, reserved 1048576K
2018-01-03T20:28:52.687-0200: 105,979: [GC (Allocation Failure) 2018-01-03T20:28:52.687-0200: 105,979: [ParNew
Desired survivor size 120795952 bytes, new threshold 8 (max 8)
- age   1:   23815672 bytes,   23815672 total
- age   2:   19699432 bytes,   43515104 total
- age   3:   17098872 bytes,   60613976 total
- age   4:    3970712 bytes,   64584688 total
- age   5:   20536768 bytes,   85121456 total
- age   6:    7929376 bytes,   93050832 total
- age   7:    9776112 bytes,  102826944 total
- age   8:    7814072 bytes,  110641016 total
: 646991K->131072K(655360K), 0,1614899 secs] 824196K->319440K(3014656K), 0,1615363 secs] [Times: user=0,15 sys=0,00, real=0,16 secs] 
Heap after GC invocations=29 (full 1):
 par new generation   total 655360K, used 131072K [0x0000000700000000, 0x0000000730000000, 0x0000000730000000)
  eden space 524288K,   0% used [0x0000000700000000, 0x0000000700000000, 0x0000000720000000)
  from space 131072K, 100% used [0x0000000728000000, 0x0000000730000000, 0x0000000730000000)
  to   space 131072K,   0% used [0x0000000720000000, 0x0000000720000000, 0x0000000728000000)
 concurrent mark-sweep generation total 2359296K, used 188368K [0x0000000730000000, 0x00000007c0000000, 0x00000007c0000000)
 Metaspace       used 41902K, capacity 43479K, committed 43756K, reserved 1087488K
  class space    used 4926K, capacity 5408K, committed 5488K, reserved 1048576K
}
2018-01-03T20:28:52.849-0200: 106,141: Total time for which application threads were stopped: 0,1616794 seconds, Stopping threads took: 0,0000225 seconds
2018-01-03T20:28:52.857-0200: 106,149: Total time for which application threads were stopped: 0,0032646 seconds, Stopping threads took: 0,0031682 seconds
2018-01-03T20:28:53.306-0200: 106,597: Total time for which application threads were stopped: 0,0021318 seconds, Stopping threads took: 0,0020297 seconds
2018-01-03T20:28:53.571-0200: 106,863: Total time for which application threads were stopped: 0,0000922 seconds, Stopping threads took: 0,0000229 seconds
2018-01-03T20:28:53.922-0200: 107,214: Total time for which application threads were stopped: 0,0035762 seconds, Stopping threads took: 0,0034715 seconds
2018-01-03T20:28:53.922-0200: 107,214: Total time for which application threads were stopped: 0,0000634 seconds, Stopping threads took: 0,0000073 seconds
{Heap before GC invocations=29 (full 1):
 par new generation   total 655360K, used 655360K [0x0000000700000000, 0x0000000730000000, 0x0000000730000000)
  eden space 524288K, 100% used [0x0000000700000000, 0x0000000720000000, 0x0000000720000000)
  from space 131072K, 100% used [0x0000000728000000, 0x0000000730000000, 0x0000000730000000)
  to   space 131072K,   0% used [0x0000000720000000, 0x0000000720000000, 0x0000000728000000)
 concurrent mark-sweep generation total 2359296K, used 188368K [0x0000000730000000, 0x00000007c0000000, 0x00000007c0000000)
 Metaspace       used 41904K, capacity 43479K, committed 43756K, reserved 1087488K
  class space    used 4926K, capacity 5408K, committed 5488K, reserved 1048576K
2018-01-03T20:28:54.401-0200: 107,692: [GC (Allocation Failure) 2018-01-03T20:28:54.401-0200: 107,692: [ParNew
Desired survivor size 120795952 bytes, new threshold 8 (max 8)
- age   1:   24874056 bytes,   24874056 total
- age   2:   15864744 bytes,   40738800 total
- age   3:   16457504 bytes,   57196304 total
- age   4:   13843544 bytes,   71039848 total
- age   5:    3357560 bytes,   74397408 total
- age   6:   19767840 bytes,   94165248 total
- age   7:    7150056 bytes,  101315304 total
- age   8:    9013048 bytes,  110328352 total
: 655360K->131072K(655360K), 0,1490207 secs] 843728K->332206K(3014656K), 0,1494097 secs] [Times: user=0,14 sys=0,00, real=0,15 secs] 
Heap after GC invocations=30 (full 1):
 par new generation   total 655360K, used 131072K [0x0000000700000000, 0x0000000730000000, 0x0000000730000000)
  eden space 524288K,   0% used [0x0000000700000000, 0x0000000700000000, 0x0000000720000000)
  from space 131072K, 100% used [0x0000000720000000, 0x0000000728000000, 0x0000000728000000)
  to   space 131072K,   0% used [0x0000000728000000, 0x0000000728000000, 0x0000000730000000)
 concurrent mark-sweep generation total 2359296K, used 201134K [0x0000000730000000, 0x00000007c0000000, 0x00000007c0000000)
 Metaspace       used 41904K, capacity 43479K, committed 43756K, reserved 1087488K
  class space    used 4926K, capacity 5408K, committed 5488K, reserved 1048576K
}
2018-01-03T20:28:54.550-0200: 107,842: Total time for which application threads were stopped: 0,1521725 seconds, Stopping threads took: 0,0026351 seconds
2018-01-03T20:28:54.559-0200: 107,851: Total time for which application threads were stopped: 0,0018881 seconds, Stopping threads took: 0,0017986 seconds
2018-01-03T20:28:54.953-0200: 108,244: Total time for which application threads were stopped: 0,0033555 seconds, Stopping threads took: 0,0032512 seconds
2018-01-03T20:28:54.960-0200: 108,251: Total time for which application threads were stopped: 0,0010474 seconds, Stopping threads took: 0,0009805 seconds
2018-01-03T20:28:54.960-0200: 108,252: Total time for which application threads were stopped: 0,0000731 seconds, Stopping threads took: 0,0000133 seconds
2018-01-03T20:28:55.389-0200: 108,681: Total time for which application threads were stopped: 0,0001246 seconds, Stopping threads took: 0,0000307 seconds
2018-01-03T20:28:55.478-0200: 108,770: Total time for which application threads were stopped: 0,0042667 seconds, Stopping threads took: 0,0041587 seconds
2018-01-03T20:28:55.479-0200: 108,770: Total time for which application threads were stopped: 0,0001247 seconds, Stopping threads took: 0,0000077 seconds
2018-01-03T20:28:55.743-0200: 109,035: Total time for which application threads were stopped: 0,0067744 seconds, Stopping threads took: 0,0066629 seconds
2018-01-03T20:28:55.744-0200: 109,036: Total time for which application threads were stopped: 0,0001109 seconds, Stopping threads took: 0,0000176 seconds
2018-01-03T20:28:55.744-0200: 109,036: Total time for which application threads were stopped: 0,0000615 seconds, Stopping threads took: 0,0000061 seconds
2018-01-03T20:28:55.744-0200: 109,036: Total time for which application threads were stopped: 0,0000733 seconds, Stopping threads took: 0,0000049 seconds
2018-01-03T20:28:55.745-0200: 109,036: Total time for which application threads were stopped: 0,0000521 seconds, Stopping threads took: 0,0000053 seconds
2018-01-03T20:28:55.745-0200: 109,036: Total time for which application threads were stopped: 0,0000516 seconds, Stopping threads took: 0,0000048 seconds
{Heap before GC invocations=30 (full 1):
 par new generation   total 655360K, used 655360K [0x0000000700000000, 0x0000000730000000, 0x0000000730000000)
  eden space 524288K, 100% used [0x0000000700000000, 0x0000000720000000, 0x0000000720000000)
  from space 131072K, 100% used [0x0000000720000000, 0x0000000728000000, 0x0000000728000000)
  to   space 131072K,   0% used [0x0000000728000000, 0x0000000728000000, 0x0000000730000000)
 concurrent mark-sweep generation total 2359296K, used 201134K [0x0000000730000000, 0x00000007c0000000, 0x00000007c0000000)
 Metaspace       used 41921K, capacity 43543K, committed 43756K, reserved 1087488K
  class space    used 4926K, capacity 5408K, committed 5488K, reserved 1048576K
2018-01-03T20:28:55.986-0200: 109,277: [GC (Allocation Failure) 2018-01-03T20:28:55.986-0200: 109,277: [ParNew
Desired survivor size 120795952 bytes, new threshold 8 (max 8)
- age   1:   10373384 bytes,   10373384 total
- age   2:   10264512 bytes,   20637896 total
- age   3:   10494216 bytes,   31132112 total
- age   4:   12532128 bytes,   43664240 total
- age   5:   10471376 bytes,   54135616 total
- age   6:    2853784 bytes,   56989400 total
- age   7:   19767840 bytes,   76757240 total
- age   8:    7150056 bytes,   83907296 total
: 655360K->131072K(655360K), 0,1281193 secs] 856494K->341008K(3014656K), 0,1281749 secs] [Times: user=0,12 sys=0,01, real=0,12 secs] 
Heap after GC invocations=31 (full 1):
 par new generation   total 655360K, used 131072K [0x0000000700000000, 0x0000000730000000, 0x0000000730000000)
  eden space 524288K,   0% used [0x0000000700000000, 0x0000000700000000, 0x0000000720000000)
  from space 131072K, 100% used [0x0000000728000000, 0x0000000730000000, 0x0000000730000000)
  to   space 131072K,   0% used [0x0000000720000000, 0x0000000720000000, 0x0000000728000000)
 concurrent mark-sweep generation total 2359296K, used 209936K [0x0000000730000000, 0x00000007c0000000, 0x00000007c0000000)
 Metaspace       used 41921K, capacity 43543K, committed 43756K, reserved 1087488K
  class space    used 4926K, capacity 5408K, committed 5488K, reserved 1048576K
}
2018-01-03T20:28:56.114-0200: 109,405: Total time for which application threads were stopped: 0,1283056 seconds, Stopping threads took: 0,0000218 seconds
{Heap before GC invocations=31 (full 1):
 par new generation   total 655360K, used 655360K [0x0000000700000000, 0x0000000730000000, 0x0000000730000000)
  eden space 524288K, 100% used [0x0000000700000000, 0x0000000720000000, 0x0000000720000000)
  from space 131072K, 100% used [0x0000000728000000, 0x0000000730000000, 0x0000000730000000)
  to   space 131072K,   0% used [0x0000000720000000, 0x0000000720000000, 0x0000000728000000)
 concurrent mark-sweep generation total 2359296K, used 209936K [0x0000000730000000, 0x00000007c0000000, 0x00000007c0000000)
 Metaspace       used 41921K, capacity 43543K, committed 43756K, reserved 1087488K
  class space    used 4926K, capacity 5408K, committed 5488K, reserved 1048576K
2018-01-03T20:28:57.039-0200: 110,330: [GC (Allocation Failure) 2018-01-03T20:28:57.039-0200: 110,330: [ParNew
Desired survivor size 120795952 bytes, new threshold 8 (max 8)
- age   1:   21119680 bytes,   21119680 total
- age   2:    9084112 bytes,   30203792 total
- age   3:   10256064 bytes,   40459856 total
- age   4:   10494216 bytes,   50954072 total
- age   5:   12532128 bytes,   63486200 total
- age   6:   10471376 bytes,   73957576 total
- age   7:    2853784 bytes,   76811360 total
- age   8:   19767840 bytes,   96579200 total
: 655360K->105945K(655360K), 0,1265324 secs] 865296K->322864K(3014656K), 0,1265840 secs] [Times: user=0,12 sys=0,00, real=0,13 secs] 
Heap after GC invocations=32 (full 1):
 par new generation   total 655360K, used 105945K [0x0000000700000000, 0x0000000730000000, 0x0000000730000000)
  eden space 524288K,   0% used [0x0000000700000000, 0x0000000700000000, 0x0000000720000000)
  from space 131072K,  80% used [0x0000000720000000, 0x0000000726776790, 0x0000000728000000)
  to   space 131072K,   0% used [0x0000000728000000, 0x0000000728000000, 0x0000000730000000)
 concurrent mark-sweep generation total 2359296K, used 216919K [0x0000000730000000, 0x00000007c0000000, 0x00000007c0000000)
 Metaspace       used 41921K, capacity 43543K, committed 43756K, reserved 1087488K
  class space    used 4926K, capacity 5408K, committed 5488K, reserved 1048576K
}
2018-01-03T20:28:57.165-0200: 110,457: Total time for which application threads were stopped: 0,1267151 seconds, Stopping threads took: 0,0000286 seconds
2018-01-03T20:28:57.167-0200: 110,458: Total time for which application threads were stopped: 0,0001056 seconds, Stopping threads took: 0,0000315 seconds
{Heap before GC invocations=32 (full 1):
 par new generation   total 655360K, used 630233K [0x0000000700000000, 0x0000000730000000, 0x0000000730000000)
  eden space 524288K, 100% used [0x0000000700000000, 0x0000000720000000, 0x0000000720000000)
  from space 131072K,  80% used [0x0000000720000000, 0x0000000726776790, 0x0000000728000000)
  to   space 131072K,   0% used [0x0000000728000000, 0x0000000728000000, 0x0000000730000000)
 concurrent mark-sweep generation total 2359296K, used 216919K [0x0000000730000000, 0x00000007c0000000, 0x00000007c0000000)
 Metaspace       used 41922K, capacity 43543K, committed 43756K, reserved 1087488K
  class space    used 4926K, capacity 5408K, committed 5488K, reserved 1048576K
2018-01-03T20:28:58.104-0200: 111,396: [GC (Allocation Failure) 2018-01-03T20:28:58.104-0200: 111,396: [ParNew
Desired survivor size 120795952 bytes, new threshold 8 (max 8)
- age   1:   23804080 bytes,   23804080 total
- age   2:   17432960 bytes,   41237040 total
- age   3:    9050824 bytes,   50287864 total
- age   4:   10255944 bytes,   60543808 total
- age   5:   10494216 bytes,   71038024 total
- age   6:   12532128 bytes,   83570152 total
- age   7:   10471376 bytes,   94041528 total
- age   8:    2853784 bytes,   96895312 total
: 630233K->123762K(655360K), 0,1601629 secs] 847152K->359986K(3014656K), 0,1602106 secs] [Times: user=0,14 sys=0,01, real=0,16 secs] 
Heap after GC invocations=33 (full 1):
 par new generation   total 655360K, used 123762K [0x0000000700000000, 0x0000000730000000, 0x0000000730000000)
  eden space 524288K,   0% used [0x0000000700000000, 0x0000000700000000, 0x0000000720000000)
  from space 131072K,  94% used [0x0000000728000000, 0x000000072f8dcb30, 0x0000000730000000)
  to   space 131072K,   0% used [0x0000000720000000, 0x0000000720000000, 0x0000000728000000)
 concurrent mark-sweep generation total 2359296K, used 236223K [0x0000000730000000, 0x00000007c0000000, 0x00000007c0000000)
 Metaspace       used 41922K, capacity 43543K, committed 43756K, reserved 1087488K
  class space    used 4926K, capacity 5408K, committed 5488K, reserved 1048576K
}
2018-01-03T20:28:58.264-0200: 111,556: Total time for which application threads were stopped: 0,1603593 seconds, Stopping threads took: 0,0000222 seconds
2018-01-03T20:28:58.267-0200: 111,559: Total time for which application threads were stopped: 0,0005031 seconds, Stopping threads took: 0,0004437 seconds
{Heap before GC invocations=33 (full 1):
 par new generation   total 655360K, used 648050K [0x0000000700000000, 0x0000000730000000, 0x0000000730000000)
  eden space 524288K, 100% used [0x0000000700000000, 0x0000000720000000, 0x0000000720000000)
  from space 131072K,  94% used [0x0000000728000000, 0x000000072f8dcb30, 0x0000000730000000)
  to   space 131072K,   0% used [0x0000000720000000, 0x0000000720000000, 0x0000000728000000)
 concurrent mark-sweep generation total 2359296K, used 236223K [0x0000000730000000, 0x00000007c0000000, 0x00000007c0000000)
 Metaspace       used 41922K, capacity 43543K, committed 43756K, reserved 1087488K
  class space    used 4926K, capacity 5408K, committed 5488K, reserved 1048576K
2018-01-03T20:28:59.230-0200: 112,522: [GC (Allocation Failure) 2018-01-03T20:28:59.230-0200: 112,522: [ParNew
Desired survivor size 120795952 bytes, new threshold 8 (max 8)
- age   1:   26196440 bytes,   26196440 total
- age   2:   17981256 bytes,   44177696 total
- age   3:   16565464 bytes,   60743160 total
- age   4:    8822264 bytes,   69565424 total
- age   5:   10088424 bytes,   79653848 total
- age   6:   10494216 bytes,   90148064 total
- age   7:   12532128 bytes,  102680192 total
- age   8:   10471376 bytes,  113151568 total
: 648050K->131072K(655360K), 0,1403628 secs] 884274K->371482K(3014656K), 0,1404208 secs] [Times: user=0,14 sys=0,00, real=0,14 secs] 
Heap after GC invocations=34 (full 1):
 par new generation   total 655360K, used 131072K [0x0000000700000000, 0x0000000730000000, 0x0000000730000000)
  eden space 524288K,   0% used [0x0000000700000000, 0x0000000700000000, 0x0000000720000000)
  from space 131072K, 100% used [0x0000000720000000, 0x0000000728000000, 0x0000000728000000)
  to   space 131072K,   0% used [0x0000000728000000, 0x0000000728000000, 0x0000000730000000)
 concurrent mark-sweep generation total 2359296K, used 240410K [0x0000000730000000, 0x00000007c0000000, 0x00000007c0000000)
 Metaspace       used 41922K, capacity 43543K, committed 43756K, reserved 1087488K
  class space    used 4926K, capacity 5408K, committed 5488K, reserved 1048576K
}
2018-01-03T20:28:59.371-0200: 112,663: Total time for which application threads were stopped: 0,1405643 seconds, Stopping threads took: 0,0000313 seconds
2018-01-03T20:28:59.377-0200: 112,668: Total time for which application threads were stopped: 0,0021856 seconds, Stopping threads took: 0,0020905 seconds
2018-01-03T20:28:59.377-0200: 112,668: Total time for which application threads were stopped: 0,0000603 seconds, Stopping threads took: 0,0000074 seconds
{Heap before GC invocations=34 (full 1):
 par new generation   total 655360K, used 654923K [0x0000000700000000, 0x0000000730000000, 0x0000000730000000)
  eden space 524288K,  99% used [0x0000000700000000, 0x000000071ff92df0, 0x0000000720000000)
  from space 131072K, 100% used [0x0000000720000000, 0x0000000728000000, 0x0000000728000000)
  to   space 131072K,   0% used [0x0000000728000000, 0x0000000728000000, 0x0000000730000000)
 concurrent mark-sweep generation total 2359296K, used 240410K [0x0000000730000000, 0x00000007c0000000, 0x00000007c0000000)
 Metaspace       used 41922K, capacity 43543K, committed 43756K, reserved 1087488K
  class space    used 4926K, capacity 5408K, committed 5488K, reserved 1048576K
2018-01-03T20:29:00.344-0200: 113,636: [GC (Allocation Failure) 2018-01-03T20:29:00.344-0200: 113,636: [ParNew
Desired survivor size 120795952 bytes, new threshold 8 (max 8)
- age   1:   28590448 bytes,   28590448 total
- age   2:   19457936 bytes,   48048384 total
- age   3:   16500288 bytes,   64548672 total
- age   4:   16127864 bytes,   80676536 total
- age   5:    8637264 bytes,   89313800 total
- age   6:    8943704 bytes,   98257504 total
- age   7:   10033496 bytes,  108291000 total
- age   8:   12532128 bytes,  120823128 total
: 654923K->131072K(655360K), 0,1855859 secs] 895334K->385513K(3014656K), 0,1856841 secs] [Times: user=0,15 sys=0,01, real=0,18 secs] 
Heap after GC invocations=35 (full 1):
 par new generation   total 655360K, used 131072K [0x0000000700000000, 0x0000000730000000, 0x0000000730000000)
  eden space 524288K,   0% used [0x0000000700000000, 0x0000000700000000, 0x0000000720000000)
  from space 131072K, 100% used [0x0000000728000000, 0x0000000730000000, 0x0000000730000000)
  to   space 131072K,   0% used [0x0000000720000000, 0x0000000720000000, 0x0000000728000000)
 concurrent mark-sweep generation total 2359296K, used 254441K [0x0000000730000000, 0x00000007c0000000, 0x00000007c0000000)
 Metaspace       used 41922K, capacity 43543K, committed 43756K, reserved 1087488K
  class space    used 4926K, capacity 5408K, committed 5488K, reserved 1048576K
}
2018-01-03T20:29:00.530-0200: 113,821: Total time for which application threads were stopped: 0,1859276 seconds, Stopping threads took: 0,0000420 seconds
2018-01-03T20:29:00.533-0200: 113,824: Total time for which application threads were stopped: 0,0001053 seconds, Stopping threads took: 0,0000406 seconds
{Heap before GC invocations=35 (full 1):
 par new generation   total 655360K, used 655360K [0x0000000700000000, 0x0000000730000000, 0x0000000730000000)
  eden space 524288K, 100% used [0x0000000700000000, 0x0000000720000000, 0x0000000720000000)
  from space 131072K, 100% used [0x0000000728000000, 0x0000000730000000, 0x0000000730000000)
  to   space 131072K,   0% used [0x0000000720000000, 0x0000000720000000, 0x0000000728000000)
 concurrent mark-sweep generation total 2359296K, used 254441K [0x0000000730000000, 0x00000007c0000000, 0x00000007c0000000)
 Metaspace       used 41922K, capacity 43543K, committed 43756K, reserved 1087488K
  class space    used 4926K, capacity 5408K, committed 5488K, reserved 1048576K
2018-01-03T20:29:01.515-0200: 114,807: [GC (Allocation Failure) 2018-01-03T20:29:01.515-0200: 114,807: [ParNew
Desired survivor size 120795952 bytes, new threshold 8 (max 8)
- age   1:   25440000 bytes,   25440000 total
- age   2:   17086672 bytes,   42526672 total
- age   3:   18085112 bytes,   60611784 total
- age   4:   15095632 bytes,   75707416 total
- age   5:   14746808 bytes,   90454224 total
- age   6:    7735120 bytes,   98189344 total
- age   7:    8309784 bytes,  106499128 total
- age   8:   10033496 bytes,  116532624 total
: 655360K->131072K(655360K), 0,1630313 secs] 909801K->407168K(3014656K), 0,1630788 secs] [Times: user=0,16 sys=0,01, real=0,16 secs] 
Heap after GC invocations=36 (full 1):
 par new generation   total 655360K, used 131072K [0x0000000700000000, 0x0000000730000000, 0x0000000730000000)
  eden space 524288K,   0% used [0x0000000700000000, 0x0000000700000000, 0x0000000720000000)
  from space 131072K, 100% used [0x0000000720000000, 0x0000000728000000, 0x0000000728000000)
  to   space 131072K,   0% used [0x0000000728000000, 0x0000000728000000, 0x0000000730000000)
 concurrent mark-sweep generation total 2359296K, used 276096K [0x0000000730000000, 0x00000007c0000000, 0x00000007c0000000)
 Metaspace       used 41922K, capacity 43543K, committed 43756K, reserved 1087488K
  class space    used 4926K, capacity 5408K, committed 5488K, reserved 1048576K
}
2018-01-03T20:29:01.679-0200: 114,970: Total time for which application threads were stopped: 0,1632079 seconds, Stopping threads took: 0,0000219 seconds
2018-01-03T20:29:01.682-0200: 114,974: Total time for which application threads were stopped: 0,0000774 seconds, Stopping threads took: 0,0000161 seconds
{Heap before GC invocations=36 (full 1):
 par new generation   total 655360K, used 655360K [0x0000000700000000, 0x0000000730000000, 0x0000000730000000)
  eden space 524288K, 100% used [0x0000000700000000, 0x0000000720000000, 0x0000000720000000)
  from space 131072K, 100% used [0x0000000720000000, 0x0000000728000000, 0x0000000728000000)
  to   space 131072K,   0% used [0x0000000728000000, 0x0000000728000000, 0x0000000730000000)
 concurrent mark-sweep generation total 2359296K, used 276096K [0x0000000730000000, 0x00000007c0000000, 0x00000007c0000000)
 Metaspace       used 41922K, capacity 43543K, committed 43756K, reserved 1087488K
  class space    used 4926K, capacity 5408K, committed 5488K, reserved 1048576K
2018-01-03T20:29:02.648-0200: 115,940: [GC (Allocation Failure) 2018-01-03T20:29:02.648-0200: 115,940: [ParNew
Desired survivor size 120795952 bytes, new threshold 8 (max 8)
- age   1:   25344160 bytes,   25344160 total
- age   2:   12899272 bytes,   38243432 total
- age   3:   14573424 bytes,   52816856 total
- age   4:   13475048 bytes,   66291904 total
- age   5:   12499928 bytes,   78791832 total
- age   6:   12506568 bytes,   91298400 total
- age   7:    6295592 bytes,   97593992 total
- age   8:    8044312 bytes,  105638304 total
: 655360K->131072K(655360K), 0,1664099 secs] 931456K->438402K(3014656K), 0,1664621 secs] [Times: user=0,15 sys=0,00, real=0,16 secs] 
Heap after GC invocations=37 (full 1):
 par new generation   total 655360K, used 131072K [0x0000000700000000, 0x0000000730000000, 0x0000000730000000)
  eden space 524288K,   0% used [0x0000000700000000, 0x0000000700000000, 0x0000000720000000)
  from space 131072K, 100% used [0x0000000728000000, 0x0000000730000000, 0x0000000730000000)
  to   space 131072K,   0% used [0x0000000720000000, 0x0000000720000000, 0x0000000728000000)
 concurrent mark-sweep generation total 2359296K, used 307330K [0x0000000730000000, 0x00000007c0000000, 0x00000007c0000000)
 Metaspace       used 41922K, capacity 43543K, committed 43756K, reserved 1087488K
  class space    used 4926K, capacity 5408K, committed 5488K, reserved 1048576K
}
2018-01-03T20:29:02.815-0200: 116,106: Total time for which application threads were stopped: 0,1665905 seconds, Stopping threads took: 0,0000275 seconds
2018-01-03T20:29:02.827-0200: 116,119: Total time for which application threads were stopped: 0,0050016 seconds, Stopping threads took: 0,0049162 seconds
2018-01-03T20:29:03.830-0200: 117,121: Total time for which application threads were stopped: 0,0021025 seconds, Stopping threads took: 0,0020387 seconds
2018-01-03T20:29:04.140-0200: 117,431: Total time for which application threads were stopped: 0,0000852 seconds, Stopping threads took: 0,0000195 seconds
{Heap before GC invocations=37 (full 1):
 par new generation   total 655360K, used 655360K [0x0000000700000000, 0x0000000730000000, 0x0000000730000000)
  eden space 524288K, 100% used [0x0000000700000000, 0x0000000720000000, 0x0000000720000000)
  from space 131072K, 100% used [0x0000000728000000, 0x0000000730000000, 0x0000000730000000)
  to   space 131072K,   0% used [0x0000000720000000, 0x0000000720000000, 0x0000000728000000)
 concurrent mark-sweep generation total 2359296K, used 307330K [0x0000000730000000, 0x00000007c0000000, 0x00000007c0000000)
 Metaspace       used 41924K, capacity 43543K, committed 43756K, reserved 1087488K
  class space    used 4926K, capacity 5408K, committed 5488K, reserved 1048576K
2018-01-03T20:29:04.501-0200: 117,792: [GC (Allocation Failure) 2018-01-03T20:29:04.501-0200: 117,792: [ParNew
Desired survivor size 120795952 bytes, new threshold 8 (max 8)
- age   1:    6287120 bytes,    6287120 total
- age   2:   20760704 bytes,   27047824 total
- age   3:    8303872 bytes,   35351696 total
- age   4:   10621680 bytes,   45973376 total
- age   5:    9516744 bytes,   55490120 total
- age   6:    8521656 bytes,   64011776 total
- age   7:    8552896 bytes,   72564672 total
- age   8:    4954152 bytes,   77518824 total
: 655360K->105754K(655360K), 0,0997310 secs] 962690K->420941K(3014656K), 0,0997786 secs] [Times: user=0,10 sys=0,00, real=0,10 secs] 
Heap after GC invocations=38 (full 1):
 par new generation   total 655360K, used 105754K [0x0000000700000000, 0x0000000730000000, 0x0000000730000000)
  eden space 524288K,   0% used [0x0000000700000000, 0x0000000700000000, 0x0000000720000000)
  from space 131072K,  80% used [0x0000000720000000, 0x0000000726746a20, 0x0000000728000000)
  to   space 131072K,   0% used [0x0000000728000000, 0x0000000728000000, 0x0000000730000000)
 concurrent mark-sweep generation total 2359296K, used 315187K [0x0000000730000000, 0x00000007c0000000, 0x00000007c0000000)
 Metaspace       used 41924K, capacity 43543K, committed 43756K, reserved 1087488K
  class space    used 4926K, capacity 5408K, committed 5488K, reserved 1048576K
}
2018-01-03T20:29:04.600-0200: 117,892: Total time for which application threads were stopped: 0,0999108 seconds, Stopping threads took: 0,0000220 seconds
{Heap before GC invocations=38 (full 1):
 par new generation   total 655360K, used 630042K [0x0000000700000000, 0x0000000730000000, 0x0000000730000000)
  eden space 524288K, 100% used [0x0000000700000000, 0x0000000720000000, 0x0000000720000000)
  from space 131072K,  80% used [0x0000000720000000, 0x0000000726746a20, 0x0000000728000000)
  to   space 131072K,   0% used [0x0000000728000000, 0x0000000728000000, 0x0000000730000000)
 concurrent mark-sweep generation total 2359296K, used 315187K [0x0000000730000000, 0x00000007c0000000, 0x00000007c0000000)
 Metaspace       used 41924K, capacity 43543K, committed 43756K, reserved 1087488K
  class space    used 4926K, capacity 5408K, committed 5488K, reserved 1048576K
2018-01-03T20:29:05.564-0200: 118,855: [GC (Allocation Failure) 2018-01-03T20:29:05.564-0200: 118,855: [ParNew
Desired survivor size 120795952 bytes, new threshold 8 (max 8)
- age   1:   23015496 bytes,   23015496 total
- age   2:    5595032 bytes,   28610528 total
- age   3:   20752256 bytes,   49362784 total
- age   4:    8303872 bytes,   57666656 total
- age   5:   10621680 bytes,   68288336 total
- age   6:    8468152 bytes,   76756488 total
- age   7:    8521656 bytes,   85278144 total
- age   8:    8552896 bytes,   93831040 total
: 630042K->123360K(655360K), 0,1149096 secs] 945229K->443387K(3014656K), 0,1149610 secs] [Times: user=0,11 sys=0,01, real=0,11 secs] 
Heap after GC invocations=39 (full 1):
 par new generation   total 655360K, used 123360K [0x0000000700000000, 0x0000000730000000, 0x0000000730000000)
  eden space 524288K,   0% used [0x0000000700000000, 0x0000000700000000, 0x0000000720000000)
  from space 131072K,  94% used [0x0000000728000000, 0x000000072f8781e0, 0x0000000730000000)
  to   space 131072K,   0% used [0x0000000720000000, 0x0000000720000000, 0x0000000728000000)
 concurrent mark-sweep generation total 2359296K, used 320027K [0x0000000730000000, 0x00000007c0000000, 0x00000007c0000000)
 Metaspace       used 41924K, capacity 43543K, committed 43756K, reserved 1087488K
  class space    used 4926K, capacity 5408K, committed 5488K, reserved 1048576K
}
2018-01-03T20:29:05.679-0200: 118,970: Total time for which application threads were stopped: 0,1150953 seconds, Stopping threads took: 0,0000302 seconds
2018-01-03T20:29:05.685-0200: 118,977: Total time for which application threads were stopped: 0,0023872 seconds, Stopping threads took: 0,0022861 seconds
{Heap before GC invocations=39 (full 1):
 par new generation   total 655360K, used 647648K [0x0000000700000000, 0x0000000730000000, 0x0000000730000000)
  eden space 524288K, 100% used [0x0000000700000000, 0x0000000720000000, 0x0000000720000000)
  from space 131072K,  94% used [0x0000000728000000, 0x000000072f8781e0, 0x0000000730000000)
  to   space 131072K,   0% used [0x0000000720000000, 0x0000000720000000, 0x0000000728000000)
 concurrent mark-sweep generation total 2359296K, used 320027K [0x0000000730000000, 0x00000007c0000000, 0x00000007c0000000)
 Metaspace       used 41924K, capacity 43543K, committed 43756K, reserved 1087488K
  class space    used 4926K, capacity 5408K, committed 5488K, reserved 1048576K
2018-01-03T20:29:06.716-0200: 120,008: [GC (Allocation Failure) 2018-01-03T20:29:06.716-0200: 120,008: [ParNew
Desired survivor size 120795952 bytes, new threshold 8 (max 8)
- age   1:   23691696 bytes,   23691696 total
- age   2:   19802592 bytes,   43494288 total
- age   3:    5561744 bytes,   49056032 total
- age   4:   20752136 bytes,   69808168 total
- age   5:    8303872 bytes,   78112040 total
- age   6:   10621680 bytes,   88733720 total
- age   7:    8468152 bytes,   97201872 total
- age   8:    8521656 bytes,  105723528 total
: 647648K->122219K(655360K), 0,1348766 secs] 967675K->450599K(3014656K), 0,1349412 secs] [Times: user=0,13 sys=0,00, real=0,13 secs] 
Heap after GC invocations=40 (full 1):
 par new generation   total 655360K, used 122219K [0x0000000700000000, 0x0000000730000000, 0x0000000730000000)
  eden space 524288K,   0% used [0x0000000700000000, 0x0000000700000000, 0x0000000720000000)
  from space 131072K,  93% used [0x0000000720000000, 0x000000072775aef0, 0x0000000728000000)
  to   space 131072K,   0% used [0x0000000728000000, 0x0000000728000000, 0x0000000730000000)
 concurrent mark-sweep generation total 2359296K, used 328379K [0x0000000730000000, 0x00000007c0000000, 0x00000007c0000000)
 Metaspace       used 41924K, capacity 43543K, committed 43756K, reserved 1087488K
  class space    used 4926K, capacity 5408K, committed 5488K, reserved 1048576K
}
2018-01-03T20:29:06.851-0200: 120,143: Total time for which application threads were stopped: 0,1351443 seconds, Stopping threads took: 0,0000237 seconds
2018-01-03T20:29:06.855-0200: 120,146: Total time for which application threads were stopped: 0,0000880 seconds, Stopping threads took: 0,0000151 seconds
{Heap before GC invocations=40 (full 1):
 par new generation   total 655360K, used 646507K [0x0000000700000000, 0x0000000730000000, 0x0000000730000000)
  eden space 524288K, 100% used [0x0000000700000000, 0x0000000720000000, 0x0000000720000000)
  from space 131072K,  93% used [0x0000000720000000, 0x000000072775aef0, 0x0000000728000000)
  to   space 131072K,   0% used [0x0000000728000000, 0x0000000728000000, 0x0000000730000000)
 concurrent mark-sweep generation total 2359296K, used 328379K [0x0000000730000000, 0x00000007c0000000, 0x00000007c0000000)
 Metaspace       used 41924K, capacity 43543K, committed 43756K, reserved 1087488K
  class space    used 4926K, capacity 5408K, committed 5488K, reserved 1048576K
2018-01-03T20:29:07.838-0200: 121,129: [GC (Allocation Failure) 2018-01-03T20:29:07.838-0200: 121,129: [ParNew
Desired survivor size 120795952 bytes, new threshold 8 (max 8)
- age   1:   24720120 bytes,   24720120 total
- age   2:   17340048 bytes,   42060168 total
- age   3:   18693432 bytes,   60753600 total
- age   4:    5254544 bytes,   66008144 total
- age   5:   19800424 bytes,   85808568 total
- age   6:    7617472 bytes,   93426040 total
- age   7:    9934048 bytes,  103360088 total
- age   8:    7824616 bytes,  111184704 total
: 646507K->131072K(655360K), 0,1548148 secs] 974887K->474266K(3014656K), 0,1548658 secs] [Times: user=0,15 sys=0,00, real=0,15 secs] 
Heap after GC invocations=41 (full 1):
 par new generation   total 655360K, used 131072K [0x0000000700000000, 0x0000000730000000, 0x0000000730000000)
  eden space 524288K,   0% used [0x0000000700000000, 0x0000000700000000, 0x0000000720000000)
  from space 131072K, 100% used [0x0000000728000000, 0x0000000730000000, 0x0000000730000000)
  to   space 131072K,   0% used [0x0000000720000000, 0x0000000720000000, 0x0000000728000000)
 concurrent mark-sweep generation total 2359296K, used 343194K [0x0000000730000000, 0x00000007c0000000, 0x00000007c0000000)
 Metaspace       used 41924K, capacity 43543K, committed 43756K, reserved 1087488K
  class space    used 4926K, capacity 5408K, committed 5488K, reserved 1048576K
}
2018-01-03T20:29:07.993-0200: 121,284: Total time for which application threads were stopped: 0,1550032 seconds, Stopping threads took: 0,0000288 seconds
2018-01-03T20:29:07.997-0200: 121,289: Total time for which application threads were stopped: 0,0009387 seconds, Stopping threads took: 0,0008514 seconds
2018-01-03T20:29:08.313-0200: 121,605: Total time for which application threads were stopped: 0,0020868 seconds, Stopping threads took: 0,0020171 seconds
2018-01-03T20:29:08.590-0200: 121,881: Total time for which application threads were stopped: 0,0030209 seconds, Stopping threads took: 0,0029531 seconds
2018-01-03T20:29:08.862-0200: 122,153: Total time for which application threads were stopped: 0,0066728 seconds, Stopping threads took: 0,0065486 seconds
2018-01-03T20:29:08.862-0200: 122,154: Total time for which application threads were stopped: 0,0000901 seconds, Stopping threads took: 0,0000094 seconds
{Heap before GC invocations=41 (full 1):
 par new generation   total 655360K, used 655360K [0x0000000700000000, 0x0000000730000000, 0x0000000730000000)
  eden space 524288K, 100% used [0x0000000700000000, 0x0000000720000000, 0x0000000720000000)
  from space 131072K, 100% used [0x0000000728000000, 0x0000000730000000, 0x0000000730000000)
  to   space 131072K,   0% used [0x0000000720000000, 0x0000000720000000, 0x0000000728000000)
 concurrent mark-sweep generation total 2359296K, used 343194K [0x0000000730000000, 0x00000007c0000000, 0x00000007c0000000)
 Metaspace       used 41926K, capacity 43543K, committed 43756K, reserved 1087488K
  class space    used 4926K, capacity 5408K, committed 5488K, reserved 1048576K
2018-01-03T20:29:09.390-0200: 122,682: [GC (Allocation Failure) 2018-01-03T20:29:09.390-0200: 122,682: [ParNew
Desired survivor size 120795952 bytes, new threshold 8 (max 8)
- age   1:   21304008 bytes,   21304008 total
- age   2:   17126768 bytes,   38430776 total
- age   3:   14020392 bytes,   52451168 total
- age   4:   15360376 bytes,   67811544 total
- age   5:    4132960 bytes,   71944504 total
- age   6:   19629544 bytes,   91574048 total
- age   7:    7529144 bytes,   99103192 total
- age   8:    9845528 bytes,  108948720 total
: 655360K->131072K(655360K), 0,1261538 secs] 998554K->482841K(3014656K), 0,1262090 secs] [Times: user=0,11 sys=0,01, real=0,13 secs] 
Heap after GC invocations=42 (full 1):
 par new generation   total 655360K, used 131072K [0x0000000700000000, 0x0000000730000000, 0x0000000730000000)
  eden space 524288K,   0% used [0x0000000700000000, 0x0000000700000000, 0x0000000720000000)
  from space 131072K, 100% used [0x0000000720000000, 0x0000000728000000, 0x0000000728000000)
  to   space 131072K,   0% used [0x0000000728000000, 0x0000000728000000, 0x0000000730000000)
 concurrent mark-sweep generation total 2359296K, used 351769K [0x0000000730000000, 0x00000007c0000000, 0x00000007c0000000)
 Metaspace       used 41926K, capacity 43543K, committed 43756K, reserved 1087488K
  class space    used 4926K, capacity 5408K, committed 5488K, reserved 1048576K
}
2018-01-03T20:29:09.517-0200: 122,808: Total time for which application threads were stopped: 0,1303367 seconds, Stopping threads took: 0,0040120 seconds
2018-01-03T20:29:09.525-0200: 122,817: Total time for which application threads were stopped: 0,0022720 seconds, Stopping threads took: 0,0022139 seconds
2018-01-03T20:29:09.759-0200: 123,051: Total time for which application threads were stopped: 0,0031223 seconds, Stopping threads took: 0,0030303 seconds
2018-01-03T20:29:09.769-0200: 123,060: Total time for which application threads were stopped: 0,0021222 seconds, Stopping threads took: 0,0020245 seconds
2018-01-03T20:29:09.769-0200: 123,061: Total time for which application threads were stopped: 0,0000571 seconds, Stopping threads took: 0,0000059 seconds
2018-01-03T20:29:09.769-0200: 123,061: Total time for which application threads were stopped: 0,0000859 seconds, Stopping threads took: 0,0000120 seconds
2018-01-03T20:29:09.770-0200: 123,061: Total time for which application threads were stopped: 0,0000590 seconds, Stopping threads took: 0,0000060 seconds
2018-01-03T20:29:09.959-0200: 123,250: Total time for which application threads were stopped: 0,0021131 seconds, Stopping threads took: 0,0020042 seconds
2018-01-03T20:29:10.002-0200: 123,293: Total time for which application threads were stopped: 0,0102475 seconds, Stopping threads took: 0,0101565 seconds
2018-01-03T20:29:10.172-0200: 123,463: Total time for which application threads were stopped: 0,0052402 seconds, Stopping threads took: 0,0051456 seconds
2018-01-03T20:29:10.224-0200: 123,515: Total time for which application threads were stopped: 0,0022049 seconds, Stopping threads took: 0,0020999 seconds
2018-01-03T20:29:10.224-0200: 123,516: Total time for which application threads were stopped: 0,0000602 seconds, Stopping threads took: 0,0000068 seconds
2018-01-03T20:29:10.470-0200: 123,761: Total time for which application threads were stopped: 0,0034391 seconds, Stopping threads took: 0,0033454 seconds
2018-01-03T20:29:10.470-0200: 123,762: Total time for which application threads were stopped: 0,0000875 seconds, Stopping threads took: 0,0000071 seconds
2018-01-03T20:29:10.470-0200: 123,762: Total time for which application threads were stopped: 0,0000547 seconds, Stopping threads took: 0,0000049 seconds
2018-01-03T20:29:10.470-0200: 123,762: Total time for which application threads were stopped: 0,0000518 seconds, Stopping threads took: 0,0000045 seconds
2018-01-03T20:29:10.470-0200: 123,762: Total time for which application threads were stopped: 0,0000530 seconds, Stopping threads took: 0,0000050 seconds
2018-01-03T20:29:10.470-0200: 123,762: Total time for which application threads were stopped: 0,0000533 seconds, Stopping threads took: 0,0000048 seconds
{Heap before GC invocations=42 (full 1):
 par new generation   total 655360K, used 655360K [0x0000000700000000, 0x0000000730000000, 0x0000000730000000)
  eden space 524288K, 100% used [0x0000000700000000, 0x0000000720000000, 0x0000000720000000)
  from space 131072K, 100% used [0x0000000720000000, 0x0000000728000000, 0x0000000728000000)
  to   space 131072K,   0% used [0x0000000728000000, 0x0000000728000000, 0x0000000730000000)
 concurrent mark-sweep generation total 2359296K, used 351769K [0x0000000730000000, 0x00000007c0000000, 0x00000007c0000000)
 Metaspace       used 41939K, capacity 43545K, committed 43756K, reserved 1087488K
  class space    used 4927K, capacity 5409K, committed 5488K, reserved 1048576K
2018-01-03T20:29:10.661-0200: 123,953: [GC (Allocation Failure) 2018-01-03T20:29:10.661-0200: 123,953: [ParNew
Desired survivor size 120795952 bytes, new threshold 8 (max 8)
- age   1:   11382760 bytes,   11382760 total
- age   2:    7358032 bytes,   18740792 total
- age   3:    7897056 bytes,   26637848 total
- age   4:    7877776 bytes,   34515624 total
- age   5:    9915640 bytes,   44431264 total
- age   6:    2652824 bytes,   47084088 total
- age   7:   19629544 bytes,   66713632 total
- age   8:    7529144 bytes,   74242776 total
: 655360K->105649K(655360K), 0,1105929 secs] 1007129K->467033K(3014656K), 0,1106449 secs] [Times: user=0,10 sys=0,00, real=0,11 secs] 
Heap after GC invocations=43 (full 1):
 par new generation   total 655360K, used 105649K [0x0000000700000000, 0x0000000730000000, 0x0000000730000000)
  eden space 524288K,   0% used [0x0000000700000000, 0x0000000700000000, 0x0000000720000000)
  from space 131072K,  80% used [0x0000000728000000, 0x000000072e72c6a0, 0x0000000730000000)
  to   space 131072K,   0% used [0x0000000720000000, 0x0000000720000000, 0x0000000728000000)
 concurrent mark-sweep generation total 2359296K, used 361383K [0x0000000730000000, 0x00000007c0000000, 0x00000007c0000000)
 Metaspace       used 41939K, capacity 43545K, committed 43756K, reserved 1087488K
  class space    used 4927K, capacity 5409K, committed 5488K, reserved 1048576K
}
2018-01-03T20:29:10.772-0200: 124,064: Total time for which application threads were stopped: 0,1108653 seconds, Stopping threads took: 0,0000243 seconds
2018-01-03T20:29:10.775-0200: 124,067: Total time for which application threads were stopped: 0,0007711 seconds, Stopping threads took: 0,0007114 seconds
{Heap before GC invocations=43 (full 1):
 par new generation   total 655360K, used 629937K [0x0000000700000000, 0x0000000730000000, 0x0000000730000000)
  eden space 524288K, 100% used [0x0000000700000000, 0x0000000720000000, 0x0000000720000000)
  from space 131072K,  80% used [0x0000000728000000, 0x000000072e72c6a0, 0x0000000730000000)
  to   space 131072K,   0% used [0x0000000720000000, 0x0000000720000000, 0x0000000728000000)
 concurrent mark-sweep generation total 2359296K, used 361383K [0x0000000730000000, 0x00000007c0000000, 0x00000007c0000000)
 Metaspace       used 41939K, capacity 43545K, committed 43756K, reserved 1087488K
  class space    used 4927K, capacity 5409K, committed 5488K, reserved 1048576K
2018-01-03T20:29:11.691-0200: 124,983: [GC (Allocation Failure) 2018-01-03T20:29:11.691-0200: 124,983: [ParNew
Desired survivor size 120795952 bytes, new threshold 8 (max 8)
- age   1:   21951896 bytes,   21951896 total
- age   2:    9894696 bytes,   31846592 total
- age   3:    7357912 bytes,   39204504 total
- age   4:    7897056 bytes,   47101560 total
- age   5:    7877776 bytes,   54979336 total
- age   6:    9915640 bytes,   64894976 total
- age   7:    2652824 bytes,   67547800 total
- age   8:   19629544 bytes,   87177344 total
: 629937K->107201K(655360K), 0,1347959 secs] 991321K->475954K(3014656K), 0,1348461 secs] [Times: user=0,13 sys=0,00, real=0,14 secs] 
Heap after GC invocations=44 (full 1):
 par new generation   total 655360K, used 107201K [0x0000000700000000, 0x0000000730000000, 0x0000000730000000)
  eden space 524288K,   0% used [0x0000000700000000, 0x0000000700000000, 0x0000000720000000)
  from space 131072K,  81% used [0x0000000720000000, 0x00000007268b0780, 0x0000000728000000)
  to   space 131072K,   0% used [0x0000000728000000, 0x0000000728000000, 0x0000000730000000)
 concurrent mark-sweep generation total 2359296K, used 368752K [0x0000000730000000, 0x00000007c0000000, 0x00000007c0000000)
 Metaspace       used 41939K, capacity 43545K, committed 43756K, reserved 1087488K
  class space    used 4927K, capacity 5409K, committed 5488K, reserved 1048576K
}
2018-01-03T20:29:11.826-0200: 125,118: Total time for which application threads were stopped: 0,1349708 seconds, Stopping threads took: 0,0000222 seconds
2018-01-03T20:29:11.834-0200: 125,125: Total time for which application threads were stopped: 0,0030101 seconds, Stopping threads took: 0,0029318 seconds
{Heap before GC invocations=44 (full 1):
 par new generation   total 655360K, used 631489K [0x0000000700000000, 0x0000000730000000, 0x0000000730000000)
  eden space 524288K, 100% used [0x0000000700000000, 0x0000000720000000, 0x0000000720000000)
  from space 131072K,  81% used [0x0000000720000000, 0x00000007268b0780, 0x0000000728000000)
  to   space 131072K,   0% used [0x0000000728000000, 0x0000000728000000, 0x0000000730000000)
 concurrent mark-sweep generation total 2359296K, used 368752K [0x0000000730000000, 0x00000007c0000000, 0x00000007c0000000)
 Metaspace       used 41939K, capacity 43545K, committed 43756K, reserved 1087488K
  class space    used 4927K, capacity 5409K, committed 5488K, reserved 1048576K
2018-01-03T20:29:12.768-0200: 126,059: [GC (Allocation Failure) 2018-01-03T20:29:12.768-0200: 126,059: [ParNew
Desired survivor size 120795952 bytes, new threshold 8 (max 8)
- age   1:   22803720 bytes,   22803720 total
- age   2:   18707080 bytes,   41510800 total
- age   3:    9861288 bytes,   51372088 total
- age   4:    7357912 bytes,   58730000 total
- age   5:    7897056 bytes,   66627056 total
- age   6:    7877776 bytes,   74504832 total
- age   7:    9915640 bytes,   84420472 total
- age   8:    2652824 bytes,   87073296 total
: 631489K->115876K(655360K), 0,1566144 secs] 1000242K->503814K(3014656K), 0,1566644 secs] [Times: user=0,14 sys=0,00, real=0,16 secs] 
Heap after GC invocations=45 (full 1):
 par new generation   total 655360K, used 115876K [0x0000000700000000, 0x0000000730000000, 0x0000000730000000)
  eden space 524288K,   0% used [0x0000000700000000, 0x0000000700000000, 0x0000000720000000)
  from space 131072K,  88% used [0x0000000728000000, 0x000000072f129140, 0x0000000730000000)
  to   space 131072K,   0% used [0x0000000720000000, 0x0000000720000000, 0x0000000728000000)
 concurrent mark-sweep generation total 2359296K, used 387938K [0x0000000730000000, 0x00000007c0000000, 0x00000007c0000000)
 Metaspace       used 41939K, capacity 43545K, committed 43756K, reserved 1087488K
  class space    used 4927K, capacity 5409K, committed 5488K, reserved 1048576K
}
2018-01-03T20:29:12.924-0200: 126,216: Total time for which application threads were stopped: 0,1568048 seconds, Stopping threads took: 0,0000287 seconds
2018-01-03T20:29:12.927-0200: 126,218: Total time for which application threads were stopped: 0,0000936 seconds, Stopping threads took: 0,0000336 seconds
{Heap before GC invocations=45 (full 1):
 par new generation   total 655360K, used 640164K [0x0000000700000000, 0x0000000730000000, 0x0000000730000000)
  eden space 524288K, 100% used [0x0000000700000000, 0x0000000720000000, 0x0000000720000000)
  from space 131072K,  88% used [0x0000000728000000, 0x000000072f129140, 0x0000000730000000)
  to   space 131072K,   0% used [0x0000000720000000, 0x0000000720000000, 0x0000000728000000)
 concurrent mark-sweep generation total 2359296K, used 387938K [0x0000000730000000, 0x00000007c0000000, 0x00000007c0000000)
 Metaspace       used 41939K, capacity 43545K, committed 43756K, reserved 1087488K
  class space    used 4927K, capacity 5409K, committed 5488K, reserved 1048576K
2018-01-03T20:29:13.858-0200: 127,150: [GC (Allocation Failure) 2018-01-03T20:29:13.858-0200: 127,150: [ParNew
Desired survivor size 120795952 bytes, new threshold 8 (max 8)
- age   1:   26547928 bytes,   26547928 total
- age   2:   18371240 bytes,   44919168 total
- age   3:   17134024 bytes,   62053192 total
- age   4:    9861288 bytes,   71914480 total
- age   5:    7357912 bytes,   79272392 total
- age   6:    7897056 bytes,   87169448 total
- age   7:    7877776 bytes,   95047224 total
- age   8:    9915640 bytes,  104962864 total
: 640164K->115199K(655360K), 0,1407283 secs] 1028102K->505730K(3014656K), 0,1407951 secs] [Times: user=0,14 sys=0,00, real=0,14 secs] 
Heap after GC invocations=46 (full 1):
 par new generation   total 655360K, used 115199K [0x0000000700000000, 0x0000000730000000, 0x0000000730000000)
  eden space 524288K,   0% used [0x0000000700000000, 0x0000000700000000, 0x0000000720000000)
  from space 131072K,  87% used [0x0000000720000000, 0x000000072707ff28, 0x0000000728000000)
  to   space 131072K,   0% used [0x0000000728000000, 0x0000000728000000, 0x0000000730000000)
 concurrent mark-sweep generation total 2359296K, used 390530K [0x0000000730000000, 0x00000007c0000000, 0x00000007c0000000)
 Metaspace       used 41939K, capacity 43545K, committed 43756K, reserved 1087488K
  class space    used 4927K, capacity 5409K, committed 5488K, reserved 1048576K
}
2018-01-03T20:29:13.999-0200: 127,290: Total time for which application threads were stopped: 0,1409467 seconds, Stopping threads took: 0,0000294 seconds
2018-01-03T20:29:14.005-0200: 127,297: Total time for which application threads were stopped: 0,0024169 seconds, Stopping threads took: 0,0023460 seconds
2018-01-03T20:29:15.007-0200: 128,299: Total time for which application threads were stopped: 0,0020577 seconds, Stopping threads took: 0,0020148 seconds
{Heap before GC invocations=46 (full 1):
 par new generation   total 655360K, used 639487K [0x0000000700000000, 0x0000000730000000, 0x0000000730000000)
  eden space 524288K, 100% used [0x0000000700000000, 0x0000000720000000, 0x0000000720000000)
  from space 131072K,  87% used [0x0000000720000000, 0x000000072707ff28, 0x0000000728000000)
  to   space 131072K,   0% used [0x0000000728000000, 0x0000000728000000, 0x0000000730000000)
 concurrent mark-sweep generation total 2359296K, used 390530K [0x0000000730000000, 0x00000007c0000000, 0x00000007c0000000)
 Metaspace       used 41939K, capacity 43545K, committed 43756K, reserved 1087488K
  class space    used 4927K, capacity 5409K, committed 5488K, reserved 1048576K
2018-01-03T20:29:15.168-0200: 128,460: [GC (Allocation Failure) 2018-01-03T20:29:15.168-0200: 128,460: [ParNew
Desired survivor size 120795952 bytes, new threshold 8 (max 8)
- age   1:   25412296 bytes,   25412296 total
- age   2:   19605104 bytes,   45017400 total
- age   3:   16686896 bytes,   61704296 total
- age   4:   16498408 bytes,   78202704 total
- age   5:    9515680 bytes,   87718384 total
- age   6:    7357912 bytes,   95076296 total
- age   7:    7897056 bytes,  102973352 total
- age   8:    7877776 bytes,  110851128 total
: 639487K->131072K(655360K), 0,1550632 secs] 1030018K->535452K(3014656K), 0,1551151 secs] [Times: user=0,15 sys=0,00, real=0,16 secs] 
Heap after GC invocations=47 (full 1):
 par new generation   total 655360K, used 131072K [0x0000000700000000, 0x0000000730000000, 0x0000000730000000)
  eden space 524288K,   0% used [0x0000000700000000, 0x0000000700000000, 0x0000000720000000)
  from space 131072K, 100% used [0x0000000728000000, 0x0000000730000000, 0x0000000730000000)
  to   space 131072K,   0% used [0x0000000720000000, 0x0000000720000000, 0x0000000728000000)
 concurrent mark-sweep generation total 2359296K, used 404380K [0x0000000730000000, 0x00000007c0000000, 0x00000007c0000000)
 Metaspace       used 41939K, capacity 43545K, committed 43756K, reserved 1087488K
  class space    used 4927K, capacity 5409K, committed 5488K, reserved 1048576K
}
2018-01-03T20:29:15.324-0200: 128,615: Total time for which application threads were stopped: 0,1552580 seconds, Stopping threads took: 0,0000315 seconds
2018-01-03T20:29:15.325-0200: 128,617: Total time for which application threads were stopped: 0,0000869 seconds, Stopping threads took: 0,0000152 seconds
{Heap before GC invocations=47 (full 1):
 par new generation   total 655360K, used 655360K [0x0000000700000000, 0x0000000730000000, 0x0000000730000000)
  eden space 524288K, 100% used [0x0000000700000000, 0x0000000720000000, 0x0000000720000000)
  from space 131072K, 100% used [0x0000000728000000, 0x0000000730000000, 0x0000000730000000)
  to   space 131072K,   0% used [0x0000000720000000, 0x0000000720000000, 0x0000000728000000)
 concurrent mark-sweep generation total 2359296K, used 404380K [0x0000000730000000, 0x00000007c0000000, 0x00000007c0000000)
 Metaspace       used 41939K, capacity 43545K, committed 43756K, reserved 1087488K
  class space    used 4927K, capacity 5409K, committed 5488K, reserved 1048576K
2018-01-03T20:29:16.411-0200: 129,702: [GC (Allocation Failure) 2018-01-03T20:29:16.411-0200: 129,702: [ParNew
Desired survivor size 120795952 bytes, new threshold 8 (max 8)
- age   1:   28557768 bytes,   28557768 total
- age   2:   17960416 bytes,   46518184 total
- age   3:   17909488 bytes,   64427672 total
- age   4:   16053584 bytes,   80481256 total
- age   5:   15861008 bytes,   96342264 total
- age   6:    9147168 bytes,  105489432 total
- age   7:    7147384 bytes,  112636816 total
- age   8:    7897056 bytes,  120533872 total
: 655360K->131072K(655360K), 0,2047798 secs] 1059740K->547364K(3014656K), 0,2048557 secs] [Times: user=0,18 sys=0,00, real=0,21 secs] 
Heap after GC invocations=48 (full 1):
 par new generation   total 655360K, used 131072K [0x0000000700000000, 0x0000000730000000, 0x0000000730000000)
  eden space 524288K,   0% used [0x0000000700000000, 0x0000000700000000, 0x0000000720000000)
  from space 131072K, 100% used [0x0000000720000000, 0x0000000728000000, 0x0000000728000000)
  to   space 131072K,   0% used [0x0000000728000000, 0x0000000728000000, 0x0000000730000000)
 concurrent mark-sweep generation total 2359296K, used 416292K [0x0000000730000000, 0x00000007c0000000, 0x00000007c0000000)
 Metaspace       used 41939K, capacity 43545K, committed 43756K, reserved 1087488K
  class space    used 4927K, capacity 5409K, committed 5488K, reserved 1048576K
}
2018-01-03T20:29:16.616-0200: 129,907: Total time for which application threads were stopped: 0,2050024 seconds, Stopping threads took: 0,0000241 seconds
2018-01-03T20:29:16.625-0200: 129,917: Total time for which application threads were stopped: 0,0030584 seconds, Stopping threads took: 0,0029807 seconds
{Heap before GC invocations=48 (full 1):
 par new generation   total 655360K, used 655360K [0x0000000700000000, 0x0000000730000000, 0x0000000730000000)
  eden space 524288K, 100% used [0x0000000700000000, 0x0000000720000000, 0x0000000720000000)
  from space 131072K, 100% used [0x0000000720000000, 0x0000000728000000, 0x0000000728000000)
  to   space 131072K,   0% used [0x0000000728000000, 0x0000000728000000, 0x0000000730000000)
 concurrent mark-sweep generation total 2359296K, used 416292K [0x0000000730000000, 0x00000007c0000000, 0x00000007c0000000)
 Metaspace       used 41940K, capacity 43545K, committed 43756K, reserved 1087488K
  class space    used 4927K, capacity 5409K, committed 5488K, reserved 1048576K
2018-01-03T20:29:18.040-0200: 131,332: [GC (Allocation Failure) 2018-01-03T20:29:18.040-0200: 131,332: [ParNew
Desired survivor size 120795952 bytes, new threshold 8 (max 8)
- age   1:   33931104 bytes,   33931104 total
- age   2:   15710384 bytes,   49641488 total
- age   3:   14023304 bytes,   63664792 total
- age   4:   14770944 bytes,   78435736 total
- age   5:   13834432 bytes,   92270168 total
- age   6:   13758656 bytes,  106028824 total
- age   7:    8130456 bytes,  114159280 total
- age   8:    6815464 bytes,  120974744 total
: 655360K->131072K(655360K), 0,1879368 secs] 1071652K->565035K(3014656K), 0,1879994 secs] [Times: user=0,19 sys=0,00, real=0,19 secs] 
Heap after GC invocations=49 (full 1):
 par new generation   total 655360K, used 131072K [0x0000000700000000, 0x0000000730000000, 0x0000000730000000)
  eden space 524288K,   0% used [0x0000000700000000, 0x0000000700000000, 0x0000000720000000)
  from space 131072K, 100% used [0x0000000728000000, 0x0000000730000000, 0x0000000730000000)
  to   space 131072K,   0% used [0x0000000720000000, 0x0000000720000000, 0x0000000728000000)
 concurrent mark-sweep generation total 2359296K, used 433963K [0x0000000730000000, 0x00000007c0000000, 0x00000007c0000000)
 Metaspace       used 41940K, capacity 43545K, committed 43756K, reserved 1087488K
  class space    used 4927K, capacity 5409K, committed 5488K, reserved 1048576K
}
2018-01-03T20:29:18.228-0200: 131,520: Total time for which application threads were stopped: 0,1881590 seconds, Stopping threads took: 0,0000383 seconds
2018-01-03T20:29:18.232-0200: 131,523: Total time for which application threads were stopped: 0,0002055 seconds, Stopping threads took: 0,0000535 seconds
2018-01-03T20:29:18.544-0200: 131,836: Total time for which application threads were stopped: 0,0002133 seconds, Stopping threads took: 0,0000419 seconds
2018-01-03T20:29:19.506-0200: 132,797: Total time for which application threads were stopped: 0,0000803 seconds, Stopping threads took: 0,0000229 seconds
{Heap before GC invocations=49 (full 1):
 par new generation   total 655360K, used 655360K [0x0000000700000000, 0x0000000730000000, 0x0000000730000000)
  eden space 524288K, 100% used [0x0000000700000000, 0x0000000720000000, 0x0000000720000000)
  from space 131072K, 100% used [0x0000000728000000, 0x0000000730000000, 0x0000000730000000)
  to   space 131072K,   0% used [0x0000000720000000, 0x0000000720000000, 0x0000000728000000)
 concurrent mark-sweep generation total 2359296K, used 433963K [0x0000000730000000, 0x00000007c0000000, 0x00000007c0000000)
 Metaspace       used 41943K, capacity 43545K, committed 43756K, reserved 1087488K
  class space    used 4927K, capacity 5409K, committed 5488K, reserved 1048576K
2018-01-03T20:29:19.956-0200: 133,248: [GC (Allocation Failure) 2018-01-03T20:29:19.956-0200: 133,248: [ParNew
Desired survivor size 120795952 bytes, new threshold 8 (max 8)
- age   1:    6405112 bytes,    6405112 total
- age   2:    8837872 bytes,   15242984 total
- age   3:    7429264 bytes,   22672248 total
- age   4:    6866528 bytes,   29538776 total
- age   5:    8627288 bytes,   38166064 total
- age   6:    7603560 bytes,   45769624 total
- age   7:    7587176 bytes,   53356800 total
- age   8:    5308656 bytes,   58665456 total
: 655360K->117150K(655360K), 0,0935033 secs] 1089323K->557773K(3014656K), 0,0935540 secs] [Times: user=0,09 sys=0,00, real=0,09 secs] 
Heap after GC invocations=50 (full 1):
 par new generation   total 655360K, used 117150K [0x0000000700000000, 0x0000000730000000, 0x0000000730000000)
  eden space 524288K,   0% used [0x0000000700000000, 0x0000000700000000, 0x0000000720000000)
  from space 131072K,  89% used [0x0000000720000000, 0x0000000727267a20, 0x0000000728000000)
  to   space 131072K,   0% used [0x0000000728000000, 0x0000000728000000, 0x0000000730000000)
 concurrent mark-sweep generation total 2359296K, used 440622K [0x0000000730000000, 0x00000007c0000000, 0x00000007c0000000)
 Metaspace       used 41943K, capacity 43545K, committed 43756K, reserved 1087488K
  class space    used 4927K, capacity 5409K, committed 5488K, reserved 1048576K
}
2018-01-03T20:29:20.050-0200: 133,342: Total time for which application threads were stopped: 0,0936798 seconds, Stopping threads took: 0,0000234 seconds
2018-01-03T20:29:20.057-0200: 133,349: Total time for which application threads were stopped: 0,0026577 seconds, Stopping threads took: 0,0025815 seconds
{Heap before GC invocations=50 (full 1):
 par new generation   total 655360K, used 641438K [0x0000000700000000, 0x0000000730000000, 0x0000000730000000)
  eden space 524288K, 100% used [0x0000000700000000, 0x0000000720000000, 0x0000000720000000)
  from space 131072K,  89% used [0x0000000720000000, 0x0000000727267a20, 0x0000000728000000)
  to   space 131072K,   0% used [0x0000000728000000, 0x0000000728000000, 0x0000000730000000)
 concurrent mark-sweep generation total 2359296K, used 440622K [0x0000000730000000, 0x00000007c0000000, 0x00000007c0000000)
 Metaspace       used 41943K, capacity 43545K, committed 43756K, reserved 1087488K
  class space    used 4927K, capacity 5409K, committed 5488K, reserved 1048576K
2018-01-03T20:29:21.027-0200: 134,319: [GC (Allocation Failure) 2018-01-03T20:29:21.028-0200: 134,319: [ParNew
Desired survivor size 120795952 bytes, new threshold 8 (max 8)
- age   1:   22554328 bytes,   22554328 total
- age   2:    5580000 bytes,   28134328 total
- age   3:    8837752 bytes,   36972080 total
- age   4:    7429264 bytes,   44401344 total
- age   5:    6866528 bytes,   51267872 total
- age   6:    7578696 bytes,   58846568 total
- age   7:    7603560 bytes,   66450128 total
- age   8:    7587176 bytes,   74037304 total
: 641438K->110081K(655360K), 0,1640353 secs] 1082061K->555891K(3014656K), 0,1642300 secs] [Times: user=0,13 sys=0,00, real=0,16 secs] 
Heap after GC invocations=51 (full 1):
 par new generation   total 655360K, used 110081K [0x0000000700000000, 0x0000000730000000, 0x0000000730000000)
  eden space 524288K,   0% used [0x0000000700000000, 0x0000000700000000, 0x0000000720000000)
  from space 131072K,  83% used [0x0000000728000000, 0x000000072eb80588, 0x0000000730000000)
  to   space 131072K,   0% used [0x0000000720000000, 0x0000000720000000, 0x0000000728000000)
 concurrent mark-sweep generation total 2359296K, used 445809K [0x0000000730000000, 0x00000007c0000000, 0x00000007c0000000)
 Metaspace       used 41943K, capacity 43545K, committed 43756K, reserved 1087488K
  class space    used 4927K, capacity 5409K, committed 5488K, reserved 1048576K
}
2018-01-03T20:29:21.192-0200: 134,483: Total time for which application threads were stopped: 0,1643786 seconds, Stopping threads took: 0,0000306 seconds
2018-01-03T20:29:21.193-0200: 134,485: Total time for which application threads were stopped: 0,0001574 seconds, Stopping threads took: 0,0000559 seconds
{Heap before GC invocations=51 (full 1):
 par new generation   total 655360K, used 634369K [0x0000000700000000, 0x0000000730000000, 0x0000000730000000)
  eden space 524288K, 100% used [0x0000000700000000, 0x0000000720000000, 0x0000000720000000)
  from space 131072K,  83% used [0x0000000728000000, 0x000000072eb80588, 0x0000000730000000)
  to   space 131072K,   0% used [0x0000000720000000, 0x0000000720000000, 0x0000000728000000)
 concurrent mark-sweep generation total 2359296K, used 445809K [0x0000000730000000, 0x00000007c0000000, 0x00000007c0000000)
 Metaspace       used 41943K, capacity 43545K, committed 43756K, reserved 1087488K
  class space    used 4927K, capacity 5409K, committed 5488K, reserved 1048576K
2018-01-03T20:29:22.279-0200: 135,571: [GC (Allocation Failure) 2018-01-03T20:29:22.279-0200: 135,571: [ParNew
Desired survivor size 120795952 bytes, new threshold 8 (max 8)
- age   1:   23112928 bytes,   23112928 total
- age   2:   19210712 bytes,   42323640 total
- age   3:    5546592 bytes,   47870232 total
- age   4:    8837752 bytes,   56707984 total
- age   5:    7429264 bytes,   64137248 total
- age   6:    6866528 bytes,   71003776 total
- age   7:    7578696 bytes,   78582472 total
- age   8:    7603560 bytes,   86186032 total
: 634369K->98290K(655360K), 0,1305844 secs] 1080179K->551509K(3014656K), 0,1306384 secs] [Times: user=0,12 sys=0,00, real=0,13 secs] 
Heap after GC invocations=52 (full 1):
 par new generation   total 655360K, used 98290K [0x0000000700000000, 0x0000000730000000, 0x0000000730000000)
  eden space 524288K,   0% used [0x0000000700000000, 0x0000000700000000, 0x0000000720000000)
  from space 131072K,  74% used [0x0000000720000000, 0x0000000725ffc8b0, 0x0000000728000000)
  to   space 131072K,   0% used [0x0000000728000000, 0x0000000728000000, 0x0000000730000000)
 concurrent mark-sweep generation total 2359296K, used 453219K [0x0000000730000000, 0x00000007c0000000, 0x00000007c0000000)
 Metaspace       used 41943K, capacity 43545K, committed 43756K, reserved 1087488K
  class space    used 4927K, capacity 5409K, committed 5488K, reserved 1048576K
}
2018-01-03T20:29:22.410-0200: 135,702: Total time for which application threads were stopped: 0,1307839 seconds, Stopping threads took: 0,0000295 seconds
2018-01-03T20:29:22.418-0200: 135,710: Total time for which application threads were stopped: 0,0035705 seconds, Stopping threads took: 0,0035001 seconds
2018-01-03T20:29:23.325-0200: 136,616: Total time for which application threads were stopped: 0,0056297 seconds, Stopping threads took: 0,0055206 seconds
2018-01-03T20:29:23.411-0200: 136,703: Total time for which application threads were stopped: 0,0067310 seconds, Stopping threads took: 0,0066450 seconds
2018-01-03T20:29:23.412-0200: 136,703: Total time for which application threads were stopped: 0,0000514 seconds, Stopping threads took: 0,0000084 seconds
2018-01-03T20:29:23.870-0200: 137,162: Total time for which application threads were stopped: 0,0037867 seconds, Stopping threads took: 0,0036924 seconds
2018-01-03T20:29:24.371-0200: 137,663: Total time for which application threads were stopped: 0,0201754 seconds, Stopping threads took: 0,0200863 seconds
2018-01-03T20:29:24.372-0200: 137,663: Total time for which application threads were stopped: 0,0000656 seconds, Stopping threads took: 0,0000084 seconds
{Heap before GC invocations=52 (full 1):
 par new generation   total 655360K, used 622578K [0x0000000700000000, 0x0000000730000000, 0x0000000730000000)
  eden space 524288K, 100% used [0x0000000700000000, 0x0000000720000000, 0x0000000720000000)
  from space 131072K,  74% used [0x0000000720000000, 0x0000000725ffc8b0, 0x0000000728000000)
  to   space 131072K,   0% used [0x0000000728000000, 0x0000000728000000, 0x0000000730000000)
 concurrent mark-sweep generation total 2359296K, used 453219K [0x0000000730000000, 0x00000007c0000000, 0x00000007c0000000)
 Metaspace       used 41943K, capacity 43545K, committed 43756K, reserved 1087488K
  class space    used 4927K, capacity 5409K, committed 5488K, reserved 1048576K
2018-01-03T20:29:24.507-0200: 137,799: [GC (Allocation Failure) 2018-01-03T20:29:24.507-0200: 137,799: [ParNew
Desired survivor size 120795952 bytes, new threshold 8 (max 8)
- age   1:   22562344 bytes,   22562344 total
- age   2:   14718840 bytes,   37281184 total
- age   3:   16060384 bytes,   53341568 total
- age   4:    4373664 bytes,   57715232 total
- age   5:    8837752 bytes,   66552984 total
- age   6:    7429264 bytes,   73982248 total
- age   7:    6866528 bytes,   80848776 total
- age   8:    7578696 bytes,   88427472 total
: 622578K->131072K(655360K), 0,2278737 secs] 1075797K->591717K(3014656K), 0,2279326 secs] [Times: user=0,11 sys=0,00, real=0,23 secs] 
Heap after GC invocations=53 (full 1):
 par new generation   total 655360K, used 131072K [0x0000000700000000, 0x0000000730000000, 0x0000000730000000)
  eden space 524288K,   0% used [0x0000000700000000, 0x0000000700000000, 0x0000000720000000)
  from space 131072K, 100% used [0x0000000728000000, 0x0000000730000000, 0x0000000730000000)
  to   space 131072K,   0% used [0x0000000720000000, 0x0000000720000000, 0x0000000728000000)
 concurrent mark-sweep generation total 2359296K, used 460645K [0x0000000730000000, 0x00000007c0000000, 0x00000007c0000000)
 Metaspace       used 41943K, capacity 43545K, committed 43756K, reserved 1087488K
  class space    used 4927K, capacity 5409K, committed 5488K, reserved 1048576K
}
2018-01-03T20:29:24.735-0200: 138,027: Total time for which application threads were stopped: 0,2333174 seconds, Stopping threads took: 0,0052694 seconds
2018-01-03T20:29:24.739-0200: 138,030: Total time for which application threads were stopped: 0,0001186 seconds, Stopping threads took: 0,0000499 seconds
2018-01-03T20:29:25.260-0200: 138,552: Total time for which application threads were stopped: 0,0031911 seconds, Stopping threads took: 0,0030989 seconds
2018-01-03T20:29:25.271-0200: 138,562: Total time for which application threads were stopped: 0,0020954 seconds, Stopping threads took: 0,0020309 seconds
2018-01-03T20:29:25.272-0200: 138,563: Total time for which application threads were stopped: 0,0000839 seconds, Stopping threads took: 0,0000215 seconds
2018-01-03T20:29:25.839-0200: 139,131: Total time for which application threads were stopped: 0,0020871 seconds, Stopping threads took: 0,0020127 seconds
2018-01-03T20:29:25.851-0200: 139,142: Total time for which application threads were stopped: 0,0001291 seconds, Stopping threads took: 0,0000244 seconds
2018-01-03T20:29:26.110-0200: 139,402: Total time for which application threads were stopped: 0,0053105 seconds, Stopping threads took: 0,0051907 seconds
2018-01-03T20:29:26.172-0200: 139,464: Total time for which application threads were stopped: 0,0033717 seconds, Stopping threads took: 0,0032876 seconds
2018-01-03T20:29:26.175-0200: 139,466: Total time for which application threads were stopped: 0,0000733 seconds, Stopping threads took: 0,0000117 seconds
{Heap before GC invocations=53 (full 1):
 par new generation   total 655360K, used 655360K [0x0000000700000000, 0x0000000730000000, 0x0000000730000000)
  eden space 524288K, 100% used [0x0000000700000000, 0x0000000720000000, 0x0000000720000000)
  from space 131072K, 100% used [0x0000000728000000, 0x0000000730000000, 0x0000000730000000)
  to   space 131072K,   0% used [0x0000000720000000, 0x0000000720000000, 0x0000000728000000)
 concurrent mark-sweep generation total 2359296K, used 460645K [0x0000000730000000, 0x00000007c0000000, 0x00000007c0000000)
 Metaspace       used 41957K, capacity 43545K, committed 43756K, reserved 1087488K
  class space    used 4927K, capacity 5409K, committed 5488K, reserved 1048576K
2018-01-03T20:29:26.416-0200: 139,707: [GC (Allocation Failure) 2018-01-03T20:29:26.416-0200: 139,708: [ParNew
Desired survivor size 120795952 bytes, new threshold 8 (max 8)
- age   1:    8984184 bytes,    8984184 total
- age   2:    6002512 bytes,   14986696 total
- age   3:    5887920 bytes,   20874616 total
- age   4:    7949616 bytes,   28824232 total
- age   5:    1779184 bytes,   30603416 total
- age   6:    8837752 bytes,   39441168 total
- age   7:    7429264 bytes,   46870432 total
- age   8:    6866528 bytes,   53736960 total
: 655360K->68468K(655360K), 0,1083100 secs] 1116005K->536515K(3014656K), 0,1087875 secs] [Times: user=0,08 sys=0,00, real=0,11 secs] 
Heap after GC invocations=54 (full 1):
 par new generation   total 655360K, used 68468K [0x0000000700000000, 0x0000000730000000, 0x0000000730000000)
  eden space 524288K,   0% used [0x0000000700000000, 0x0000000700000000, 0x0000000720000000)
  from space 131072K,  52% used [0x0000000720000000, 0x00000007242dd370, 0x0000000728000000)
  to   space 131072K,   0% used [0x0000000728000000, 0x0000000728000000, 0x0000000730000000)
 concurrent mark-sweep generation total 2359296K, used 468046K [0x0000000730000000, 0x00000007c0000000, 0x00000007c0000000)
 Metaspace       used 41957K, capacity 43545K, committed 43756K, reserved 1087488K
  class space    used 4927K, capacity 5409K, committed 5488K, reserved 1048576K
}
2018-01-03T20:29:26.525-0200: 139,816: Total time for which application threads were stopped: 0,1141518 seconds, Stopping threads took: 0,0052484 seconds
2018-01-03T20:29:26.528-0200: 139,820: Total time for which application threads were stopped: 0,0001327 seconds, Stopping threads took: 0,0000401 seconds
2018-01-03T20:29:26.568-0200: 139,860: Total time for which application threads were stopped: 0,0021264 seconds, Stopping threads took: 0,0020348 seconds
2018-01-03T20:29:26.570-0200: 139,862: Total time for which application threads were stopped: 0,0003776 seconds, Stopping threads took: 0,0002202 seconds
2018-01-03T20:29:26.573-0200: 139,865: Total time for which application threads were stopped: 0,0001008 seconds, Stopping threads took: 0,0000167 seconds
2018-01-03T20:29:26.573-0200: 139,865: Total time for which application threads were stopped: 0,0000550 seconds, Stopping threads took: 0,0000054 seconds
2018-01-03T20:29:26.573-0200: 139,865: Total time for which application threads were stopped: 0,0000674 seconds, Stopping threads took: 0,0000195 seconds
2018-01-03T20:29:26.573-0200: 139,865: Total time for which application threads were stopped: 0,0000510 seconds, Stopping threads took: 0,0000051 seconds
2018-01-03T20:29:27.408-0200: 140,699: Total time for which application threads were stopped: 0,0006532 seconds, Stopping threads took: 0,0000225 seconds
2018-01-03T20:29:27.448-0200: 140,740: Total time for which application threads were stopped: 0,0000752 seconds, Stopping threads took: 0,0000203 seconds
2018-01-03T20:29:27.914-0200: 141,205: Total time for which application threads were stopped: 0,0000883 seconds, Stopping threads took: 0,0000198 seconds
2018-01-03T20:29:27.941-0200: 141,232: Total time for which application threads were stopped: 0,0000946 seconds, Stopping threads took: 0,0000223 seconds
2018-01-03T20:29:27.941-0200: 141,232: Total time for which application threads were stopped: 0,0000409 seconds, Stopping threads took: 0,0000102 seconds
2018-01-03T20:29:27.941-0200: 141,233: Total time for which application threads were stopped: 0,0000372 seconds, Stopping threads took: 0,0000103 seconds
2018-01-03T20:29:27.941-0200: 141,233: Total time for which application threads were stopped: 0,0000313 seconds, Stopping threads took: 0,0000086 seconds
2018-01-03T20:29:27.949-0200: 141,240: Total time for which application threads were stopped: 0,0000623 seconds, Stopping threads took: 0,0000230 seconds
2018-01-03T20:29:27.960-0200: 141,252: Total time for which application threads were stopped: 0,0000727 seconds, Stopping threads took: 0,0000161 seconds
2018-01-03T20:29:28.028-0200: 141,320: Total time for which application threads were stopped: 0,0376044 seconds, Stopping threads took: 0,0097324 seconds
2018-01-03T20:29:28.029-0200: 141,321: Total time for which application threads were stopped: 0,0007227 seconds, Stopping threads took: 0,0000424 seconds
2018-01-03T20:29:28.045-0200: 141,337: Total time for which application threads were stopped: 0,0000701 seconds, Stopping threads took: 0,0000187 seconds
2018-01-03T20:29:28.045-0200: 141,337: Total time for which application threads were stopped: 0,0000357 seconds, Stopping threads took: 0,0000093 seconds
2018-01-03T20:29:28.071-0200: 141,363: Total time for which application threads were stopped: 0,0000600 seconds, Stopping threads took: 0,0000153 seconds
2018-01-03T20:29:28.087-0200: 141,379: Total time for which application threads were stopped: 0,0000617 seconds, Stopping threads took: 0,0000152 seconds
2018-01-03T20:29:28.087-0200: 141,379: Total time for which application threads were stopped: 0,0000226 seconds, Stopping threads took: 0,0000046 seconds
2018-01-03T20:29:28.115-0200: 141,407: Total time for which application threads were stopped: 0,0000611 seconds, Stopping threads took: 0,0000135 seconds
2018-01-03T20:29:28.115-0200: 141,407: Total time for which application threads were stopped: 0,0000287 seconds, Stopping threads took: 0,0000058 seconds
2018-01-03T20:29:28.115-0200: 141,407: Total time for which application threads were stopped: 0,0000253 seconds, Stopping threads took: 0,0000047 seconds
2018-01-03T20:29:28.115-0200: 141,407: Total time for which application threads were stopped: 0,0000244 seconds, Stopping threads took: 0,0000044 seconds
2018-01-03T20:29:28.116-0200: 141,407: Total time for which application threads were stopped: 0,0000295 seconds, Stopping threads took: 0,0000059 seconds
2018-01-03T20:29:28.116-0200: 141,407: Total time for which application threads were stopped: 0,0000258 seconds, Stopping threads took: 0,0000053 seconds
2018-01-03T20:29:28.116-0200: 141,407: Total time for which application threads were stopped: 0,0000244 seconds, Stopping threads took: 0,0000050 seconds
2018-01-03T20:29:28.116-0200: 141,407: Total time for which application threads were stopped: 0,0000246 seconds, Stopping threads took: 0,0000054 seconds
2018-01-03T20:29:28.116-0200: 141,407: Total time for which application threads were stopped: 0,0000247 seconds, Stopping threads took: 0,0000050 seconds
2018-01-03T20:29:28.116-0200: 141,408: Total time for which application threads were stopped: 0,0000344 seconds, Stopping threads took: 0,0000113 seconds
2018-01-03T20:29:28.130-0200: 141,422: Total time for which application threads were stopped: 0,0002339 seconds, Stopping threads took: 0,0000258 seconds
2018-01-03T20:29:28.130-0200: 141,422: Total time for which application threads were stopped: 0,0000364 seconds, Stopping threads took: 0,0000118 seconds
2018-01-03T20:29:28.130-0200: 141,422: Total time for which application threads were stopped: 0,0000682 seconds, Stopping threads took: 0,0000436 seconds
2018-01-03T20:29:28.130-0200: 141,422: Total time for which application threads were stopped: 0,0000303 seconds, Stopping threads took: 0,0000096 seconds
2018-01-03T20:29:28.130-0200: 141,422: Total time for which application threads were stopped: 0,0000293 seconds, Stopping threads took: 0,0000090 seconds
2018-01-03T20:29:28.130-0200: 141,422: Total time for which application threads were stopped: 0,0000289 seconds, Stopping threads took: 0,0000090 seconds
2018-01-03T20:29:28.131-0200: 141,422: Total time for which application threads were stopped: 0,0000283 seconds, Stopping threads took: 0,0000083 seconds
2018-01-03T20:29:28.131-0200: 141,423: Total time for which application threads were stopped: 0,0000468 seconds, Stopping threads took: 0,0000152 seconds
2018-01-03T20:29:28.132-0200: 141,423: Total time for which application threads were stopped: 0,0000359 seconds, Stopping threads took: 0,0000130 seconds
2018-01-03T20:29:28.136-0200: 141,428: Total time for which application threads were stopped: 0,0000799 seconds, Stopping threads took: 0,0000267 seconds
2018-01-03T20:29:28.145-0200: 141,436: Total time for which application threads were stopped: 0,0000664 seconds, Stopping threads took: 0,0000164 seconds
2018-01-03T20:29:28.145-0200: 141,436: Total time for which application threads were stopped: 0,0000312 seconds, Stopping threads took: 0,0000051 seconds
2018-01-03T20:29:28.167-0200: 141,458: Total time for which application threads were stopped: 0,0000521 seconds, Stopping threads took: 0,0000154 seconds
2018-01-03T20:29:28.167-0200: 141,458: Total time for which application threads were stopped: 0,0000235 seconds, Stopping threads took: 0,0000049 seconds
2018-01-03T20:29:29.167-0200: 142,458: Total time for which application threads were stopped: 0,0000611 seconds, Stopping threads took: 0,0000175 seconds
2018-01-03T20:29:30.203-0200: 143,494: Total time for which application threads were stopped: 0,0000967 seconds, Stopping threads took: 0,0000222 seconds
2018-01-03T20:29:30.203-0200: 143,494: Total time for which application threads were stopped: 0,0000339 seconds, Stopping threads took: 0,0000058 seconds
2018-01-03T20:29:30.203-0200: 143,494: Total time for which application threads were stopped: 0,0000366 seconds, Stopping threads took: 0,0000109 seconds
2018-01-03T20:29:30.212-0200: 143,503: Total time for which application threads were stopped: 0,0000977 seconds, Stopping threads took: 0,0000174 seconds
2018-01-03T20:29:30.248-0200: 143,540: Total time for which application threads were stopped: 0,0000919 seconds, Stopping threads took: 0,0000216 seconds
2018-01-03T20:29:30.257-0200: 143,548: Total time for which application threads were stopped: 0,0000692 seconds, Stopping threads took: 0,0000255 seconds
2018-01-03T20:29:30.257-0200: 143,548: Total time for which application threads were stopped: 0,0000246 seconds, Stopping threads took: 0,0000050 seconds
2018-01-03T20:29:30.265-0200: 143,556: Total time for which application threads were stopped: 0,0000692 seconds, Stopping threads took: 0,0000193 seconds
2018-01-03T20:29:30.265-0200: 143,556: Total time for which application threads were stopped: 0,0000343 seconds, Stopping threads took: 0,0000056 seconds
2018-01-03T20:29:30.265-0200: 143,556: Total time for which application threads were stopped: 0,0000302 seconds, Stopping threads took: 0,0000047 seconds
2018-01-03T20:29:30.265-0200: 143,556: Total time for which application threads were stopped: 0,0000497 seconds, Stopping threads took: 0,0000241 seconds
2018-01-03T20:29:30.265-0200: 143,557: Total time for which application threads were stopped: 0,0000303 seconds, Stopping threads took: 0,0000094 seconds
2018-01-03T20:29:30.274-0200: 143,566: Total time for which application threads were stopped: 0,0000524 seconds, Stopping threads took: 0,0000150 seconds
2018-01-03T20:29:30.275-0200: 143,566: Total time for which application threads were stopped: 0,0000228 seconds, Stopping threads took: 0,0000050 seconds
2018-01-03T20:29:32.337-0200: 145,629: Total time for which application threads were stopped: 0,0000669 seconds, Stopping threads took: 0,0000138 seconds
2018-01-03T20:29:32.337-0200: 145,629: Total time for which application threads were stopped: 0,0000311 seconds, Stopping threads took: 0,0000051 seconds
2018-01-03T20:29:32.351-0200: 145,642: Total time for which application threads were stopped: 0,0000514 seconds, Stopping threads took: 0,0000147 seconds
2018-01-03T20:29:32.351-0200: 145,642: Total time for which application threads were stopped: 0,0000228 seconds, Stopping threads took: 0,0000049 seconds
2018-01-03T20:29:32.487-0200: 145,779: Total time for which application threads were stopped: 0,0000761 seconds, Stopping threads took: 0,0000187 seconds
2018-01-03T20:29:32.487-0200: 145,779: Total time for which application threads were stopped: 0,0000338 seconds, Stopping threads took: 0,0000055 seconds
2018-01-03T20:29:32.487-0200: 145,779: Total time for which application threads were stopped: 0,0000305 seconds, Stopping threads took: 0,0000046 seconds
2018-01-03T20:29:32.487-0200: 145,779: Total time for which application threads were stopped: 0,0000327 seconds, Stopping threads took: 0,0000098 seconds
2018-01-03T20:29:32.487-0200: 145,779: Total time for which application threads were stopped: 0,0000281 seconds, Stopping threads took: 0,0000090 seconds
2018-01-03T20:29:32.507-0200: 145,799: Total time for which application threads were stopped: 0,0000487 seconds, Stopping threads took: 0,0000136 seconds
2018-01-03T20:29:32.507-0200: 145,799: Total time for which application threads were stopped: 0,0000229 seconds, Stopping threads took: 0,0000051 seconds
2018-01-03T20:29:33.508-0200: 146,799: Total time for which application threads were stopped: 0,0000765 seconds, Stopping threads took: 0,0000185 seconds
2018-01-03T20:29:33.839-0200: 147,131: Total time for which application threads were stopped: 0,0001213 seconds, Stopping threads took: 0,0000145 seconds
{Heap before GC invocations=54 (full 1):
 par new generation   total 655360K, used 592756K [0x0000000700000000, 0x0000000730000000, 0x0000000730000000)
  eden space 524288K, 100% used [0x0000000700000000, 0x0000000720000000, 0x0000000720000000)
  from space 131072K,  52% used [0x0000000720000000, 0x00000007242dd370, 0x0000000728000000)
  to   space 131072K,   0% used [0x0000000728000000, 0x0000000728000000, 0x0000000730000000)
 concurrent mark-sweep generation total 2359296K, used 468046K [0x0000000730000000, 0x00000007c0000000, 0x00000007c0000000)
 Metaspace       used 42280K, capacity 43859K, committed 44012K, reserved 1087488K
  class space    used 4956K, capacity 5418K, committed 5488K, reserved 1048576K
2018-01-03T20:29:34.178-0200: 147,470: [GC (Allocation Failure) 2018-01-03T20:29:34.178-0200: 147,470: [ParNew
Desired survivor size 120795952 bytes, new threshold 8 (max 8)
- age   1:   18104856 bytes,   18104856 total
- age   2:    7663304 bytes,   25768160 total
- age   3:    6001888 bytes,   31770048 total
- age   4:    5887920 bytes,   37657968 total
- age   5:    7949616 bytes,   45607584 total
- age   6:    1779184 bytes,   47386768 total
- age   7:    8837752 bytes,   56224520 total
- age   8:    7429264 bytes,   63653784 total
: 592756K->81015K(655360K), 0,2514253 secs] 1060803K->555768K(3014656K), 0,2516863 secs] [Times: user=0,12 sys=0,00, real=0,25 secs] 
Heap after GC invocations=55 (full 1):
 par new generation   total 655360K, used 81015K [0x0000000700000000, 0x0000000730000000, 0x0000000730000000)
  eden space 524288K,   0% used [0x0000000700000000, 0x0000000700000000, 0x0000000720000000)
  from space 131072K,  61% used [0x0000000728000000, 0x000000072cf1dfc8, 0x0000000730000000)
  to   space 131072K,   0% used [0x0000000720000000, 0x0000000720000000, 0x0000000728000000)
 concurrent mark-sweep generation total 2359296K, used 474752K [0x0000000730000000, 0x00000007c0000000, 0x00000007c0000000)
 Metaspace       used 42280K, capacity 43859K, committed 44012K, reserved 1087488K
  class space    used 4956K, capacity 5418K, committed 5488K, reserved 1048576K
}
2018-01-03T20:29:34.430-0200: 147,722: Total time for which application threads were stopped: 0,2518718 seconds, Stopping threads took: 0,0000253 seconds
2018-01-03T20:29:34.442-0200: 147,734: Total time for which application threads were stopped: 0,0035098 seconds, Stopping threads took: 0,0034302 seconds
2018-01-03T20:29:34.893-0200: 148,185: Total time for which application threads were stopped: 0,0021294 seconds, Stopping threads took: 0,0020398 seconds
2018-01-03T20:29:34.893-0200: 148,185: Total time for which application threads were stopped: 0,0000457 seconds, Stopping threads took: 0,0000087 seconds
2018-01-03T20:29:34.905-0200: 148,196: Total time for which application threads were stopped: 0,0000486 seconds, Stopping threads took: 0,0000153 seconds
2018-01-03T20:29:34.912-0200: 148,204: Total time for which application threads were stopped: 0,0001445 seconds, Stopping threads took: 0,0000352 seconds
2018-01-03T20:29:35.055-0200: 148,346: Total time for which application threads were stopped: 0,0000879 seconds, Stopping threads took: 0,0000231 seconds
2018-01-03T20:29:35.063-0200: 148,354: Total time for which application threads were stopped: 0,0024558 seconds, Stopping threads took: 0,0023826 seconds
2018-01-03T20:29:35.085-0200: 148,377: Total time for which application threads were stopped: 0,0064981 seconds, Stopping threads took: 0,0063946 seconds
2018-01-03T20:29:35.177-0200: 148,469: Total time for which application threads were stopped: 0,0000811 seconds, Stopping threads took: 0,0000290 seconds
2018-01-03T20:29:35.768-0200: 149,060: Total time for which application threads were stopped: 0,0001148 seconds, Stopping threads took: 0,0000214 seconds
2018-01-03T20:29:35.964-0200: 149,255: Total time for which application threads were stopped: 0,0000601 seconds, Stopping threads took: 0,0000190 seconds
2018-01-03T20:29:35.964-0200: 149,255: Total time for which application threads were stopped: 0,0000311 seconds, Stopping threads took: 0,0000095 seconds
2018-01-03T20:29:35.964-0200: 149,255: Total time for which application threads were stopped: 0,0000287 seconds, Stopping threads took: 0,0000086 seconds
2018-01-03T20:29:35.964-0200: 149,255: Total time for which application threads were stopped: 0,0000284 seconds, Stopping threads took: 0,0000086 seconds
2018-01-03T20:29:35.964-0200: 149,255: Total time for which application threads were stopped: 0,0000279 seconds, Stopping threads took: 0,0000084 seconds
2018-01-03T20:29:35.964-0200: 149,255: Total time for which application threads were stopped: 0,0000280 seconds, Stopping threads took: 0,0000085 seconds
2018-01-03T20:29:35.964-0200: 149,256: Total time for which application threads were stopped: 0,0000280 seconds, Stopping threads took: 0,0000084 seconds
2018-01-03T20:29:35.964-0200: 149,256: Total time for which application threads were stopped: 0,0000289 seconds, Stopping threads took: 0,0000087 seconds
2018-01-03T20:29:35.964-0200: 149,256: Total time for which application threads were stopped: 0,0000831 seconds, Stopping threads took: 0,0000083 seconds
2018-01-03T20:29:35.979-0200: 149,271: Total time for which application threads were stopped: 0,0000876 seconds, Stopping threads took: 0,0000382 seconds
2018-01-03T20:29:35.980-0200: 149,271: Total time for which application threads were stopped: 0,0000414 seconds, Stopping threads took: 0,0000140 seconds
2018-01-03T20:29:35.981-0200: 149,272: Total time for which application threads were stopped: 0,0000456 seconds, Stopping threads took: 0,0000185 seconds
2018-01-03T20:29:36.001-0200: 149,293: Total time for which application threads were stopped: 0,0000891 seconds, Stopping threads took: 0,0000207 seconds
2018-01-03T20:29:36.011-0200: 149,303: Total time for which application threads were stopped: 0,0001297 seconds, Stopping threads took: 0,0000259 seconds
2018-01-03T20:29:36.023-0200: 149,315: Total time for which application threads were stopped: 0,0000652 seconds, Stopping threads took: 0,0000215 seconds
2018-01-03T20:29:36.074-0200: 149,366: Total time for which application threads were stopped: 0,0001113 seconds, Stopping threads took: 0,0000603 seconds
2018-01-03T20:29:36.103-0200: 149,394: Total time for which application threads were stopped: 0,0000847 seconds, Stopping threads took: 0,0000321 seconds
2018-01-03T20:29:36.103-0200: 149,394: Total time for which application threads were stopped: 0,0000411 seconds, Stopping threads took: 0,0000058 seconds
2018-01-03T20:29:36.103-0200: 149,395: Total time for which application threads were stopped: 0,0000322 seconds, Stopping threads took: 0,0000050 seconds
2018-01-03T20:29:36.103-0200: 149,395: Total time for which application threads were stopped: 0,0000336 seconds, Stopping threads took: 0,0000053 seconds
2018-01-03T20:29:36.104-0200: 149,396: Total time for which application threads were stopped: 0,0000407 seconds, Stopping threads took: 0,0000117 seconds
2018-01-03T20:29:36.110-0200: 149,402: Total time for which application threads were stopped: 0,0000615 seconds, Stopping threads took: 0,0000220 seconds
2018-01-03T20:29:36.122-0200: 149,414: Total time for which application threads were stopped: 0,0000745 seconds, Stopping threads took: 0,0000225 seconds
2018-01-03T20:29:36.236-0200: 149,528: Total time for which application threads were stopped: 0,0000586 seconds, Stopping threads took: 0,0000191 seconds
2018-01-03T20:29:36.539-0200: 149,830: Total time for which application threads were stopped: 0,0001019 seconds, Stopping threads took: 0,0000212 seconds
2018-01-03T20:29:36.539-0200: 149,830: Total time for which application threads were stopped: 0,0000352 seconds, Stopping threads took: 0,0000057 seconds
2018-01-03T20:29:36.539-0200: 149,831: Total time for which application threads were stopped: 0,0000314 seconds, Stopping threads took: 0,0000049 seconds
2018-01-03T20:29:36.543-0200: 149,834: Total time for which application threads were stopped: 0,0000886 seconds, Stopping threads took: 0,0000162 seconds
2018-01-03T20:29:36.543-0200: 149,835: Total time for which application threads were stopped: 0,0000686 seconds, Stopping threads took: 0,0000087 seconds
2018-01-03T20:29:36.543-0200: 149,835: Total time for which application threads were stopped: 0,0000349 seconds, Stopping threads took: 0,0000056 seconds
2018-01-03T20:29:36.543-0200: 149,835: Total time for which application threads were stopped: 0,0000317 seconds, Stopping threads took: 0,0000050 seconds
2018-01-03T20:29:36.543-0200: 149,835: Total time for which application threads were stopped: 0,0000304 seconds, Stopping threads took: 0,0000049 seconds
2018-01-03T20:29:36.543-0200: 149,835: Total time for which application threads were stopped: 0,0000307 seconds, Stopping threads took: 0,0000048 seconds
2018-01-03T20:29:36.545-0200: 149,836: Total time for which application threads were stopped: 0,0000938 seconds, Stopping threads took: 0,0000293 seconds
2018-01-03T20:29:36.548-0200: 149,840: Total time for which application threads were stopped: 0,0000566 seconds, Stopping threads took: 0,0000197 seconds
2018-01-03T20:29:36.549-0200: 149,841: Total time for which application threads were stopped: 0,0000434 seconds, Stopping threads took: 0,0000142 seconds
2018-01-03T20:29:36.549-0200: 149,841: Total time for which application threads were stopped: 0,0000286 seconds, Stopping threads took: 0,0000090 seconds
2018-01-03T20:29:36.549-0200: 149,841: Total time for which application threads were stopped: 0,0000276 seconds, Stopping threads took: 0,0000088 seconds
2018-01-03T20:29:36.549-0200: 149,841: Total time for which application threads were stopped: 0,0000275 seconds, Stopping threads took: 0,0000094 seconds
2018-01-03T20:29:36.550-0200: 149,842: Total time for which application threads were stopped: 0,0000404 seconds, Stopping threads took: 0,0000144 seconds
2018-01-03T20:29:36.553-0200: 149,844: Total time for which application threads were stopped: 0,0000570 seconds, Stopping threads took: 0,0000196 seconds
2018-01-03T20:29:36.553-0200: 149,845: Total time for which application threads were stopped: 0,0000307 seconds, Stopping threads took: 0,0000109 seconds
2018-01-03T20:29:36.553-0200: 149,845: Total time for which application threads were stopped: 0,0000292 seconds, Stopping threads took: 0,0000102 seconds
2018-01-03T20:29:36.558-0200: 149,850: Total time for which application threads were stopped: 0,0000582 seconds, Stopping threads took: 0,0000211 seconds
2018-01-03T20:29:36.559-0200: 149,851: Total time for which application threads were stopped: 0,0001222 seconds, Stopping threads took: 0,0000159 seconds
2018-01-03T20:29:36.561-0200: 149,853: Total time for which application threads were stopped: 0,0000596 seconds, Stopping threads took: 0,0000210 seconds
2018-01-03T20:29:36.565-0200: 149,856: Total time for which application threads were stopped: 0,0000625 seconds, Stopping threads took: 0,0000203 seconds
2018-01-03T20:29:36.565-0200: 149,857: Total time for which application threads were stopped: 0,0000456 seconds, Stopping threads took: 0,0000217 seconds
2018-01-03T20:29:36.566-0200: 149,858: Total time for which application threads were stopped: 0,0000414 seconds, Stopping threads took: 0,0000139 seconds
2018-01-03T20:29:36.567-0200: 149,858: Total time for which application threads were stopped: 0,0000326 seconds, Stopping threads took: 0,0000111 seconds
2018-01-03T20:29:36.569-0200: 149,861: Total time for which application threads were stopped: 0,0000593 seconds, Stopping threads took: 0,0000204 seconds
2018-01-03T20:29:37.570-0200: 150,861: Total time for which application threads were stopped: 0,0000673 seconds, Stopping threads took: 0,0000214 seconds
2018-01-03T20:29:37.598-0200: 150,890: Total time for which application threads were stopped: 0,0001286 seconds, Stopping threads took: 0,0000799 seconds
2018-01-03T20:29:37.598-0200: 150,890: Total time for which application threads were stopped: 0,0000271 seconds, Stopping threads took: 0,0000061 seconds
2018-01-03T20:29:37.598-0200: 150,890: Total time for which application threads were stopped: 0,0000240 seconds, Stopping threads took: 0,0000048 seconds
2018-01-03T20:29:37.598-0200: 150,890: Total time for which application threads were stopped: 0,0000227 seconds, Stopping threads took: 0,0000044 seconds
2018-01-03T20:29:37.598-0200: 150,890: Total time for which application threads were stopped: 0,0000225 seconds, Stopping threads took: 0,0000044 seconds
2018-01-03T20:29:37.598-0200: 150,890: Total time for which application threads were stopped: 0,0000226 seconds, Stopping threads took: 0,0000044 seconds
2018-01-03T20:29:37.598-0200: 150,890: Total time for which application threads were stopped: 0,0000641 seconds, Stopping threads took: 0,0000432 seconds
2018-01-03T20:29:37.598-0200: 150,890: Total time for which application threads were stopped: 0,0000777 seconds, Stopping threads took: 0,0000046 seconds
2018-01-03T20:29:37.618-0200: 150,910: Total time for which application threads were stopped: 0,0001030 seconds, Stopping threads took: 0,0000124 seconds
2018-01-03T20:29:37.618-0200: 150,910: Total time for which application threads were stopped: 0,0000324 seconds, Stopping threads took: 0,0000054 seconds
2018-01-03T20:29:37.639-0200: 150,931: Total time for which application threads were stopped: 0,0000539 seconds, Stopping threads took: 0,0000160 seconds
2018-01-03T20:29:37.639-0200: 150,931: Total time for which application threads were stopped: 0,0000231 seconds, Stopping threads took: 0,0000052 seconds
2018-01-03T20:29:38.648-0200: 151,939: Total time for which application threads were stopped: 0,0000863 seconds, Stopping threads took: 0,0000193 seconds
2018-01-03T20:29:38.648-0200: 151,940: Total time for which application threads were stopped: 0,0000320 seconds, Stopping threads took: 0,0000099 seconds
2018-01-03T20:29:38.648-0200: 151,940: Total time for which application threads were stopped: 0,0000292 seconds, Stopping threads took: 0,0000091 seconds
2018-01-03T20:29:38.648-0200: 151,940: Total time for which application threads were stopped: 0,0000285 seconds, Stopping threads took: 0,0000090 seconds
2018-01-03T20:29:38.648-0200: 151,940: Total time for which application threads were stopped: 0,0000693 seconds, Stopping threads took: 0,0000091 seconds
2018-01-03T20:29:38.667-0200: 151,959: Total time for which application threads were stopped: 0,0091292 seconds, Stopping threads took: 0,0090660 seconds
2018-01-03T20:29:38.667-0200: 151,959: Total time for which application threads were stopped: 0,0000370 seconds, Stopping threads took: 0,0000092 seconds
2018-01-03T20:29:38.667-0200: 151,959: Total time for which application threads were stopped: 0,0000240 seconds, Stopping threads took: 0,0000047 seconds
2018-01-03T20:29:38.667-0200: 151,959: Total time for which application threads were stopped: 0,0000231 seconds, Stopping threads took: 0,0000044 seconds
2018-01-03T20:29:38.667-0200: 151,959: Total time for which application threads were stopped: 0,0000231 seconds, Stopping threads took: 0,0000045 seconds
2018-01-03T20:29:38.667-0200: 151,959: Total time for which application threads were stopped: 0,0000228 seconds, Stopping threads took: 0,0000043 seconds
2018-01-03T20:29:38.668-0200: 151,959: Total time for which application threads were stopped: 0,0000230 seconds, Stopping threads took: 0,0000043 seconds
2018-01-03T20:29:38.668-0200: 151,959: Total time for which application threads were stopped: 0,0000227 seconds, Stopping threads took: 0,0000043 seconds
2018-01-03T20:29:38.668-0200: 151,959: Total time for which application threads were stopped: 0,0000227 seconds, Stopping threads took: 0,0000043 seconds
2018-01-03T20:29:38.668-0200: 151,959: Total time for which application threads were stopped: 0,0000225 seconds, Stopping threads took: 0,0000042 seconds
2018-01-03T20:29:38.668-0200: 151,959: Total time for which application threads were stopped: 0,0000229 seconds, Stopping threads took: 0,0000043 seconds
2018-01-03T20:29:38.692-0200: 151,983: Total time for which application threads were stopped: 0,0000922 seconds, Stopping threads took: 0,0000355 seconds
2018-01-03T20:29:38.706-0200: 151,997: Total time for which application threads were stopped: 0,0000730 seconds, Stopping threads took: 0,0000209 seconds
2018-01-03T20:29:38.706-0200: 151,997: Total time for which application threads were stopped: 0,0000399 seconds, Stopping threads took: 0,0000101 seconds
2018-01-03T20:29:38.706-0200: 151,997: Total time for which application threads were stopped: 0,0000356 seconds, Stopping threads took: 0,0000090 seconds
2018-01-03T20:29:38.706-0200: 151,998: Total time for which application threads were stopped: 0,0000604 seconds, Stopping threads took: 0,0000092 seconds
2018-01-03T20:29:38.706-0200: 151,998: Total time for which application threads were stopped: 0,0000353 seconds, Stopping threads took: 0,0000094 seconds
2018-01-03T20:29:38.706-0200: 151,998: Total time for which application threads were stopped: 0,0000346 seconds, Stopping threads took: 0,0000080 seconds
2018-01-03T20:29:38.706-0200: 151,998: Total time for which application threads were stopped: 0,0000296 seconds, Stopping threads took: 0,0000046 seconds
2018-01-03T20:29:38.706-0200: 151,998: Total time for which application threads were stopped: 0,0000297 seconds, Stopping threads took: 0,0000048 seconds
2018-01-03T20:29:38.707-0200: 151,998: Total time for which application threads were stopped: 0,0000420 seconds, Stopping threads took: 0,0000113 seconds
2018-01-03T20:29:38.707-0200: 151,998: Total time for which application threads were stopped: 0,0000360 seconds, Stopping threads took: 0,0000091 seconds
2018-01-03T20:29:38.726-0200: 152,018: Total time for which application threads were stopped: 0,0095727 seconds, Stopping threads took: 0,0094930 seconds
2018-01-03T20:29:38.726-0200: 152,018: Total time for which application threads were stopped: 0,0000447 seconds, Stopping threads took: 0,0000087 seconds
2018-01-03T20:29:38.727-0200: 152,018: Total time for which application threads were stopped: 0,0000392 seconds, Stopping threads took: 0,0000105 seconds
2018-01-03T20:29:38.727-0200: 152,018: Total time for which application threads were stopped: 0,0000292 seconds, Stopping threads took: 0,0000047 seconds
2018-01-03T20:29:38.737-0200: 152,028: Total time for which application threads were stopped: 0,0000543 seconds, Stopping threads took: 0,0000194 seconds
2018-01-03T20:29:38.737-0200: 152,028: Total time for which application threads were stopped: 0,0000284 seconds, Stopping threads took: 0,0000092 seconds
2018-01-03T20:29:38.743-0200: 152,035: Total time for which application threads were stopped: 0,0000565 seconds, Stopping threads took: 0,0000200 seconds
2018-01-03T20:29:38.743-0200: 152,035: Total time for which application threads were stopped: 0,0000412 seconds, Stopping threads took: 0,0000214 seconds
2018-01-03T20:29:41.096-0200: 154,387: Total time for which application threads were stopped: 0,0000734 seconds, Stopping threads took: 0,0000140 seconds
2018-01-03T20:29:41.096-0200: 154,387: Total time for which application threads were stopped: 0,0000313 seconds, Stopping threads took: 0,0000053 seconds
2018-01-03T20:29:41.104-0200: 154,396: Total time for which application threads were stopped: 0,0000869 seconds, Stopping threads took: 0,0000151 seconds
2018-01-03T20:29:41.104-0200: 154,396: Total time for which application threads were stopped: 0,0000475 seconds, Stopping threads took: 0,0000053 seconds
2018-01-03T20:29:41.104-0200: 154,396: Total time for which application threads were stopped: 0,0000439 seconds, Stopping threads took: 0,0000045 seconds
2018-01-03T20:29:42.927-0200: 156,219: Total time for which application threads were stopped: 0,0000635 seconds, Stopping threads took: 0,0000206 seconds
2018-01-03T20:29:43.051-0200: 156,342: Total time for which application threads were stopped: 0,0006137 seconds, Stopping threads took: 0,0000211 seconds
2018-01-03T20:29:43.067-0200: 156,359: Total time for which application threads were stopped: 0,0006508 seconds, Stopping threads took: 0,0000201 seconds
2018-01-03T20:29:44.068-0200: 157,359: Total time for which application threads were stopped: 0,0000826 seconds, Stopping threads took: 0,0000192 seconds
2018-01-03T20:30:12.558-0200: 185,850: Total time for which application threads were stopped: 0,0000912 seconds, Stopping threads took: 0,0000299 seconds
2018-01-03T20:30:12.562-0200: 185,854: Total time for which application threads were stopped: 0,0002362 seconds, Stopping threads took: 0,0001322 seconds
2018-01-03T20:30:12.722-0200: 186,013: Total time for which application threads were stopped: 0,0000742 seconds, Stopping threads took: 0,0000225 seconds
2018-01-03T20:30:12.811-0200: 186,102: Total time for which application threads were stopped: 0,0000777 seconds, Stopping threads took: 0,0000226 seconds
2018-01-03T20:30:12.811-0200: 186,102: Total time for which application threads were stopped: 0,0000330 seconds, Stopping threads took: 0,0000097 seconds
2018-01-03T20:30:12.811-0200: 186,102: Total time for which application threads were stopped: 0,0000291 seconds, Stopping threads took: 0,0000086 seconds
2018-01-03T20:30:12.811-0200: 186,102: Total time for which application threads were stopped: 0,0000286 seconds, Stopping threads took: 0,0000084 seconds
2018-01-03T20:30:12.811-0200: 186,102: Total time for which application threads were stopped: 0,0000284 seconds, Stopping threads took: 0,0000081 seconds
2018-01-03T20:30:12.811-0200: 186,102: Total time for which application threads were stopped: 0,0000280 seconds, Stopping threads took: 0,0000081 seconds
2018-01-03T20:30:12.811-0200: 186,102: Total time for which application threads were stopped: 0,0000284 seconds, Stopping threads took: 0,0000082 seconds
2018-01-03T20:30:12.811-0200: 186,102: Total time for which application threads were stopped: 0,0000300 seconds, Stopping threads took: 0,0000088 seconds
2018-01-03T20:30:12.811-0200: 186,103: Total time for which application threads were stopped: 0,0000282 seconds, Stopping threads took: 0,0000082 seconds
2018-01-03T20:30:12.811-0200: 186,103: Total time for which application threads were stopped: 0,0000299 seconds, Stopping threads took: 0,0000088 seconds
2018-01-03T20:30:12.811-0200: 186,103: Total time for which application threads were stopped: 0,0000285 seconds, Stopping threads took: 0,0000082 seconds
2018-01-03T20:30:12.811-0200: 186,103: Total time for which application threads were stopped: 0,0000283 seconds, Stopping threads took: 0,0000083 seconds
2018-01-03T20:30:12.811-0200: 186,103: Total time for which application threads were stopped: 0,0000276 seconds, Stopping threads took: 0,0000080 seconds
2018-01-03T20:30:12.811-0200: 186,103: Total time for which application threads were stopped: 0,0000281 seconds, Stopping threads took: 0,0000081 seconds
2018-01-03T20:30:12.811-0200: 186,103: Total time for which application threads were stopped: 0,0000278 seconds, Stopping threads took: 0,0000081 seconds
2018-01-03T20:30:12.811-0200: 186,103: Total time for which application threads were stopped: 0,0000279 seconds, Stopping threads took: 0,0000081 seconds
2018-01-03T20:30:12.811-0200: 186,103: Total time for which application threads were stopped: 0,0000281 seconds, Stopping threads took: 0,0000083 seconds
2018-01-03T20:30:12.811-0200: 186,103: Total time for which application threads were stopped: 0,0000286 seconds, Stopping threads took: 0,0000085 seconds
2018-01-03T20:30:12.811-0200: 186,103: Total time for which application threads were stopped: 0,0000310 seconds, Stopping threads took: 0,0000099 seconds
2018-01-03T20:30:12.811-0200: 186,103: Total time for which application threads were stopped: 0,0001020 seconds, Stopping threads took: 0,0000083 seconds
2018-01-03T20:30:12.812-0200: 186,103: Total time for which application threads were stopped: 0,0000327 seconds, Stopping threads took: 0,0000096 seconds
2018-01-03T20:30:12.813-0200: 186,105: Total time for which application threads were stopped: 0,0000637 seconds, Stopping threads took: 0,0000202 seconds
2018-01-03T20:30:12.814-0200: 186,106: Total time for which application threads were stopped: 0,0000498 seconds, Stopping threads took: 0,0000134 seconds
2018-01-03T20:30:12.814-0200: 186,106: Total time for which application threads were stopped: 0,0000319 seconds, Stopping threads took: 0,0000090 seconds
2018-01-03T20:30:12.814-0200: 186,106: Total time for which application threads were stopped: 0,0000299 seconds, Stopping threads took: 0,0000084 seconds
2018-01-03T20:30:12.821-0200: 186,112: Total time for which application threads were stopped: 0,0000699 seconds, Stopping threads took: 0,0000206 seconds
2018-01-03T20:30:12.821-0200: 186,113: Total time for which application threads were stopped: 0,0000447 seconds, Stopping threads took: 0,0000147 seconds
2018-01-03T20:30:12.821-0200: 186,113: Total time for which application threads were stopped: 0,0000547 seconds, Stopping threads took: 0,0000289 seconds
2018-01-03T20:30:12.821-0200: 186,113: Total time for which application threads were stopped: 0,0000512 seconds, Stopping threads took: 0,0000233 seconds
2018-01-03T20:30:12.822-0200: 186,113: Total time for which application threads were stopped: 0,0000334 seconds, Stopping threads took: 0,0000094 seconds
2018-01-03T20:30:12.822-0200: 186,113: Total time for which application threads were stopped: 0,0000337 seconds, Stopping threads took: 0,0000097 seconds
2018-01-03T20:30:12.823-0200: 186,115: Total time for which application threads were stopped: 0,0000678 seconds, Stopping threads took: 0,0000196 seconds
2018-01-03T20:30:12.823-0200: 186,115: Total time for which application threads were stopped: 0,0000331 seconds, Stopping threads took: 0,0000095 seconds
2018-01-03T20:30:12.823-0200: 186,115: Total time for which application threads were stopped: 0,0000320 seconds, Stopping threads took: 0,0000090 seconds
2018-01-03T20:30:12.834-0200: 186,126: Total time for which application threads were stopped: 0,0000906 seconds, Stopping threads took: 0,0000227 seconds
2018-01-03T20:30:12.835-0200: 186,126: Total time for which application threads were stopped: 0,0000436 seconds, Stopping threads took: 0,0000128 seconds
2018-01-03T20:30:12.835-0200: 186,126: Total time for which application threads were stopped: 0,0000312 seconds, Stopping threads took: 0,0000095 seconds
2018-01-03T20:30:12.835-0200: 186,126: Total time for which application threads were stopped: 0,0000287 seconds, Stopping threads took: 0,0000086 seconds
2018-01-03T20:30:12.836-0200: 186,127: Total time for which application threads were stopped: 0,0000742 seconds, Stopping threads took: 0,0000164 seconds
2018-01-03T20:30:12.836-0200: 186,128: Total time for which application threads were stopped: 0,0000321 seconds, Stopping threads took: 0,0000088 seconds
2018-01-03T20:30:12.836-0200: 186,128: Total time for which application threads were stopped: 0,0000301 seconds, Stopping threads took: 0,0000085 seconds
2018-01-03T20:30:12.837-0200: 186,128: Total time for which application threads were stopped: 0,0000464 seconds, Stopping threads took: 0,0000130 seconds
2018-01-03T20:30:12.837-0200: 186,129: Total time for which application threads were stopped: 0,0000395 seconds, Stopping threads took: 0,0000105 seconds
2018-01-03T20:30:12.840-0200: 186,131: Total time for which application threads were stopped: 0,0000626 seconds, Stopping threads took: 0,0000191 seconds
2018-01-03T20:30:12.840-0200: 186,131: Total time for which application threads were stopped: 0,0000304 seconds, Stopping threads took: 0,0000091 seconds
2018-01-03T20:30:12.840-0200: 186,131: Total time for which application threads were stopped: 0,0000295 seconds, Stopping threads took: 0,0000089 seconds
2018-01-03T20:30:12.859-0200: 186,150: Total time for which application threads were stopped: 0,0000769 seconds, Stopping threads took: 0,0000275 seconds
2018-01-03T20:30:12.861-0200: 186,153: Total time for which application threads were stopped: 0,0000592 seconds, Stopping threads took: 0,0000196 seconds
2018-01-03T20:30:12.861-0200: 186,153: Total time for which application threads were stopped: 0,0000316 seconds, Stopping threads took: 0,0000105 seconds
2018-01-03T20:30:12.861-0200: 186,153: Total time for which application threads were stopped: 0,0000517 seconds, Stopping threads took: 0,0000084 seconds
2018-01-03T20:30:12.861-0200: 186,153: Total time for which application threads were stopped: 0,0000281 seconds, Stopping threads took: 0,0000084 seconds
2018-01-03T20:30:12.861-0200: 186,153: Total time for which application threads were stopped: 0,0000269 seconds, Stopping threads took: 0,0000081 seconds
2018-01-03T20:30:12.861-0200: 186,153: Total time for which application threads were stopped: 0,0000267 seconds, Stopping threads took: 0,0000080 seconds
2018-01-03T20:30:12.861-0200: 186,153: Total time for which application threads were stopped: 0,0000277 seconds, Stopping threads took: 0,0000081 seconds
2018-01-03T20:30:12.861-0200: 186,153: Total time for which application threads were stopped: 0,0000944 seconds, Stopping threads took: 0,0000107 seconds
2018-01-03T20:30:12.947-0200: 186,239: Total time for which application threads were stopped: 0,0006169 seconds, Stopping threads took: 0,0000231 seconds
2018-01-03T20:30:13.455-0200: 186,747: Total time for which application threads were stopped: 0,0004094 seconds, Stopping threads took: 0,0000366 seconds
2018-01-03T20:30:13.636-0200: 186,928: Total time for which application threads were stopped: 0,0020747 seconds, Stopping threads took: 0,0000392 seconds
2018-01-03T20:30:14.488-0200: 187,780: Total time for which application threads were stopped: 0,0000672 seconds, Stopping threads took: 0,0000158 seconds
2018-01-03T20:30:38.727-0200: 212,018: Total time for which application threads were stopped: 0,0000716 seconds, Stopping threads took: 0,0000295 seconds
2018-01-03T20:30:41.105-0200: 214,397: Total time for which application threads were stopped: 0,0000588 seconds, Stopping threads took: 0,0000181 seconds
2018-01-03T20:31:35.118-0200: 268,410: Total time for which application threads were stopped: 0,0000606 seconds, Stopping threads took: 0,0000191 seconds
2018-01-03T20:32:11.125-0200: 304,417: Total time for which application threads were stopped: 0,0000747 seconds, Stopping threads took: 0,0000317 seconds
2018-01-03T20:37:50.196-0200: 643,488: Total time for which application threads were stopped: 0,0000630 seconds, Stopping threads took: 0,0000190 seconds
2018-01-03T20:37:52.528-0200: 645,820: Total time for which application threads were stopped: 0,0001068 seconds, Stopping threads took: 0,0000207 seconds
2018-01-03T20:37:52.528-0200: 645,820: Total time for which application threads were stopped: 0,0000398 seconds, Stopping threads took: 0,0000106 seconds
2018-01-03T20:37:52.538-0200: 645,829: Total time for which application threads were stopped: 0,0000571 seconds, Stopping threads took: 0,0000204 seconds
2018-01-03T20:37:52.538-0200: 645,829: Total time for which application threads were stopped: 0,0000272 seconds, Stopping threads took: 0,0000095 seconds
2018-01-03T20:37:52.870-0200: 646,162: Total time for which application threads were stopped: 0,0000698 seconds, Stopping threads took: 0,0000165 seconds
2018-01-03T20:37:52.870-0200: 646,162: Total time for which application threads were stopped: 0,0000376 seconds, Stopping threads took: 0,0000064 seconds
2018-01-03T20:37:52.875-0200: 646,167: Total time for which application threads were stopped: 0,0000469 seconds, Stopping threads took: 0,0000132 seconds
2018-01-03T20:37:52.875-0200: 646,167: Total time for which application threads were stopped: 0,0000222 seconds, Stopping threads took: 0,0000047 seconds
2018-01-03T20:37:54.271-0200: 647,562: Total time for which application threads were stopped: 0,0001027 seconds, Stopping threads took: 0,0000292 seconds
2018-01-03T20:37:54.273-0200: 647,564: Total time for which application threads were stopped: 0,0001086 seconds, Stopping threads took: 0,0000667 seconds
2018-01-03T20:37:54.273-0200: 647,565: Total time for which application threads were stopped: 0,0000331 seconds, Stopping threads took: 0,0000101 seconds
2018-01-03T20:37:54.274-0200: 647,565: Total time for which application threads were stopped: 0,0000357 seconds, Stopping threads took: 0,0000104 seconds
2018-01-03T20:37:54.274-0200: 647,565: Total time for which application threads were stopped: 0,0000311 seconds, Stopping threads took: 0,0000094 seconds
2018-01-03T20:37:54.374-0200: 647,666: Total time for which application threads were stopped: 0,0000799 seconds, Stopping threads took: 0,0000283 seconds
2018-01-03T20:37:54.375-0200: 647,666: Total time for which application threads were stopped: 0,0000289 seconds, Stopping threads took: 0,0000055 seconds
2018-01-03T20:37:54.403-0200: 647,694: Total time for which application threads were stopped: 0,0000834 seconds, Stopping threads took: 0,0000257 seconds
2018-01-03T20:37:54.403-0200: 647,695: Total time for which application threads were stopped: 0,0000648 seconds, Stopping threads took: 0,0000112 seconds
2018-01-03T20:37:54.638-0200: 647,929: Total time for which application threads were stopped: 0,0000765 seconds, Stopping threads took: 0,0000222 seconds
2018-01-03T20:37:54.653-0200: 647,944: Total time for which application threads were stopped: 0,0001046 seconds, Stopping threads took: 0,0000284 seconds
2018-01-03T20:37:54.653-0200: 647,944: Total time for which application threads were stopped: 0,0000356 seconds, Stopping threads took: 0,0000101 seconds
2018-01-03T20:37:54.703-0200: 647,994: Total time for which application threads were stopped: 0,0001199 seconds, Stopping threads took: 0,0000222 seconds
2018-01-03T20:37:54.703-0200: 647,995: Total time for which application threads were stopped: 0,0000421 seconds, Stopping threads took: 0,0000101 seconds
2018-01-03T20:37:54.726-0200: 648,018: Total time for which application threads were stopped: 0,0001088 seconds, Stopping threads took: 0,0000263 seconds
2018-01-03T20:37:54.797-0200: 648,088: Total time for which application threads were stopped: 0,0000875 seconds, Stopping threads took: 0,0000233 seconds
2018-01-03T20:37:54.797-0200: 648,088: Total time for which application threads were stopped: 0,0000413 seconds, Stopping threads took: 0,0000120 seconds
2018-01-03T20:37:54.797-0200: 648,089: Total time for which application threads were stopped: 0,0000323 seconds, Stopping threads took: 0,0000096 seconds
2018-01-03T20:37:54.803-0200: 648,095: Total time for which application threads were stopped: 0,0001871 seconds, Stopping threads took: 0,0000549 seconds
2018-01-03T20:37:54.811-0200: 648,102: Total time for which application threads were stopped: 0,0000656 seconds, Stopping threads took: 0,0000168 seconds
2018-01-03T20:37:54.811-0200: 648,103: Total time for which application threads were stopped: 0,0001040 seconds, Stopping threads took: 0,0000066 seconds
2018-01-03T20:37:54.923-0200: 648,215: Total time for which application threads were stopped: 0,0020810 seconds, Stopping threads took: 0,0020247 seconds
2018-01-03T20:37:54.923-0200: 648,215: Total time for which application threads were stopped: 0,0000265 seconds, Stopping threads took: 0,0000060 seconds
2018-01-03T20:37:54.923-0200: 648,215: Total time for which application threads were stopped: 0,0000231 seconds, Stopping threads took: 0,0000044 seconds
2018-01-03T20:37:54.923-0200: 648,215: Total time for which application threads were stopped: 0,0000241 seconds, Stopping threads took: 0,0000046 seconds
2018-01-03T20:37:54.923-0200: 648,215: Total time for which application threads were stopped: 0,0000226 seconds, Stopping threads took: 0,0000043 seconds
2018-01-03T20:37:54.923-0200: 648,215: Total time for which application threads were stopped: 0,0000229 seconds, Stopping threads took: 0,0000044 seconds
2018-01-03T20:37:54.924-0200: 648,215: Total time for which application threads were stopped: 0,0000302 seconds, Stopping threads took: 0,0000063 seconds
2018-01-03T20:37:54.924-0200: 648,215: Total time for which application threads were stopped: 0,0000243 seconds, Stopping threads took: 0,0000048 seconds
2018-01-03T20:37:54.924-0200: 648,215: Total time for which application threads were stopped: 0,0000230 seconds, Stopping threads took: 0,0000042 seconds
2018-01-03T20:37:54.924-0200: 648,215: Total time for which application threads were stopped: 0,0000236 seconds, Stopping threads took: 0,0000046 seconds
2018-01-03T20:37:54.924-0200: 648,215: Total time for which application threads were stopped: 0,0000231 seconds, Stopping threads took: 0,0000044 seconds
2018-01-03T20:37:54.924-0200: 648,216: Total time for which application threads were stopped: 0,0000662 seconds, Stopping threads took: 0,0000440 seconds
2018-01-03T20:37:54.924-0200: 648,216: Total time for which application threads were stopped: 0,0000239 seconds, Stopping threads took: 0,0000044 seconds
2018-01-03T20:37:54.924-0200: 648,216: Total time for which application threads were stopped: 0,0000245 seconds, Stopping threads took: 0,0000046 seconds
2018-01-03T20:37:54.924-0200: 648,216: Total time for which application threads were stopped: 0,0000246 seconds, Stopping threads took: 0,0000044 seconds
2018-01-03T20:37:54.924-0200: 648,216: Total time for which application threads were stopped: 0,0000241 seconds, Stopping threads took: 0,0000043 seconds
2018-01-03T20:37:54.924-0200: 648,216: Total time for which application threads were stopped: 0,0000238 seconds, Stopping threads took: 0,0000045 seconds
2018-01-03T20:37:54.924-0200: 648,216: Total time for which application threads were stopped: 0,0000235 seconds, Stopping threads took: 0,0000042 seconds
2018-01-03T20:37:54.924-0200: 648,216: Total time for which application threads were stopped: 0,0000236 seconds, Stopping threads took: 0,0000043 seconds
2018-01-03T20:37:54.924-0200: 648,216: Total time for which application threads were stopped: 0,0000235 seconds, Stopping threads took: 0,0000043 seconds
2018-01-03T20:37:54.924-0200: 648,216: Total time for which application threads were stopped: 0,0000248 seconds, Stopping threads took: 0,0000046 seconds
2018-01-03T20:37:54.925-0200: 648,216: Total time for which application threads were stopped: 0,0000627 seconds, Stopping threads took: 0,0000151 seconds
2018-01-03T20:37:55.054-0200: 648,346: Total time for which application threads were stopped: 0,0007460 seconds, Stopping threads took: 0,0000281 seconds
2018-01-03T20:37:55.055-0200: 648,347: Total time for which application threads were stopped: 0,0000583 seconds, Stopping threads took: 0,0000126 seconds
2018-01-03T20:37:55.061-0200: 648,352: Total time for which application threads were stopped: 0,0000796 seconds, Stopping threads took: 0,0000340 seconds
2018-01-03T20:37:55.078-0200: 648,369: Total time for which application threads were stopped: 0,0000729 seconds, Stopping threads took: 0,0000233 seconds
2018-01-03T20:37:55.078-0200: 648,369: Total time for which application threads were stopped: 0,0000308 seconds, Stopping threads took: 0,0000094 seconds
2018-01-03T20:37:55.137-0200: 648,429: Total time for which application threads were stopped: 0,0000653 seconds, Stopping threads took: 0,0000216 seconds
2018-01-03T20:37:55.251-0200: 648,542: Total time for which application threads were stopped: 0,0001075 seconds, Stopping threads took: 0,0000221 seconds
2018-01-03T20:37:55.251-0200: 648,542: Total time for which application threads were stopped: 0,0000415 seconds, Stopping threads took: 0,0000062 seconds
2018-01-03T20:37:55.251-0200: 648,543: Total time for which application threads were stopped: 0,0001314 seconds, Stopping threads took: 0,0000257 seconds
2018-01-03T20:37:55.258-0200: 648,549: Total time for which application threads were stopped: 0,0000667 seconds, Stopping threads took: 0,0000219 seconds
2018-01-03T20:37:55.258-0200: 648,549: Total time for which application threads were stopped: 0,0000369 seconds, Stopping threads took: 0,0000106 seconds
2018-01-03T20:37:55.258-0200: 648,549: Total time for which application threads were stopped: 0,0000283 seconds, Stopping threads took: 0,0000087 seconds
2018-01-03T20:37:55.258-0200: 648,549: Total time for which application threads were stopped: 0,0000280 seconds, Stopping threads took: 0,0000087 seconds
2018-01-03T20:37:55.258-0200: 648,550: Total time for which application threads were stopped: 0,0000865 seconds, Stopping threads took: 0,0000122 seconds
2018-01-03T20:37:55.259-0200: 648,551: Total time for which application threads were stopped: 0,0000382 seconds, Stopping threads took: 0,0000122 seconds
2018-01-03T20:37:55.259-0200: 648,551: Total time for which application threads were stopped: 0,0000325 seconds, Stopping threads took: 0,0000101 seconds
2018-01-03T20:37:55.259-0200: 648,551: Total time for which application threads were stopped: 0,0000295 seconds, Stopping threads took: 0,0000094 seconds
2018-01-03T20:37:55.265-0200: 648,557: Total time for which application threads were stopped: 0,0001039 seconds, Stopping threads took: 0,0000244 seconds
2018-01-03T20:37:55.280-0200: 648,571: Total time for which application threads were stopped: 0,0000696 seconds, Stopping threads took: 0,0000266 seconds
2018-01-03T20:37:56.467-0200: 649,759: Total time for which application threads were stopped: 0,0000905 seconds, Stopping threads took: 0,0000338 seconds
2018-01-03T20:37:56.467-0200: 649,759: Total time for which application threads were stopped: 0,0000272 seconds, Stopping threads took: 0,0000054 seconds
2018-01-03T20:37:56.467-0200: 649,759: Total time for which application threads were stopped: 0,0000393 seconds, Stopping threads took: 0,0000184 seconds
2018-01-03T20:37:56.467-0200: 649,759: Total time for which application threads were stopped: 0,0000345 seconds, Stopping threads took: 0,0000065 seconds
2018-01-03T20:37:56.467-0200: 649,759: Total time for which application threads were stopped: 0,0000252 seconds, Stopping threads took: 0,0000048 seconds
2018-01-03T20:37:56.467-0200: 649,759: Total time for which application threads were stopped: 0,0000301 seconds, Stopping threads took: 0,0000058 seconds
2018-01-03T20:37:56.467-0200: 649,759: Total time for which application threads were stopped: 0,0000366 seconds, Stopping threads took: 0,0000064 seconds
2018-01-03T20:37:56.467-0200: 649,759: Total time for which application threads were stopped: 0,0000477 seconds, Stopping threads took: 0,0000054 seconds
2018-01-03T20:37:56.468-0200: 649,759: Total time for which application threads were stopped: 0,0000323 seconds, Stopping threads took: 0,0000052 seconds
2018-01-03T20:37:56.468-0200: 649,759: Total time for which application threads were stopped: 0,0000601 seconds, Stopping threads took: 0,0000056 seconds
2018-01-03T20:37:56.468-0200: 649,759: Total time for which application threads were stopped: 0,0000452 seconds, Stopping threads took: 0,0000061 seconds
2018-01-03T20:37:56.468-0200: 649,759: Total time for which application threads were stopped: 0,0000470 seconds, Stopping threads took: 0,0000060 seconds
2018-01-03T20:37:56.470-0200: 649,762: Total time for which application threads were stopped: 0,0000875 seconds, Stopping threads took: 0,0000239 seconds
2018-01-03T20:37:56.470-0200: 649,762: Total time for which application threads were stopped: 0,0000409 seconds, Stopping threads took: 0,0000084 seconds
2018-01-03T20:37:56.471-0200: 649,762: Total time for which application threads were stopped: 0,0000290 seconds, Stopping threads took: 0,0000054 seconds
2018-01-03T20:37:56.471-0200: 649,762: Total time for which application threads were stopped: 0,0000254 seconds, Stopping threads took: 0,0000057 seconds
2018-01-03T20:37:56.471-0200: 649,762: Total time for which application threads were stopped: 0,0000250 seconds, Stopping threads took: 0,0000051 seconds
2018-01-03T20:37:56.486-0200: 649,778: Total time for which application threads were stopped: 0,0000698 seconds, Stopping threads took: 0,0000194 seconds
2018-01-03T20:37:56.486-0200: 649,778: Total time for which application threads were stopped: 0,0000332 seconds, Stopping threads took: 0,0000055 seconds
2018-01-03T20:37:56.486-0200: 649,778: Total time for which application threads were stopped: 0,0000301 seconds, Stopping threads took: 0,0000047 seconds
2018-01-03T20:37:56.486-0200: 649,778: Total time for which application threads were stopped: 0,0000318 seconds, Stopping threads took: 0,0000099 seconds
2018-01-03T20:37:56.486-0200: 649,778: Total time for which application threads were stopped: 0,0000513 seconds, Stopping threads took: 0,0000286 seconds
2018-01-03T20:37:56.499-0200: 649,791: Total time for which application threads were stopped: 0,0000731 seconds, Stopping threads took: 0,0000134 seconds
2018-01-03T20:37:56.499-0200: 649,791: Total time for which application threads were stopped: 0,0000228 seconds, Stopping threads took: 0,0000050 seconds
2018-01-03T20:37:57.814-0200: 651,106: Total time for which application threads were stopped: 0,0000656 seconds, Stopping threads took: 0,0000150 seconds
2018-01-03T20:37:57.884-0200: 651,176: Total time for which application threads were stopped: 0,0000872 seconds, Stopping threads took: 0,0000233 seconds
2018-01-03T20:37:57.884-0200: 651,176: Total time for which application threads were stopped: 0,0000336 seconds, Stopping threads took: 0,0000095 seconds
2018-01-03T20:37:57.884-0200: 651,176: Total time for which application threads were stopped: 0,0000284 seconds, Stopping threads took: 0,0000081 seconds
2018-01-03T20:37:57.885-0200: 651,176: Total time for which application threads were stopped: 0,0000282 seconds, Stopping threads took: 0,0000082 seconds
2018-01-03T20:37:57.885-0200: 651,176: Total time for which application threads were stopped: 0,0000313 seconds, Stopping threads took: 0,0000100 seconds
2018-01-03T20:37:57.885-0200: 651,176: Total time for which application threads were stopped: 0,0000286 seconds, Stopping threads took: 0,0000082 seconds
2018-01-03T20:37:57.885-0200: 651,176: Total time for which application threads were stopped: 0,0000419 seconds, Stopping threads took: 0,0000218 seconds
2018-01-03T20:37:57.885-0200: 651,176: Total time for which application threads were stopped: 0,0000296 seconds, Stopping threads took: 0,0000088 seconds
2018-01-03T20:37:57.885-0200: 651,176: Total time for which application threads were stopped: 0,0000272 seconds, Stopping threads took: 0,0000080 seconds
2018-01-03T20:37:57.885-0200: 651,177: Total time for which application threads were stopped: 0,0000273 seconds, Stopping threads took: 0,0000079 seconds
2018-01-03T20:37:57.885-0200: 651,177: Total time for which application threads were stopped: 0,0000271 seconds, Stopping threads took: 0,0000080 seconds
2018-01-03T20:37:57.885-0200: 651,177: Total time for which application threads were stopped: 0,0000272 seconds, Stopping threads took: 0,0000080 seconds
2018-01-03T20:37:57.885-0200: 651,177: Total time for which application threads were stopped: 0,0000271 seconds, Stopping threads took: 0,0000079 seconds
2018-01-03T20:37:57.885-0200: 651,177: Total time for which application threads were stopped: 0,0000376 seconds, Stopping threads took: 0,0000079 seconds
2018-01-03T20:37:57.885-0200: 651,177: Total time for which application threads were stopped: 0,0000282 seconds, Stopping threads took: 0,0000086 seconds
2018-01-03T20:37:57.885-0200: 651,177: Total time for which application threads were stopped: 0,0000268 seconds, Stopping threads took: 0,0000079 seconds
2018-01-03T20:37:57.885-0200: 651,177: Total time for which application threads were stopped: 0,0000271 seconds, Stopping threads took: 0,0000078 seconds
2018-01-03T20:37:57.885-0200: 651,177: Total time for which application threads were stopped: 0,0000272 seconds, Stopping threads took: 0,0000078 seconds
2018-01-03T20:37:57.885-0200: 651,177: Total time for which application threads were stopped: 0,0000271 seconds, Stopping threads took: 0,0000079 seconds
2018-01-03T20:37:57.885-0200: 651,177: Total time for which application threads were stopped: 0,0000270 seconds, Stopping threads took: 0,0000079 seconds
2018-01-03T20:37:57.885-0200: 651,177: Total time for which application threads were stopped: 0,0000792 seconds, Stopping threads took: 0,0000078 seconds
2018-01-03T20:37:57.885-0200: 651,177: Total time for which application threads were stopped: 0,0000305 seconds, Stopping threads took: 0,0000090 seconds
2018-01-03T20:37:57.886-0200: 651,178: Total time for which application threads were stopped: 0,0000385 seconds, Stopping threads took: 0,0000118 seconds
2018-01-03T20:37:57.889-0200: 651,180: Total time for which application threads were stopped: 0,0000603 seconds, Stopping threads took: 0,0000177 seconds
2018-01-03T20:37:57.889-0200: 651,181: Total time for which application threads were stopped: 0,0000310 seconds, Stopping threads took: 0,0000086 seconds
2018-01-03T20:37:57.889-0200: 651,181: Total time for which application threads were stopped: 0,0000292 seconds, Stopping threads took: 0,0000081 seconds
2018-01-03T20:37:57.889-0200: 651,181: Total time for which application threads were stopped: 0,0000314 seconds, Stopping threads took: 0,0000093 seconds
2018-01-03T20:37:57.892-0200: 651,183: Total time for which application threads were stopped: 0,0000888 seconds, Stopping threads took: 0,0000226 seconds
2018-01-03T20:37:57.892-0200: 651,184: Total time for which application threads were stopped: 0,0000311 seconds, Stopping threads took: 0,0000086 seconds
2018-01-03T20:37:57.898-0200: 651,189: Total time for which application threads were stopped: 0,0001619 seconds, Stopping threads took: 0,0000240 seconds
2018-01-03T20:37:57.898-0200: 651,190: Total time for which application threads were stopped: 0,0000669 seconds, Stopping threads took: 0,0000148 seconds
2018-01-03T20:37:57.901-0200: 651,192: Total time for which application threads were stopped: 0,0001589 seconds, Stopping threads took: 0,0000519 seconds
2018-01-03T20:37:57.901-0200: 651,193: Total time for which application threads were stopped: 0,0000571 seconds, Stopping threads took: 0,0000109 seconds
2018-01-03T20:37:57.901-0200: 651,193: Total time for which application threads were stopped: 0,0000341 seconds, Stopping threads took: 0,0000094 seconds
2018-01-03T20:37:57.915-0200: 651,206: Total time for which application threads were stopped: 0,0001042 seconds, Stopping threads took: 0,0000208 seconds
2018-01-03T20:37:57.915-0200: 651,207: Total time for which application threads were stopped: 0,0000938 seconds, Stopping threads took: 0,0000283 seconds
2018-01-03T20:37:57.915-0200: 651,207: Total time for which application threads were stopped: 0,0000341 seconds, Stopping threads took: 0,0000103 seconds
2018-01-03T20:37:57.916-0200: 651,207: Total time for which application threads were stopped: 0,0000412 seconds, Stopping threads took: 0,0000109 seconds
2018-01-03T20:37:57.916-0200: 651,207: Total time for which application threads were stopped: 0,0000436 seconds, Stopping threads took: 0,0000086 seconds
2018-01-03T20:37:57.916-0200: 651,208: Total time for which application threads were stopped: 0,0000292 seconds, Stopping threads took: 0,0000081 seconds
2018-01-03T20:37:57.916-0200: 651,208: Total time for which application threads were stopped: 0,0000348 seconds, Stopping threads took: 0,0000098 seconds
2018-01-03T20:37:57.916-0200: 651,208: Total time for which application threads were stopped: 0,0000361 seconds, Stopping threads took: 0,0000099 seconds
2018-01-03T20:37:57.918-0200: 651,209: Total time for which application threads were stopped: 0,0000641 seconds, Stopping threads took: 0,0000198 seconds
2018-01-03T20:37:57.918-0200: 651,209: Total time for which application threads were stopped: 0,0000535 seconds, Stopping threads took: 0,0000146 seconds
2018-01-03T20:37:57.924-0200: 651,215: Total time for which application threads were stopped: 0,0000664 seconds, Stopping threads took: 0,0000243 seconds
2018-01-03T20:37:57.925-0200: 651,216: Total time for which application threads were stopped: 0,0000443 seconds, Stopping threads took: 0,0000136 seconds
2018-01-03T20:37:57.925-0200: 651,216: Total time for which application threads were stopped: 0,0000276 seconds, Stopping threads took: 0,0000081 seconds
2018-01-03T20:37:57.925-0200: 651,217: Total time for which application threads were stopped: 0,0000263 seconds, Stopping threads took: 0,0000079 seconds
2018-01-03T20:37:57.930-0200: 651,222: Total time for which application threads were stopped: 0,0000806 seconds, Stopping threads took: 0,0000223 seconds
2018-01-03T20:37:57.930-0200: 651,222: Total time for which application threads were stopped: 0,0000274 seconds, Stopping threads took: 0,0000085 seconds
2018-01-03T20:37:57.930-0200: 651,222: Total time for which application threads were stopped: 0,0000748 seconds, Stopping threads took: 0,0000082 seconds
2018-01-03T20:37:57.970-0200: 651,261: Total time for which application threads were stopped: 0,0000655 seconds, Stopping threads took: 0,0000195 seconds
2018-01-03T20:37:57.970-0200: 651,261: Total time for which application threads were stopped: 0,0000337 seconds, Stopping threads took: 0,0000100 seconds
2018-01-03T20:37:57.970-0200: 651,262: Total time for which application threads were stopped: 0,0000290 seconds, Stopping threads took: 0,0000087 seconds
2018-01-03T20:37:58.165-0200: 651,457: Total time for which application threads were stopped: 0,0000874 seconds, Stopping threads took: 0,0000273 seconds
2018-01-03T20:37:58.165-0200: 651,457: Total time for which application threads were stopped: 0,0000310 seconds, Stopping threads took: 0,0000093 seconds
2018-01-03T20:37:58.165-0200: 651,457: Total time for which application threads were stopped: 0,0000281 seconds, Stopping threads took: 0,0000086 seconds
2018-01-03T20:37:58.538-0200: 651,830: Total time for which application threads were stopped: 0,0000908 seconds, Stopping threads took: 0,0000224 seconds
2018-01-03T20:37:59.539-0200: 652,830: Total time for which application threads were stopped: 0,0000729 seconds, Stopping threads took: 0,0000196 seconds
2018-01-03T20:38:56.500-0200: 709,791: Total time for which application threads were stopped: 0,0000813 seconds, Stopping threads took: 0,0000352 seconds
{Heap before GC invocations=55 (full 1):
 par new generation   total 655360K, used 605303K [0x0000000700000000, 0x0000000730000000, 0x0000000730000000)
  eden space 524288K, 100% used [0x0000000700000000, 0x0000000720000000, 0x0000000720000000)
  from space 131072K,  61% used [0x0000000728000000, 0x000000072cf1dfc8, 0x0000000730000000)
  to   space 131072K,   0% used [0x0000000720000000, 0x0000000720000000, 0x0000000728000000)
 concurrent mark-sweep generation total 2359296K, used 474752K [0x0000000730000000, 0x00000007c0000000, 0x00000007c0000000)
 Metaspace       used 46865K, capacity 48743K, committed 48876K, reserved 1091584K
  class space    used 5386K, capacity 5880K, committed 6000K, reserved 1048576K
2018-01-03T20:39:01.330-0200: 714,622: [GC (Allocation Failure) 2018-01-03T20:39:01.330-0200: 714,622: [ParNew
Desired survivor size 120795952 bytes, new threshold 8 (max 8)
- age   1:   10778224 bytes,   10778224 total
- age   2:    5650160 bytes,   16428384 total
- age   3:    4150952 bytes,   20579336 total
- age   4:    5462208 bytes,   26041544 total
- age   5:    5887920 bytes,   31929464 total
- age   6:    7949616 bytes,   39879080 total
- age   7:    1778944 bytes,   41658024 total
- age   8:    8837752 bytes,   50495776 total
: 605303K->69020K(655360K), 0,2316023 secs] 1080056K->551029K(3014656K), 0,2316525 secs] [Times: user=0,09 sys=0,00, real=0,23 secs] 
Heap after GC invocations=56 (full 1):
 par new generation   total 655360K, used 69020K [0x0000000700000000, 0x0000000730000000, 0x0000000730000000)
  eden space 524288K,   0% used [0x0000000700000000, 0x0000000700000000, 0x0000000720000000)
  from space 131072K,  52% used [0x0000000720000000, 0x0000000724367250, 0x0000000728000000)
  to   space 131072K,   0% used [0x0000000728000000, 0x0000000728000000, 0x0000000730000000)
 concurrent mark-sweep generation total 2359296K, used 482008K [0x0000000730000000, 0x00000007c0000000, 0x00000007c0000000)
 Metaspace       used 46865K, capacity 48743K, committed 48876K, reserved 1091584K
  class space    used 5386K, capacity 5880K, committed 6000K, reserved 1048576K
}
2018-01-03T20:39:01.562-0200: 714,854: Total time for which application threads were stopped: 0,2319466 seconds, Stopping threads took: 0,0000250 seconds
2018-01-03T20:39:01.573-0200: 714,865: Total time for which application threads were stopped: 0,0002314 seconds, Stopping threads took: 0,0000238 seconds
2018-01-03T20:39:01.573-0200: 714,865: Total time for which application threads were stopped: 0,0000357 seconds, Stopping threads took: 0,0000079 seconds
2018-01-03T20:39:01.573-0200: 714,865: Total time for which application threads were stopped: 0,0000283 seconds, Stopping threads took: 0,0000053 seconds
2018-01-03T20:39:01.574-0200: 714,865: Total time for which application threads were stopped: 0,0000270 seconds, Stopping threads took: 0,0000052 seconds
2018-01-03T20:39:01.574-0200: 714,865: Total time for which application threads were stopped: 0,0000267 seconds, Stopping threads took: 0,0000047 seconds
2018-01-03T20:39:01.987-0200: 715,278: Total time for which application threads were stopped: 0,0000869 seconds, Stopping threads took: 0,0000270 seconds
2018-01-03T20:39:02.133-0200: 715,425: Total time for which application threads were stopped: 0,0059600 seconds, Stopping threads took: 0,0058664 seconds
2018-01-03T20:39:02.133-0200: 715,425: Total time for which application threads were stopped: 0,0000332 seconds, Stopping threads took: 0,0000077 seconds
2018-01-03T20:39:02.133-0200: 715,425: Total time for which application threads were stopped: 0,0000235 seconds, Stopping threads took: 0,0000054 seconds
2018-01-03T20:39:02.133-0200: 715,425: Total time for which application threads were stopped: 0,0000237 seconds, Stopping threads took: 0,0000049 seconds
2018-01-03T20:39:02.133-0200: 715,425: Total time for which application threads were stopped: 0,0000220 seconds, Stopping threads took: 0,0000044 seconds
2018-01-03T20:39:02.133-0200: 715,425: Total time for which application threads were stopped: 0,0000226 seconds, Stopping threads took: 0,0000047 seconds
2018-01-03T20:39:02.154-0200: 715,445: Total time for which application threads were stopped: 0,0096422 seconds, Stopping threads took: 0,0095305 seconds
2018-01-03T20:39:02.310-0200: 715,601: Total time for which application threads were stopped: 0,0001020 seconds, Stopping threads took: 0,0000205 seconds
2018-01-03T20:39:02.311-0200: 715,603: Total time for which application threads were stopped: 0,0000665 seconds, Stopping threads took: 0,0000161 seconds
2018-01-03T20:39:02.427-0200: 715,718: Total time for which application threads were stopped: 0,0000703 seconds, Stopping threads took: 0,0000200 seconds
2018-01-03T20:39:03.427-0200: 716,719: Total time for which application threads were stopped: 0,0000623 seconds, Stopping threads took: 0,0000201 seconds
2018-01-03T20:39:03.559-0200: 716,850: Total time for which application threads were stopped: 0,0000696 seconds, Stopping threads took: 0,0000189 seconds
2018-01-03T20:39:03.559-0200: 716,851: Total time for which application threads were stopped: 0,0000381 seconds, Stopping threads took: 0,0000098 seconds
2018-01-03T20:39:03.569-0200: 716,861: Total time for which application threads were stopped: 0,0000608 seconds, Stopping threads took: 0,0000204 seconds
2018-01-03T20:39:03.569-0200: 716,861: Total time for which application threads were stopped: 0,0000302 seconds, Stopping threads took: 0,0000099 seconds
2018-01-03T20:39:03.569-0200: 716,861: Total time for which application threads were stopped: 0,0000276 seconds, Stopping threads took: 0,0000088 seconds
2018-01-03T20:39:03.570-0200: 716,861: Total time for which application threads were stopped: 0,0000265 seconds, Stopping threads took: 0,0000084 seconds
2018-01-03T20:39:03.570-0200: 716,861: Total time for which application threads were stopped: 0,0000258 seconds, Stopping threads took: 0,0000083 seconds
2018-01-03T20:39:03.570-0200: 716,861: Total time for which application threads were stopped: 0,0000220 seconds, Stopping threads took: 0,0000046 seconds
2018-01-03T20:39:03.570-0200: 716,861: Total time for which application threads were stopped: 0,0000778 seconds, Stopping threads took: 0,0000044 seconds
2018-01-03T20:39:03.579-0200: 716,871: Total time for which application threads were stopped: 0,0000507 seconds, Stopping threads took: 0,0000159 seconds
2018-01-03T20:39:03.579-0200: 716,871: Total time for which application threads were stopped: 0,0000230 seconds, Stopping threads took: 0,0000051 seconds
2018-01-03T20:39:05.694-0200: 718,986: Total time for which application threads were stopped: 0,0000561 seconds, Stopping threads took: 0,0000154 seconds
2018-01-03T20:39:06.155-0200: 719,446: Total time for which application threads were stopped: 0,0001308 seconds, Stopping threads took: 0,0000332 seconds
2018-01-03T20:39:06.155-0200: 719,446: Total time for which application threads were stopped: 0,0000420 seconds, Stopping threads took: 0,0000097 seconds
2018-01-03T20:39:06.155-0200: 719,446: Total time for which application threads were stopped: 0,0000293 seconds, Stopping threads took: 0,0000083 seconds
2018-01-03T20:39:06.155-0200: 719,446: Total time for which application threads were stopped: 0,0000283 seconds, Stopping threads took: 0,0000079 seconds
2018-01-03T20:39:06.155-0200: 719,446: Total time for which application threads were stopped: 0,0000284 seconds, Stopping threads took: 0,0000081 seconds
2018-01-03T20:39:06.155-0200: 719,447: Total time for which application threads were stopped: 0,0000283 seconds, Stopping threads took: 0,0000080 seconds
2018-01-03T20:39:06.155-0200: 719,447: Total time for which application threads were stopped: 0,0000279 seconds, Stopping threads took: 0,0000080 seconds
2018-01-03T20:39:06.155-0200: 719,447: Total time for which application threads were stopped: 0,0000467 seconds, Stopping threads took: 0,0000241 seconds
2018-01-03T20:39:06.155-0200: 719,447: Total time for which application threads were stopped: 0,0000292 seconds, Stopping threads took: 0,0000086 seconds
2018-01-03T20:39:06.155-0200: 719,447: Total time for which application threads were stopped: 0,0000282 seconds, Stopping threads took: 0,0000080 seconds
2018-01-03T20:39:06.155-0200: 719,447: Total time for which application threads were stopped: 0,0000278 seconds, Stopping threads took: 0,0000079 seconds
2018-01-03T20:39:06.155-0200: 719,447: Total time for which application threads were stopped: 0,0000277 seconds, Stopping threads took: 0,0000080 seconds
2018-01-03T20:39:06.155-0200: 719,447: Total time for which application threads were stopped: 0,0000282 seconds, Stopping threads took: 0,0000082 seconds
2018-01-03T20:39:06.155-0200: 719,447: Total time for which application threads were stopped: 0,0000286 seconds, Stopping threads took: 0,0000080 seconds
2018-01-03T20:39:06.155-0200: 719,447: Total time for which application threads were stopped: 0,0000279 seconds, Stopping threads took: 0,0000079 seconds
2018-01-03T20:39:06.155-0200: 719,447: Total time for which application threads were stopped: 0,0000280 seconds, Stopping threads took: 0,0000080 seconds
2018-01-03T20:39:06.155-0200: 719,447: Total time for which application threads were stopped: 0,0000286 seconds, Stopping threads took: 0,0000081 seconds
2018-01-03T20:39:06.155-0200: 719,447: Total time for which application threads were stopped: 0,0000282 seconds, Stopping threads took: 0,0000079 seconds
2018-01-03T20:39:06.155-0200: 719,447: Total time for which application threads were stopped: 0,0000414 seconds, Stopping threads took: 0,0000080 seconds
2018-01-03T20:39:06.157-0200: 719,449: Total time for which application threads were stopped: 0,0000468 seconds, Stopping threads took: 0,0000131 seconds
2018-01-03T20:39:06.157-0200: 719,449: Total time for which application threads were stopped: 0,0000844 seconds, Stopping threads took: 0,0000082 seconds
2018-01-03T20:39:06.157-0200: 719,449: Total time for which application threads were stopped: 0,0000346 seconds, Stopping threads took: 0,0000100 seconds
2018-01-03T20:39:06.160-0200: 719,452: Total time for which application threads were stopped: 0,0000656 seconds, Stopping threads took: 0,0000189 seconds
2018-01-03T20:39:06.160-0200: 719,452: Total time for which application threads were stopped: 0,0000313 seconds, Stopping threads took: 0,0000084 seconds
2018-01-03T20:39:06.160-0200: 719,452: Total time for which application threads were stopped: 0,0000432 seconds, Stopping threads took: 0,0000081 seconds
2018-01-03T20:39:06.160-0200: 719,452: Total time for which application threads were stopped: 0,0000324 seconds, Stopping threads took: 0,0000096 seconds
2018-01-03T20:39:06.160-0200: 719,452: Total time for which application threads were stopped: 0,0000334 seconds, Stopping threads took: 0,0000097 seconds
2018-01-03T20:39:06.160-0200: 719,452: Total time for which application threads were stopped: 0,0000304 seconds, Stopping threads took: 0,0000082 seconds
2018-01-03T20:39:06.166-0200: 719,458: Total time for which application threads were stopped: 0,0000860 seconds, Stopping threads took: 0,0000302 seconds
2018-01-03T20:39:06.167-0200: 719,458: Total time for which application threads were stopped: 0,0000498 seconds, Stopping threads took: 0,0000124 seconds
2018-01-03T20:39:06.167-0200: 719,459: Total time for which application threads were stopped: 0,0000432 seconds, Stopping threads took: 0,0000108 seconds
2018-01-03T20:39:06.167-0200: 719,459: Total time for which application threads were stopped: 0,0000317 seconds, Stopping threads took: 0,0000085 seconds
2018-01-03T20:39:06.167-0200: 719,459: Total time for which application threads were stopped: 0,0000299 seconds, Stopping threads took: 0,0000086 seconds
2018-01-03T20:39:06.172-0200: 719,464: Total time for which application threads were stopped: 0,0001277 seconds, Stopping threads took: 0,0000316 seconds
2018-01-03T20:39:06.180-0200: 719,471: Total time for which application threads were stopped: 0,0000719 seconds, Stopping threads took: 0,0000222 seconds
2018-01-03T20:39:06.180-0200: 719,471: Total time for which application threads were stopped: 0,0000332 seconds, Stopping threads took: 0,0000091 seconds
2018-01-03T20:39:06.180-0200: 719,472: Total time for which application threads were stopped: 0,0000298 seconds, Stopping threads took: 0,0000084 seconds
2018-01-03T20:39:06.180-0200: 719,472: Total time for which application threads were stopped: 0,0000355 seconds, Stopping threads took: 0,0000099 seconds
2018-01-03T20:39:07.127-0200: 720,419: Total time for which application threads were stopped: 0,0001457 seconds, Stopping threads took: 0,0000237 seconds
2018-01-03T20:39:08.127-0200: 721,419: Total time for which application threads were stopped: 0,0001464 seconds, Stopping threads took: 0,0000444 seconds
2018-01-03T20:39:47.001-0200: 760,292: Total time for which application threads were stopped: 0,0001116 seconds, Stopping threads took: 0,0000245 seconds
2018-01-03T20:39:47.117-0200: 760,408: Total time for which application threads were stopped: 0,0056408 seconds, Stopping threads took: 0,0055815 seconds
2018-01-03T20:39:47.117-0200: 760,408: Total time for which application threads were stopped: 0,0000294 seconds, Stopping threads took: 0,0000071 seconds
2018-01-03T20:39:47.117-0200: 760,408: Total time for which application threads were stopped: 0,0000233 seconds, Stopping threads took: 0,0000051 seconds
2018-01-03T20:39:47.117-0200: 760,408: Total time for which application threads were stopped: 0,0000266 seconds, Stopping threads took: 0,0000051 seconds
2018-01-03T20:39:47.117-0200: 760,409: Total time for which application threads were stopped: 0,0000462 seconds, Stopping threads took: 0,0000047 seconds
2018-01-03T20:39:47.117-0200: 760,409: Total time for which application threads were stopped: 0,0000243 seconds, Stopping threads took: 0,0000052 seconds
2018-01-03T20:39:47.117-0200: 760,409: Total time for which application threads were stopped: 0,0000429 seconds, Stopping threads took: 0,0000111 seconds
2018-01-03T20:39:47.117-0200: 760,409: Total time for which application threads were stopped: 0,0000260 seconds, Stopping threads took: 0,0000054 seconds
2018-01-03T20:39:47.117-0200: 760,409: Total time for which application threads were stopped: 0,0000315 seconds, Stopping threads took: 0,0000055 seconds
2018-01-03T20:39:47.117-0200: 760,409: Total time for which application threads were stopped: 0,0000331 seconds, Stopping threads took: 0,0000058 seconds
2018-01-03T20:39:47.118-0200: 760,409: Total time for which application threads were stopped: 0,0000325 seconds, Stopping threads took: 0,0000061 seconds
2018-01-03T20:39:47.118-0200: 760,409: Total time for which application threads were stopped: 0,0000598 seconds, Stopping threads took: 0,0000097 seconds
2018-01-03T20:39:47.118-0200: 760,409: Total time for which application threads were stopped: 0,0000417 seconds, Stopping threads took: 0,0000055 seconds
2018-01-03T20:39:47.118-0200: 760,410: Total time for which application threads were stopped: 0,0000358 seconds, Stopping threads took: 0,0000073 seconds
2018-01-03T20:39:47.118-0200: 760,410: Total time for which application threads were stopped: 0,0000312 seconds, Stopping threads took: 0,0000062 seconds
2018-01-03T20:39:47.118-0200: 760,410: Total time for which application threads were stopped: 0,0000411 seconds, Stopping threads took: 0,0000077 seconds
2018-01-03T20:39:47.118-0200: 760,410: Total time for which application threads were stopped: 0,0000254 seconds, Stopping threads took: 0,0000049 seconds
2018-01-03T20:39:47.118-0200: 760,410: Total time for which application threads were stopped: 0,0000241 seconds, Stopping threads took: 0,0000043 seconds
2018-01-03T20:39:47.120-0200: 760,411: Total time for which application threads were stopped: 0,0014381 seconds, Stopping threads took: 0,0000044 seconds
2018-01-03T20:39:47.120-0200: 760,411: Total time for which application threads were stopped: 0,0000609 seconds, Stopping threads took: 0,0000086 seconds
2018-01-03T20:39:47.120-0200: 760,411: Total time for which application threads were stopped: 0,0000261 seconds, Stopping threads took: 0,0000052 seconds
2018-01-03T20:39:47.120-0200: 760,411: Total time for which application threads were stopped: 0,0000408 seconds, Stopping threads took: 0,0000053 seconds
2018-01-03T20:39:47.223-0200: 760,514: Total time for which application threads were stopped: 0,0000778 seconds, Stopping threads took: 0,0000198 seconds
2018-01-03T20:39:47.223-0200: 760,514: Total time for which application threads were stopped: 0,0000315 seconds, Stopping threads took: 0,0000099 seconds
2018-01-03T20:39:47.303-0200: 760,594: Total time for which application threads were stopped: 0,0001273 seconds, Stopping threads took: 0,0000445 seconds
2018-01-03T20:39:47.303-0200: 760,594: Total time for which application threads were stopped: 0,0001005 seconds, Stopping threads took: 0,0000151 seconds
2018-01-03T20:39:47.303-0200: 760,594: Total time for which application threads were stopped: 0,0000408 seconds, Stopping threads took: 0,0000130 seconds
2018-01-03T20:39:47.303-0200: 760,595: Total time for which application threads were stopped: 0,0000281 seconds, Stopping threads took: 0,0000087 seconds
2018-01-03T20:39:47.303-0200: 760,595: Total time for which application threads were stopped: 0,0000317 seconds, Stopping threads took: 0,0000100 seconds
2018-01-03T20:39:47.303-0200: 760,595: Total time for which application threads were stopped: 0,0000769 seconds, Stopping threads took: 0,0000082 seconds
2018-01-03T20:39:47.303-0200: 760,595: Total time for which application threads were stopped: 0,0000309 seconds, Stopping threads took: 0,0000100 seconds
2018-01-03T20:39:47.303-0200: 760,595: Total time for which application threads were stopped: 0,0000300 seconds, Stopping threads took: 0,0000099 seconds
2018-01-03T20:39:47.309-0200: 760,601: Total time for which application threads were stopped: 0,0000643 seconds, Stopping threads took: 0,0000216 seconds
2018-01-03T20:39:47.310-0200: 760,602: Total time for which application threads were stopped: 0,0000418 seconds, Stopping threads took: 0,0000132 seconds
2018-01-03T20:39:47.310-0200: 760,602: Total time for which application threads were stopped: 0,0000300 seconds, Stopping threads took: 0,0000098 seconds
2018-01-03T20:39:47.311-0200: 760,602: Total time for which application threads were stopped: 0,0000302 seconds, Stopping threads took: 0,0000098 seconds
2018-01-03T20:39:47.311-0200: 760,602: Total time for which application threads were stopped: 0,0000574 seconds, Stopping threads took: 0,0000257 seconds
2018-01-03T20:39:47.311-0200: 760,602: Total time for which application threads were stopped: 0,0000309 seconds, Stopping threads took: 0,0000098 seconds
2018-01-03T20:39:47.311-0200: 760,603: Total time for which application threads were stopped: 0,0000289 seconds, Stopping threads took: 0,0000091 seconds
2018-01-03T20:39:47.311-0200: 760,603: Total time for which application threads were stopped: 0,0000288 seconds, Stopping threads took: 0,0000094 seconds
2018-01-03T20:39:47.311-0200: 760,603: Total time for which application threads were stopped: 0,0000310 seconds, Stopping threads took: 0,0000101 seconds
2018-01-03T20:39:47.314-0200: 760,606: Total time for which application threads were stopped: 0,0000517 seconds, Stopping threads took: 0,0000204 seconds
2018-01-03T20:39:47.314-0200: 760,606: Total time for which application threads were stopped: 0,0000315 seconds, Stopping threads took: 0,0000104 seconds
2018-01-03T20:39:47.315-0200: 760,606: Total time for which application threads were stopped: 0,0000290 seconds, Stopping threads took: 0,0000094 seconds
2018-01-03T20:39:48.444-0200: 761,736: Total time for which application threads were stopped: 0,0000665 seconds, Stopping threads took: 0,0000217 seconds
2018-01-03T20:39:48.444-0200: 761,736: Total time for which application threads were stopped: 0,0000324 seconds, Stopping threads took: 0,0000101 seconds
2018-01-03T20:39:48.444-0200: 761,736: Total time for which application threads were stopped: 0,0000289 seconds, Stopping threads took: 0,0000088 seconds
2018-01-03T20:39:48.445-0200: 761,736: Total time for which application threads were stopped: 0,0000295 seconds, Stopping threads took: 0,0000093 seconds
2018-01-03T20:39:48.445-0200: 761,736: Total time for which application threads were stopped: 0,0000281 seconds, Stopping threads took: 0,0000087 seconds
2018-01-03T20:39:48.445-0200: 761,737: Total time for which application threads were stopped: 0,0000362 seconds, Stopping threads took: 0,0000115 seconds
2018-01-03T20:39:48.445-0200: 761,737: Total time for which application threads were stopped: 0,0000297 seconds, Stopping threads took: 0,0000093 seconds
2018-01-03T20:39:48.445-0200: 761,737: Total time for which application threads were stopped: 0,0000283 seconds, Stopping threads took: 0,0000087 seconds
2018-01-03T20:39:48.445-0200: 761,737: Total time for which application threads were stopped: 0,0000280 seconds, Stopping threads took: 0,0000085 seconds
2018-01-03T20:39:48.445-0200: 761,737: Total time for which application threads were stopped: 0,0000285 seconds, Stopping threads took: 0,0000087 seconds
2018-01-03T20:39:48.445-0200: 761,737: Total time for which application threads were stopped: 0,0000280 seconds, Stopping threads took: 0,0000089 seconds
2018-01-03T20:39:48.446-0200: 761,737: Total time for which application threads were stopped: 0,0000593 seconds, Stopping threads took: 0,0000085 seconds
2018-01-03T20:39:48.446-0200: 761,737: Total time for which application threads were stopped: 0,0000284 seconds, Stopping threads took: 0,0000089 seconds
2018-01-03T20:39:48.446-0200: 761,738: Total time for which application threads were stopped: 0,0000352 seconds, Stopping threads took: 0,0000108 seconds
2018-01-03T20:39:48.446-0200: 761,738: Total time for which application threads were stopped: 0,0000307 seconds, Stopping threads took: 0,0000094 seconds
2018-01-03T20:39:48.449-0200: 761,740: Total time for which application threads were stopped: 0,0000838 seconds, Stopping threads took: 0,0000420 seconds
2018-01-03T20:39:48.449-0200: 761,741: Total time for which application threads were stopped: 0,0000256 seconds, Stopping threads took: 0,0000057 seconds
2018-01-03T20:39:48.449-0200: 761,741: Total time for which application threads were stopped: 0,0000236 seconds, Stopping threads took: 0,0000049 seconds
2018-01-03T20:39:48.449-0200: 761,741: Total time for which application threads were stopped: 0,0000228 seconds, Stopping threads took: 0,0000044 seconds
2018-01-03T20:39:48.449-0200: 761,741: Total time for which application threads were stopped: 0,0000253 seconds, Stopping threads took: 0,0000050 seconds
2018-01-03T20:39:48.449-0200: 761,741: Total time for which application threads were stopped: 0,0000229 seconds, Stopping threads took: 0,0000043 seconds
2018-01-03T20:39:48.449-0200: 761,741: Total time for which application threads were stopped: 0,0000228 seconds, Stopping threads took: 0,0000046 seconds
2018-01-03T20:39:48.449-0200: 761,741: Total time for which application threads were stopped: 0,0000226 seconds, Stopping threads took: 0,0000044 seconds
2018-01-03T20:39:48.449-0200: 761,741: Total time for which application threads were stopped: 0,0000227 seconds, Stopping threads took: 0,0000044 seconds
2018-01-03T20:39:48.449-0200: 761,741: Total time for which application threads were stopped: 0,0000225 seconds, Stopping threads took: 0,0000045 seconds
2018-01-03T20:39:48.449-0200: 761,741: Total time for which application threads were stopped: 0,0000778 seconds, Stopping threads took: 0,0000042 seconds
2018-01-03T20:39:48.471-0200: 761,763: Total time for which application threads were stopped: 0,0002741 seconds, Stopping threads took: 0,0001636 seconds
2018-01-03T20:39:48.471-0200: 761,763: Total time for which application threads were stopped: 0,0000489 seconds, Stopping threads took: 0,0000153 seconds
2018-01-03T20:39:48.472-0200: 761,763: Total time for which application threads were stopped: 0,0000328 seconds, Stopping threads took: 0,0000066 seconds
2018-01-03T20:39:48.480-0200: 761,772: Total time for which application threads were stopped: 0,0000656 seconds, Stopping threads took: 0,0000174 seconds
2018-01-03T20:39:48.480-0200: 761,772: Total time for which application threads were stopped: 0,0000232 seconds, Stopping threads took: 0,0000051 seconds
2018-01-03T20:39:50.679-0200: 763,970: Total time for which application threads were stopped: 0,0000572 seconds, Stopping threads took: 0,0000154 seconds
2018-01-03T20:39:50.886-0200: 764,178: Total time for which application threads were stopped: 0,0001698 seconds, Stopping threads took: 0,0000440 seconds
2018-01-03T20:39:50.886-0200: 764,178: Total time for which application threads were stopped: 0,0000357 seconds, Stopping threads took: 0,0000104 seconds
2018-01-03T20:39:50.886-0200: 764,178: Total time for which application threads were stopped: 0,0000294 seconds, Stopping threads took: 0,0000085 seconds
2018-01-03T20:39:50.886-0200: 764,178: Total time for which application threads were stopped: 0,0000282 seconds, Stopping threads took: 0,0000080 seconds
2018-01-03T20:39:50.886-0200: 764,178: Total time for which application threads were stopped: 0,0000324 seconds, Stopping threads took: 0,0000091 seconds
2018-01-03T20:39:50.886-0200: 764,178: Total time for which application threads were stopped: 0,0000285 seconds, Stopping threads took: 0,0000084 seconds
2018-01-03T20:39:50.886-0200: 764,178: Total time for which application threads were stopped: 0,0000284 seconds, Stopping threads took: 0,0000083 seconds
2018-01-03T20:39:50.886-0200: 764,178: Total time for which application threads were stopped: 0,0000281 seconds, Stopping threads took: 0,0000081 seconds
2018-01-03T20:39:50.887-0200: 764,178: Total time for which application threads were stopped: 0,0000641 seconds, Stopping threads took: 0,0000412 seconds
2018-01-03T20:39:50.887-0200: 764,178: Total time for which application threads were stopped: 0,0000287 seconds, Stopping threads took: 0,0000084 seconds
2018-01-03T20:39:50.887-0200: 764,178: Total time for which application threads were stopped: 0,0000279 seconds, Stopping threads took: 0,0000081 seconds
2018-01-03T20:39:50.889-0200: 764,180: Total time for which application threads were stopped: 0,0000763 seconds, Stopping threads took: 0,0000232 seconds
2018-01-03T20:39:50.889-0200: 764,180: Total time for which application threads were stopped: 0,0000310 seconds, Stopping threads took: 0,0000091 seconds
2018-01-03T20:39:50.889-0200: 764,180: Total time for which application threads were stopped: 0,0000288 seconds, Stopping threads took: 0,0000085 seconds
2018-01-03T20:39:50.889-0200: 764,180: Total time for which application threads were stopped: 0,0000282 seconds, Stopping threads took: 0,0000082 seconds
2018-01-03T20:39:50.889-0200: 764,180: Total time for which application threads were stopped: 0,0000282 seconds, Stopping threads took: 0,0000085 seconds
2018-01-03T20:39:50.889-0200: 764,180: Total time for which application threads were stopped: 0,0000283 seconds, Stopping threads took: 0,0000084 seconds
2018-01-03T20:39:50.889-0200: 764,181: Total time for which application threads were stopped: 0,0000281 seconds, Stopping threads took: 0,0000080 seconds
2018-01-03T20:39:50.889-0200: 764,181: Total time for which application threads were stopped: 0,0000280 seconds, Stopping threads took: 0,0000080 seconds
2018-01-03T20:39:50.889-0200: 764,181: Total time for which application threads were stopped: 0,0000284 seconds, Stopping threads took: 0,0000084 seconds
2018-01-03T20:39:50.889-0200: 764,181: Total time for which application threads were stopped: 0,0000881 seconds, Stopping threads took: 0,0000091 seconds
2018-01-03T20:39:50.889-0200: 764,181: Total time for which application threads were stopped: 0,0000370 seconds, Stopping threads took: 0,0000102 seconds
2018-01-03T20:39:50.895-0200: 764,186: Total time for which application threads were stopped: 0,0000849 seconds, Stopping threads took: 0,0000263 seconds
2018-01-03T20:39:50.895-0200: 764,186: Total time for which application threads were stopped: 0,0000345 seconds, Stopping threads took: 0,0000100 seconds
2018-01-03T20:39:50.895-0200: 764,186: Total time for which application threads were stopped: 0,0000298 seconds, Stopping threads took: 0,0000084 seconds
2018-01-03T20:39:50.895-0200: 764,187: Total time for which application threads were stopped: 0,0000321 seconds, Stopping threads took: 0,0000094 seconds
2018-01-03T20:39:50.895-0200: 764,187: Total time for which application threads were stopped: 0,0000416 seconds, Stopping threads took: 0,0000098 seconds
2018-01-03T20:39:50.895-0200: 764,187: Total time for which application threads were stopped: 0,0000306 seconds, Stopping threads took: 0,0000085 seconds
2018-01-03T20:39:50.896-0200: 764,187: Total time for which application threads were stopped: 0,0000369 seconds, Stopping threads took: 0,0000104 seconds
2018-01-03T20:39:50.899-0200: 764,191: Total time for which application threads were stopped: 0,0000993 seconds, Stopping threads took: 0,0000254 seconds
2018-01-03T20:39:50.899-0200: 764,191: Total time for which application threads were stopped: 0,0000535 seconds, Stopping threads took: 0,0000104 seconds
2018-01-03T20:39:50.899-0200: 764,191: Total time for which application threads were stopped: 0,0000301 seconds, Stopping threads took: 0,0000087 seconds
2018-01-03T20:39:50.900-0200: 764,191: Total time for which application threads were stopped: 0,0000800 seconds, Stopping threads took: 0,0000317 seconds
2018-01-03T20:39:50.901-0200: 764,193: Total time for which application threads were stopped: 0,0001084 seconds, Stopping threads took: 0,0000348 seconds
2018-01-03T20:39:50.901-0200: 764,193: Total time for which application threads were stopped: 0,0000487 seconds, Stopping threads took: 0,0000140 seconds
2018-01-03T20:39:50.902-0200: 764,193: Total time for which application threads were stopped: 0,0000352 seconds, Stopping threads took: 0,0000098 seconds
2018-01-03T20:39:50.903-0200: 764,195: Total time for which application threads were stopped: 0,0016930 seconds, Stopping threads took: 0,0000133 seconds
2018-01-03T20:39:51.904-0200: 765,196: Total time for which application threads were stopped: 0,0001613 seconds, Stopping threads took: 0,0000184 seconds
2018-01-03T20:39:52.904-0200: 766,196: Total time for which application threads were stopped: 0,0000627 seconds, Stopping threads took: 0,0000193 seconds
2018-01-03T20:40:48.480-0200: 821,772: Total time for which application threads were stopped: 0,0000899 seconds, Stopping threads took: 0,0000313 seconds
2018-01-03T20:41:03.485-0200: 836,776: Total time for which application threads were stopped: 0,0000946 seconds, Stopping threads took: 0,0000508 seconds
2018-01-03T20:41:51.218-0200: 884,510: Total time for which application threads were stopped: 0,0000678 seconds, Stopping threads took: 0,0000223 seconds
2018-01-03T20:41:51.334-0200: 884,626: Total time for which application threads were stopped: 0,0000889 seconds, Stopping threads took: 0,0000293 seconds
2018-01-03T20:41:51.377-0200: 884,669: Total time for which application threads were stopped: 0,0000680 seconds, Stopping threads took: 0,0000243 seconds
2018-01-03T20:41:51.377-0200: 884,669: Total time for which application threads were stopped: 0,0000337 seconds, Stopping threads took: 0,0000111 seconds
2018-01-03T20:41:51.377-0200: 884,669: Total time for which application threads were stopped: 0,0000290 seconds, Stopping threads took: 0,0000090 seconds
2018-01-03T20:41:51.378-0200: 884,669: Total time for which application threads were stopped: 0,0000996 seconds, Stopping threads took: 0,0000094 seconds
2018-01-03T20:41:51.388-0200: 884,680: Total time for which application threads were stopped: 0,0000758 seconds, Stopping threads took: 0,0000255 seconds
2018-01-03T20:41:51.391-0200: 884,682: Total time for which application threads were stopped: 0,0000967 seconds, Stopping threads took: 0,0000484 seconds
2018-01-03T20:41:51.391-0200: 884,682: Total time for which application threads were stopped: 0,0000291 seconds, Stopping threads took: 0,0000062 seconds
2018-01-03T20:41:51.391-0200: 884,682: Total time for which application threads were stopped: 0,0000237 seconds, Stopping threads took: 0,0000043 seconds
2018-01-03T20:41:51.391-0200: 884,682: Total time for which application threads were stopped: 0,0000228 seconds, Stopping threads took: 0,0000042 seconds
2018-01-03T20:41:51.391-0200: 884,682: Total time for which application threads were stopped: 0,0000227 seconds, Stopping threads took: 0,0000041 seconds
2018-01-03T20:41:51.391-0200: 884,682: Total time for which application threads were stopped: 0,0000226 seconds, Stopping threads took: 0,0000040 seconds
2018-01-03T20:41:51.391-0200: 884,682: Total time for which application threads were stopped: 0,0000224 seconds, Stopping threads took: 0,0000040 seconds
2018-01-03T20:41:51.391-0200: 884,683: Total time for which application threads were stopped: 0,0000226 seconds, Stopping threads took: 0,0000041 seconds
2018-01-03T20:41:51.391-0200: 884,683: Total time for which application threads were stopped: 0,0000225 seconds, Stopping threads took: 0,0000040 seconds
2018-01-03T20:41:51.391-0200: 884,683: Total time for which application threads were stopped: 0,0000230 seconds, Stopping threads took: 0,0000043 seconds
2018-01-03T20:41:51.391-0200: 884,683: Total time for which application threads were stopped: 0,0000237 seconds, Stopping threads took: 0,0000047 seconds
2018-01-03T20:41:51.391-0200: 884,683: Total time for which application threads were stopped: 0,0000227 seconds, Stopping threads took: 0,0000041 seconds
2018-01-03T20:41:51.391-0200: 884,683: Total time for which application threads were stopped: 0,0000226 seconds, Stopping threads took: 0,0000041 seconds
2018-01-03T20:41:51.391-0200: 884,683: Total time for which application threads were stopped: 0,0000454 seconds, Stopping threads took: 0,0000040 seconds
2018-01-03T20:41:51.391-0200: 884,683: Total time for which application threads were stopped: 0,0000237 seconds, Stopping threads took: 0,0000045 seconds
2018-01-03T20:41:51.391-0200: 884,683: Total time for which application threads were stopped: 0,0000224 seconds, Stopping threads took: 0,0000040 seconds
2018-01-03T20:41:51.391-0200: 884,683: Total time for which application threads were stopped: 0,0000226 seconds, Stopping threads took: 0,0000041 seconds
2018-01-03T20:41:51.391-0200: 884,683: Total time for which application threads were stopped: 0,0000226 seconds, Stopping threads took: 0,0000043 seconds
2018-01-03T20:41:51.391-0200: 884,683: Total time for which application threads were stopped: 0,0000223 seconds, Stopping threads took: 0,0000040 seconds
2018-01-03T20:41:51.391-0200: 884,683: Total time for which application threads were stopped: 0,0000719 seconds, Stopping threads took: 0,0000039 seconds
2018-01-03T20:41:52.392-0200: 885,684: Total time for which application threads were stopped: 0,0001877 seconds, Stopping threads took: 0,0000378 seconds
2018-01-03T20:41:58.399-0200: 891,691: Total time for which application threads were stopped: 0,0059551 seconds, Stopping threads took: 0,0059060 seconds
2018-01-03T20:41:58.441-0200: 891,733: Total time for which application threads were stopped: 0,0000622 seconds, Stopping threads took: 0,0000201 seconds
2018-01-03T20:41:58.451-0200: 891,742: Total time for which application threads were stopped: 0,0000826 seconds, Stopping threads took: 0,0000253 seconds
2018-01-03T20:41:58.451-0200: 891,742: Total time for which application threads were stopped: 0,0000328 seconds, Stopping threads took: 0,0000099 seconds
2018-01-03T20:41:58.451-0200: 891,742: Total time for which application threads were stopped: 0,0000287 seconds, Stopping threads took: 0,0000086 seconds
2018-01-03T20:41:58.451-0200: 891,742: Total time for which application threads were stopped: 0,0000279 seconds, Stopping threads took: 0,0000083 seconds
2018-01-03T20:41:58.451-0200: 891,742: Total time for which application threads were stopped: 0,0000276 seconds, Stopping threads took: 0,0000082 seconds
2018-01-03T20:41:58.451-0200: 891,742: Total time for which application threads were stopped: 0,0000273 seconds, Stopping threads took: 0,0000082 seconds
2018-01-03T20:41:58.451-0200: 891,742: Total time for which application threads were stopped: 0,0000278 seconds, Stopping threads took: 0,0000083 seconds
2018-01-03T20:41:58.451-0200: 891,743: Total time for which application threads were stopped: 0,0000277 seconds, Stopping threads took: 0,0000085 seconds
2018-01-03T20:41:58.451-0200: 891,743: Total time for which application threads were stopped: 0,0000385 seconds, Stopping threads took: 0,0000084 seconds
2018-01-03T20:41:58.451-0200: 891,743: Total time for which application threads were stopped: 0,0000291 seconds, Stopping threads took: 0,0000087 seconds
2018-01-03T20:41:58.451-0200: 891,743: Total time for which application threads were stopped: 0,0000276 seconds, Stopping threads took: 0,0000083 seconds
2018-01-03T20:41:58.451-0200: 891,743: Total time for which application threads were stopped: 0,0000271 seconds, Stopping threads took: 0,0000079 seconds
2018-01-03T20:41:58.451-0200: 891,743: Total time for which application threads were stopped: 0,0000271 seconds, Stopping threads took: 0,0000081 seconds
2018-01-03T20:41:58.451-0200: 891,743: Total time for which application threads were stopped: 0,0000274 seconds, Stopping threads took: 0,0000081 seconds
2018-01-03T20:41:58.451-0200: 891,743: Total time for which application threads were stopped: 0,0000302 seconds, Stopping threads took: 0,0000095 seconds
2018-01-03T20:41:58.479-0200: 891,771: Total time for which application threads were stopped: 0,0000679 seconds, Stopping threads took: 0,0000197 seconds
2018-01-03T20:41:58.480-0200: 891,771: Total time for which application threads were stopped: 0,0000443 seconds, Stopping threads took: 0,0000217 seconds
2018-01-03T20:41:58.480-0200: 891,771: Total time for which application threads were stopped: 0,0000301 seconds, Stopping threads took: 0,0000089 seconds
2018-01-03T20:41:59.480-0200: 892,772: Total time for which application threads were stopped: 0,0000975 seconds, Stopping threads took: 0,0000210 seconds
{Heap before GC invocations=56 (full 1):
 par new generation   total 655360K, used 593308K [0x0000000700000000, 0x0000000730000000, 0x0000000730000000)
  eden space 524288K, 100% used [0x0000000700000000, 0x0000000720000000, 0x0000000720000000)
  from space 131072K,  52% used [0x0000000720000000, 0x0000000724367250, 0x0000000728000000)
  to   space 131072K,   0% used [0x0000000728000000, 0x0000000728000000, 0x0000000730000000)
 concurrent mark-sweep generation total 2359296K, used 482008K [0x0000000730000000, 0x00000007c0000000, 0x00000007c0000000)
 Metaspace       used 50474K, capacity 52541K, committed 52844K, reserved 1095680K
  class space    used 5719K, capacity 6257K, committed 6384K, reserved 1048576K
2018-01-03T20:48:33.441-0200: 1286,732: [GC (Allocation Failure) 2018-01-03T20:48:33.441-0200: 1286,733: [ParNew
Desired survivor size 120795952 bytes, new threshold 8 (max 8)
- age   1:   11019320 bytes,   11019320 total
- age   2:    5989240 bytes,   17008560 total
- age   3:    5640384 bytes,   22648944 total
- age   4:    4150952 bytes,   26799896 total
- age   5:    5462208 bytes,   32262104 total
- age   6:    5887920 bytes,   38150024 total
- age   7:    7949616 bytes,   46099640 total
- age   8:    1778944 bytes,   47878584 total
: 593308K->65402K(655360K), 0,1863208 secs] 1075317K->556058K(3014656K), 0,1863867 secs] [Times: user=0,09 sys=0,01, real=0,19 secs] 
Heap after GC invocations=57 (full 1):
 par new generation   total 655360K, used 65402K [0x0000000700000000, 0x0000000730000000, 0x0000000730000000)
  eden space 524288K,   0% used [0x0000000700000000, 0x0000000700000000, 0x0000000720000000)
  from space 131072K,  49% used [0x0000000728000000, 0x000000072bfdeaa0, 0x0000000730000000)
  to   space 131072K,   0% used [0x0000000720000000, 0x0000000720000000, 0x0000000728000000)
 concurrent mark-sweep generation total 2359296K, used 490655K [0x0000000730000000, 0x00000007c0000000, 0x00000007c0000000)
 Metaspace       used 50474K, capacity 52541K, committed 52844K, reserved 1095680K
  class space    used 5719K, capacity 6257K, committed 6384K, reserved 1048576K
}
2018-01-03T20:48:33.627-0200: 1286,919: Total time for which application threads were stopped: 0,1865593 seconds, Stopping threads took: 0,0000340 seconds
2018-01-03T20:48:33.647-0200: 1286,938: Total time for which application threads were stopped: 0,0002342 seconds, Stopping threads took: 0,0001166 seconds
2018-01-03T20:48:33.647-0200: 1286,939: Total time for which application threads were stopped: 0,0000553 seconds, Stopping threads took: 0,0000077 seconds
2018-01-03T20:48:33.647-0200: 1286,939: Total time for which application threads were stopped: 0,0000292 seconds, Stopping threads took: 0,0000053 seconds
2018-01-03T20:48:33.647-0200: 1286,939: Total time for which application threads were stopped: 0,0000410 seconds, Stopping threads took: 0,0000046 seconds
2018-01-03T20:48:33.647-0200: 1286,939: Total time for which application threads were stopped: 0,0000665 seconds, Stopping threads took: 0,0000044 seconds
2018-01-03T20:48:33.956-0200: 1287,248: Total time for which application threads were stopped: 0,0000932 seconds, Stopping threads took: 0,0000282 seconds
2018-01-03T20:48:34.042-0200: 1287,334: Total time for which application threads were stopped: 0,0028864 seconds, Stopping threads took: 0,0028227 seconds
2018-01-03T20:48:34.042-0200: 1287,334: Total time for which application threads were stopped: 0,0000309 seconds, Stopping threads took: 0,0000075 seconds
2018-01-03T20:48:34.042-0200: 1287,334: Total time for which application threads were stopped: 0,0000247 seconds, Stopping threads took: 0,0000053 seconds
2018-01-03T20:48:34.042-0200: 1287,334: Total time for which application threads were stopped: 0,0000250 seconds, Stopping threads took: 0,0000048 seconds
2018-01-03T20:48:34.042-0200: 1287,334: Total time for which application threads were stopped: 0,0000234 seconds, Stopping threads took: 0,0000044 seconds
2018-01-03T20:48:34.042-0200: 1287,334: Total time for which application threads were stopped: 0,0000235 seconds, Stopping threads took: 0,0000047 seconds
2018-01-03T20:48:34.050-0200: 1287,342: Total time for which application threads were stopped: 0,0081387 seconds, Stopping threads took: 0,0000047 seconds
2018-01-03T20:48:34.050-0200: 1287,342: Total time for which application threads were stopped: 0,0000350 seconds, Stopping threads took: 0,0000084 seconds
2018-01-03T20:48:34.051-0200: 1287,342: Total time for which application threads were stopped: 0,0000236 seconds, Stopping threads took: 0,0000046 seconds
2018-01-03T20:48:34.051-0200: 1287,342: Total time for which application threads were stopped: 0,0000229 seconds, Stopping threads took: 0,0000042 seconds
2018-01-03T20:48:34.051-0200: 1287,342: Total time for which application threads were stopped: 0,0000226 seconds, Stopping threads took: 0,0000042 seconds
2018-01-03T20:48:34.051-0200: 1287,342: Total time for which application threads were stopped: 0,0000227 seconds, Stopping threads took: 0,0000042 seconds
2018-01-03T20:48:34.051-0200: 1287,342: Total time for which application threads were stopped: 0,0000228 seconds, Stopping threads took: 0,0000044 seconds
2018-01-03T20:48:34.053-0200: 1287,345: Total time for which application threads were stopped: 0,0000903 seconds, Stopping threads took: 0,0000233 seconds
2018-01-03T20:48:34.164-0200: 1287,455: Total time for which application threads were stopped: 0,0001086 seconds, Stopping threads took: 0,0000261 seconds
2018-01-03T20:48:34.164-0200: 1287,455: Total time for which application threads were stopped: 0,0000394 seconds, Stopping threads took: 0,0000110 seconds
2018-01-03T20:48:34.233-0200: 1287,525: Total time for which application threads were stopped: 0,0000761 seconds, Stopping threads took: 0,0000182 seconds
2018-01-03T20:48:34.233-0200: 1287,525: Total time for which application threads were stopped: 0,0000313 seconds, Stopping threads took: 0,0000094 seconds
2018-01-03T20:48:34.233-0200: 1287,525: Total time for which application threads were stopped: 0,0000314 seconds, Stopping threads took: 0,0000094 seconds
2018-01-03T20:48:34.234-0200: 1287,525: Total time for which application threads were stopped: 0,0000297 seconds, Stopping threads took: 0,0000094 seconds
2018-01-03T20:48:34.234-0200: 1287,525: Total time for which application threads were stopped: 0,0000278 seconds, Stopping threads took: 0,0000086 seconds
2018-01-03T20:48:34.234-0200: 1287,525: Total time for which application threads were stopped: 0,0000296 seconds, Stopping threads took: 0,0000092 seconds
2018-01-03T20:48:34.234-0200: 1287,525: Total time for which application threads were stopped: 0,0000274 seconds, Stopping threads took: 0,0000083 seconds
2018-01-03T20:48:34.234-0200: 1287,526: Total time for which application threads were stopped: 0,0000308 seconds, Stopping threads took: 0,0000098 seconds
2018-01-03T20:48:34.234-0200: 1287,526: Total time for which application threads were stopped: 0,0000278 seconds, Stopping threads took: 0,0000086 seconds
2018-01-03T20:48:34.234-0200: 1287,526: Total time for which application threads were stopped: 0,0000299 seconds, Stopping threads took: 0,0000093 seconds
2018-01-03T20:48:34.234-0200: 1287,526: Total time for which application threads were stopped: 0,0000716 seconds, Stopping threads took: 0,0000083 seconds
2018-01-03T20:48:34.234-0200: 1287,526: Total time for which application threads were stopped: 0,0000295 seconds, Stopping threads took: 0,0000094 seconds
2018-01-03T20:48:34.234-0200: 1287,526: Total time for which application threads were stopped: 0,0000318 seconds, Stopping threads took: 0,0000103 seconds
2018-01-03T20:48:34.235-0200: 1287,526: Total time for which application threads were stopped: 0,0000298 seconds, Stopping threads took: 0,0000093 seconds
2018-01-03T20:48:34.235-0200: 1287,526: Total time for which application threads were stopped: 0,0000297 seconds, Stopping threads took: 0,0000093 seconds
2018-01-03T20:48:34.235-0200: 1287,526: Total time for which application threads were stopped: 0,0000294 seconds, Stopping threads took: 0,0000089 seconds
2018-01-03T20:48:34.239-0200: 1287,530: Total time for which application threads were stopped: 0,0000767 seconds, Stopping threads took: 0,0000239 seconds
2018-01-03T20:48:34.239-0200: 1287,530: Total time for which application threads were stopped: 0,0000519 seconds, Stopping threads took: 0,0000160 seconds
2018-01-03T20:48:34.239-0200: 1287,531: Total time for which application threads were stopped: 0,0000369 seconds, Stopping threads took: 0,0000115 seconds
2018-01-03T20:48:34.239-0200: 1287,531: Total time for which application threads were stopped: 0,0000363 seconds, Stopping threads took: 0,0000132 seconds
2018-01-03T20:48:34.239-0200: 1287,531: Total time for which application threads were stopped: 0,0000325 seconds, Stopping threads took: 0,0000096 seconds
2018-01-03T20:48:35.240-0200: 1288,531: Total time for which application threads were stopped: 0,0000680 seconds, Stopping threads took: 0,0000211 seconds
2018-01-03T20:48:35.315-0200: 1288,607: Total time for which application threads were stopped: 0,0000777 seconds, Stopping threads took: 0,0000129 seconds
2018-01-03T20:48:35.315-0200: 1288,607: Total time for which application threads were stopped: 0,0000263 seconds, Stopping threads took: 0,0000050 seconds
2018-01-03T20:48:35.315-0200: 1288,607: Total time for which application threads were stopped: 0,0000235 seconds, Stopping threads took: 0,0000042 seconds
2018-01-03T20:48:35.315-0200: 1288,607: Total time for which application threads were stopped: 0,0000427 seconds, Stopping threads took: 0,0000042 seconds
2018-01-03T20:48:35.315-0200: 1288,607: Total time for which application threads were stopped: 0,0000250 seconds, Stopping threads took: 0,0000048 seconds
2018-01-03T20:48:35.315-0200: 1288,607: Total time for which application threads were stopped: 0,0000226 seconds, Stopping threads took: 0,0000040 seconds
2018-01-03T20:48:35.315-0200: 1288,607: Total time for which application threads were stopped: 0,0000227 seconds, Stopping threads took: 0,0000041 seconds
2018-01-03T20:48:35.316-0200: 1288,607: Total time for which application threads were stopped: 0,0000226 seconds, Stopping threads took: 0,0000042 seconds
2018-01-03T20:48:35.316-0200: 1288,607: Total time for which application threads were stopped: 0,0000225 seconds, Stopping threads took: 0,0000042 seconds
2018-01-03T20:48:35.316-0200: 1288,607: Total time for which application threads were stopped: 0,0000227 seconds, Stopping threads took: 0,0000041 seconds
2018-01-03T20:48:35.316-0200: 1288,607: Total time for which application threads were stopped: 0,0000230 seconds, Stopping threads took: 0,0000044 seconds
2018-01-03T20:48:35.316-0200: 1288,607: Total time for which application threads were stopped: 0,0000226 seconds, Stopping threads took: 0,0000042 seconds
2018-01-03T20:48:35.316-0200: 1288,607: Total time for which application threads were stopped: 0,0000228 seconds, Stopping threads took: 0,0000042 seconds
2018-01-03T20:48:35.316-0200: 1288,607: Total time for which application threads were stopped: 0,0000227 seconds, Stopping threads took: 0,0000040 seconds
2018-01-03T20:48:35.316-0200: 1288,607: Total time for which application threads were stopped: 0,0000730 seconds, Stopping threads took: 0,0000040 seconds
2018-01-03T20:48:35.328-0200: 1288,620: Total time for which application threads were stopped: 0,0000881 seconds, Stopping threads took: 0,0000202 seconds
2018-01-03T20:48:35.328-0200: 1288,620: Total time for which application threads were stopped: 0,0000421 seconds, Stopping threads took: 0,0000104 seconds
2018-01-03T20:48:35.335-0200: 1288,626: Total time for which application threads were stopped: 0,0000604 seconds, Stopping threads took: 0,0000200 seconds
2018-01-03T20:48:35.335-0200: 1288,626: Total time for which application threads were stopped: 0,0000272 seconds, Stopping threads took: 0,0000088 seconds
2018-01-03T20:48:46.869-0200: 1300,160: Total time for which application threads were stopped: 0,0000682 seconds, Stopping threads took: 0,0000247 seconds
2018-01-03T20:48:47.031-0200: 1300,322: Total time for which application threads were stopped: 0,0000994 seconds, Stopping threads took: 0,0000241 seconds
2018-01-03T20:48:47.031-0200: 1300,322: Total time for which application threads were stopped: 0,0000364 seconds, Stopping threads took: 0,0000097 seconds
2018-01-03T20:48:47.031-0200: 1300,322: Total time for which application threads were stopped: 0,0000313 seconds, Stopping threads took: 0,0000087 seconds
2018-01-03T20:48:47.031-0200: 1300,322: Total time for which application threads were stopped: 0,0000302 seconds, Stopping threads took: 0,0000084 seconds
2018-01-03T20:48:47.031-0200: 1300,322: Total time for which application threads were stopped: 0,0000302 seconds, Stopping threads took: 0,0000084 seconds
2018-01-03T20:48:47.031-0200: 1300,322: Total time for which application threads were stopped: 0,0000299 seconds, Stopping threads took: 0,0000082 seconds
2018-01-03T20:48:47.031-0200: 1300,322: Total time for which application threads were stopped: 0,0000300 seconds, Stopping threads took: 0,0000083 seconds
2018-01-03T20:48:47.031-0200: 1300,323: Total time for which application threads were stopped: 0,0000300 seconds, Stopping threads took: 0,0000081 seconds
2018-01-03T20:48:47.031-0200: 1300,323: Total time for which application threads were stopped: 0,0000423 seconds, Stopping threads took: 0,0000080 seconds
2018-01-03T20:48:47.031-0200: 1300,323: Total time for which application threads were stopped: 0,0000301 seconds, Stopping threads took: 0,0000084 seconds
2018-01-03T20:48:47.031-0200: 1300,323: Total time for which application threads were stopped: 0,0000316 seconds, Stopping threads took: 0,0000085 seconds
2018-01-03T20:48:47.031-0200: 1300,323: Total time for which application threads were stopped: 0,0000300 seconds, Stopping threads took: 0,0000081 seconds
2018-01-03T20:48:47.031-0200: 1300,323: Total time for which application threads were stopped: 0,0000295 seconds, Stopping threads took: 0,0000080 seconds
2018-01-03T20:48:47.031-0200: 1300,323: Total time for which application threads were stopped: 0,0000296 seconds, Stopping threads took: 0,0000082 seconds
2018-01-03T20:48:47.031-0200: 1300,323: Total time for which application threads were stopped: 0,0000294 seconds, Stopping threads took: 0,0000080 seconds
2018-01-03T20:48:47.031-0200: 1300,323: Total time for which application threads were stopped: 0,0000294 seconds, Stopping threads took: 0,0000080 seconds
2018-01-03T20:48:47.031-0200: 1300,323: Total time for which application threads were stopped: 0,0000296 seconds, Stopping threads took: 0,0000079 seconds
2018-01-03T20:48:47.031-0200: 1300,323: Total time for which application threads were stopped: 0,0000295 seconds, Stopping threads took: 0,0000082 seconds
2018-01-03T20:48:47.031-0200: 1300,323: Total time for which application threads were stopped: 0,0000296 seconds, Stopping threads took: 0,0000081 seconds
2018-01-03T20:48:47.031-0200: 1300,323: Total time for which application threads were stopped: 0,0000402 seconds, Stopping threads took: 0,0000174 seconds
2018-01-03T20:48:47.032-0200: 1300,323: Total time for which application threads were stopped: 0,0000842 seconds, Stopping threads took: 0,0000086 seconds
2018-01-03T20:48:47.032-0200: 1300,323: Total time for which application threads were stopped: 0,0000332 seconds, Stopping threads took: 0,0000093 seconds
2018-01-03T20:48:47.033-0200: 1300,325: Total time for which application threads were stopped: 0,0000430 seconds, Stopping threads took: 0,0000112 seconds
2018-01-03T20:48:47.033-0200: 1300,325: Total time for which application threads were stopped: 0,0000529 seconds, Stopping threads took: 0,0000271 seconds
2018-01-03T20:48:47.033-0200: 1300,325: Total time for which application threads were stopped: 0,0000338 seconds, Stopping threads took: 0,0000095 seconds
2018-01-03T20:48:47.033-0200: 1300,325: Total time for which application threads were stopped: 0,0000365 seconds, Stopping threads took: 0,0000101 seconds
2018-01-03T20:48:47.033-0200: 1300,325: Total time for which application threads were stopped: 0,0000320 seconds, Stopping threads took: 0,0000083 seconds
2018-01-03T20:48:47.034-0200: 1300,325: Total time for which application threads were stopped: 0,0000380 seconds, Stopping threads took: 0,0000102 seconds
2018-01-03T20:48:47.034-0200: 1300,326: Total time for which application threads were stopped: 0,0000365 seconds, Stopping threads took: 0,0000099 seconds
2018-01-03T20:48:47.039-0200: 1300,330: Total time for which application threads were stopped: 0,0001842 seconds, Stopping threads took: 0,0000683 seconds
2018-01-03T20:48:47.039-0200: 1300,330: Total time for which application threads were stopped: 0,0000820 seconds, Stopping threads took: 0,0000146 seconds
2018-01-03T20:48:47.045-0200: 1300,336: Total time for which application threads were stopped: 0,0000844 seconds, Stopping threads took: 0,0000207 seconds
2018-01-03T20:48:47.051-0200: 1300,342: Total time for which application threads were stopped: 0,0000819 seconds, Stopping threads took: 0,0000234 seconds
2018-01-03T20:48:47.051-0200: 1300,342: Total time for which application threads were stopped: 0,0000366 seconds, Stopping threads took: 0,0000102 seconds
2018-01-03T20:48:47.051-0200: 1300,343: Total time for which application threads were stopped: 0,0000387 seconds, Stopping threads took: 0,0000101 seconds
2018-01-03T20:48:48.054-0200: 1301,346: Total time for which application threads were stopped: 0,0001037 seconds, Stopping threads took: 0,0000182 seconds
2018-01-03T20:49:35.335-0200: 1348,627: Total time for which application threads were stopped: 0,0000952 seconds, Stopping threads took: 0,0000310 seconds
2018-01-03T20:54:19.011-0200: 1632,303: Total time for which application threads were stopped: 0,0000968 seconds, Stopping threads took: 0,0000283 seconds
2018-01-03T20:54:19.125-0200: 1632,417: Total time for which application threads were stopped: 0,0020832 seconds, Stopping threads took: 0,0020337 seconds
2018-01-03T20:54:19.125-0200: 1632,417: Total time for which application threads were stopped: 0,0000275 seconds, Stopping threads took: 0,0000059 seconds
2018-01-03T20:54:19.125-0200: 1632,417: Total time for which application threads were stopped: 0,0000243 seconds, Stopping threads took: 0,0000046 seconds
2018-01-03T20:54:19.125-0200: 1632,417: Total time for which application threads were stopped: 0,0000256 seconds, Stopping threads took: 0,0000048 seconds
2018-01-03T20:54:19.125-0200: 1632,417: Total time for which application threads were stopped: 0,0000237 seconds, Stopping threads took: 0,0000046 seconds
2018-01-03T20:54:19.125-0200: 1632,417: Total time for which application threads were stopped: 0,0000235 seconds, Stopping threads took: 0,0000043 seconds
2018-01-03T20:54:19.125-0200: 1632,417: Total time for which application threads were stopped: 0,0000276 seconds, Stopping threads took: 0,0000046 seconds
2018-01-03T20:54:19.125-0200: 1632,417: Total time for which application threads were stopped: 0,0000235 seconds, Stopping threads took: 0,0000043 seconds
2018-01-03T20:54:19.125-0200: 1632,417: Total time for which application threads were stopped: 0,0000229 seconds, Stopping threads took: 0,0000042 seconds
2018-01-03T20:54:19.126-0200: 1632,417: Total time for which application threads were stopped: 0,0000285 seconds, Stopping threads took: 0,0000055 seconds
2018-01-03T20:54:19.126-0200: 1632,417: Total time for which application threads were stopped: 0,0000705 seconds, Stopping threads took: 0,0000043 seconds
2018-01-03T20:54:19.128-0200: 1632,420: Total time for which application threads were stopped: 0,0001551 seconds, Stopping threads took: 0,0000376 seconds
2018-01-03T20:54:19.236-0200: 1632,527: Total time for which application threads were stopped: 0,0000989 seconds, Stopping threads took: 0,0000188 seconds
2018-01-03T20:54:19.236-0200: 1632,527: Total time for which application threads were stopped: 0,0000334 seconds, Stopping threads took: 0,0000099 seconds
2018-01-03T20:54:19.299-0200: 1632,590: Total time for which application threads were stopped: 0,0000748 seconds, Stopping threads took: 0,0000219 seconds
2018-01-03T20:54:19.299-0200: 1632,590: Total time for which application threads were stopped: 0,0000320 seconds, Stopping threads took: 0,0000095 seconds
2018-01-03T20:54:19.299-0200: 1632,590: Total time for which application threads were stopped: 0,0000283 seconds, Stopping threads took: 0,0000084 seconds
2018-01-03T20:54:19.299-0200: 1632,590: Total time for which application threads were stopped: 0,0000280 seconds, Stopping threads took: 0,0000083 seconds
2018-01-03T20:54:19.299-0200: 1632,591: Total time for which application threads were stopped: 0,0000321 seconds, Stopping threads took: 0,0000096 seconds
2018-01-03T20:54:20.445-0200: 1633,736: Total time for which application threads were stopped: 0,0000726 seconds, Stopping threads took: 0,0000243 seconds
2018-01-03T20:54:20.445-0200: 1633,736: Total time for which application threads were stopped: 0,0000344 seconds, Stopping threads took: 0,0000098 seconds
2018-01-03T20:54:20.445-0200: 1633,737: Total time for which application threads were stopped: 0,0000320 seconds, Stopping threads took: 0,0000094 seconds
2018-01-03T20:54:20.445-0200: 1633,737: Total time for which application threads were stopped: 0,0000291 seconds, Stopping threads took: 0,0000089 seconds
2018-01-03T20:54:20.445-0200: 1633,737: Total time for which application threads were stopped: 0,0000745 seconds, Stopping threads took: 0,0000089 seconds
2018-01-03T20:54:20.451-0200: 1633,743: Total time for which application threads were stopped: 0,0000941 seconds, Stopping threads took: 0,0000188 seconds
2018-01-03T20:54:20.452-0200: 1633,743: Total time for which application threads were stopped: 0,0000390 seconds, Stopping threads took: 0,0000102 seconds
2018-01-03T20:54:20.463-0200: 1633,754: Total time for which application threads were stopped: 0,0004349 seconds, Stopping threads took: 0,0003702 seconds
2018-01-03T20:54:20.463-0200: 1633,754: Total time for which application threads were stopped: 0,0000312 seconds, Stopping threads took: 0,0000064 seconds
2018-01-03T20:54:20.463-0200: 1633,754: Total time for which application threads were stopped: 0,0000255 seconds, Stopping threads took: 0,0000046 seconds
2018-01-03T20:54:20.463-0200: 1633,755: Total time for which application threads were stopped: 0,0000255 seconds, Stopping threads took: 0,0000047 seconds
2018-01-03T20:54:20.463-0200: 1633,755: Total time for which application threads were stopped: 0,0000381 seconds, Stopping threads took: 0,0000166 seconds
2018-01-03T20:54:20.463-0200: 1633,755: Total time for which application threads were stopped: 0,0000252 seconds, Stopping threads took: 0,0000047 seconds
2018-01-03T20:54:20.463-0200: 1633,755: Total time for which application threads were stopped: 0,0000250 seconds, Stopping threads took: 0,0000044 seconds
2018-01-03T20:54:20.463-0200: 1633,755: Total time for which application threads were stopped: 0,0000250 seconds, Stopping threads took: 0,0000045 seconds
2018-01-03T20:54:20.463-0200: 1633,755: Total time for which application threads were stopped: 0,0000247 seconds, Stopping threads took: 0,0000042 seconds
2018-01-03T20:54:20.463-0200: 1633,755: Total time for which application threads were stopped: 0,0000249 seconds, Stopping threads took: 0,0000044 seconds
2018-01-03T20:54:20.463-0200: 1633,755: Total time for which application threads were stopped: 0,0000247 seconds, Stopping threads took: 0,0000044 seconds
2018-01-03T20:54:20.463-0200: 1633,755: Total time for which application threads were stopped: 0,0000247 seconds, Stopping threads took: 0,0000044 seconds
2018-01-03T20:54:20.463-0200: 1633,755: Total time for which application threads were stopped: 0,0000248 seconds, Stopping threads took: 0,0000043 seconds
2018-01-03T20:54:20.463-0200: 1633,755: Total time for which application threads were stopped: 0,0000246 seconds, Stopping threads took: 0,0000044 seconds
2018-01-03T20:54:20.463-0200: 1633,755: Total time for which application threads were stopped: 0,0000248 seconds, Stopping threads took: 0,0000045 seconds
2018-01-03T20:54:20.463-0200: 1633,755: Total time for which application threads were stopped: 0,0000247 seconds, Stopping threads took: 0,0000044 seconds
2018-01-03T20:54:20.463-0200: 1633,755: Total time for which application threads were stopped: 0,0000247 seconds, Stopping threads took: 0,0000043 seconds
2018-01-03T20:54:20.468-0200: 1633,759: Total time for which application threads were stopped: 0,0000577 seconds, Stopping threads took: 0,0000144 seconds
2018-01-03T20:54:20.469-0200: 1633,761: Total time for which application threads were stopped: 0,0000632 seconds, Stopping threads took: 0,0000160 seconds
2018-01-03T20:54:21.470-0200: 1634,761: Total time for which application threads were stopped: 0,0000683 seconds, Stopping threads took: 0,0000188 seconds
2018-01-03T20:54:23.750-0200: 1637,042: Total time for which application threads were stopped: 0,0000682 seconds, Stopping threads took: 0,0000152 seconds
2018-01-03T20:54:24.329-0200: 1637,621: Total time for which application threads were stopped: 0,0001084 seconds, Stopping threads took: 0,0000257 seconds
2018-01-03T20:54:24.329-0200: 1637,621: Total time for which application threads were stopped: 0,0000353 seconds, Stopping threads took: 0,0000093 seconds
2018-01-03T20:54:24.329-0200: 1637,621: Total time for which application threads were stopped: 0,0000306 seconds, Stopping threads took: 0,0000085 seconds
2018-01-03T20:54:24.329-0200: 1637,621: Total time for which application threads were stopped: 0,0000302 seconds, Stopping threads took: 0,0000086 seconds
2018-01-03T20:54:24.329-0200: 1637,621: Total time for which application threads were stopped: 0,0000325 seconds, Stopping threads took: 0,0000093 seconds
2018-01-03T20:54:24.330-0200: 1637,621: Total time for which application threads were stopped: 0,0000299 seconds, Stopping threads took: 0,0000084 seconds
2018-01-03T20:54:24.330-0200: 1637,621: Total time for which application threads were stopped: 0,0000298 seconds, Stopping threads took: 0,0000084 seconds
2018-01-03T20:54:24.330-0200: 1637,621: Total time for which application threads were stopped: 0,0000410 seconds, Stopping threads took: 0,0000084 seconds
2018-01-03T20:54:24.330-0200: 1637,621: Total time for which application threads were stopped: 0,0000308 seconds, Stopping threads took: 0,0000087 seconds
2018-01-03T20:54:24.330-0200: 1637,621: Total time for which application threads were stopped: 0,0000296 seconds, Stopping threads took: 0,0000084 seconds
2018-01-03T20:54:24.330-0200: 1637,621: Total time for which application threads were stopped: 0,0000298 seconds, Stopping threads took: 0,0000084 seconds
2018-01-03T20:54:24.330-0200: 1637,621: Total time for which application threads were stopped: 0,0000293 seconds, Stopping threads took: 0,0000082 seconds
2018-01-03T20:54:24.330-0200: 1637,621: Total time for which application threads were stopped: 0,0000297 seconds, Stopping threads took: 0,0000082 seconds
2018-01-03T20:54:24.330-0200: 1637,621: Total time for which application threads were stopped: 0,0000299 seconds, Stopping threads took: 0,0000082 seconds
2018-01-03T20:54:24.330-0200: 1637,622: Total time for which application threads were stopped: 0,0000302 seconds, Stopping threads took: 0,0000084 seconds
2018-01-03T20:54:24.330-0200: 1637,622: Total time for which application threads were stopped: 0,0000300 seconds, Stopping threads took: 0,0000081 seconds
2018-01-03T20:54:24.330-0200: 1637,622: Total time for which application threads were stopped: 0,0000303 seconds, Stopping threads took: 0,0000084 seconds
2018-01-03T20:54:24.330-0200: 1637,622: Total time for which application threads were stopped: 0,0000344 seconds, Stopping threads took: 0,0000085 seconds
2018-01-03T20:54:24.330-0200: 1637,622: Total time for which application threads were stopped: 0,0000404 seconds, Stopping threads took: 0,0000086 seconds
2018-01-03T20:54:24.330-0200: 1637,622: Total time for which application threads were stopped: 0,0000308 seconds, Stopping threads took: 0,0000086 seconds
2018-01-03T20:54:24.330-0200: 1637,622: Total time for which application threads were stopped: 0,0000847 seconds, Stopping threads took: 0,0000083 seconds
2018-01-03T20:54:24.330-0200: 1637,622: Total time for which application threads were stopped: 0,0000323 seconds, Stopping threads took: 0,0000091 seconds
2018-01-03T20:54:24.335-0200: 1637,626: Total time for which application threads were stopped: 0,0000784 seconds, Stopping threads took: 0,0000209 seconds
2018-01-03T20:54:24.335-0200: 1637,626: Total time for which application threads were stopped: 0,0000600 seconds, Stopping threads took: 0,0000099 seconds
2018-01-03T20:54:24.335-0200: 1637,626: Total time for which application threads were stopped: 0,0000333 seconds, Stopping threads took: 0,0000093 seconds
2018-01-03T20:54:24.335-0200: 1637,626: Total time for which application threads were stopped: 0,0000338 seconds, Stopping threads took: 0,0000097 seconds
2018-01-03T20:54:24.335-0200: 1637,627: Total time for which application threads were stopped: 0,0000366 seconds, Stopping threads took: 0,0000099 seconds
2018-01-03T20:54:24.335-0200: 1637,627: Total time for which application threads were stopped: 0,0000322 seconds, Stopping threads took: 0,0000084 seconds
2018-01-03T20:54:24.336-0200: 1637,627: Total time for which application threads were stopped: 0,0000434 seconds, Stopping threads took: 0,0000110 seconds
2018-01-03T20:54:24.336-0200: 1637,627: Total time for which application threads were stopped: 0,0000391 seconds, Stopping threads took: 0,0000103 seconds
2018-01-03T20:54:24.336-0200: 1637,628: Total time for which application threads were stopped: 0,0000393 seconds, Stopping threads took: 0,0000103 seconds
2018-01-03T20:54:24.336-0200: 1637,628: Total time for which application threads were stopped: 0,0000482 seconds, Stopping threads took: 0,0000089 seconds
2018-01-03T20:54:24.336-0200: 1637,628: Total time for which application threads were stopped: 0,0000311 seconds, Stopping threads took: 0,0000087 seconds
2018-01-03T20:54:24.338-0200: 1637,630: Total time for which application threads were stopped: 0,0000631 seconds, Stopping threads took: 0,0000178 seconds
2018-01-03T20:54:24.339-0200: 1637,630: Total time for which application threads were stopped: 0,0000470 seconds, Stopping threads took: 0,0000118 seconds
2018-01-03T20:54:24.339-0200: 1637,631: Total time for which application threads were stopped: 0,0000322 seconds, Stopping threads took: 0,0000086 seconds
2018-01-03T20:54:24.339-0200: 1637,631: Total time for which application threads were stopped: 0,0000315 seconds, Stopping threads took: 0,0000085 seconds
2018-01-03T20:54:24.339-0200: 1637,631: Total time for which application threads were stopped: 0,0000488 seconds, Stopping threads took: 0,0000218 seconds
2018-01-03T20:54:25.343-0200: 1638,634: Total time for which application threads were stopped: 0,0001290 seconds, Stopping threads took: 0,0000217 seconds
2018-01-03T20:54:26.343-0200: 1639,635: Total time for which application threads were stopped: 0,0001041 seconds, Stopping threads took: 0,0000394 seconds
2018-01-03T20:54:52.674-0200: 1665,966: Total time for which application threads were stopped: 0,0000615 seconds, Stopping threads took: 0,0000197 seconds
2018-01-03T20:54:52.689-0200: 1665,981: Total time for which application threads were stopped: 0,0000724 seconds, Stopping threads took: 0,0000250 seconds
2018-01-03T20:54:52.713-0200: 1666,004: Total time for which application threads were stopped: 0,0000746 seconds, Stopping threads took: 0,0000228 seconds
2018-01-03T20:54:52.713-0200: 1666,005: Total time for which application threads were stopped: 0,0000338 seconds, Stopping threads took: 0,0000103 seconds
2018-01-03T20:54:52.713-0200: 1666,005: Total time for which application threads were stopped: 0,0000288 seconds, Stopping threads took: 0,0000091 seconds
2018-01-03T20:54:52.713-0200: 1666,005: Total time for which application threads were stopped: 0,0000287 seconds, Stopping threads took: 0,0000091 seconds
2018-01-03T20:54:52.713-0200: 1666,005: Total time for which application threads were stopped: 0,0000464 seconds, Stopping threads took: 0,0000219 seconds
2018-01-03T20:54:52.723-0200: 1666,015: Total time for which application threads were stopped: 0,0000631 seconds, Stopping threads took: 0,0000218 seconds
2018-01-03T20:54:52.725-0200: 1666,017: Total time for which application threads were stopped: 0,0000590 seconds, Stopping threads took: 0,0000171 seconds
2018-01-03T20:54:52.725-0200: 1666,017: Total time for which application threads were stopped: 0,0000306 seconds, Stopping threads took: 0,0000087 seconds
2018-01-03T20:54:52.725-0200: 1666,017: Total time for which application threads were stopped: 0,0000509 seconds, Stopping threads took: 0,0000081 seconds
2018-01-03T20:54:52.725-0200: 1666,017: Total time for which application threads were stopped: 0,0000284 seconds, Stopping threads took: 0,0000082 seconds
2018-01-03T20:54:52.725-0200: 1666,017: Total time for which application threads were stopped: 0,0000278 seconds, Stopping threads took: 0,0000083 seconds
2018-01-03T20:54:52.725-0200: 1666,017: Total time for which application threads were stopped: 0,0000273 seconds, Stopping threads took: 0,0000080 seconds
2018-01-03T20:54:52.725-0200: 1666,017: Total time for which application threads were stopped: 0,0000275 seconds, Stopping threads took: 0,0000081 seconds
2018-01-03T20:54:52.726-0200: 1666,017: Total time for which application threads were stopped: 0,0000272 seconds, Stopping threads took: 0,0000080 seconds
2018-01-03T20:54:52.726-0200: 1666,017: Total time for which application threads were stopped: 0,0000270 seconds, Stopping threads took: 0,0000080 seconds
2018-01-03T20:54:52.726-0200: 1666,017: Total time for which application threads were stopped: 0,0000288 seconds, Stopping threads took: 0,0000085 seconds
2018-01-03T20:54:52.726-0200: 1666,017: Total time for which application threads were stopped: 0,0000278 seconds, Stopping threads took: 0,0000085 seconds
2018-01-03T20:54:52.726-0200: 1666,017: Total time for which application threads were stopped: 0,0000275 seconds, Stopping threads took: 0,0000081 seconds
2018-01-03T20:54:52.726-0200: 1666,017: Total time for which application threads were stopped: 0,0000270 seconds, Stopping threads took: 0,0000080 seconds
2018-01-03T20:54:52.726-0200: 1666,017: Total time for which application threads were stopped: 0,0000566 seconds, Stopping threads took: 0,0000081 seconds
2018-01-03T20:54:52.726-0200: 1666,018: Total time for which application threads were stopped: 0,0000427 seconds, Stopping threads took: 0,0000089 seconds
2018-01-03T20:54:52.726-0200: 1666,018: Total time for which application threads were stopped: 0,0000274 seconds, Stopping threads took: 0,0000079 seconds
2018-01-03T20:54:52.726-0200: 1666,018: Total time for which application threads were stopped: 0,0000273 seconds, Stopping threads took: 0,0000080 seconds
2018-01-03T20:54:52.726-0200: 1666,018: Total time for which application threads were stopped: 0,0000275 seconds, Stopping threads took: 0,0000080 seconds
2018-01-03T20:54:52.726-0200: 1666,018: Total time for which application threads were stopped: 0,0000274 seconds, Stopping threads took: 0,0000081 seconds
2018-01-03T20:54:52.726-0200: 1666,018: Total time for which application threads were stopped: 0,0000767 seconds, Stopping threads took: 0,0000077 seconds
2018-01-03T20:54:52.726-0200: 1666,018: Total time for which application threads were stopped: 0,0000308 seconds, Stopping threads took: 0,0000092 seconds
2018-01-03T20:54:53.727-0200: 1667,018: Total time for which application threads were stopped: 0,0001049 seconds, Stopping threads took: 0,0000194 seconds
2018-01-03T20:55:04.221-0200: 1677,513: Total time for which application threads were stopped: 0,0020250 seconds, Stopping threads took: 0,0019613 seconds
2018-01-03T20:55:04.221-0200: 1677,513: Total time for which application threads were stopped: 0,0000505 seconds, Stopping threads took: 0,0000100 seconds
2018-01-03T20:55:04.222-0200: 1677,513: Total time for which application threads were stopped: 0,0000308 seconds, Stopping threads took: 0,0000088 seconds
2018-01-03T20:55:04.222-0200: 1677,513: Total time for which application threads were stopped: 0,0000288 seconds, Stopping threads took: 0,0000083 seconds
2018-01-03T20:55:04.222-0200: 1677,513: Total time for which application threads were stopped: 0,0000285 seconds, Stopping threads took: 0,0000084 seconds
2018-01-03T20:55:04.222-0200: 1677,513: Total time for which application threads were stopped: 0,0000284 seconds, Stopping threads took: 0,0000084 seconds
2018-01-03T20:55:04.222-0200: 1677,513: Total time for which application threads were stopped: 0,0000279 seconds, Stopping threads took: 0,0000081 seconds
2018-01-03T20:55:04.222-0200: 1677,513: Total time for which application threads were stopped: 0,0000280 seconds, Stopping threads took: 0,0000081 seconds
2018-01-03T20:55:04.222-0200: 1677,513: Total time for which application threads were stopped: 0,0000283 seconds, Stopping threads took: 0,0000082 seconds
2018-01-03T20:55:04.222-0200: 1677,513: Total time for which application threads were stopped: 0,0000278 seconds, Stopping threads took: 0,0000079 seconds
2018-01-03T20:55:04.222-0200: 1677,513: Total time for which application threads were stopped: 0,0000278 seconds, Stopping threads took: 0,0000081 seconds
2018-01-03T20:55:04.222-0200: 1677,514: Total time for which application threads were stopped: 0,0000277 seconds, Stopping threads took: 0,0000078 seconds
2018-01-03T20:55:04.222-0200: 1677,514: Total time for which application threads were stopped: 0,0000280 seconds, Stopping threads took: 0,0000080 seconds
2018-01-03T20:55:04.222-0200: 1677,514: Total time for which application threads were stopped: 0,0000633 seconds, Stopping threads took: 0,0000089 seconds
2018-01-03T20:55:04.231-0200: 1677,523: Total time for which application threads were stopped: 0,0001320 seconds, Stopping threads took: 0,0000222 seconds
2018-01-03T20:55:04.231-0200: 1677,523: Total time for which application threads were stopped: 0,0000351 seconds, Stopping threads took: 0,0000100 seconds
2018-01-03T20:55:04.231-0200: 1677,523: Total time for which application threads were stopped: 0,0000295 seconds, Stopping threads took: 0,0000085 seconds
2018-01-03T20:55:05.232-0200: 1678,524: Total time for which application threads were stopped: 0,0001764 seconds, Stopping threads took: 0,0000373 seconds
2018-01-03T20:55:10.233-0200: 1683,525: Total time for which application threads were stopped: 0,0000949 seconds, Stopping threads took: 0,0000339 seconds
2018-01-03T20:55:14.241-0200: 1687,533: Total time for which application threads were stopped: 0,0025998 seconds, Stopping threads took: 0,0025085 seconds
2018-01-03T20:55:15.241-0200: 1688,533: Total time for which application threads were stopped: 0,0000731 seconds, Stopping threads took: 0,0000206 seconds
2018-01-03T20:55:20.470-0200: 1693,761: Total time for which application threads were stopped: 0,0000649 seconds, Stopping threads took: 0,0000176 seconds
{Heap before GC invocations=57 (full 1):
 par new generation   total 655360K, used 589690K [0x0000000700000000, 0x0000000730000000, 0x0000000730000000)
  eden space 524288K, 100% used [0x0000000700000000, 0x0000000720000000, 0x0000000720000000)
  from space 131072K,  49% used [0x0000000728000000, 0x000000072bfdeaa0, 0x0000000730000000)
  to   space 131072K,   0% used [0x0000000720000000, 0x0000000720000000, 0x0000000728000000)
 concurrent mark-sweep generation total 2359296K, used 490655K [0x0000000730000000, 0x00000007c0000000, 0x00000007c0000000)
 Metaspace       used 53745K, capacity 55991K, committed 56172K, reserved 1099776K
  class space    used 5999K, capacity 6566K, committed 6640K, reserved 1048576K
2018-01-03T20:57:03.903-0200: 1797,194: [GC (Allocation Failure) 2018-01-03T20:57:03.903-0200: 1797,194: [ParNew
Desired survivor size 120795952 bytes, new threshold 8 (max 8)
- age   1:   14112512 bytes,   14112512 total
- age   2:    6105576 bytes,   20218088 total
- age   3:    5625272 bytes,   25843360 total
- age   4:    5640240 bytes,   31483600 total
- age   5:    4150952 bytes,   35634552 total
- age   6:    5462208 bytes,   41096760 total
- age   7:    5887920 bytes,   46984680 total
- age   8:    7949616 bytes,   54934296 total
: 589690K->60184K(655360K), 0,2076032 secs] 1080346K->552577K(3014656K), 0,2077083 secs] [Times: user=0,10 sys=0,00, real=0,20 secs] 
Heap after GC invocations=58 (full 1):
 par new generation   total 655360K, used 60184K [0x0000000700000000, 0x0000000730000000, 0x0000000730000000)
  eden space 524288K,   0% used [0x0000000700000000, 0x0000000700000000, 0x0000000720000000)
  from space 131072K,  45% used [0x0000000720000000, 0x0000000723ac6310, 0x0000000728000000)
  to   space 131072K,   0% used [0x0000000728000000, 0x0000000728000000, 0x0000000730000000)
 concurrent mark-sweep generation total 2359296K, used 492392K [0x0000000730000000, 0x00000007c0000000, 0x00000007c0000000)
 Metaspace       used 53745K, capacity 55991K, committed 56172K, reserved 1099776K
  class space    used 5999K, capacity 6566K, committed 6640K, reserved 1048576K
}
2018-01-03T20:57:04.110-0200: 1797,402: Total time for which application threads were stopped: 0,2078484 seconds, Stopping threads took: 0,0000234 seconds
2018-01-03T20:57:04.123-0200: 1797,414: Total time for which application threads were stopped: 0,0036438 seconds, Stopping threads took: 0,0035075 seconds
2018-01-03T20:57:04.123-0200: 1797,415: Total time for which application threads were stopped: 0,0000524 seconds, Stopping threads took: 0,0000068 seconds
2018-01-03T20:57:04.123-0200: 1797,415: Total time for which application threads were stopped: 0,0000302 seconds, Stopping threads took: 0,0000055 seconds
2018-01-03T20:57:04.123-0200: 1797,415: Total time for which application threads were stopped: 0,0000269 seconds, Stopping threads took: 0,0000048 seconds
2018-01-03T20:57:04.513-0200: 1797,804: Total time for which application threads were stopped: 0,0001198 seconds, Stopping threads took: 0,0000466 seconds
2018-01-03T20:57:04.652-0200: 1797,943: Total time for which application threads were stopped: 0,0075950 seconds, Stopping threads took: 0,0075352 seconds
2018-01-03T20:57:04.652-0200: 1797,943: Total time for which application threads were stopped: 0,0000289 seconds, Stopping threads took: 0,0000069 seconds
2018-01-03T20:57:04.652-0200: 1797,944: Total time for which application threads were stopped: 0,0000236 seconds, Stopping threads took: 0,0000046 seconds
2018-01-03T20:57:04.652-0200: 1797,944: Total time for which application threads were stopped: 0,0000358 seconds, Stopping threads took: 0,0000045 seconds
2018-01-03T20:57:04.652-0200: 1797,944: Total time for which application threads were stopped: 0,0000236 seconds, Stopping threads took: 0,0000046 seconds
2018-01-03T20:57:04.652-0200: 1797,944: Total time for which application threads were stopped: 0,0000227 seconds, Stopping threads took: 0,0000044 seconds
2018-01-03T20:57:04.655-0200: 1797,946: Total time for which application threads were stopped: 0,0000522 seconds, Stopping threads took: 0,0000171 seconds
2018-01-03T20:57:04.655-0200: 1797,946: Total time for which application threads were stopped: 0,0000262 seconds, Stopping threads took: 0,0000053 seconds
2018-01-03T20:57:04.655-0200: 1797,946: Total time for which application threads were stopped: 0,0000229 seconds, Stopping threads took: 0,0000042 seconds
2018-01-03T20:57:04.655-0200: 1797,946: Total time for which application threads were stopped: 0,0000226 seconds, Stopping threads took: 0,0000041 seconds
2018-01-03T20:57:04.655-0200: 1797,946: Total time for which application threads were stopped: 0,0000224 seconds, Stopping threads took: 0,0000042 seconds
2018-01-03T20:57:04.655-0200: 1797,946: Total time for which application threads were stopped: 0,0000227 seconds, Stopping threads took: 0,0000042 seconds
2018-01-03T20:57:04.655-0200: 1797,947: Total time for which application threads were stopped: 0,0000392 seconds, Stopping threads took: 0,0000042 seconds
2018-01-03T20:57:04.655-0200: 1797,947: Total time for which application threads were stopped: 0,0000582 seconds, Stopping threads took: 0,0000044 seconds
2018-01-03T20:57:04.655-0200: 1797,947: Total time for which application threads were stopped: 0,0000243 seconds, Stopping threads took: 0,0000044 seconds
2018-01-03T20:57:04.655-0200: 1797,947: Total time for which application threads were stopped: 0,0000234 seconds, Stopping threads took: 0,0000042 seconds
2018-01-03T20:57:04.655-0200: 1797,947: Total time for which application threads were stopped: 0,0000467 seconds, Stopping threads took: 0,0000263 seconds
2018-01-03T20:57:04.655-0200: 1797,947: Total time for which application threads were stopped: 0,0000234 seconds, Stopping threads took: 0,0000044 seconds
2018-01-03T20:57:04.655-0200: 1797,947: Total time for which application threads were stopped: 0,0000440 seconds, Stopping threads took: 0,0000040 seconds
2018-01-03T20:57:04.655-0200: 1797,947: Total time for which application threads were stopped: 0,0000233 seconds, Stopping threads took: 0,0000040 seconds
2018-01-03T20:57:04.655-0200: 1797,947: Total time for which application threads were stopped: 0,0000230 seconds, Stopping threads took: 0,0000041 seconds
2018-01-03T20:57:04.667-0200: 1797,959: Total time for which application threads were stopped: 0,0041056 seconds, Stopping threads took: 0,0040185 seconds
2018-01-03T20:57:04.804-0200: 1798,095: Total time for which application threads were stopped: 0,0001053 seconds, Stopping threads took: 0,0000242 seconds
2018-01-03T20:57:04.804-0200: 1798,095: Total time for which application threads were stopped: 0,0000320 seconds, Stopping threads took: 0,0000094 seconds
2018-01-03T20:57:04.864-0200: 1798,155: Total time for which application threads were stopped: 0,0000674 seconds, Stopping threads took: 0,0000195 seconds
2018-01-03T20:57:04.864-0200: 1798,156: Total time for which application threads were stopped: 0,0000498 seconds, Stopping threads took: 0,0000105 seconds
2018-01-03T20:57:04.864-0200: 1798,156: Total time for which application threads were stopped: 0,0000312 seconds, Stopping threads took: 0,0000094 seconds
2018-01-03T20:57:04.864-0200: 1798,156: Total time for which application threads were stopped: 0,0000272 seconds, Stopping threads took: 0,0000079 seconds
2018-01-03T20:57:04.864-0200: 1798,156: Total time for which application threads were stopped: 0,0000927 seconds, Stopping threads took: 0,0000087 seconds
2018-01-03T20:57:04.864-0200: 1798,156: Total time for which application threads were stopped: 0,0000303 seconds, Stopping threads took: 0,0000093 seconds
2018-01-03T20:57:04.867-0200: 1798,158: Total time for which application threads were stopped: 0,0000775 seconds, Stopping threads took: 0,0000506 seconds
2018-01-03T20:57:04.867-0200: 1798,158: Total time for which application threads were stopped: 0,0000310 seconds, Stopping threads took: 0,0000094 seconds
2018-01-03T20:57:04.867-0200: 1798,158: Total time for which application threads were stopped: 0,0000291 seconds, Stopping threads took: 0,0000091 seconds
2018-01-03T20:57:04.874-0200: 1798,166: Total time for which application threads were stopped: 0,0000687 seconds, Stopping threads took: 0,0000212 seconds
2018-01-03T20:57:04.875-0200: 1798,167: Total time for which application threads were stopped: 0,0000423 seconds, Stopping threads took: 0,0000127 seconds
2018-01-03T20:57:04.875-0200: 1798,167: Total time for which application threads were stopped: 0,0000359 seconds, Stopping threads took: 0,0000107 seconds
2018-01-03T20:57:04.875-0200: 1798,167: Total time for which application threads were stopped: 0,0000306 seconds, Stopping threads took: 0,0000095 seconds
2018-01-03T20:57:04.876-0200: 1798,167: Total time for which application threads were stopped: 0,0000294 seconds, Stopping threads took: 0,0000089 seconds
2018-01-03T20:57:04.876-0200: 1798,167: Total time for which application threads were stopped: 0,0000301 seconds, Stopping threads took: 0,0000096 seconds
2018-01-03T20:57:04.876-0200: 1798,167: Total time for which application threads were stopped: 0,0000291 seconds, Stopping threads took: 0,0000088 seconds
2018-01-03T20:57:04.876-0200: 1798,168: Total time for which application threads were stopped: 0,0000292 seconds, Stopping threads took: 0,0000089 seconds
2018-01-03T20:57:04.876-0200: 1798,168: Total time for which application threads were stopped: 0,0000803 seconds, Stopping threads took: 0,0000417 seconds
2018-01-03T20:57:04.876-0200: 1798,168: Total time for which application threads were stopped: 0,0000461 seconds, Stopping threads took: 0,0000094 seconds
2018-01-03T20:57:05.943-0200: 1799,234: Total time for which application threads were stopped: 0,0000808 seconds, Stopping threads took: 0,0000143 seconds
2018-01-03T20:57:05.943-0200: 1799,235: Total time for which application threads were stopped: 0,0000268 seconds, Stopping threads took: 0,0000050 seconds
2018-01-03T20:57:05.943-0200: 1799,235: Total time for which application threads were stopped: 0,0000238 seconds, Stopping threads took: 0,0000044 seconds
2018-01-03T20:57:05.943-0200: 1799,235: Total time for which application threads were stopped: 0,0000753 seconds, Stopping threads took: 0,0000044 seconds
2018-01-03T20:57:05.955-0200: 1799,246: Total time for which application threads were stopped: 0,0000778 seconds, Stopping threads took: 0,0000202 seconds
2018-01-03T20:57:05.955-0200: 1799,246: Total time for which application threads were stopped: 0,0000368 seconds, Stopping threads took: 0,0000096 seconds
2018-01-03T20:57:05.965-0200: 1799,256: Total time for which application threads were stopped: 0,0000792 seconds, Stopping threads took: 0,0000383 seconds
2018-01-03T20:57:05.965-0200: 1799,256: Total time for which application threads were stopped: 0,0000234 seconds, Stopping threads took: 0,0000051 seconds
2018-01-03T20:57:06.965-0200: 1800,256: Total time for which application threads were stopped: 0,0001137 seconds, Stopping threads took: 0,0000502 seconds
2018-01-03T20:57:14.967-0200: 1808,259: Total time for which application threads were stopped: 0,0000818 seconds, Stopping threads took: 0,0000318 seconds
2018-01-03T20:57:17.993-0200: 1811,285: Total time for which application threads were stopped: 0,0000617 seconds, Stopping threads took: 0,0000138 seconds
2018-01-03T20:57:18.379-0200: 1811,671: Total time for which application threads were stopped: 0,0001537 seconds, Stopping threads took: 0,0000271 seconds
2018-01-03T20:57:18.379-0200: 1811,671: Total time for which application threads were stopped: 0,0000413 seconds, Stopping threads took: 0,0000102 seconds
2018-01-03T20:57:18.379-0200: 1811,671: Total time for which application threads were stopped: 0,0000326 seconds, Stopping threads took: 0,0000088 seconds
2018-01-03T20:57:18.380-0200: 1811,671: Total time for which application threads were stopped: 0,0000309 seconds, Stopping threads took: 0,0000081 seconds
2018-01-03T20:57:18.380-0200: 1811,671: Total time for which application threads were stopped: 0,0000311 seconds, Stopping threads took: 0,0000084 seconds
2018-01-03T20:57:18.380-0200: 1811,671: Total time for which application threads were stopped: 0,0000309 seconds, Stopping threads took: 0,0000084 seconds
2018-01-03T20:57:18.380-0200: 1811,671: Total time for which application threads were stopped: 0,0000622 seconds, Stopping threads took: 0,0000083 seconds
2018-01-03T20:57:18.380-0200: 1811,671: Total time for which application threads were stopped: 0,0000517 seconds, Stopping threads took: 0,0000278 seconds
2018-01-03T20:57:18.380-0200: 1811,671: Total time for which application threads were stopped: 0,0000310 seconds, Stopping threads took: 0,0000083 seconds
2018-01-03T20:57:18.380-0200: 1811,672: Total time for which application threads were stopped: 0,0000311 seconds, Stopping threads took: 0,0000085 seconds
2018-01-03T20:57:18.380-0200: 1811,672: Total time for which application threads were stopped: 0,0000306 seconds, Stopping threads took: 0,0000082 seconds
2018-01-03T20:57:18.380-0200: 1811,672: Total time for which application threads were stopped: 0,0000303 seconds, Stopping threads took: 0,0000081 seconds
2018-01-03T20:57:18.380-0200: 1811,672: Total time for which application threads were stopped: 0,0000303 seconds, Stopping threads took: 0,0000082 seconds
2018-01-03T20:57:18.380-0200: 1811,672: Total time for which application threads were stopped: 0,0000304 seconds, Stopping threads took: 0,0000082 seconds
2018-01-03T20:57:18.380-0200: 1811,672: Total time for which application threads were stopped: 0,0000302 seconds, Stopping threads took: 0,0000082 seconds
2018-01-03T20:57:18.380-0200: 1811,672: Total time for which application threads were stopped: 0,0000451 seconds, Stopping threads took: 0,0000087 seconds
2018-01-03T20:57:18.380-0200: 1811,672: Total time for which application threads were stopped: 0,0000309 seconds, Stopping threads took: 0,0000083 seconds
2018-01-03T20:57:18.380-0200: 1811,672: Total time for which application threads were stopped: 0,0000307 seconds, Stopping threads took: 0,0000083 seconds
2018-01-03T20:57:18.380-0200: 1811,672: Total time for which application threads were stopped: 0,0000304 seconds, Stopping threads took: 0,0000081 seconds
2018-01-03T20:57:18.380-0200: 1811,672: Total time for which application threads were stopped: 0,0000306 seconds, Stopping threads took: 0,0000083 seconds
2018-01-03T20:57:18.380-0200: 1811,672: Total time for which application threads were stopped: 0,0000866 seconds, Stopping threads took: 0,0000082 seconds
2018-01-03T20:57:18.381-0200: 1811,672: Total time for which application threads were stopped: 0,0000392 seconds, Stopping threads took: 0,0000090 seconds
2018-01-03T20:57:18.383-0200: 1811,675: Total time for which application threads were stopped: 0,0000718 seconds, Stopping threads took: 0,0000184 seconds
2018-01-03T20:57:18.383-0200: 1811,675: Total time for which application threads were stopped: 0,0000361 seconds, Stopping threads took: 0,0000089 seconds
2018-01-03T20:57:18.383-0200: 1811,675: Total time for which application threads were stopped: 0,0000328 seconds, Stopping threads took: 0,0000085 seconds
2018-01-03T20:57:18.384-0200: 1811,675: Total time for which application threads were stopped: 0,0000340 seconds, Stopping threads took: 0,0000093 seconds
2018-01-03T20:57:18.384-0200: 1811,675: Total time for which application threads were stopped: 0,0000366 seconds, Stopping threads took: 0,0000100 seconds
2018-01-03T20:57:18.384-0200: 1811,675: Total time for which application threads were stopped: 0,0000332 seconds, Stopping threads took: 0,0000089 seconds
2018-01-03T20:57:18.395-0200: 1811,687: Total time for which application threads were stopped: 0,0000826 seconds, Stopping threads took: 0,0000219 seconds
2018-01-03T20:57:18.396-0200: 1811,688: Total time for which application threads were stopped: 0,0001047 seconds, Stopping threads took: 0,0000119 seconds
2018-01-03T20:57:18.396-0200: 1811,688: Total time for which application threads were stopped: 0,0000347 seconds, Stopping threads took: 0,0000090 seconds
2018-01-03T20:57:18.396-0200: 1811,688: Total time for which application threads were stopped: 0,0000323 seconds, Stopping threads took: 0,0000084 seconds
2018-01-03T20:57:18.396-0200: 1811,688: Total time for which application threads were stopped: 0,0000878 seconds, Stopping threads took: 0,0000102 seconds
2018-01-03T20:57:18.400-0200: 1811,691: Total time for which application threads were stopped: 0,0001741 seconds, Stopping threads took: 0,0000249 seconds
2018-01-03T20:57:18.400-0200: 1811,691: Total time for which application threads were stopped: 0,0000620 seconds, Stopping threads took: 0,0000208 seconds
2018-01-03T20:57:19.418-0200: 1812,709: Total time for which application threads were stopped: 0,0152610 seconds, Stopping threads took: 0,0151601 seconds
2018-01-03T20:57:20.429-0200: 1813,721: Total time for which application threads were stopped: 0,0001193 seconds, Stopping threads took: 0,0000372 seconds
2018-01-03T20:58:05.965-0200: 1859,257: Total time for which application threads were stopped: 0,0000811 seconds, Stopping threads took: 0,0000318 seconds
2018-01-03T20:59:30.989-0200: 1944,280: Total time for which application threads were stopped: 0,0056314 seconds, Stopping threads took: 0,0055622 seconds
2018-01-03T20:59:31.074-0200: 1944,366: Total time for which application threads were stopped: 0,0001267 seconds, Stopping threads took: 0,0000363 seconds
2018-01-03T20:59:31.193-0200: 1944,484: Total time for which application threads were stopped: 0,0000926 seconds, Stopping threads took: 0,0000194 seconds
2018-01-03T20:59:31.193-0200: 1944,484: Total time for which application threads were stopped: 0,0000510 seconds, Stopping threads took: 0,0000101 seconds
2018-01-03T20:59:31.193-0200: 1944,484: Total time for which application threads were stopped: 0,0000305 seconds, Stopping threads took: 0,0000088 seconds
2018-01-03T20:59:31.193-0200: 1944,484: Total time for which application threads were stopped: 0,0000653 seconds, Stopping threads took: 0,0000084 seconds
2018-01-03T20:59:31.193-0200: 1944,484: Total time for which application threads were stopped: 0,0000452 seconds, Stopping threads took: 0,0000253 seconds
2018-01-03T20:59:31.193-0200: 1944,484: Total time for which application threads were stopped: 0,0000280 seconds, Stopping threads took: 0,0000081 seconds
2018-01-03T20:59:31.193-0200: 1944,485: Total time for which application threads were stopped: 0,0000305 seconds, Stopping threads took: 0,0000083 seconds
2018-01-03T20:59:31.193-0200: 1944,485: Total time for which application threads were stopped: 0,0000275 seconds, Stopping threads took: 0,0000079 seconds
2018-01-03T20:59:31.193-0200: 1944,485: Total time for which application threads were stopped: 0,0000272 seconds, Stopping threads took: 0,0000081 seconds
2018-01-03T20:59:31.193-0200: 1944,485: Total time for which application threads were stopped: 0,0000273 seconds, Stopping threads took: 0,0000080 seconds
2018-01-03T20:59:31.193-0200: 1944,485: Total time for which application threads were stopped: 0,0000269 seconds, Stopping threads took: 0,0000078 seconds
2018-01-03T20:59:31.193-0200: 1944,485: Total time for which application threads were stopped: 0,0000270 seconds, Stopping threads took: 0,0000078 seconds
2018-01-03T20:59:31.193-0200: 1944,485: Total time for which application threads were stopped: 0,0000273 seconds, Stopping threads took: 0,0000080 seconds
2018-01-03T20:59:31.193-0200: 1944,485: Total time for which application threads were stopped: 0,0000274 seconds, Stopping threads took: 0,0000080 seconds
2018-01-03T20:59:31.193-0200: 1944,485: Total time for which application threads were stopped: 0,0000458 seconds, Stopping threads took: 0,0000087 seconds
2018-01-03T20:59:31.193-0200: 1944,485: Total time for which application threads were stopped: 0,0000275 seconds, Stopping threads took: 0,0000081 seconds
2018-01-03T20:59:31.193-0200: 1944,485: Total time for which application threads were stopped: 0,0000274 seconds, Stopping threads took: 0,0000081 seconds
2018-01-03T20:59:31.193-0200: 1944,485: Total time for which application threads were stopped: 0,0000272 seconds, Stopping threads took: 0,0000078 seconds
2018-01-03T20:59:31.193-0200: 1944,485: Total time for which application threads were stopped: 0,0000272 seconds, Stopping threads took: 0,0000079 seconds
2018-01-03T20:59:31.193-0200: 1944,485: Total time for which application threads were stopped: 0,0000272 seconds, Stopping threads took: 0,0000081 seconds
2018-01-03T20:59:31.352-0200: 1944,644: Total time for which application threads were stopped: 0,0001631 seconds, Stopping threads took: 0,0000368 seconds
2018-01-03T20:59:31.354-0200: 1944,646: Total time for which application threads were stopped: 0,0000636 seconds, Stopping threads took: 0,0000181 seconds
2018-01-03T20:59:31.450-0200: 1944,741: Total time for which application threads were stopped: 0,0000745 seconds, Stopping threads took: 0,0000210 seconds
2018-01-03T20:59:31.450-0200: 1944,742: Total time for which application threads were stopped: 0,0000347 seconds, Stopping threads took: 0,0000110 seconds
2018-01-03T20:59:31.450-0200: 1944,742: Total time for which application threads were stopped: 0,0000319 seconds, Stopping threads took: 0,0000092 seconds
2018-01-03T20:59:31.450-0200: 1944,742: Total time for which application threads were stopped: 0,0000498 seconds, Stopping threads took: 0,0000082 seconds
2018-01-03T20:59:31.450-0200: 1944,742: Total time for which application threads were stopped: 0,0000299 seconds, Stopping threads took: 0,0000090 seconds
2018-01-03T20:59:31.450-0200: 1944,742: Total time for which application threads were stopped: 0,0000287 seconds, Stopping threads took: 0,0000084 seconds
2018-01-03T20:59:31.451-0200: 1944,742: Total time for which application threads were stopped: 0,0000351 seconds, Stopping threads took: 0,0000106 seconds
2018-01-03T20:59:31.451-0200: 1944,742: Total time for which application threads were stopped: 0,0000468 seconds, Stopping threads took: 0,0000086 seconds
2018-01-03T20:59:31.452-0200: 1944,744: Total time for which application threads were stopped: 0,0000371 seconds, Stopping threads took: 0,0000112 seconds
2018-01-03T20:59:31.452-0200: 1944,744: Total time for which application threads were stopped: 0,0000477 seconds, Stopping threads took: 0,0000085 seconds
2018-01-03T20:59:31.452-0200: 1944,744: Total time for which application threads were stopped: 0,0000314 seconds, Stopping threads took: 0,0000095 seconds
2018-01-03T20:59:31.453-0200: 1944,744: Total time for which application threads were stopped: 0,0000805 seconds, Stopping threads took: 0,0000081 seconds
2018-01-03T20:59:31.453-0200: 1944,744: Total time for which application threads were stopped: 0,0000481 seconds, Stopping threads took: 0,0000093 seconds
2018-01-03T20:59:31.453-0200: 1944,744: Total time for which application threads were stopped: 0,0000300 seconds, Stopping threads took: 0,0000093 seconds
2018-01-03T20:59:31.453-0200: 1944,745: Total time for which application threads were stopped: 0,0000462 seconds, Stopping threads took: 0,0000091 seconds
2018-01-03T20:59:31.453-0200: 1944,745: Total time for which application threads were stopped: 0,0000563 seconds, Stopping threads took: 0,0000091 seconds
2018-01-03T20:59:31.453-0200: 1944,745: Total time for which application threads were stopped: 0,0000342 seconds, Stopping threads took: 0,0000105 seconds
2018-01-03T20:59:31.454-0200: 1944,745: Total time for which application threads were stopped: 0,0000338 seconds, Stopping threads took: 0,0000102 seconds
2018-01-03T20:59:31.459-0200: 1944,750: Total time for which application threads were stopped: 0,0000942 seconds, Stopping threads took: 0,0000267 seconds
2018-01-03T20:59:31.459-0200: 1944,751: Total time for which application threads were stopped: 0,0000858 seconds, Stopping threads took: 0,0000411 seconds
2018-01-03T20:59:31.459-0200: 1944,751: Total time for which application threads were stopped: 0,0000444 seconds, Stopping threads took: 0,0000123 seconds
2018-01-03T20:59:31.459-0200: 1944,751: Total time for which application threads were stopped: 0,0000378 seconds, Stopping threads took: 0,0000096 seconds
2018-01-03T20:59:32.460-0200: 1945,751: Total time for which application threads were stopped: 0,0000782 seconds, Stopping threads took: 0,0000208 seconds
2018-01-03T20:59:32.536-0200: 1945,827: Total time for which application threads were stopped: 0,0000675 seconds, Stopping threads took: 0,0000195 seconds
2018-01-03T20:59:32.536-0200: 1945,827: Total time for which application threads were stopped: 0,0000322 seconds, Stopping threads took: 0,0000098 seconds
2018-01-03T20:59:32.536-0200: 1945,827: Total time for which application threads were stopped: 0,0000297 seconds, Stopping threads took: 0,0000088 seconds
2018-01-03T20:59:32.536-0200: 1945,827: Total time for which application threads were stopped: 0,0000292 seconds, Stopping threads took: 0,0000086 seconds
2018-01-03T20:59:32.536-0200: 1945,827: Total time for which application threads were stopped: 0,0000294 seconds, Stopping threads took: 0,0000086 seconds
2018-01-03T20:59:32.538-0200: 1945,829: Total time for which application threads were stopped: 0,0000510 seconds, Stopping threads took: 0,0000154 seconds
2018-01-03T20:59:32.538-0200: 1945,829: Total time for which application threads were stopped: 0,0000321 seconds, Stopping threads took: 0,0000095 seconds
2018-01-03T20:59:32.538-0200: 1945,829: Total time for which application threads were stopped: 0,0000294 seconds, Stopping threads took: 0,0000088 seconds
2018-01-03T20:59:32.538-0200: 1945,830: Total time for which application threads were stopped: 0,0000544 seconds, Stopping threads took: 0,0000090 seconds
2018-01-03T20:59:32.538-0200: 1945,830: Total time for which application threads were stopped: 0,0000305 seconds, Stopping threads took: 0,0000091 seconds
2018-01-03T20:59:32.538-0200: 1945,830: Total time for which application threads were stopped: 0,0000289 seconds, Stopping threads took: 0,0000085 seconds
2018-01-03T20:59:32.538-0200: 1945,830: Total time for which application threads were stopped: 0,0000289 seconds, Stopping threads took: 0,0000087 seconds
2018-01-03T20:59:32.538-0200: 1945,830: Total time for which application threads were stopped: 0,0000285 seconds, Stopping threads took: 0,0000084 seconds
2018-01-03T20:59:32.541-0200: 1945,832: Total time for which application threads were stopped: 0,0000675 seconds, Stopping threads took: 0,0000185 seconds
2018-01-03T20:59:32.541-0200: 1945,833: Total time for which application threads were stopped: 0,0000714 seconds, Stopping threads took: 0,0000262 seconds
2018-01-03T20:59:32.551-0200: 1945,842: Total time for which application threads were stopped: 0,0035878 seconds, Stopping threads took: 0,0035305 seconds
2018-01-03T20:59:32.551-0200: 1945,843: Total time for which application threads were stopped: 0,0000710 seconds, Stopping threads took: 0,0000234 seconds
2018-01-03T20:59:32.551-0200: 1945,843: Total time for which application threads were stopped: 0,0000245 seconds, Stopping threads took: 0,0000045 seconds
2018-01-03T20:59:32.551-0200: 1945,843: Total time for which application threads were stopped: 0,0000246 seconds, Stopping threads took: 0,0000046 seconds
2018-01-03T20:59:32.551-0200: 1945,843: Total time for which application threads were stopped: 0,0000245 seconds, Stopping threads took: 0,0000044 seconds
2018-01-03T20:59:32.551-0200: 1945,843: Total time for which application threads were stopped: 0,0000243 seconds, Stopping threads took: 0,0000045 seconds
2018-01-03T20:59:32.551-0200: 1945,843: Total time for which application threads were stopped: 0,0000406 seconds, Stopping threads took: 0,0000047 seconds
2018-01-03T20:59:32.551-0200: 1945,843: Total time for which application threads were stopped: 0,0000999 seconds, Stopping threads took: 0,0000047 seconds
2018-01-03T20:59:32.553-0200: 1945,845: Total time for which application threads were stopped: 0,0000559 seconds, Stopping threads took: 0,0000110 seconds
2018-01-03T20:59:32.553-0200: 1945,845: Total time for which application threads were stopped: 0,0000326 seconds, Stopping threads took: 0,0000048 seconds
2018-01-03T20:59:32.560-0200: 1945,852: Total time for which application threads were stopped: 0,0000506 seconds, Stopping threads took: 0,0000128 seconds
2018-01-03T20:59:32.560-0200: 1945,852: Total time for which application threads were stopped: 0,0000303 seconds, Stopping threads took: 0,0000083 seconds
2018-01-03T20:59:35.610-0200: 1948,902: Total time for which application threads were stopped: 0,0000633 seconds, Stopping threads took: 0,0000161 seconds
2018-01-03T20:59:35.627-0200: 1948,918: Total time for which application threads were stopped: 0,0000764 seconds, Stopping threads took: 0,0000218 seconds
2018-01-03T20:59:35.627-0200: 1948,919: Total time for which application threads were stopped: 0,0000348 seconds, Stopping threads took: 0,0000090 seconds
2018-01-03T20:59:35.628-0200: 1948,919: Total time for which application threads were stopped: 0,0008470 seconds, Stopping threads took: 0,0008190 seconds
2018-01-03T20:59:35.628-0200: 1948,919: Total time for which application threads were stopped: 0,0000307 seconds, Stopping threads took: 0,0000086 seconds
2018-01-03T20:59:35.628-0200: 1948,919: Total time for which application threads were stopped: 0,0000294 seconds, Stopping threads took: 0,0000078 seconds
2018-01-03T20:59:35.628-0200: 1948,920: Total time for which application threads were stopped: 0,0000293 seconds, Stopping threads took: 0,0000078 seconds
2018-01-03T20:59:35.628-0200: 1948,920: Total time for which application threads were stopped: 0,0000421 seconds, Stopping threads took: 0,0000077 seconds
2018-01-03T20:59:35.628-0200: 1948,920: Total time for which application threads were stopped: 0,0000297 seconds, Stopping threads took: 0,0000081 seconds
2018-01-03T20:59:35.628-0200: 1948,920: Total time for which application threads were stopped: 0,0000307 seconds, Stopping threads took: 0,0000084 seconds
2018-01-03T20:59:35.628-0200: 1948,920: Total time for which application threads were stopped: 0,0000292 seconds, Stopping threads took: 0,0000080 seconds
2018-01-03T20:59:35.628-0200: 1948,920: Total time for which application threads were stopped: 0,0000294 seconds, Stopping threads took: 0,0000080 seconds
2018-01-03T20:59:35.628-0200: 1948,920: Total time for which application threads were stopped: 0,0000289 seconds, Stopping threads took: 0,0000079 seconds
2018-01-03T20:59:35.628-0200: 1948,920: Total time for which application threads were stopped: 0,0000288 seconds, Stopping threads took: 0,0000076 seconds
2018-01-03T20:59:35.628-0200: 1948,920: Total time for which application threads were stopped: 0,0000291 seconds, Stopping threads took: 0,0000079 seconds
2018-01-03T20:59:35.628-0200: 1948,920: Total time for which application threads were stopped: 0,0000292 seconds, Stopping threads took: 0,0000081 seconds
2018-01-03T20:59:35.628-0200: 1948,920: Total time for which application threads were stopped: 0,0000289 seconds, Stopping threads took: 0,0000076 seconds
2018-01-03T20:59:35.628-0200: 1948,920: Total time for which application threads were stopped: 0,0000290 seconds, Stopping threads took: 0,0000079 seconds
2018-01-03T20:59:35.628-0200: 1948,920: Total time for which application threads were stopped: 0,0000307 seconds, Stopping threads took: 0,0000087 seconds
2018-01-03T20:59:35.629-0200: 1948,920: Total time for which application threads were stopped: 0,0000292 seconds, Stopping threads took: 0,0000080 seconds
2018-01-03T20:59:35.629-0200: 1948,920: Total time for which application threads were stopped: 0,0000295 seconds, Stopping threads took: 0,0000081 seconds
2018-01-03T20:59:35.629-0200: 1948,920: Total time for which application threads were stopped: 0,0000778 seconds, Stopping threads took: 0,0000078 seconds
2018-01-03T20:59:35.629-0200: 1948,920: Total time for which application threads were stopped: 0,0000318 seconds, Stopping threads took: 0,0000089 seconds
2018-01-03T20:59:35.635-0200: 1948,927: Total time for which application threads were stopped: 0,0000742 seconds, Stopping threads took: 0,0000204 seconds
2018-01-03T20:59:35.635-0200: 1948,927: Total time for which application threads were stopped: 0,0000486 seconds, Stopping threads took: 0,0000207 seconds
2018-01-03T20:59:35.635-0200: 1948,927: Total time for which application threads were stopped: 0,0000840 seconds, Stopping threads took: 0,0000101 seconds
2018-01-03T20:59:35.635-0200: 1948,927: Total time for which application threads were stopped: 0,0000344 seconds, Stopping threads took: 0,0000093 seconds
2018-01-03T20:59:35.635-0200: 1948,927: Total time for which application threads were stopped: 0,0000347 seconds, Stopping threads took: 0,0000094 seconds
2018-01-03T20:59:35.635-0200: 1948,927: Total time for which application threads were stopped: 0,0000311 seconds, Stopping threads took: 0,0000080 seconds
2018-01-03T20:59:35.636-0200: 1948,927: Total time for which application threads were stopped: 0,0000434 seconds, Stopping threads took: 0,0000098 seconds
2018-01-03T20:59:35.636-0200: 1948,928: Total time for which application threads were stopped: 0,0000357 seconds, Stopping threads took: 0,0000094 seconds
2018-01-03T20:59:35.636-0200: 1948,928: Total time for which application threads were stopped: 0,0000373 seconds, Stopping threads took: 0,0000098 seconds
2018-01-03T20:59:35.636-0200: 1948,928: Total time for which application threads were stopped: 0,0000308 seconds, Stopping threads took: 0,0000082 seconds
2018-01-03T20:59:35.643-0200: 1948,934: Total time for which application threads were stopped: 0,0000813 seconds, Stopping threads took: 0,0000216 seconds
2018-01-03T20:59:35.644-0200: 1948,935: Total time for which application threads were stopped: 0,0000677 seconds, Stopping threads took: 0,0000134 seconds
2018-01-03T20:59:35.644-0200: 1948,935: Total time for which application threads were stopped: 0,0000341 seconds, Stopping threads took: 0,0000090 seconds
2018-01-03T20:59:35.644-0200: 1948,935: Total time for which application threads were stopped: 0,0000367 seconds, Stopping threads took: 0,0000098 seconds
2018-01-03T20:59:36.644-0200: 1949,936: Total time for which application threads were stopped: 0,0000938 seconds, Stopping threads took: 0,0000208 seconds
2018-01-03T21:00:32.561-0200: 2005,852: Total time for which application threads were stopped: 0,0000826 seconds, Stopping threads took: 0,0000311 seconds
{Heap before GC invocations=58 (full 1):
 par new generation   total 655360K, used 584472K [0x0000000700000000, 0x0000000730000000, 0x0000000730000000)
  eden space 524288K, 100% used [0x0000000700000000, 0x0000000720000000, 0x0000000720000000)
  from space 131072K,  45% used [0x0000000720000000, 0x0000000723ac6310, 0x0000000728000000)
  to   space 131072K,   0% used [0x0000000728000000, 0x0000000728000000, 0x0000000730000000)
 concurrent mark-sweep generation total 2359296K, used 492392K [0x0000000730000000, 0x00000007c0000000, 0x00000007c0000000)
 Metaspace       used 56619K, capacity 59073K, committed 59244K, reserved 1101824K
  class space    used 6280K, capacity 6879K, committed 6896K, reserved 1048576K
2018-01-03T21:00:44.898-0200: 2018,189: [GC (Allocation Failure) 2018-01-03T21:00:44.898-0200: 2018,189: [ParNew
Desired survivor size 120795952 bytes, new threshold 8 (max 8)
- age   1:    9770736 bytes,    9770736 total
- age   2:    6461240 bytes,   16231976 total
- age   3:    5751864 bytes,   21983840 total
- age   4:    5625000 bytes,   27608840 total
- age   5:    5640240 bytes,   33249080 total
- age   6:    4150952 bytes,   37400032 total
- age   7:    5462208 bytes,   42862240 total
- age   8:    5887920 bytes,   48750160 total
: 584472K->69380K(655360K), 0,2567760 secs] 1076865K->569536K(3014656K), 0,2568427 secs] [Times: user=0,11 sys=0,00, real=0,25 secs] 
Heap after GC invocations=59 (full 1):
 par new generation   total 655360K, used 69380K [0x0000000700000000, 0x0000000730000000, 0x0000000730000000)
  eden space 524288K,   0% used [0x0000000700000000, 0x0000000700000000, 0x0000000720000000)
  from space 131072K,  52% used [0x0000000728000000, 0x000000072c3c1190, 0x0000000730000000)
  to   space 131072K,   0% used [0x0000000720000000, 0x0000000720000000, 0x0000000728000000)
 concurrent mark-sweep generation total 2359296K, used 500156K [0x0000000730000000, 0x00000007c0000000, 0x00000007c0000000)
 Metaspace       used 56619K, capacity 59073K, committed 59244K, reserved 1101824K
  class space    used 6280K, capacity 6879K, committed 6896K, reserved 1048576K
}
2018-01-03T21:00:45.154-0200: 2018,446: Total time for which application threads were stopped: 0,2569844 seconds, Stopping threads took: 0,0000236 seconds
2018-01-03T21:00:45.165-0200: 2018,457: Total time for which application threads were stopped: 0,0018030 seconds, Stopping threads took: 0,0016764 seconds
2018-01-03T21:00:45.170-0200: 2018,462: Total time for which application threads were stopped: 0,0000673 seconds, Stopping threads took: 0,0000161 seconds
2018-01-03T21:00:45.171-0200: 2018,462: Total time for which application threads were stopped: 0,0000311 seconds, Stopping threads took: 0,0000053 seconds
2018-01-03T21:00:45.171-0200: 2018,462: Total time for which application threads were stopped: 0,0000272 seconds, Stopping threads took: 0,0000047 seconds
2018-01-03T21:00:45.171-0200: 2018,462: Total time for which application threads were stopped: 0,0000270 seconds, Stopping threads took: 0,0000044 seconds
2018-01-03T21:00:45.171-0200: 2018,462: Total time for which application threads were stopped: 0,0000285 seconds, Stopping threads took: 0,0000048 seconds
2018-01-03T21:00:45.171-0200: 2018,462: Total time for which application threads were stopped: 0,0000268 seconds, Stopping threads took: 0,0000043 seconds
2018-01-03T21:00:45.171-0200: 2018,462: Total time for which application threads were stopped: 0,0000264 seconds, Stopping threads took: 0,0000043 seconds
2018-01-03T21:00:45.171-0200: 2018,462: Total time for which application threads were stopped: 0,0000264 seconds, Stopping threads took: 0,0000041 seconds
2018-01-03T21:00:45.171-0200: 2018,462: Total time for which application threads were stopped: 0,0000265 seconds, Stopping threads took: 0,0000043 seconds
2018-01-03T21:00:45.171-0200: 2018,463: Total time for which application threads were stopped: 0,0000264 seconds, Stopping threads took: 0,0000043 seconds
2018-01-03T21:00:45.171-0200: 2018,463: Total time for which application threads were stopped: 0,0000264 seconds, Stopping threads took: 0,0000042 seconds
2018-01-03T21:00:45.171-0200: 2018,463: Total time for which application threads were stopped: 0,0000840 seconds, Stopping threads took: 0,0000044 seconds
2018-01-03T21:00:45.171-0200: 2018,463: Total time for which application threads were stopped: 0,0000500 seconds, Stopping threads took: 0,0000051 seconds
2018-01-03T21:00:45.385-0200: 2018,677: Total time for which application threads were stopped: 0,0000992 seconds, Stopping threads took: 0,0000246 seconds
2018-01-03T21:00:45.459-0200: 2018,751: Total time for which application threads were stopped: 0,0000938 seconds, Stopping threads took: 0,0000302 seconds
2018-01-03T21:00:45.459-0200: 2018,751: Total time for which application threads were stopped: 0,0000346 seconds, Stopping threads took: 0,0000096 seconds
2018-01-03T21:00:45.459-0200: 2018,751: Total time for which application threads were stopped: 0,0000287 seconds, Stopping threads took: 0,0000081 seconds
2018-01-03T21:00:45.459-0200: 2018,751: Total time for which application threads were stopped: 0,0000301 seconds, Stopping threads took: 0,0000087 seconds
2018-01-03T21:00:45.459-0200: 2018,751: Total time for which application threads were stopped: 0,0000280 seconds, Stopping threads took: 0,0000082 seconds
2018-01-03T21:00:45.459-0200: 2018,751: Total time for which application threads were stopped: 0,0000291 seconds, Stopping threads took: 0,0000084 seconds
2018-01-03T21:00:45.459-0200: 2018,751: Total time for which application threads were stopped: 0,0000354 seconds, Stopping threads took: 0,0000093 seconds
2018-01-03T21:00:45.460-0200: 2018,751: Total time for which application threads were stopped: 0,0000530 seconds, Stopping threads took: 0,0000271 seconds
2018-01-03T21:00:45.460-0200: 2018,751: Total time for which application threads were stopped: 0,0000307 seconds, Stopping threads took: 0,0000086 seconds
2018-01-03T21:00:45.460-0200: 2018,751: Total time for which application threads were stopped: 0,0000306 seconds, Stopping threads took: 0,0000085 seconds
2018-01-03T21:00:45.460-0200: 2018,751: Total time for which application threads were stopped: 0,0000318 seconds, Stopping threads took: 0,0000090 seconds
2018-01-03T21:00:45.460-0200: 2018,751: Total time for which application threads were stopped: 0,0000324 seconds, Stopping threads took: 0,0000092 seconds
2018-01-03T21:00:45.460-0200: 2018,751: Total time for which application threads were stopped: 0,0000325 seconds, Stopping threads took: 0,0000096 seconds
2018-01-03T21:00:45.460-0200: 2018,751: Total time for which application threads were stopped: 0,0000320 seconds, Stopping threads took: 0,0000090 seconds
2018-01-03T21:00:45.460-0200: 2018,752: Total time for which application threads were stopped: 0,0000333 seconds, Stopping threads took: 0,0000094 seconds
2018-01-03T21:00:45.460-0200: 2018,752: Total time for which application threads were stopped: 0,0000345 seconds, Stopping threads took: 0,0000096 seconds
2018-01-03T21:00:45.461-0200: 2018,753: Total time for which application threads were stopped: 0,0000669 seconds, Stopping threads took: 0,0000202 seconds
2018-01-03T21:00:45.461-0200: 2018,753: Total time for which application threads were stopped: 0,0001164 seconds, Stopping threads took: 0,0000089 seconds
2018-01-03T21:00:45.546-0200: 2018,838: Total time for which application threads were stopped: 0,0000952 seconds, Stopping threads took: 0,0000238 seconds
2018-01-03T21:00:45.546-0200: 2018,838: Total time for which application threads were stopped: 0,0000331 seconds, Stopping threads took: 0,0000097 seconds
2018-01-03T21:00:45.637-0200: 2018,928: Total time for which application threads were stopped: 0,0000720 seconds, Stopping threads took: 0,0000205 seconds
2018-01-03T21:00:46.840-0200: 2020,131: Total time for which application threads were stopped: 0,0000815 seconds, Stopping threads took: 0,0000192 seconds
2018-01-03T21:00:46.840-0200: 2020,131: Total time for which application threads were stopped: 0,0000411 seconds, Stopping threads took: 0,0000123 seconds
2018-01-03T21:00:46.847-0200: 2020,138: Total time for which application threads were stopped: 0,0000775 seconds, Stopping threads took: 0,0000133 seconds
2018-01-03T21:00:46.847-0200: 2020,138: Total time for which application threads were stopped: 0,0000292 seconds, Stopping threads took: 0,0000057 seconds
2018-01-03T21:00:46.847-0200: 2020,138: Total time for which application threads were stopped: 0,0000242 seconds, Stopping threads took: 0,0000044 seconds
2018-01-03T21:00:46.847-0200: 2020,138: Total time for which application threads were stopped: 0,0000234 seconds, Stopping threads took: 0,0000045 seconds
2018-01-03T21:00:46.847-0200: 2020,139: Total time for which application threads were stopped: 0,0000237 seconds, Stopping threads took: 0,0000044 seconds
2018-01-03T21:00:46.847-0200: 2020,139: Total time for which application threads were stopped: 0,0000236 seconds, Stopping threads took: 0,0000044 seconds
2018-01-03T21:00:46.847-0200: 2020,139: Total time for which application threads were stopped: 0,0000231 seconds, Stopping threads took: 0,0000043 seconds
2018-01-03T21:00:46.847-0200: 2020,139: Total time for which application threads were stopped: 0,0000235 seconds, Stopping threads took: 0,0000044 seconds
2018-01-03T21:00:46.847-0200: 2020,139: Total time for which application threads were stopped: 0,0000234 seconds, Stopping threads took: 0,0000043 seconds
2018-01-03T21:00:46.847-0200: 2020,139: Total time for which application threads were stopped: 0,0000439 seconds, Stopping threads took: 0,0000043 seconds
2018-01-03T21:00:46.847-0200: 2020,139: Total time for which application threads were stopped: 0,0000247 seconds, Stopping threads took: 0,0000046 seconds
2018-01-03T21:00:46.847-0200: 2020,139: Total time for which application threads were stopped: 0,0000829 seconds, Stopping threads took: 0,0000043 seconds
2018-01-03T21:00:46.859-0200: 2020,150: Total time for which application threads were stopped: 0,0001069 seconds, Stopping threads took: 0,0000166 seconds
2018-01-03T21:00:46.859-0200: 2020,150: Total time for which application threads were stopped: 0,0000546 seconds, Stopping threads took: 0,0000059 seconds
2018-01-03T21:00:46.859-0200: 2020,150: Total time for which application threads were stopped: 0,0000611 seconds, Stopping threads took: 0,0000046 seconds
2018-01-03T21:00:47.859-0200: 2021,150: Total time for which application threads were stopped: 0,0000661 seconds, Stopping threads took: 0,0000188 seconds
2018-01-03T21:00:48.421-0200: 2021,712: Total time for which application threads were stopped: 0,0000623 seconds, Stopping threads took: 0,0000145 seconds
2018-01-03T21:00:48.423-0200: 2021,715: Total time for which application threads were stopped: 0,0000706 seconds, Stopping threads took: 0,0000193 seconds
2018-01-03T21:00:48.423-0200: 2021,715: Total time for which application threads were stopped: 0,0000346 seconds, Stopping threads took: 0,0000093 seconds
2018-01-03T21:00:48.423-0200: 2021,715: Total time for which application threads were stopped: 0,0000313 seconds, Stopping threads took: 0,0000084 seconds
2018-01-03T21:00:48.423-0200: 2021,715: Total time for which application threads were stopped: 0,0000306 seconds, Stopping threads took: 0,0000083 seconds
2018-01-03T21:00:48.423-0200: 2021,715: Total time for which application threads were stopped: 0,0000306 seconds, Stopping threads took: 0,0000084 seconds
2018-01-03T21:00:48.423-0200: 2021,715: Total time for which application threads were stopped: 0,0000432 seconds, Stopping threads took: 0,0000081 seconds
2018-01-03T21:00:48.423-0200: 2021,715: Total time for which application threads were stopped: 0,0000311 seconds, Stopping threads took: 0,0000087 seconds
2018-01-03T21:00:48.424-0200: 2021,715: Total time for which application threads were stopped: 0,0000303 seconds, Stopping threads took: 0,0000083 seconds
2018-01-03T21:00:48.424-0200: 2021,715: Total time for which application threads were stopped: 0,0000302 seconds, Stopping threads took: 0,0000082 seconds
2018-01-03T21:00:48.424-0200: 2021,715: Total time for which application threads were stopped: 0,0000304 seconds, Stopping threads took: 0,0000084 seconds
2018-01-03T21:00:48.424-0200: 2021,715: Total time for which application threads were stopped: 0,0000303 seconds, Stopping threads took: 0,0000082 seconds
2018-01-03T21:00:48.424-0200: 2021,715: Total time for which application threads were stopped: 0,0000263 seconds, Stopping threads took: 0,0000043 seconds
2018-01-03T21:00:48.424-0200: 2021,715: Total time for which application threads were stopped: 0,0000262 seconds, Stopping threads took: 0,0000044 seconds
2018-01-03T21:00:48.424-0200: 2021,715: Total time for which application threads were stopped: 0,0000259 seconds, Stopping threads took: 0,0000043 seconds
2018-01-03T21:00:48.424-0200: 2021,715: Total time for which application threads were stopped: 0,0000259 seconds, Stopping threads took: 0,0000044 seconds
2018-01-03T21:00:48.424-0200: 2021,715: Total time for which application threads were stopped: 0,0000260 seconds, Stopping threads took: 0,0000041 seconds
2018-01-03T21:00:48.424-0200: 2021,716: Total time for which application threads were stopped: 0,0000257 seconds, Stopping threads took: 0,0000040 seconds
2018-01-03T21:00:48.424-0200: 2021,716: Total time for which application threads were stopped: 0,0000365 seconds, Stopping threads took: 0,0000042 seconds
2018-01-03T21:00:48.424-0200: 2021,716: Total time for which application threads were stopped: 0,0000269 seconds, Stopping threads took: 0,0000045 seconds
2018-01-03T21:00:48.424-0200: 2021,716: Total time for which application threads were stopped: 0,0000280 seconds, Stopping threads took: 0,0000047 seconds
2018-01-03T21:00:48.424-0200: 2021,716: Total time for which application threads were stopped: 0,0000784 seconds, Stopping threads took: 0,0000043 seconds
2018-01-03T21:00:48.424-0200: 2021,716: Total time for which application threads were stopped: 0,0000292 seconds, Stopping threads took: 0,0000050 seconds
2018-01-03T21:00:48.428-0200: 2021,720: Total time for which application threads were stopped: 0,0000904 seconds, Stopping threads took: 0,0000253 seconds
2018-01-03T21:00:48.428-0200: 2021,720: Total time for which application threads were stopped: 0,0000387 seconds, Stopping threads took: 0,0000099 seconds
2018-01-03T21:00:48.429-0200: 2021,720: Total time for which application threads were stopped: 0,0001077 seconds, Stopping threads took: 0,0000097 seconds
2018-01-03T21:00:48.433-0200: 2021,724: Total time for which application threads were stopped: 0,0000905 seconds, Stopping threads took: 0,0000253 seconds
2018-01-03T21:00:48.443-0200: 2021,735: Total time for which application threads were stopped: 0,0000926 seconds, Stopping threads took: 0,0000252 seconds
2018-01-03T21:00:48.443-0200: 2021,735: Total time for which application threads were stopped: 0,0000434 seconds, Stopping threads took: 0,0000107 seconds
2018-01-03T21:00:48.444-0200: 2021,735: Total time for which application threads were stopped: 0,0000426 seconds, Stopping threads took: 0,0000108 seconds
2018-01-03T21:00:48.444-0200: 2021,736: Total time for which application threads were stopped: 0,0000337 seconds, Stopping threads took: 0,0000088 seconds
2018-01-03T21:00:48.445-0200: 2021,736: Total time for which application threads were stopped: 0,0000474 seconds, Stopping threads took: 0,0000119 seconds
2018-01-03T21:00:48.448-0200: 2021,740: Total time for which application threads were stopped: 0,0000982 seconds, Stopping threads took: 0,0000283 seconds
2018-01-03T21:00:48.449-0200: 2021,740: Total time for which application threads were stopped: 0,0000386 seconds, Stopping threads took: 0,0000097 seconds
2018-01-03T21:00:48.449-0200: 2021,740: Total time for which application threads were stopped: 0,0000389 seconds, Stopping threads took: 0,0000102 seconds
2018-01-03T21:00:49.449-0200: 2022,741: Total time for which application threads were stopped: 0,0000826 seconds, Stopping threads took: 0,0000191 seconds
2018-01-03T21:01:17.460-0200: 2050,752: Total time for which application threads were stopped: 0,0032865 seconds, Stopping threads took: 0,0032163 seconds
2018-01-03T21:01:17.540-0200: 2050,832: Total time for which application threads were stopped: 0,0052622 seconds, Stopping threads took: 0,0051778 seconds
2018-01-03T21:01:17.642-0200: 2050,934: Total time for which application threads were stopped: 0,0000972 seconds, Stopping threads took: 0,0000292 seconds
2018-01-03T21:01:17.643-0200: 2050,934: Total time for which application threads were stopped: 0,0000396 seconds, Stopping threads took: 0,0000112 seconds
2018-01-03T21:01:17.643-0200: 2050,934: Total time for which application threads were stopped: 0,0000299 seconds, Stopping threads took: 0,0000088 seconds
2018-01-03T21:01:17.643-0200: 2050,934: Total time for which application threads were stopped: 0,0000312 seconds, Stopping threads took: 0,0000089 seconds
2018-01-03T21:01:17.643-0200: 2050,934: Total time for which application threads were stopped: 0,0000300 seconds, Stopping threads took: 0,0000089 seconds
2018-01-03T21:01:17.643-0200: 2050,934: Total time for which application threads were stopped: 0,0000291 seconds, Stopping threads took: 0,0000086 seconds
2018-01-03T21:01:17.643-0200: 2050,935: Total time for which application threads were stopped: 0,0000390 seconds, Stopping threads took: 0,0000109 seconds
2018-01-03T21:01:17.643-0200: 2050,935: Total time for which application threads were stopped: 0,0000304 seconds, Stopping threads took: 0,0000087 seconds
2018-01-03T21:01:17.643-0200: 2050,935: Total time for which application threads were stopped: 0,0000515 seconds, Stopping threads took: 0,0000082 seconds
2018-01-03T21:01:17.643-0200: 2050,935: Total time for which application threads were stopped: 0,0000305 seconds, Stopping threads took: 0,0000087 seconds
2018-01-03T21:01:17.643-0200: 2050,935: Total time for which application threads were stopped: 0,0000302 seconds, Stopping threads took: 0,0000085 seconds
2018-01-03T21:01:17.643-0200: 2050,935: Total time for which application threads were stopped: 0,0000308 seconds, Stopping threads took: 0,0000086 seconds
2018-01-03T21:01:17.643-0200: 2050,935: Total time for which application threads were stopped: 0,0000559 seconds, Stopping threads took: 0,0000270 seconds
2018-01-03T21:01:17.643-0200: 2050,935: Total time for which application threads were stopped: 0,0000361 seconds, Stopping threads took: 0,0000097 seconds
2018-01-03T21:01:17.643-0200: 2050,935: Total time for which application threads were stopped: 0,0000353 seconds, Stopping threads took: 0,0000093 seconds
2018-01-03T21:01:17.644-0200: 2050,935: Total time for which application threads were stopped: 0,0000364 seconds, Stopping threads took: 0,0000104 seconds
2018-01-03T21:01:17.644-0200: 2050,935: Total time for which application threads were stopped: 0,0000370 seconds, Stopping threads took: 0,0000098 seconds
2018-01-03T21:01:17.644-0200: 2050,935: Total time for which application threads were stopped: 0,0000423 seconds, Stopping threads took: 0,0000116 seconds
2018-01-03T21:01:17.644-0200: 2050,935: Total time for which application threads were stopped: 0,0000376 seconds, Stopping threads took: 0,0000111 seconds
2018-01-03T21:01:17.644-0200: 2050,935: Total time for which application threads were stopped: 0,0000378 seconds, Stopping threads took: 0,0000110 seconds
2018-01-03T21:01:17.644-0200: 2050,935: Total time for which application threads were stopped: 0,0000356 seconds, Stopping threads took: 0,0000102 seconds
2018-01-03T21:01:17.764-0200: 2051,055: Total time for which application threads were stopped: 0,0000917 seconds, Stopping threads took: 0,0000207 seconds
2018-01-03T21:01:17.764-0200: 2051,055: Total time for which application threads were stopped: 0,0000353 seconds, Stopping threads took: 0,0000103 seconds
2018-01-03T21:01:17.818-0200: 2051,109: Total time for which application threads were stopped: 0,0000668 seconds, Stopping threads took: 0,0000201 seconds
2018-01-03T21:01:17.818-0200: 2051,109: Total time for which application threads were stopped: 0,0000399 seconds, Stopping threads took: 0,0000119 seconds
2018-01-03T21:01:17.818-0200: 2051,109: Total time for which application threads were stopped: 0,0000328 seconds, Stopping threads took: 0,0000091 seconds
2018-01-03T21:01:17.818-0200: 2051,110: Total time for which application threads were stopped: 0,0000296 seconds, Stopping threads took: 0,0000087 seconds
2018-01-03T21:01:17.818-0200: 2051,110: Total time for which application threads were stopped: 0,0000297 seconds, Stopping threads took: 0,0000085 seconds
2018-01-03T21:01:17.826-0200: 2051,117: Total time for which application threads were stopped: 0,0001003 seconds, Stopping threads took: 0,0000384 seconds
2018-01-03T21:01:17.827-0200: 2051,119: Total time for which application threads were stopped: 0,0001380 seconds, Stopping threads took: 0,0000139 seconds
2018-01-03T21:01:17.828-0200: 2051,120: Total time for which application threads were stopped: 0,0000721 seconds, Stopping threads took: 0,0000276 seconds
2018-01-03T21:01:17.829-0200: 2051,120: Total time for which application threads were stopped: 0,0000296 seconds, Stopping threads took: 0,0000060 seconds
2018-01-03T21:01:17.829-0200: 2051,120: Total time for which application threads were stopped: 0,0000292 seconds, Stopping threads took: 0,0000060 seconds
2018-01-03T21:01:17.829-0200: 2051,121: Total time for which application threads were stopped: 0,0000844 seconds, Stopping threads took: 0,0000135 seconds
2018-01-03T21:01:17.830-0200: 2051,122: Total time for which application threads were stopped: 0,0000463 seconds, Stopping threads took: 0,0000110 seconds
2018-01-03T21:01:17.831-0200: 2051,122: Total time for which application threads were stopped: 0,0000357 seconds, Stopping threads took: 0,0000078 seconds
2018-01-03T21:01:17.832-0200: 2051,123: Total time for which application threads were stopped: 0,0000477 seconds, Stopping threads took: 0,0000107 seconds
2018-01-03T21:01:17.832-0200: 2051,123: Total time for which application threads were stopped: 0,0000302 seconds, Stopping threads took: 0,0000058 seconds
2018-01-03T21:01:17.832-0200: 2051,124: Total time for which application threads were stopped: 0,0000286 seconds, Stopping threads took: 0,0000058 seconds
2018-01-03T21:01:17.832-0200: 2051,124: Total time for which application threads were stopped: 0,0000271 seconds, Stopping threads took: 0,0000052 seconds
2018-01-03T21:01:17.834-0200: 2051,126: Total time for which application threads were stopped: 0,0000613 seconds, Stopping threads took: 0,0000152 seconds
2018-01-03T21:01:17.834-0200: 2051,126: Total time for which application threads were stopped: 0,0000318 seconds, Stopping threads took: 0,0000061 seconds
2018-01-03T21:01:17.834-0200: 2051,126: Total time for which application threads were stopped: 0,0000279 seconds, Stopping threads took: 0,0000055 seconds
2018-01-03T21:01:18.835-0200: 2052,126: Total time for which application threads were stopped: 0,0000655 seconds, Stopping threads took: 0,0000196 seconds
2018-01-03T21:01:18.918-0200: 2052,210: Total time for which application threads were stopped: 0,0000839 seconds, Stopping threads took: 0,0000249 seconds
2018-01-03T21:01:18.919-0200: 2052,210: Total time for which application threads were stopped: 0,0000386 seconds, Stopping threads took: 0,0000107 seconds
2018-01-03T21:01:18.919-0200: 2052,210: Total time for which application threads were stopped: 0,0000320 seconds, Stopping threads took: 0,0000094 seconds
2018-01-03T21:01:18.919-0200: 2052,210: Total time for which application threads were stopped: 0,0000312 seconds, Stopping threads took: 0,0000094 seconds
2018-01-03T21:01:18.919-0200: 2052,210: Total time for which application threads were stopped: 0,0000752 seconds, Stopping threads took: 0,0000091 seconds
2018-01-03T21:01:18.929-0200: 2052,221: Total time for which application threads were stopped: 0,0021906 seconds, Stopping threads took: 0,0021121 seconds
2018-01-03T21:01:18.929-0200: 2052,221: Total time for which application threads were stopped: 0,0000324 seconds, Stopping threads took: 0,0000072 seconds
2018-01-03T21:01:18.929-0200: 2052,221: Total time for which application threads were stopped: 0,0000259 seconds, Stopping threads took: 0,0000048 seconds
2018-01-03T21:01:18.929-0200: 2052,221: Total time for which application threads were stopped: 0,0000254 seconds, Stopping threads took: 0,0000045 seconds
2018-01-03T21:01:18.929-0200: 2052,221: Total time for which application threads were stopped: 0,0000251 seconds, Stopping threads took: 0,0000045 seconds
2018-01-03T21:01:18.929-0200: 2052,221: Total time for which application threads were stopped: 0,0000250 seconds, Stopping threads took: 0,0000046 seconds
2018-01-03T21:01:18.929-0200: 2052,221: Total time for which application threads were stopped: 0,0000435 seconds, Stopping threads took: 0,0000042 seconds
2018-01-03T21:01:18.929-0200: 2052,221: Total time for which application threads were stopped: 0,0000263 seconds, Stopping threads took: 0,0000050 seconds
2018-01-03T21:01:18.929-0200: 2052,221: Total time for which application threads were stopped: 0,0000254 seconds, Stopping threads took: 0,0000045 seconds
2018-01-03T21:01:18.929-0200: 2052,221: Total time for which application threads were stopped: 0,0000247 seconds, Stopping threads took: 0,0000044 seconds
2018-01-03T21:01:18.930-0200: 2052,221: Total time for which application threads were stopped: 0,0000248 seconds, Stopping threads took: 0,0000042 seconds
2018-01-03T21:01:18.930-0200: 2052,221: Total time for which application threads were stopped: 0,0000248 seconds, Stopping threads took: 0,0000044 seconds
2018-01-03T21:01:18.930-0200: 2052,221: Total time for which application threads were stopped: 0,0000267 seconds, Stopping threads took: 0,0000048 seconds
2018-01-03T21:01:18.930-0200: 2052,221: Total time for which application threads were stopped: 0,0000250 seconds, Stopping threads took: 0,0000044 seconds
2018-01-03T21:01:18.930-0200: 2052,221: Total time for which application threads were stopped: 0,0000249 seconds, Stopping threads took: 0,0000042 seconds
2018-01-03T21:01:18.930-0200: 2052,221: Total time for which application threads were stopped: 0,0000821 seconds, Stopping threads took: 0,0000044 seconds
2018-01-03T21:01:18.930-0200: 2052,222: Total time for which application threads were stopped: 0,0000514 seconds, Stopping threads took: 0,0000107 seconds
2018-01-03T21:01:18.930-0200: 2052,222: Total time for which application threads were stopped: 0,0000760 seconds, Stopping threads took: 0,0000418 seconds
2018-01-03T21:01:18.930-0200: 2052,222: Total time for which application threads were stopped: 0,0000351 seconds, Stopping threads took: 0,0000051 seconds
2018-01-03T21:01:18.935-0200: 2052,226: Total time for which application threads were stopped: 0,0000749 seconds, Stopping threads took: 0,0000159 seconds
2018-01-03T21:01:18.935-0200: 2052,226: Total time for which application threads were stopped: 0,0000327 seconds, Stopping threads took: 0,0000063 seconds
2018-01-03T21:01:18.955-0200: 2052,246: Total time for which application threads were stopped: 0,0000687 seconds, Stopping threads took: 0,0000148 seconds
2018-01-03T21:01:18.955-0200: 2052,246: Total time for which application threads were stopped: 0,0000256 seconds, Stopping threads took: 0,0000057 seconds
2018-01-03T21:01:22.051-0200: 2055,342: Total time for which application threads were stopped: 0,0000638 seconds, Stopping threads took: 0,0000150 seconds
2018-01-03T21:01:22.409-0200: 2055,701: Total time for which application threads were stopped: 0,0009508 seconds, Stopping threads took: 0,0000243 seconds
2018-01-03T21:01:23.036-0200: 2056,328: Total time for which application threads were stopped: 0,0000999 seconds, Stopping threads took: 0,0000205 seconds
2018-01-03T21:01:23.036-0200: 2056,328: Total time for which application threads were stopped: 0,0000357 seconds, Stopping threads took: 0,0000097 seconds
2018-01-03T21:01:23.036-0200: 2056,328: Total time for which application threads were stopped: 0,0000315 seconds, Stopping threads took: 0,0000085 seconds
2018-01-03T21:01:23.036-0200: 2056,328: Total time for which application threads were stopped: 0,0000310 seconds, Stopping threads took: 0,0000083 seconds
2018-01-03T21:01:23.036-0200: 2056,328: Total time for which application threads were stopped: 0,0000316 seconds, Stopping threads took: 0,0000088 seconds
2018-01-03T21:01:23.036-0200: 2056,328: Total time for which application threads were stopped: 0,0001506 seconds, Stopping threads took: 0,0000699 seconds
2018-01-03T21:01:23.036-0200: 2056,328: Total time for which application threads were stopped: 0,0000319 seconds, Stopping threads took: 0,0000089 seconds
2018-01-03T21:01:23.036-0200: 2056,328: Total time for which application threads were stopped: 0,0000311 seconds, Stopping threads took: 0,0000085 seconds
2018-01-03T21:01:23.036-0200: 2056,328: Total time for which application threads were stopped: 0,0000306 seconds, Stopping threads took: 0,0000083 seconds
2018-01-03T21:01:23.037-0200: 2056,328: Total time for which application threads were stopped: 0,0000922 seconds, Stopping threads took: 0,0000082 seconds
2018-01-03T21:01:23.037-0200: 2056,328: Total time for which application threads were stopped: 0,0000317 seconds, Stopping threads took: 0,0000089 seconds
2018-01-03T21:01:23.037-0200: 2056,328: Total time for which application threads were stopped: 0,0000308 seconds, Stopping threads took: 0,0000084 seconds
2018-01-03T21:01:23.037-0200: 2056,328: Total time for which application threads were stopped: 0,0000305 seconds, Stopping threads took: 0,0000083 seconds
2018-01-03T21:01:23.037-0200: 2056,328: Total time for which application threads were stopped: 0,0000306 seconds, Stopping threads took: 0,0000082 seconds
2018-01-03T21:01:23.037-0200: 2056,328: Total time for which application threads were stopped: 0,0000537 seconds, Stopping threads took: 0,0000087 seconds
2018-01-03T21:01:23.037-0200: 2056,328: Total time for which application threads were stopped: 0,0000310 seconds, Stopping threads took: 0,0000084 seconds
2018-01-03T21:01:23.037-0200: 2056,329: Total time for which application threads were stopped: 0,0000305 seconds, Stopping threads took: 0,0000083 seconds
2018-01-03T21:01:23.037-0200: 2056,329: Total time for which application threads were stopped: 0,0000302 seconds, Stopping threads took: 0,0000082 seconds
2018-01-03T21:01:23.037-0200: 2056,329: Total time for which application threads were stopped: 0,0000304 seconds, Stopping threads took: 0,0000083 seconds
2018-01-03T21:01:23.037-0200: 2056,329: Total time for which application threads were stopped: 0,0000305 seconds, Stopping threads took: 0,0000084 seconds
2018-01-03T21:01:23.037-0200: 2056,329: Total time for which application threads were stopped: 0,0000814 seconds, Stopping threads took: 0,0000081 seconds
2018-01-03T21:01:23.037-0200: 2056,329: Total time for which application threads were stopped: 0,0000338 seconds, Stopping threads took: 0,0000092 seconds
2018-01-03T21:01:23.046-0200: 2056,338: Total time for which application threads were stopped: 0,0000898 seconds, Stopping threads took: 0,0000252 seconds
2018-01-03T21:01:23.046-0200: 2056,338: Total time for which application threads were stopped: 0,0000370 seconds, Stopping threads took: 0,0000091 seconds
2018-01-03T21:01:23.047-0200: 2056,338: Total time for which application threads were stopped: 0,0000335 seconds, Stopping threads took: 0,0000090 seconds
2018-01-03T21:01:23.047-0200: 2056,338: Total time for which application threads were stopped: 0,0000362 seconds, Stopping threads took: 0,0000108 seconds
2018-01-03T21:01:23.047-0200: 2056,338: Total time for which application threads were stopped: 0,0000376 seconds, Stopping threads took: 0,0000101 seconds
2018-01-03T21:01:23.047-0200: 2056,339: Total time for which application threads were stopped: 0,0000327 seconds, Stopping threads took: 0,0000085 seconds
2018-01-03T21:01:23.047-0200: 2056,339: Total time for which application threads were stopped: 0,0000461 seconds, Stopping threads took: 0,0000105 seconds
2018-01-03T21:01:23.048-0200: 2056,340: Total time for which application threads were stopped: 0,0000417 seconds, Stopping threads took: 0,0000111 seconds
2018-01-03T21:01:23.048-0200: 2056,340: Total time for which application threads were stopped: 0,0000325 seconds, Stopping threads took: 0,0000084 seconds
2018-01-03T21:01:23.048-0200: 2056,340: Total time for which application threads were stopped: 0,0000319 seconds, Stopping threads took: 0,0000085 seconds
2018-01-03T21:01:23.048-0200: 2056,340: Total time for which application threads were stopped: 0,0000369 seconds, Stopping threads took: 0,0000100 seconds
2018-01-03T21:01:23.051-0200: 2056,343: Total time for which application threads were stopped: 0,0000798 seconds, Stopping threads took: 0,0000300 seconds
2018-01-03T21:01:23.051-0200: 2056,343: Total time for which application threads were stopped: 0,0000343 seconds, Stopping threads took: 0,0000087 seconds
2018-01-03T21:01:23.051-0200: 2056,343: Total time for which application threads were stopped: 0,0000324 seconds, Stopping threads took: 0,0000087 seconds
2018-01-03T21:01:23.052-0200: 2056,343: Total time for which application threads were stopped: 0,0000379 seconds, Stopping threads took: 0,0000099 seconds
2018-01-03T21:01:24.055-0200: 2057,347: Total time for which application threads were stopped: 0,0002256 seconds, Stopping threads took: 0,0001523 seconds
2018-01-03T21:01:45.061-0200: 2078,353: Total time for which application threads were stopped: 0,0001030 seconds, Stopping threads took: 0,0000210 seconds
2018-01-03T21:02:18.955-0200: 2112,247: Total time for which application threads were stopped: 0,0000829 seconds, Stopping threads took: 0,0000320 seconds
{Heap before GC invocations=59 (full 1):
 par new generation   total 655360K, used 593668K [0x0000000700000000, 0x0000000730000000, 0x0000000730000000)
  eden space 524288K, 100% used [0x0000000700000000, 0x0000000720000000, 0x0000000720000000)
  from space 131072K,  52% used [0x0000000728000000, 0x000000072c3c1190, 0x0000000730000000)
  to   space 131072K,   0% used [0x0000000720000000, 0x0000000720000000, 0x0000000728000000)
 concurrent mark-sweep generation total 2359296K, used 500156K [0x0000000730000000, 0x00000007c0000000, 0x00000007c0000000)
 Metaspace       used 59447K, capacity 61995K, committed 62188K, reserved 1103872K
  class space    used 6555K, capacity 7166K, committed 7280K, reserved 1048576K
2018-01-03T21:02:32.822-0200: 2126,113: [GC (Allocation Failure) 2018-01-03T21:02:32.822-0200: 2126,113: [ParNew
Desired survivor size 120795952 bytes, new threshold 8 (max 8)
- age   1:   14517656 bytes,   14517656 total
- age   2:    5770440 bytes,   20288096 total
- age   3:    6097064 bytes,   26385160 total
- age   4:    5751800 bytes,   32136960 total
- age   5:    5624816 bytes,   37761776 total
- age   6:    5640096 bytes,   43401872 total
- age   7:    4150952 bytes,   47552824 total
- age   8:    5462208 bytes,   53015032 total
: 593668K->73540K(655360K), 0,2261613 secs] 1093824K->579446K(3014656K), 0,2262214 secs] [Times: user=0,10 sys=0,00, real=0,23 secs] 
Heap after GC invocations=60 (full 1):
 par new generation   total 655360K, used 73540K [0x0000000700000000, 0x0000000730000000, 0x0000000730000000)
  eden space 524288K,   0% used [0x0000000700000000, 0x0000000700000000, 0x0000000720000000)
  from space 131072K,  56% used [0x0000000720000000, 0x00000007247d1280, 0x0000000728000000)
  to   space 131072K,   0% used [0x0000000728000000, 0x0000000728000000, 0x0000000730000000)
 concurrent mark-sweep generation total 2359296K, used 505906K [0x0000000730000000, 0x00000007c0000000, 0x00000007c0000000)
 Metaspace       used 59447K, capacity 61995K, committed 62188K, reserved 1103872K
  class space    used 6555K, capacity 7166K, committed 7280K, reserved 1048576K
}
2018-01-03T21:02:33.048-0200: 2126,340: Total time for which application threads were stopped: 0,2263716 seconds, Stopping threads took: 0,0000270 seconds
2018-01-03T21:02:33.075-0200: 2126,367: Total time for which application threads were stopped: 0,0150778 seconds, Stopping threads took: 0,0149261 seconds
2018-01-03T21:02:33.079-0200: 2126,371: Total time for which application threads were stopped: 0,0000984 seconds, Stopping threads took: 0,0000155 seconds
2018-01-03T21:02:33.079-0200: 2126,371: Total time for which application threads were stopped: 0,0000357 seconds, Stopping threads took: 0,0000054 seconds
2018-01-03T21:02:33.079-0200: 2126,371: Total time for which application threads were stopped: 0,0000288 seconds, Stopping threads took: 0,0000045 seconds
2018-01-03T21:02:33.177-0200: 2126,469: Total time for which application threads were stopped: 0,0006826 seconds, Stopping threads took: 0,0006170 seconds
2018-01-03T21:02:33.282-0200: 2126,574: Total time for which application threads were stopped: 0,0000772 seconds, Stopping threads took: 0,0000194 seconds
2018-01-03T21:02:33.282-0200: 2126,574: Total time for which application threads were stopped: 0,0000332 seconds, Stopping threads took: 0,0000101 seconds
2018-01-03T21:02:33.282-0200: 2126,574: Total time for which application threads were stopped: 0,0000284 seconds, Stopping threads took: 0,0000085 seconds
2018-01-03T21:02:33.282-0200: 2126,574: Total time for which application threads were stopped: 0,0000293 seconds, Stopping threads took: 0,0000084 seconds
2018-01-03T21:02:33.282-0200: 2126,574: Total time for which application threads were stopped: 0,0000291 seconds, Stopping threads took: 0,0000086 seconds
2018-01-03T21:02:33.283-0200: 2126,574: Total time for which application threads were stopped: 0,0000290 seconds, Stopping threads took: 0,0000087 seconds
2018-01-03T21:02:33.283-0200: 2126,574: Total time for which application threads were stopped: 0,0000305 seconds, Stopping threads took: 0,0000087 seconds
2018-01-03T21:02:33.283-0200: 2126,574: Total time for which application threads were stopped: 0,0000285 seconds, Stopping threads took: 0,0000081 seconds
2018-01-03T21:02:33.421-0200: 2126,712: Total time for which application threads were stopped: 0,0001133 seconds, Stopping threads took: 0,0000234 seconds
2018-01-03T21:02:33.421-0200: 2126,712: Total time for which application threads were stopped: 0,0000337 seconds, Stopping threads took: 0,0000103 seconds
2018-01-03T21:02:33.494-0200: 2126,786: Total time for which application threads were stopped: 0,0000735 seconds, Stopping threads took: 0,0000224 seconds
2018-01-03T21:02:33.495-0200: 2126,786: Total time for which application threads were stopped: 0,0000323 seconds, Stopping threads took: 0,0000095 seconds
2018-01-03T21:02:33.495-0200: 2126,786: Total time for which application threads were stopped: 0,0000318 seconds, Stopping threads took: 0,0000092 seconds
2018-01-03T21:02:33.495-0200: 2126,786: Total time for which application threads were stopped: 0,0000288 seconds, Stopping threads took: 0,0000081 seconds
2018-01-03T21:02:33.495-0200: 2126,786: Total time for which application threads were stopped: 0,0000459 seconds, Stopping threads took: 0,0000092 seconds
2018-01-03T21:02:33.495-0200: 2126,786: Total time for which application threads were stopped: 0,0000287 seconds, Stopping threads took: 0,0000086 seconds
2018-01-03T21:02:33.495-0200: 2126,787: Total time for which application threads were stopped: 0,0000320 seconds, Stopping threads took: 0,0000099 seconds
2018-01-03T21:02:33.495-0200: 2126,787: Total time for which application threads were stopped: 0,0000278 seconds, Stopping threads took: 0,0000084 seconds
2018-01-03T21:02:33.495-0200: 2126,787: Total time for which application threads were stopped: 0,0000306 seconds, Stopping threads took: 0,0000094 seconds
2018-01-03T21:02:33.495-0200: 2126,787: Total time for which application threads were stopped: 0,0000282 seconds, Stopping threads took: 0,0000084 seconds
2018-01-03T21:02:33.495-0200: 2126,787: Total time for which application threads were stopped: 0,0000312 seconds, Stopping threads took: 0,0000098 seconds
2018-01-03T21:02:33.495-0200: 2126,787: Total time for which application threads were stopped: 0,0000731 seconds, Stopping threads took: 0,0000082 seconds
2018-01-03T21:02:33.496-0200: 2126,787: Total time for which application threads were stopped: 0,0000310 seconds, Stopping threads took: 0,0000096 seconds
2018-01-03T21:02:33.496-0200: 2126,787: Total time for which application threads were stopped: 0,0000305 seconds, Stopping threads took: 0,0000093 seconds
2018-01-03T21:02:33.496-0200: 2126,787: Total time for which application threads were stopped: 0,0000425 seconds, Stopping threads took: 0,0000091 seconds
2018-01-03T21:02:33.496-0200: 2126,788: Total time for which application threads were stopped: 0,0000309 seconds, Stopping threads took: 0,0000096 seconds
2018-01-03T21:02:33.496-0200: 2126,788: Total time for which application threads were stopped: 0,0000309 seconds, Stopping threads took: 0,0000092 seconds
2018-01-03T21:02:33.496-0200: 2126,788: Total time for which application threads were stopped: 0,0000300 seconds, Stopping threads took: 0,0000090 seconds
2018-01-03T21:02:33.496-0200: 2126,788: Total time for which application threads were stopped: 0,0000323 seconds, Stopping threads took: 0,0000100 seconds
2018-01-03T21:02:33.499-0200: 2126,791: Total time for which application threads were stopped: 0,0000608 seconds, Stopping threads took: 0,0000187 seconds
2018-01-03T21:02:33.499-0200: 2126,791: Total time for which application threads were stopped: 0,0000354 seconds, Stopping threads took: 0,0000102 seconds
2018-01-03T21:02:33.499-0200: 2126,791: Total time for which application threads were stopped: 0,0000359 seconds, Stopping threads took: 0,0000109 seconds
2018-01-03T21:02:34.499-0200: 2127,791: Total time for which application threads were stopped: 0,0001107 seconds, Stopping threads took: 0,0000509 seconds
2018-01-03T21:02:34.615-0200: 2127,906: Total time for which application threads were stopped: 0,0032344 seconds, Stopping threads took: 0,0031569 seconds
2018-01-03T21:02:34.623-0200: 2127,915: Total time for which application threads were stopped: 0,0074555 seconds, Stopping threads took: 0,0073978 seconds
2018-01-03T21:02:34.626-0200: 2127,918: Total time for which application threads were stopped: 0,0000580 seconds, Stopping threads took: 0,0000196 seconds
2018-01-03T21:02:34.626-0200: 2127,918: Total time for which application threads were stopped: 0,0000337 seconds, Stopping threads took: 0,0000100 seconds
2018-01-03T21:02:34.629-0200: 2127,921: Total time for which application threads were stopped: 0,0000611 seconds, Stopping threads took: 0,0000146 seconds
2018-01-03T21:02:34.629-0200: 2127,921: Total time for which application threads were stopped: 0,0000273 seconds, Stopping threads took: 0,0000049 seconds
2018-01-03T21:02:34.629-0200: 2127,921: Total time for which application threads were stopped: 0,0000245 seconds, Stopping threads took: 0,0000045 seconds
2018-01-03T21:02:34.629-0200: 2127,921: Total time for which application threads were stopped: 0,0000245 seconds, Stopping threads took: 0,0000046 seconds
2018-01-03T21:02:34.629-0200: 2127,921: Total time for which application threads were stopped: 0,0000242 seconds, Stopping threads took: 0,0000046 seconds
2018-01-03T21:02:34.629-0200: 2127,921: Total time for which application threads were stopped: 0,0000436 seconds, Stopping threads took: 0,0000046 seconds
2018-01-03T21:02:34.629-0200: 2127,921: Total time for which application threads were stopped: 0,0000260 seconds, Stopping threads took: 0,0000048 seconds
2018-01-03T21:02:34.629-0200: 2127,921: Total time for which application threads were stopped: 0,0000263 seconds, Stopping threads took: 0,0000049 seconds
2018-01-03T21:02:34.629-0200: 2127,921: Total time for which application threads were stopped: 0,0000240 seconds, Stopping threads took: 0,0000046 seconds
2018-01-03T21:02:34.629-0200: 2127,921: Total time for which application threads were stopped: 0,0000259 seconds, Stopping threads took: 0,0000049 seconds
2018-01-03T21:02:34.629-0200: 2127,921: Total time for which application threads were stopped: 0,0000243 seconds, Stopping threads took: 0,0000047 seconds
2018-01-03T21:02:34.629-0200: 2127,921: Total time for which application threads were stopped: 0,0000241 seconds, Stopping threads took: 0,0000046 seconds
2018-01-03T21:02:34.629-0200: 2127,921: Total time for which application threads were stopped: 0,0000241 seconds, Stopping threads took: 0,0000046 seconds
2018-01-03T21:02:34.630-0200: 2127,921: Total time for which application threads were stopped: 0,0000243 seconds, Stopping threads took: 0,0000045 seconds
2018-01-03T21:02:34.630-0200: 2127,921: Total time for which application threads were stopped: 0,0000301 seconds, Stopping threads took: 0,0000046 seconds
2018-01-03T21:02:34.630-0200: 2127,921: Total time for which application threads were stopped: 0,0000252 seconds, Stopping threads took: 0,0000048 seconds
2018-01-03T21:02:34.630-0200: 2127,921: Total time for which application threads were stopped: 0,0000244 seconds, Stopping threads took: 0,0000045 seconds
2018-01-03T21:02:38.696-0200: 2131,988: Total time for which application threads were stopped: 0,0000867 seconds, Stopping threads took: 0,0000359 seconds
2018-01-03T21:02:39.417-0200: 2132,708: Total time for which application threads were stopped: 0,0001237 seconds, Stopping threads took: 0,0000202 seconds
2018-01-03T21:02:39.417-0200: 2132,708: Total time for which application threads were stopped: 0,0000376 seconds, Stopping threads took: 0,0000097 seconds
2018-01-03T21:02:39.417-0200: 2132,708: Total time for which application threads were stopped: 0,0000316 seconds, Stopping threads took: 0,0000084 seconds
2018-01-03T21:02:39.417-0200: 2132,708: Total time for which application threads were stopped: 0,0000307 seconds, Stopping threads took: 0,0000081 seconds
2018-01-03T21:02:39.417-0200: 2132,708: Total time for which application threads were stopped: 0,0000313 seconds, Stopping threads took: 0,0000085 seconds
2018-01-03T21:02:39.417-0200: 2132,709: Total time for which application threads were stopped: 0,0000307 seconds, Stopping threads took: 0,0000085 seconds
2018-01-03T21:02:39.417-0200: 2132,709: Total time for which application threads were stopped: 0,0000308 seconds, Stopping threads took: 0,0000084 seconds
2018-01-03T21:02:39.417-0200: 2132,709: Total time for which application threads were stopped: 0,0000306 seconds, Stopping threads took: 0,0000080 seconds
2018-01-03T21:02:39.417-0200: 2132,709: Total time for which application threads were stopped: 0,0000304 seconds, Stopping threads took: 0,0000079 seconds
2018-01-03T21:02:39.417-0200: 2132,709: Total time for which application threads were stopped: 0,0000308 seconds, Stopping threads took: 0,0000081 seconds
2018-01-03T21:02:39.417-0200: 2132,709: Total time for which application threads were stopped: 0,0000430 seconds, Stopping threads took: 0,0000080 seconds
2018-01-03T21:02:39.417-0200: 2132,709: Total time for which application threads were stopped: 0,0000312 seconds, Stopping threads took: 0,0000086 seconds
2018-01-03T21:02:39.417-0200: 2132,709: Total time for which application threads were stopped: 0,0000305 seconds, Stopping threads took: 0,0000080 seconds
2018-01-03T21:02:39.417-0200: 2132,709: Total time for which application threads were stopped: 0,0000305 seconds, Stopping threads took: 0,0000081 seconds
2018-01-03T21:02:39.417-0200: 2132,709: Total time for which application threads were stopped: 0,0000324 seconds, Stopping threads took: 0,0000088 seconds
2018-01-03T21:02:39.417-0200: 2132,709: Total time for which application threads were stopped: 0,0000305 seconds, Stopping threads took: 0,0000082 seconds
2018-01-03T21:02:39.417-0200: 2132,709: Total time for which application threads were stopped: 0,0000303 seconds, Stopping threads took: 0,0000080 seconds
2018-01-03T21:02:39.417-0200: 2132,709: Total time for which application threads were stopped: 0,0000301 seconds, Stopping threads took: 0,0000081 seconds
2018-01-03T21:02:39.418-0200: 2132,709: Total time for which application threads were stopped: 0,0000301 seconds, Stopping threads took: 0,0000081 seconds
2018-01-03T21:02:39.418-0200: 2132,709: Total time for which application threads were stopped: 0,0000305 seconds, Stopping threads took: 0,0000082 seconds
2018-01-03T21:02:39.418-0200: 2132,709: Total time for which application threads were stopped: 0,0000997 seconds, Stopping threads took: 0,0000079 seconds
2018-01-03T21:02:39.420-0200: 2132,711: Total time for which application threads were stopped: 0,0000514 seconds, Stopping threads took: 0,0000133 seconds
2018-01-03T21:02:39.421-0200: 2132,713: Total time for which application threads were stopped: 0,0000514 seconds, Stopping threads took: 0,0000126 seconds
2018-01-03T21:02:39.421-0200: 2132,713: Total time for which application threads were stopped: 0,0000333 seconds, Stopping threads took: 0,0000084 seconds
2018-01-03T21:02:39.421-0200: 2132,713: Total time for which application threads were stopped: 0,0000337 seconds, Stopping threads took: 0,0000091 seconds
2018-01-03T21:02:39.421-0200: 2132,713: Total time for which application threads were stopped: 0,0000342 seconds, Stopping threads took: 0,0000096 seconds
2018-01-03T21:02:39.421-0200: 2132,713: Total time for which application threads were stopped: 0,0000358 seconds, Stopping threads took: 0,0000096 seconds
2018-01-03T21:02:39.422-0200: 2132,713: Total time for which application threads were stopped: 0,0000326 seconds, Stopping threads took: 0,0000082 seconds
2018-01-03T21:02:39.424-0200: 2132,716: Total time for which application threads were stopped: 0,0000839 seconds, Stopping threads took: 0,0000227 seconds
2018-01-03T21:02:39.425-0200: 2132,716: Total time for which application threads were stopped: 0,0000431 seconds, Stopping threads took: 0,0000105 seconds
2018-01-03T21:02:39.434-0200: 2132,726: Total time for which application threads were stopped: 0,0000924 seconds, Stopping threads took: 0,0000254 seconds
2018-01-03T21:02:39.434-0200: 2132,726: Total time for which application threads were stopped: 0,0000379 seconds, Stopping threads took: 0,0000096 seconds
2018-01-03T21:02:39.434-0200: 2132,726: Total time for which application threads were stopped: 0,0000337 seconds, Stopping threads took: 0,0000087 seconds
2018-01-03T21:02:39.435-0200: 2132,726: Total time for which application threads were stopped: 0,0000578 seconds, Stopping threads took: 0,0000100 seconds
2018-01-03T21:02:39.435-0200: 2132,727: Total time for which application threads were stopped: 0,0000446 seconds, Stopping threads took: 0,0000117 seconds
2018-01-03T21:02:39.435-0200: 2132,727: Total time for which application threads were stopped: 0,0000337 seconds, Stopping threads took: 0,0000084 seconds
2018-01-03T21:02:39.435-0200: 2132,727: Total time for which application threads were stopped: 0,0000318 seconds, Stopping threads took: 0,0000083 seconds
2018-01-03T21:02:39.436-0200: 2132,727: Total time for which application threads were stopped: 0,0000363 seconds, Stopping threads took: 0,0000100 seconds
2018-01-03T21:02:40.436-0200: 2133,728: Total time for which application threads were stopped: 0,0001020 seconds, Stopping threads took: 0,0000173 seconds
2018-01-03T21:02:41.436-0200: 2134,728: Total time for which application threads were stopped: 0,0000720 seconds, Stopping threads took: 0,0000196 seconds
2018-01-03T21:02:49.438-0200: 2142,730: Total time for which application threads were stopped: 0,0001585 seconds, Stopping threads took: 0,0000203 seconds
2018-01-03T21:02:52.500-0200: 2145,791: Total time for which application threads were stopped: 0,0000847 seconds, Stopping threads took: 0,0000288 seconds
2018-01-03T21:02:52.500-0200: 2145,791: Total time for which application threads were stopped: 0,0000365 seconds, Stopping threads took: 0,0000072 seconds
2018-01-03T21:02:52.568-0200: 2145,860: Total time for which application threads were stopped: 0,0000843 seconds, Stopping threads took: 0,0000223 seconds
2018-01-03T21:02:52.569-0200: 2145,860: Total time for which application threads were stopped: 0,0000375 seconds, Stopping threads took: 0,0000102 seconds
2018-01-03T21:02:52.569-0200: 2145,860: Total time for which application threads were stopped: 0,0000343 seconds, Stopping threads took: 0,0000090 seconds
2018-01-03T21:02:52.569-0200: 2145,860: Total time for which application threads were stopped: 0,0000358 seconds, Stopping threads took: 0,0000096 seconds
2018-01-03T21:02:52.576-0200: 2145,868: Total time for which application threads were stopped: 0,0000763 seconds, Stopping threads took: 0,0000229 seconds
2018-01-03T21:02:52.576-0200: 2145,868: Total time for which application threads were stopped: 0,0000500 seconds, Stopping threads took: 0,0000115 seconds
2018-01-03T21:02:52.576-0200: 2145,868: Total time for which application threads were stopped: 0,0000336 seconds, Stopping threads took: 0,0000087 seconds
2018-01-03T21:02:52.576-0200: 2145,868: Total time for which application threads were stopped: 0,0000322 seconds, Stopping threads took: 0,0000084 seconds
2018-01-03T21:02:52.576-0200: 2145,868: Total time for which application threads were stopped: 0,0000319 seconds, Stopping threads took: 0,0000084 seconds
2018-01-03T21:02:52.577-0200: 2145,868: Total time for which application threads were stopped: 0,0000319 seconds, Stopping threads took: 0,0000085 seconds
2018-01-03T21:02:52.577-0200: 2145,868: Total time for which application threads were stopped: 0,0000322 seconds, Stopping threads took: 0,0000084 seconds
2018-01-03T21:02:52.577-0200: 2145,868: Total time for which application threads were stopped: 0,0000319 seconds, Stopping threads took: 0,0000084 seconds
2018-01-03T21:02:52.577-0200: 2145,868: Total time for which application threads were stopped: 0,0000429 seconds, Stopping threads took: 0,0000082 seconds
2018-01-03T21:02:52.577-0200: 2145,868: Total time for which application threads were stopped: 0,0000337 seconds, Stopping threads took: 0,0000089 seconds
2018-01-03T21:02:52.577-0200: 2145,868: Total time for which application threads were stopped: 0,0000321 seconds, Stopping threads took: 0,0000083 seconds
2018-01-03T21:02:52.577-0200: 2145,868: Total time for which application threads were stopped: 0,0000321 seconds, Stopping threads took: 0,0000083 seconds
2018-01-03T21:02:52.577-0200: 2145,868: Total time for which application threads were stopped: 0,0000318 seconds, Stopping threads took: 0,0000082 seconds
2018-01-03T21:02:52.577-0200: 2145,869: Total time for which application threads were stopped: 0,0000316 seconds, Stopping threads took: 0,0000082 seconds
2018-01-03T21:02:52.577-0200: 2145,869: Total time for which application threads were stopped: 0,0000320 seconds, Stopping threads took: 0,0000084 seconds
2018-01-03T21:02:52.577-0200: 2145,869: Total time for which application threads were stopped: 0,0000316 seconds, Stopping threads took: 0,0000081 seconds
2018-01-03T21:02:52.577-0200: 2145,869: Total time for which application threads were stopped: 0,0000320 seconds, Stopping threads took: 0,0000084 seconds
2018-01-03T21:02:52.577-0200: 2145,869: Total time for which application threads were stopped: 0,0000316 seconds, Stopping threads took: 0,0000083 seconds
2018-01-03T21:02:52.577-0200: 2145,869: Total time for which application threads were stopped: 0,0000316 seconds, Stopping threads took: 0,0000083 seconds
2018-01-03T21:02:52.577-0200: 2145,869: Total time for which application threads were stopped: 0,0000457 seconds, Stopping threads took: 0,0000085 seconds
2018-01-03T21:02:52.577-0200: 2145,869: Total time for which application threads were stopped: 0,0000797 seconds, Stopping threads took: 0,0000090 seconds
2018-01-03T21:02:52.577-0200: 2145,869: Total time for which application threads were stopped: 0,0000358 seconds, Stopping threads took: 0,0000099 seconds
2018-01-03T21:02:53.578-0200: 2146,869: Total time for which application threads were stopped: 0,0001095 seconds, Stopping threads took: 0,0000220 seconds
2018-01-03T21:03:34.623-0200: 2187,915: Total time for which application threads were stopped: 0,0001284 seconds, Stopping threads took: 0,0000760 seconds
2018-01-03T21:03:34.626-0200: 2187,918: Total time for which application threads were stopped: 0,0000492 seconds, Stopping threads took: 0,0000117 seconds
2018-01-03T21:06:01.506-0200: 2334,798: Total time for which application threads were stopped: 0,0034250 seconds, Stopping threads took: 0,0033311 seconds
2018-01-03T21:06:01.616-0200: 2334,907: Total time for which application threads were stopped: 0,0104207 seconds, Stopping threads took: 0,0103565 seconds
2018-01-03T21:06:01.616-0200: 2334,908: Total time for which application threads were stopped: 0,0000460 seconds, Stopping threads took: 0,0000071 seconds
2018-01-03T21:06:01.616-0200: 2334,908: Total time for which application threads were stopped: 0,0000257 seconds, Stopping threads took: 0,0000048 seconds
2018-01-03T21:06:01.616-0200: 2334,908: Total time for which application threads were stopped: 0,0000257 seconds, Stopping threads took: 0,0000044 seconds
2018-01-03T21:06:01.616-0200: 2334,908: Total time for which application threads were stopped: 0,0000244 seconds, Stopping threads took: 0,0000045 seconds
2018-01-03T21:06:01.616-0200: 2334,908: Total time for which application threads were stopped: 0,0000241 seconds, Stopping threads took: 0,0000044 seconds
2018-01-03T21:06:01.616-0200: 2334,908: Total time for which application threads were stopped: 0,0000893 seconds, Stopping threads took: 0,0000054 seconds
2018-01-03T21:06:01.617-0200: 2334,909: Total time for which application threads were stopped: 0,0000517 seconds, Stopping threads took: 0,0000138 seconds
2018-01-03T21:06:01.733-0200: 2335,025: Total time for which application threads were stopped: 0,0001006 seconds, Stopping threads took: 0,0000268 seconds
2018-01-03T21:06:01.733-0200: 2335,025: Total time for which application threads were stopped: 0,0000493 seconds, Stopping threads took: 0,0000133 seconds
2018-01-03T21:06:01.795-0200: 2335,087: Total time for which application threads were stopped: 0,0000762 seconds, Stopping threads took: 0,0000194 seconds
2018-01-03T21:06:02.978-0200: 2336,269: Total time for which application threads were stopped: 0,0000966 seconds, Stopping threads took: 0,0000235 seconds
2018-01-03T21:06:02.978-0200: 2336,269: Total time for which application threads were stopped: 0,0000347 seconds, Stopping threads took: 0,0000103 seconds
2018-01-03T21:06:02.978-0200: 2336,269: Total time for which application threads were stopped: 0,0000309 seconds, Stopping threads took: 0,0000091 seconds
2018-01-03T21:06:02.978-0200: 2336,270: Total time for which application threads were stopped: 0,0000303 seconds, Stopping threads took: 0,0000086 seconds
2018-01-03T21:06:02.978-0200: 2336,270: Total time for which application threads were stopped: 0,0000301 seconds, Stopping threads took: 0,0000088 seconds
2018-01-03T21:06:02.978-0200: 2336,270: Total time for which application threads were stopped: 0,0000360 seconds, Stopping threads took: 0,0000107 seconds
2018-01-03T21:06:02.978-0200: 2336,270: Total time for which application threads were stopped: 0,0000312 seconds, Stopping threads took: 0,0000092 seconds
2018-01-03T21:06:02.978-0200: 2336,270: Total time for which application threads were stopped: 0,0000303 seconds, Stopping threads took: 0,0000087 seconds
2018-01-03T21:06:02.978-0200: 2336,270: Total time for which application threads were stopped: 0,0000301 seconds, Stopping threads took: 0,0000087 seconds
2018-01-03T21:06:02.979-0200: 2336,270: Total time for which application threads were stopped: 0,0000312 seconds, Stopping threads took: 0,0000091 seconds
2018-01-03T21:06:02.979-0200: 2336,270: Total time for which application threads were stopped: 0,0000302 seconds, Stopping threads took: 0,0000088 seconds
2018-01-03T21:06:02.979-0200: 2336,270: Total time for which application threads were stopped: 0,0000442 seconds, Stopping threads took: 0,0000088 seconds
2018-01-03T21:06:02.979-0200: 2336,270: Total time for which application threads were stopped: 0,0000304 seconds, Stopping threads took: 0,0000089 seconds
2018-01-03T21:06:02.986-0200: 2336,277: Total time for which application threads were stopped: 0,0001017 seconds, Stopping threads took: 0,0000454 seconds
2018-01-03T21:06:02.986-0200: 2336,278: Total time for which application threads were stopped: 0,0000323 seconds, Stopping threads took: 0,0000062 seconds
2018-01-03T21:06:02.988-0200: 2336,280: Total time for which application threads were stopped: 0,0000987 seconds, Stopping threads took: 0,0000183 seconds
2018-01-03T21:06:02.988-0200: 2336,280: Total time for which application threads were stopped: 0,0000394 seconds, Stopping threads took: 0,0000095 seconds
2018-01-03T21:06:02.996-0200: 2336,287: Total time for which application threads were stopped: 0,0000646 seconds, Stopping threads took: 0,0000205 seconds
2018-01-03T21:06:02.996-0200: 2336,287: Total time for which application threads were stopped: 0,0000294 seconds, Stopping threads took: 0,0000088 seconds
2018-01-03T21:06:02.998-0200: 2336,290: Total time for which application threads were stopped: 0,0000604 seconds, Stopping threads took: 0,0000139 seconds
2018-01-03T21:06:03.004-0200: 2336,296: Total time for which application threads were stopped: 0,0001124 seconds, Stopping threads took: 0,0000172 seconds
2018-01-03T21:06:03.004-0200: 2336,296: Total time for which application threads were stopped: 0,0000483 seconds, Stopping threads took: 0,0000245 seconds
2018-01-03T21:06:03.004-0200: 2336,296: Total time for which application threads were stopped: 0,0000250 seconds, Stopping threads took: 0,0000045 seconds
2018-01-03T21:06:03.004-0200: 2336,296: Total time for which application threads were stopped: 0,0000940 seconds, Stopping threads took: 0,0000232 seconds
2018-01-03T21:06:05.622-0200: 2338,914: Total time for which application threads were stopped: 0,0000962 seconds, Stopping threads took: 0,0000461 seconds
2018-01-03T21:06:06.256-0200: 2339,548: Total time for which application threads were stopped: 0,0001172 seconds, Stopping threads took: 0,0000242 seconds
2018-01-03T21:06:06.261-0200: 2339,552: Total time for which application threads were stopped: 0,0000860 seconds, Stopping threads took: 0,0000240 seconds
2018-01-03T21:06:06.262-0200: 2339,554: Total time for which application threads were stopped: 0,0000492 seconds, Stopping threads took: 0,0000124 seconds
2018-01-03T21:06:06.262-0200: 2339,554: Total time for which application threads were stopped: 0,0000338 seconds, Stopping threads took: 0,0000087 seconds
2018-01-03T21:06:06.262-0200: 2339,554: Total time for which application threads were stopped: 0,0000353 seconds, Stopping threads took: 0,0000096 seconds
2018-01-03T21:06:06.262-0200: 2339,554: Total time for which application threads were stopped: 0,0000352 seconds, Stopping threads took: 0,0000097 seconds
2018-01-03T21:06:06.263-0200: 2339,554: Total time for which application threads were stopped: 0,0000367 seconds, Stopping threads took: 0,0000097 seconds
2018-01-03T21:06:06.263-0200: 2339,554: Total time for which application threads were stopped: 0,0000326 seconds, Stopping threads took: 0,0000082 seconds
2018-01-03T21:06:06.272-0200: 2339,563: Total time for which application threads were stopped: 0,0001268 seconds, Stopping threads took: 0,0000271 seconds
2018-01-03T21:06:06.272-0200: 2339,564: Total time for which application threads were stopped: 0,0000502 seconds, Stopping threads took: 0,0000118 seconds
2018-01-03T21:06:06.272-0200: 2339,564: Total time for which application threads were stopped: 0,0000447 seconds, Stopping threads took: 0,0000111 seconds
2018-01-03T21:06:06.272-0200: 2339,564: Total time for which application threads were stopped: 0,0000354 seconds, Stopping threads took: 0,0000093 seconds
2018-01-03T21:06:06.272-0200: 2339,564: Total time for which application threads were stopped: 0,0000327 seconds, Stopping threads took: 0,0000085 seconds
2018-01-03T21:06:06.275-0200: 2339,567: Total time for which application threads were stopped: 0,0000815 seconds, Stopping threads took: 0,0000210 seconds
2018-01-03T21:06:06.276-0200: 2339,567: Total time for which application threads were stopped: 0,0001217 seconds, Stopping threads took: 0,0000160 seconds
2018-01-03T21:06:06.276-0200: 2339,568: Total time for which application threads were stopped: 0,0000357 seconds, Stopping threads took: 0,0000091 seconds
2018-01-03T21:06:06.276-0200: 2339,568: Total time for which application threads were stopped: 0,0000341 seconds, Stopping threads took: 0,0000098 seconds
2018-01-03T21:06:06.276-0200: 2339,568: Total time for which application threads were stopped: 0,0039054 seconds, Stopping threads took: 0,0000097 seconds
2018-01-03T21:06:06.993-0200: 2340,285: Total time for which application threads were stopped: 0,0001029 seconds, Stopping threads took: 0,0000229 seconds
2018-01-03T21:06:07.993-0200: 2341,285: Total time for which application threads were stopped: 0,0000797 seconds, Stopping threads took: 0,0000196 seconds
2018-01-03T21:06:08.990-0200: 2342,282: [GC (CMS Initial Mark) [1 CMS-initial-mark: 505906K(2359296K)] 980378K(3014656K), 0,1231002 secs] [Times: user=0,11 sys=0,00, real=0,12 secs] 
2018-01-03T21:06:09.113-0200: 2342,405: Total time for which application threads were stopped: 0,1236946 seconds, Stopping threads took: 0,0000171 seconds
2018-01-03T21:06:09.113-0200: 2342,405: [CMS-concurrent-mark-start]
2018-01-03T21:06:09.141-0200: 2342,432: [CMS-concurrent-mark: 0,028/0,028 secs] [Times: user=0,03 sys=0,00, real=0,03 secs] 
2018-01-03T21:06:09.141-0200: 2342,432: [CMS-concurrent-preclean-start]
2018-01-03T21:06:09.144-0200: 2342,436: [CMS-concurrent-preclean: 0,003/0,003 secs] [Times: user=0,00 sys=0,00, real=0,01 secs] 
2018-01-03T21:06:09.144-0200: 2342,436: [CMS-concurrent-abortable-preclean-start]
2018-01-03T21:06:13.125-0200: 2346,417: Total time for which application threads were stopped: 0,0100697 seconds, Stopping threads took: 0,0100043 seconds
2018-01-03T21:06:14.126-0200: 2347,418: Total time for which application threads were stopped: 0,0000834 seconds, Stopping threads took: 0,0000192 seconds
 CMS: abort preclean due to time 2018-01-03T21:06:15.395-0200: 2348,687: [CMS-concurrent-abortable-preclean: 4,744/6,251 secs] [Times: user=3,02 sys=0,00, real=6,25 secs] 
2018-01-03T21:06:15.395-0200: 2348,687: [GC (CMS Final Remark) [YG occupancy: 484941 K (655360 K)]{Heap before GC invocations=60 (full 2):
 par new generation   total 655360K, used 484941K [0x0000000700000000, 0x0000000730000000, 0x0000000730000000)
  eden space 524288K,  78% used [0x0000000700000000, 0x00000007191c2260, 0x0000000720000000)
  from space 131072K,  56% used [0x0000000720000000, 0x00000007247d1280, 0x0000000728000000)
  to   space 131072K,   0% used [0x0000000728000000, 0x0000000728000000, 0x0000000730000000)
 concurrent mark-sweep generation total 2359296K, used 505906K [0x0000000730000000, 0x00000007c0000000, 0x00000007c0000000)
 Metaspace       used 62582K, capacity 65351K, committed 65504K, reserved 1107968K
  class space    used 6830K, capacity 7498K, committed 7536K, reserved 1048576K
2018-01-03T21:06:15.395-0200: 2348,687: [GC (CMS Final Remark) 2018-01-03T21:06:15.395-0200: 2348,687: [ParNew
Desired survivor size 120795952 bytes, new threshold 8 (max 8)
- age   1:   18008768 bytes,   18008768 total
- age   2:    6820872 bytes,   24829640 total
- age   3:    5379408 bytes,   30209048 total
- age   4:    6097064 bytes,   36306112 total
- age   5:    5751688 bytes,   42057800 total
- age   6:    5624416 bytes,   47682216 total
- age   7:    5640096 bytes,   53322312 total
- age   8:    4150952 bytes,   57473264 total
: 484941K->66921K(655360K), 0,1321570 secs] 990847K->578162K(3014656K), 0,1321935 secs] [Times: user=0,10 sys=0,00, real=0,13 secs] 
Heap after GC invocations=61 (full 2):
 par new generation   total 655360K, used 66921K [0x0000000700000000, 0x0000000730000000, 0x0000000730000000)
  eden space 524288K,   0% used [0x0000000700000000, 0x0000000700000000, 0x0000000720000000)
  from space 131072K,  51% used [0x0000000728000000, 0x000000072c15a780, 0x0000000730000000)
  to   space 131072K,   0% used [0x0000000720000000, 0x0000000720000000, 0x0000000728000000)
 concurrent mark-sweep generation total 2359296K, used 511240K [0x0000000730000000, 0x00000007c0000000, 0x00000007c0000000)
 Metaspace       used 62582K, capacity 65351K, committed 65504K, reserved 1107968K
  class space    used 6830K, capacity 7498K, committed 7536K, reserved 1048576K
}
2018-01-03T21:06:15.528-0200: 2348,819: [Rescan (parallel) , 0,0956496 secs]2018-01-03T21:06:15.623-0200: 2348,915: [weak refs processing, 0,0455558 secs]2018-01-03T21:06:15.669-0200: 2348,960: [class unloading, 0,0248350 secs]2018-01-03T21:06:15.694-0200: 2348,985: [scrub symbol table, 0,0200597 secs]2018-01-03T21:06:15.714-0200: 2349,005: [scrub string table, 0,0082191 secs][1 CMS-remark: 511240K(2359296K)] 578162K(3014656K), 0,3293615 secs] [Times: user=0,19 sys=0,00, real=0,33 secs] 
2018-01-03T21:06:15.725-0200: 2349,016: Total time for which application threads were stopped: 0,3295054 seconds, Stopping threads took: 0,0000177 seconds
2018-01-03T21:06:15.730-0200: 2349,022: [CMS-concurrent-sweep-start]
2018-01-03T21:06:15.736-0200: 2349,028: Total time for which application threads were stopped: 0,0001238 seconds, Stopping threads took: 0,0000189 seconds
2018-01-03T21:06:15.737-0200: 2349,028: Total time for which application threads were stopped: 0,0000334 seconds, Stopping threads took: 0,0000067 seconds
2018-01-03T21:06:15.737-0200: 2349,029: Total time for which application threads were stopped: 0,0000354 seconds, Stopping threads took: 0,0000070 seconds
2018-01-03T21:06:15.737-0200: 2349,029: Total time for which application threads were stopped: 0,0000249 seconds, Stopping threads took: 0,0000046 seconds
2018-01-03T21:06:15.737-0200: 2349,029: Total time for which application threads were stopped: 0,0000236 seconds, Stopping threads took: 0,0000043 seconds
2018-01-03T21:06:15.737-0200: 2349,029: Total time for which application threads were stopped: 0,0000230 seconds, Stopping threads took: 0,0000043 seconds
2018-01-03T21:06:15.737-0200: 2349,029: Total time for which application threads were stopped: 0,0000228 seconds, Stopping threads took: 0,0000041 seconds
2018-01-03T21:06:15.738-0200: 2349,029: Total time for which application threads were stopped: 0,0000226 seconds, Stopping threads took: 0,0000043 seconds
2018-01-03T21:06:15.738-0200: 2349,029: Total time for which application threads were stopped: 0,0000228 seconds, Stopping threads took: 0,0000042 seconds
2018-01-03T21:06:15.738-0200: 2349,029: Total time for which application threads were stopped: 0,0000225 seconds, Stopping threads took: 0,0000040 seconds
2018-01-03T21:06:15.738-0200: 2349,029: Total time for which application threads were stopped: 0,0000413 seconds, Stopping threads took: 0,0000040 seconds
2018-01-03T21:06:15.738-0200: 2349,029: Total time for which application threads were stopped: 0,0000258 seconds, Stopping threads took: 0,0000050 seconds
2018-01-03T21:06:15.738-0200: 2349,029: Total time for which application threads were stopped: 0,0000695 seconds, Stopping threads took: 0,0000042 seconds
2018-01-03T21:06:15.739-0200: 2349,031: Total time for which application threads were stopped: 0,0000448 seconds, Stopping threads took: 0,0000098 seconds
2018-01-03T21:06:16.014-0200: 2349,305: [CMS-concurrent-sweep: 0,269/0,283 secs] [Times: user=0,22 sys=0,00, real=0,28 secs] 
2018-01-03T21:06:16.014-0200: 2349,305: [CMS-concurrent-reset-start]
2018-01-03T21:06:16.016-0200: 2349,307: [CMS-concurrent-reset: 0,002/0,002 secs] [Times: user=0,00 sys=0,00, real=0,01 secs] 
2018-01-03T21:06:38.756-0200: 2372,048: Total time for which application threads were stopped: 0,0001387 seconds, Stopping threads took: 0,0000629 seconds
2018-01-03T21:07:02.996-0200: 2396,288: Total time for which application threads were stopped: 0,0001248 seconds, Stopping threads took: 0,0000171 seconds
2018-01-03T21:08:10.010-0200: 2463,301: Total time for which application threads were stopped: 0,0000824 seconds, Stopping threads took: 0,0000341 seconds
2018-01-03T21:08:13.010-0200: 2466,302: Total time for which application threads were stopped: 0,0000687 seconds, Stopping threads took: 0,0000182 seconds
2018-01-03T21:08:14.010-0200: 2467,302: Total time for which application threads were stopped: 0,0000698 seconds, Stopping threads took: 0,0000180 seconds
2018-01-03T21:09:39.029-0200: 2552,320: Total time for which application threads were stopped: 0,0000830 seconds, Stopping threads took: 0,0000338 seconds
2018-01-03T21:10:36.727-0200: 2610,019: Total time for which application threads were stopped: 0,0003110 seconds, Stopping threads took: 0,0000261 seconds
2018-01-03T21:10:36.828-0200: 2610,119: Total time for which application threads were stopped: 0,0001231 seconds, Stopping threads took: 0,0000193 seconds
2018-01-03T21:10:36.828-0200: 2610,119: Total time for which application threads were stopped: 0,0000378 seconds, Stopping threads took: 0,0000103 seconds
2018-01-03T21:10:36.828-0200: 2610,119: Total time for which application threads were stopped: 0,0000293 seconds, Stopping threads took: 0,0000082 seconds
2018-01-03T21:10:36.828-0200: 2610,119: Total time for which application threads were stopped: 0,0000301 seconds, Stopping threads took: 0,0000084 seconds
2018-01-03T21:10:36.828-0200: 2610,119: Total time for which application threads were stopped: 0,0000287 seconds, Stopping threads took: 0,0000083 seconds
2018-01-03T21:10:36.828-0200: 2610,119: Total time for which application threads were stopped: 0,0000285 seconds, Stopping threads took: 0,0000081 seconds
2018-01-03T21:10:36.828-0200: 2610,120: Total time for which application threads were stopped: 0,0000311 seconds, Stopping threads took: 0,0000082 seconds
2018-01-03T21:10:36.828-0200: 2610,120: Total time for which application threads were stopped: 0,0000287 seconds, Stopping threads took: 0,0000078 seconds
2018-01-03T21:10:36.828-0200: 2610,120: Total time for which application threads were stopped: 0,0000287 seconds, Stopping threads took: 0,0000079 seconds
2018-01-03T21:10:36.828-0200: 2610,120: Total time for which application threads were stopped: 0,0000285 seconds, Stopping threads took: 0,0000078 seconds
2018-01-03T21:10:36.828-0200: 2610,120: Total time for which application threads were stopped: 0,0000661 seconds, Stopping threads took: 0,0000079 seconds
2018-01-03T21:10:36.828-0200: 2610,120: Total time for which application threads were stopped: 0,0000304 seconds, Stopping threads took: 0,0000087 seconds
2018-01-03T21:10:36.828-0200: 2610,120: Total time for which application threads were stopped: 0,0000289 seconds, Stopping threads took: 0,0000079 seconds
2018-01-03T21:10:36.828-0200: 2610,120: Total time for which application threads were stopped: 0,0000283 seconds, Stopping threads took: 0,0000077 seconds
2018-01-03T21:10:36.828-0200: 2610,120: Total time for which application threads were stopped: 0,0000286 seconds, Stopping threads took: 0,0000078 seconds
2018-01-03T21:10:36.828-0200: 2610,120: Total time for which application threads were stopped: 0,0000281 seconds, Stopping threads took: 0,0000078 seconds
2018-01-03T21:10:36.830-0200: 2610,121: Total time for which application threads were stopped: 0,0000812 seconds, Stopping threads took: 0,0000187 seconds
2018-01-03T21:10:36.830-0200: 2610,121: Total time for which application threads were stopped: 0,0000325 seconds, Stopping threads took: 0,0000086 seconds
2018-01-03T21:10:36.830-0200: 2610,121: Total time for which application threads were stopped: 0,0000290 seconds, Stopping threads took: 0,0000080 seconds
2018-01-03T21:10:36.830-0200: 2610,122: Total time for which application threads were stopped: 0,0000341 seconds, Stopping threads took: 0,0000095 seconds
2018-01-03T21:10:36.830-0200: 2610,122: Total time for which application threads were stopped: 0,0000627 seconds, Stopping threads took: 0,0000373 seconds
2018-01-03T21:10:36.830-0200: 2610,122: Total time for which application threads were stopped: 0,0000293 seconds, Stopping threads took: 0,0000085 seconds
2018-01-03T21:10:36.830-0200: 2610,122: Total time for which application threads were stopped: 0,0000285 seconds, Stopping threads took: 0,0000078 seconds
2018-01-03T21:10:36.830-0200: 2610,122: Total time for which application threads were stopped: 0,0000285 seconds, Stopping threads took: 0,0000081 seconds
2018-01-03T21:10:36.830-0200: 2610,122: Total time for which application threads were stopped: 0,0000287 seconds, Stopping threads took: 0,0000080 seconds
2018-01-03T21:10:36.830-0200: 2610,122: Total time for which application threads were stopped: 0,0000285 seconds, Stopping threads took: 0,0000080 seconds
2018-01-03T21:10:36.830-0200: 2610,122: Total time for which application threads were stopped: 0,0000286 seconds, Stopping threads took: 0,0000080 seconds
2018-01-03T21:10:36.830-0200: 2610,122: Total time for which application threads were stopped: 0,0000286 seconds, Stopping threads took: 0,0000079 seconds
2018-01-03T21:10:36.830-0200: 2610,122: Total time for which application threads were stopped: 0,0000280 seconds, Stopping threads took: 0,0000077 seconds
2018-01-03T21:10:36.830-0200: 2610,122: Total time for which application threads were stopped: 0,0000282 seconds, Stopping threads took: 0,0000079 seconds
2018-01-03T21:10:36.831-0200: 2610,122: Total time for which application threads were stopped: 0,0000282 seconds, Stopping threads took: 0,0000079 seconds
2018-01-03T21:10:36.833-0200: 2610,125: Total time for which application threads were stopped: 0,0026374 seconds, Stopping threads took: 0,0000083 seconds
2018-01-03T21:10:36.833-0200: 2610,125: Total time for which application threads were stopped: 0,0000596 seconds, Stopping threads took: 0,0000164 seconds
2018-01-03T21:10:36.833-0200: 2610,125: Total time for which application threads were stopped: 0,0000320 seconds, Stopping threads took: 0,0000094 seconds
2018-01-03T21:10:36.909-0200: 2610,201: Total time for which application threads were stopped: 0,0001653 seconds, Stopping threads took: 0,0000234 seconds
2018-01-03T21:10:37.003-0200: 2610,294: Total time for which application threads were stopped: 0,0001588 seconds, Stopping threads took: 0,0000209 seconds
2018-01-03T21:10:37.003-0200: 2610,294: Total time for which application threads were stopped: 0,0000384 seconds, Stopping threads took: 0,0000105 seconds
2018-01-03T21:10:37.074-0200: 2610,365: Total time for which application threads were stopped: 0,0000895 seconds, Stopping threads took: 0,0000193 seconds
2018-01-03T21:10:37.074-0200: 2610,365: Total time for which application threads were stopped: 0,0000465 seconds, Stopping threads took: 0,0000113 seconds
2018-01-03T21:10:37.074-0200: 2610,365: Total time for which application threads were stopped: 0,0000311 seconds, Stopping threads took: 0,0000087 seconds
2018-01-03T21:10:37.074-0200: 2610,366: Total time for which application threads were stopped: 0,0000293 seconds, Stopping threads took: 0,0000081 seconds
2018-01-03T21:10:37.074-0200: 2610,366: Total time for which application threads were stopped: 0,0000312 seconds, Stopping threads took: 0,0000089 seconds
2018-01-03T21:10:37.075-0200: 2610,366: Total time for which application threads were stopped: 0,0000475 seconds, Stopping threads took: 0,0000132 seconds
2018-01-03T21:10:37.075-0200: 2610,366: Total time for which application threads were stopped: 0,0000989 seconds, Stopping threads took: 0,0000092 seconds
2018-01-03T21:10:37.076-0200: 2610,367: Total time for which application threads were stopped: 0,0000432 seconds, Stopping threads took: 0,0000117 seconds
2018-01-03T21:10:37.076-0200: 2610,367: Total time for which application threads were stopped: 0,0000329 seconds, Stopping threads took: 0,0000094 seconds
2018-01-03T21:10:37.076-0200: 2610,367: Total time for which application threads were stopped: 0,0000321 seconds, Stopping threads took: 0,0000094 seconds
2018-01-03T21:10:37.076-0200: 2610,368: Total time for which application threads were stopped: 0,0000344 seconds, Stopping threads took: 0,0000100 seconds
2018-01-03T21:10:37.076-0200: 2610,368: Total time for which application threads were stopped: 0,0000709 seconds, Stopping threads took: 0,0000125 seconds
2018-01-03T21:10:37.078-0200: 2610,370: Total time for which application threads were stopped: 0,0000636 seconds, Stopping threads took: 0,0000176 seconds
2018-01-03T21:10:37.078-0200: 2610,370: Total time for which application threads were stopped: 0,0000371 seconds, Stopping threads took: 0,0000105 seconds
2018-01-03T21:10:37.079-0200: 2610,370: Total time for which application threads were stopped: 0,0000356 seconds, Stopping threads took: 0,0000103 seconds
2018-01-03T21:10:37.079-0200: 2610,370: Total time for which application threads were stopped: 0,0000323 seconds, Stopping threads took: 0,0000096 seconds
2018-01-03T21:10:37.084-0200: 2610,375: Total time for which application threads were stopped: 0,0000763 seconds, Stopping threads took: 0,0000219 seconds
2018-01-03T21:10:37.084-0200: 2610,375: Total time for which application threads were stopped: 0,0000366 seconds, Stopping threads took: 0,0000106 seconds
2018-01-03T21:10:37.084-0200: 2610,376: Total time for which application threads were stopped: 0,0000319 seconds, Stopping threads took: 0,0000096 seconds
2018-01-03T21:10:37.084-0200: 2610,376: Total time for which application threads were stopped: 0,0000323 seconds, Stopping threads took: 0,0000097 seconds
2018-01-03T21:10:38.084-0200: 2611,376: Total time for which application threads were stopped: 0,0000716 seconds, Stopping threads took: 0,0000201 seconds
2018-01-03T21:10:38.174-0200: 2611,466: Total time for which application threads were stopped: 0,0000850 seconds, Stopping threads took: 0,0000188 seconds
2018-01-03T21:10:38.174-0200: 2611,466: Total time for which application threads were stopped: 0,0000400 seconds, Stopping threads took: 0,0000097 seconds
2018-01-03T21:10:38.179-0200: 2611,471: Total time for which application threads were stopped: 0,0000830 seconds, Stopping threads took: 0,0000177 seconds
2018-01-03T21:10:38.179-0200: 2611,471: Total time for which application threads were stopped: 0,0000300 seconds, Stopping threads took: 0,0000063 seconds
2018-01-03T21:10:38.179-0200: 2611,471: Total time for which application threads were stopped: 0,0000249 seconds, Stopping threads took: 0,0000044 seconds
2018-01-03T21:10:38.179-0200: 2611,471: Total time for which application threads were stopped: 0,0000252 seconds, Stopping threads took: 0,0000046 seconds
2018-01-03T21:10:38.179-0200: 2611,471: Total time for which application threads were stopped: 0,0000242 seconds, Stopping threads took: 0,0000043 seconds
2018-01-03T21:10:38.179-0200: 2611,471: Total time for which application threads were stopped: 0,0000243 seconds, Stopping threads took: 0,0000043 seconds
2018-01-03T21:10:38.179-0200: 2611,471: Total time for which application threads were stopped: 0,0000240 seconds, Stopping threads took: 0,0000044 seconds
2018-01-03T21:10:38.179-0200: 2611,471: Total time for which application threads were stopped: 0,0000241 seconds, Stopping threads took: 0,0000042 seconds
2018-01-03T21:10:38.180-0200: 2611,471: Total time for which application threads were stopped: 0,0000726 seconds, Stopping threads took: 0,0000041 seconds
2018-01-03T21:10:38.190-0200: 2611,482: Total time for which application threads were stopped: 0,0000790 seconds, Stopping threads took: 0,0000322 seconds
2018-01-03T21:10:38.190-0200: 2611,482: Total time for which application threads were stopped: 0,0000249 seconds, Stopping threads took: 0,0000049 seconds
2018-01-03T21:10:42.511-0200: 2615,802: Total time for which application threads were stopped: 0,0000826 seconds, Stopping threads took: 0,0000144 seconds
2018-01-03T21:10:43.069-0200: 2616,360: Total time for which application threads were stopped: 0,0001500 seconds, Stopping threads took: 0,0000195 seconds
2018-01-03T21:10:43.069-0200: 2616,360: Total time for which application threads were stopped: 0,0000429 seconds, Stopping threads took: 0,0000104 seconds
2018-01-03T21:10:43.070-0200: 2616,362: Total time for which application threads were stopped: 0,0000460 seconds, Stopping threads took: 0,0000107 seconds
2018-01-03T21:10:43.070-0200: 2616,362: Total time for which application threads were stopped: 0,0000350 seconds, Stopping threads took: 0,0000084 seconds
2018-01-03T21:10:43.070-0200: 2616,362: Total time for which application threads were stopped: 0,0000325 seconds, Stopping threads took: 0,0000080 seconds
2018-01-03T21:10:43.070-0200: 2616,362: Total time for which application threads were stopped: 0,0000350 seconds, Stopping threads took: 0,0000093 seconds
2018-01-03T21:10:43.070-0200: 2616,362: Total time for which application threads were stopped: 0,0000373 seconds, Stopping threads took: 0,0000096 seconds
2018-01-03T21:10:43.074-0200: 2616,366: Total time for which application threads were stopped: 0,0040994 seconds, Stopping threads took: 0,0000084 seconds
2018-01-03T21:10:43.075-0200: 2616,367: Total time for which application threads were stopped: 0,0000598 seconds, Stopping threads took: 0,0000147 seconds
2018-01-03T21:10:43.075-0200: 2616,367: Total time for which application threads were stopped: 0,0000469 seconds, Stopping threads took: 0,0000107 seconds
2018-01-03T21:10:43.075-0200: 2616,367: Total time for which application threads were stopped: 0,0000342 seconds, Stopping threads took: 0,0000086 seconds
2018-01-03T21:10:43.076-0200: 2616,367: Total time for which application threads were stopped: 0,0000905 seconds, Stopping threads took: 0,0000083 seconds
2018-01-03T21:10:43.076-0200: 2616,367: Total time for which application threads were stopped: 0,0000392 seconds, Stopping threads took: 0,0000097 seconds
2018-01-03T21:10:43.076-0200: 2616,368: Total time for which application threads were stopped: 0,0000457 seconds, Stopping threads took: 0,0000119 seconds
2018-01-03T21:10:43.076-0200: 2616,368: Total time for which application threads were stopped: 0,0000365 seconds, Stopping threads took: 0,0000098 seconds
2018-01-03T21:10:43.077-0200: 2616,368: Total time for which application threads were stopped: 0,0000388 seconds, Stopping threads took: 0,0000103 seconds
2018-01-03T21:10:44.077-0200: 2617,369: Total time for which application threads were stopped: 0,0001153 seconds, Stopping threads took: 0,0000222 seconds
2018-01-03T21:10:45.077-0200: 2618,369: Total time for which application threads were stopped: 0,0000774 seconds, Stopping threads took: 0,0000226 seconds
2018-01-03T21:10:47.087-0200: 2620,378: Total time for which application threads were stopped: 0,0002523 seconds, Stopping threads took: 0,0001311 seconds
2018-01-03T21:10:48.087-0200: 2621,379: Total time for which application threads were stopped: 0,0001339 seconds, Stopping threads took: 0,0000371 seconds
2018-01-03T21:10:49.350-0200: 2622,642: Total time for which application threads were stopped: 0,0000734 seconds, Stopping threads took: 0,0000230 seconds
2018-01-03T21:10:49.358-0200: 2622,650: Total time for which application threads were stopped: 0,0000801 seconds, Stopping threads took: 0,0000223 seconds
2018-01-03T21:10:49.426-0200: 2622,718: Total time for which application threads were stopped: 0,0001320 seconds, Stopping threads took: 0,0000394 seconds
2018-01-03T21:10:49.426-0200: 2622,718: Total time for which application threads were stopped: 0,0000507 seconds, Stopping threads took: 0,0000125 seconds
2018-01-03T21:10:49.426-0200: 2622,718: Total time for which application threads were stopped: 0,0000394 seconds, Stopping threads took: 0,0000102 seconds
2018-01-03T21:10:49.427-0200: 2622,718: Total time for which application threads were stopped: 0,0000601 seconds, Stopping threads took: 0,0000105 seconds
2018-01-03T21:10:49.444-0200: 2622,735: Total time for which application threads were stopped: 0,0000707 seconds, Stopping threads took: 0,0000199 seconds
2018-01-03T21:10:49.444-0200: 2622,736: Total time for which application threads were stopped: 0,0000404 seconds, Stopping threads took: 0,0000110 seconds
2018-01-03T21:10:50.445-0200: 2623,736: Total time for which application threads were stopped: 0,0001115 seconds, Stopping threads took: 0,0000196 seconds
2018-01-03T21:10:55.288-0200: 2628,579: Total time for which application threads were stopped: 0,0001173 seconds, Stopping threads took: 0,0000428 seconds
2018-01-03T21:10:56.288-0200: 2629,580: Total time for which application threads were stopped: 0,0001368 seconds, Stopping threads took: 0,0000201 seconds
2018-01-03T21:11:08.291-0200: 2641,583: Total time for which application threads were stopped: 0,0000702 seconds, Stopping threads took: 0,0000190 seconds
2018-01-03T21:11:38.191-0200: 2671,482: Total time for which application threads were stopped: 0,0000833 seconds, Stopping threads took: 0,0000282 seconds
2018-01-03T21:12:08.199-0200: 2701,491: Total time for which application threads were stopped: 0,0001666 seconds, Stopping threads took: 0,0000656 seconds
2018-01-03T21:15:32.247-0200: 2905,538: Total time for which application threads were stopped: 0,0000890 seconds, Stopping threads took: 0,0000354 seconds
2018-01-03T21:18:30.234-0200: 3083,526: Total time for which application threads were stopped: 0,0070011 seconds, Stopping threads took: 0,0069076 seconds
2018-01-03T21:18:30.336-0200: 3083,628: Total time for which application threads were stopped: 0,0061259 seconds, Stopping threads took: 0,0060495 seconds
2018-01-03T21:18:30.336-0200: 3083,628: Total time for which application threads were stopped: 0,0000317 seconds, Stopping threads took: 0,0000067 seconds
2018-01-03T21:18:30.336-0200: 3083,628: Total time for which application threads were stopped: 0,0000250 seconds, Stopping threads took: 0,0000044 seconds
2018-01-03T21:18:30.336-0200: 3083,628: Total time for which application threads were stopped: 0,0000259 seconds, Stopping threads took: 0,0000044 seconds
2018-01-03T21:18:30.336-0200: 3083,628: Total time for which application threads were stopped: 0,0000247 seconds, Stopping threads took: 0,0000044 seconds
2018-01-03T21:18:30.336-0200: 3083,628: Total time for which application threads were stopped: 0,0000243 seconds, Stopping threads took: 0,0000043 seconds
2018-01-03T21:18:30.350-0200: 3083,642: Total time for which application threads were stopped: 0,0001095 seconds, Stopping threads took: 0,0000234 seconds
2018-01-03T21:18:30.495-0200: 3083,786: Total time for which application threads were stopped: 0,0000984 seconds, Stopping threads took: 0,0000243 seconds
2018-01-03T21:18:30.495-0200: 3083,786: Total time for which application threads were stopped: 0,0000349 seconds, Stopping threads took: 0,0000093 seconds
2018-01-03T21:18:30.582-0200: 3083,874: Total time for which application threads were stopped: 0,0000811 seconds, Stopping threads took: 0,0000218 seconds
2018-01-03T21:18:30.582-0200: 3083,874: Total time for which application threads were stopped: 0,0000348 seconds, Stopping threads took: 0,0000098 seconds
2018-01-03T21:18:30.584-0200: 3083,876: Total time for which application threads were stopped: 0,0000591 seconds, Stopping threads took: 0,0000159 seconds
2018-01-03T21:18:30.586-0200: 3083,878: Total time for which application threads were stopped: 0,0000757 seconds, Stopping threads took: 0,0000169 seconds
2018-01-03T21:18:30.586-0200: 3083,878: Total time for which application threads were stopped: 0,0000320 seconds, Stopping threads took: 0,0000087 seconds
2018-01-03T21:18:30.587-0200: 3083,878: Total time for which application threads were stopped: 0,0000418 seconds, Stopping threads took: 0,0000114 seconds
2018-01-03T21:18:30.587-0200: 3083,878: Total time for which application threads were stopped: 0,0000321 seconds, Stopping threads took: 0,0000088 seconds
2018-01-03T21:18:30.588-0200: 3083,880: Total time for which application threads were stopped: 0,0000583 seconds, Stopping threads took: 0,0000157 seconds
2018-01-03T21:18:30.589-0200: 3083,880: Total time for which application threads were stopped: 0,0000952 seconds, Stopping threads took: 0,0000108 seconds
2018-01-03T21:18:30.589-0200: 3083,880: Total time for which application threads were stopped: 0,0000831 seconds, Stopping threads took: 0,0000102 seconds
2018-01-03T21:18:30.589-0200: 3083,881: Total time for which application threads were stopped: 0,0000971 seconds, Stopping threads took: 0,0000093 seconds
2018-01-03T21:18:30.589-0200: 3083,881: Total time for which application threads were stopped: 0,0000327 seconds, Stopping threads took: 0,0000095 seconds
2018-01-03T21:18:30.589-0200: 3083,881: Total time for which application threads were stopped: 0,0000326 seconds, Stopping threads took: 0,0000094 seconds
2018-01-03T21:18:30.589-0200: 3083,881: Total time for which application threads were stopped: 0,0000828 seconds, Stopping threads took: 0,0000442 seconds
2018-01-03T21:18:30.589-0200: 3083,881: Total time for which application threads were stopped: 0,0000317 seconds, Stopping threads took: 0,0000094 seconds
2018-01-03T21:18:30.590-0200: 3083,881: Total time for which application threads were stopped: 0,0000310 seconds, Stopping threads took: 0,0000090 seconds
2018-01-03T21:18:30.590-0200: 3083,881: Total time for which application threads were stopped: 0,0000305 seconds, Stopping threads took: 0,0000088 seconds
2018-01-03T21:18:30.591-0200: 3083,883: Total time for which application threads were stopped: 0,0000500 seconds, Stopping threads took: 0,0000136 seconds
2018-01-03T21:18:30.591-0200: 3083,883: Total time for which application threads were stopped: 0,0000453 seconds, Stopping threads took: 0,0000117 seconds
2018-01-03T21:18:30.592-0200: 3083,883: Total time for which application threads were stopped: 0,0000368 seconds, Stopping threads took: 0,0000106 seconds
2018-01-03T21:18:30.594-0200: 3083,886: Total time for which application threads were stopped: 0,0000579 seconds, Stopping threads took: 0,0000153 seconds
2018-01-03T21:18:31.595-0200: 3084,886: Total time for which application threads were stopped: 0,0000811 seconds, Stopping threads took: 0,0000197 seconds
2018-01-03T21:18:32.561-0200: 3085,853: Total time for which application threads were stopped: 0,0000785 seconds, Stopping threads took: 0,0000204 seconds
2018-01-03T21:18:32.561-0200: 3085,853: Total time for which application threads were stopped: 0,0000364 seconds, Stopping threads took: 0,0000101 seconds
2018-01-03T21:18:32.561-0200: 3085,853: Total time for which application threads were stopped: 0,0000320 seconds, Stopping threads took: 0,0000088 seconds
2018-01-03T21:18:32.561-0200: 3085,853: Total time for which application threads were stopped: 0,0000314 seconds, Stopping threads took: 0,0000089 seconds
2018-01-03T21:18:32.562-0200: 3085,853: Total time for which application threads were stopped: 0,0000794 seconds, Stopping threads took: 0,0000087 seconds
2018-01-03T21:18:32.565-0200: 3085,857: Total time for which application threads were stopped: 0,0000753 seconds, Stopping threads took: 0,0000176 seconds
2018-01-03T21:18:32.565-0200: 3085,857: Total time for which application threads were stopped: 0,0000387 seconds, Stopping threads took: 0,0000088 seconds
2018-01-03T21:18:32.571-0200: 3085,863: Total time for which application threads were stopped: 0,0000690 seconds, Stopping threads took: 0,0000150 seconds
2018-01-03T21:18:32.571-0200: 3085,863: Total time for which application threads were stopped: 0,0000312 seconds, Stopping threads took: 0,0000055 seconds
2018-01-03T21:18:32.571-0200: 3085,863: Total time for which application threads were stopped: 0,0000283 seconds, Stopping threads took: 0,0000045 seconds
2018-01-03T21:18:32.571-0200: 3085,863: Total time for which application threads were stopped: 0,0000276 seconds, Stopping threads took: 0,0000045 seconds
2018-01-03T21:18:32.571-0200: 3085,863: Total time for which application threads were stopped: 0,0000275 seconds, Stopping threads took: 0,0000045 seconds
2018-01-03T21:18:32.571-0200: 3085,863: Total time for which application threads were stopped: 0,0000276 seconds, Stopping threads took: 0,0000045 seconds
2018-01-03T21:18:32.572-0200: 3085,863: Total time for which application threads were stopped: 0,0000293 seconds, Stopping threads took: 0,0000050 seconds
2018-01-03T21:18:32.572-0200: 3085,863: Total time for which application threads were stopped: 0,0000278 seconds, Stopping threads took: 0,0000046 seconds
2018-01-03T21:18:32.572-0200: 3085,863: Total time for which application threads were stopped: 0,0000270 seconds, Stopping threads took: 0,0000043 seconds
2018-01-03T21:18:32.572-0200: 3085,863: Total time for which application threads were stopped: 0,0000412 seconds, Stopping threads took: 0,0000043 seconds
2018-01-03T21:18:32.572-0200: 3085,863: Total time for which application threads were stopped: 0,0000274 seconds, Stopping threads took: 0,0000044 seconds
2018-01-03T21:18:32.572-0200: 3085,863: Total time for which application threads were stopped: 0,0000272 seconds, Stopping threads took: 0,0000044 seconds
2018-01-03T21:18:32.572-0200: 3085,863: Total time for which application threads were stopped: 0,0000856 seconds, Stopping threads took: 0,0000042 seconds
2018-01-03T21:18:32.580-0200: 3085,871: Total time for which application threads were stopped: 0,0000637 seconds, Stopping threads took: 0,0000186 seconds
2018-01-03T21:18:32.580-0200: 3085,871: Total time for which application threads were stopped: 0,0000266 seconds, Stopping threads took: 0,0000053 seconds
2018-01-03T21:18:35.470-0200: 3088,762: Total time for which application threads were stopped: 0,0000686 seconds, Stopping threads took: 0,0000145 seconds
2018-01-03T21:18:35.701-0200: 3088,992: Total time for which application threads were stopped: 0,0000988 seconds, Stopping threads took: 0,0000210 seconds
2018-01-03T21:18:35.701-0200: 3088,993: Total time for which application threads were stopped: 0,0000426 seconds, Stopping threads took: 0,0000106 seconds
2018-01-03T21:18:35.705-0200: 3088,997: Total time for which application threads were stopped: 0,0000771 seconds, Stopping threads took: 0,0000190 seconds
2018-01-03T21:18:35.705-0200: 3088,997: Total time for which application threads were stopped: 0,0000379 seconds, Stopping threads took: 0,0000091 seconds
2018-01-03T21:18:35.705-0200: 3088,997: Total time for which application threads were stopped: 0,0000335 seconds, Stopping threads took: 0,0000083 seconds
2018-01-03T21:18:35.717-0200: 3089,008: Total time for which application threads were stopped: 0,0000779 seconds, Stopping threads took: 0,0000203 seconds
2018-01-03T21:18:35.717-0200: 3089,008: Total time for which application threads were stopped: 0,0000419 seconds, Stopping threads took: 0,0000109 seconds
2018-01-03T21:18:35.717-0200: 3089,008: Total time for which application threads were stopped: 0,0000349 seconds, Stopping threads took: 0,0000085 seconds
2018-01-03T21:18:35.717-0200: 3089,009: Total time for which application threads were stopped: 0,0000640 seconds, Stopping threads took: 0,0000126 seconds
2018-01-03T21:18:35.720-0200: 3089,011: Total time for which application threads were stopped: 0,0001272 seconds, Stopping threads took: 0,0000376 seconds
2018-01-03T21:18:35.721-0200: 3089,012: Total time for which application threads were stopped: 0,0000613 seconds, Stopping threads took: 0,0000130 seconds
2018-01-03T21:18:35.721-0200: 3089,012: Total time for which application threads were stopped: 0,0000360 seconds, Stopping threads took: 0,0000088 seconds
2018-01-03T21:18:35.721-0200: 3089,012: Total time for which application threads were stopped: 0,0000340 seconds, Stopping threads took: 0,0000085 seconds
2018-01-03T21:18:35.721-0200: 3089,013: Total time for which application threads were stopped: 0,0000982 seconds, Stopping threads took: 0,0000100 seconds
2018-01-03T21:18:35.724-0200: 3089,016: Total time for which application threads were stopped: 0,0000759 seconds, Stopping threads took: 0,0000184 seconds
2018-01-03T21:18:35.724-0200: 3089,016: Total time for which application threads were stopped: 0,0000360 seconds, Stopping threads took: 0,0000091 seconds
2018-01-03T21:18:35.724-0200: 3089,016: Total time for which application threads were stopped: 0,0000352 seconds, Stopping threads took: 0,0000087 seconds
{Heap before GC invocations=61 (full 2):
 par new generation   total 655360K, used 591209K [0x0000000700000000, 0x0000000730000000, 0x0000000730000000)
  eden space 524288K, 100% used [0x0000000700000000, 0x0000000720000000, 0x0000000720000000)
  from space 131072K,  51% used [0x0000000728000000, 0x000000072c15a780, 0x0000000730000000)
  to   space 131072K,   0% used [0x0000000720000000, 0x0000000720000000, 0x0000000728000000)
 concurrent mark-sweep generation total 2359296K, used 24479K [0x0000000730000000, 0x00000007c0000000, 0x00000007c0000000)
 Metaspace       used 65539K, capacity 68527K, committed 68704K, reserved 1110016K
  class space    used 7110K, capacity 7827K, committed 7920K, reserved 1048576K
2018-01-03T21:18:36.041-0200: 3089,332: [GC (Allocation Failure) 2018-01-03T21:18:36.041-0200: 3089,332: [ParNew
Desired survivor size 120795952 bytes, new threshold 8 (max 8)
- age   1:   18013416 bytes,   18013416 total
- age   2:    9731200 bytes,   27744616 total
- age   3:    5434400 bytes,   33179016 total
- age   4:    4357824 bytes,   37536840 total
- age   5:    4627040 bytes,   42163880 total
- age   6:    4724688 bytes,   46888568 total
- age   7:    4982024 bytes,   51870592 total
- age   8:    5638496 bytes,   57509088 total
: 591209K->73180K(655360K), 0,2315320 secs] 615689K->101713K(3014656K), 0,2315859 secs] [Times: user=0,10 sys=0,00, real=0,23 secs] 
Heap after GC invocations=62 (full 2):
 par new generation   total 655360K, used 73180K [0x0000000700000000, 0x0000000730000000, 0x0000000730000000)
  eden space 524288K,   0% used [0x0000000700000000, 0x0000000700000000, 0x0000000720000000)
  from space 131072K,  55% used [0x0000000720000000, 0x0000000724777140, 0x0000000728000000)
  to   space 131072K,   0% used [0x0000000728000000, 0x0000000728000000, 0x0000000730000000)
 concurrent mark-sweep generation total 2359296K, used 28532K [0x0000000730000000, 0x00000007c0000000, 0x00000007c0000000)
 Metaspace       used 65539K, capacity 68527K, committed 68704K, reserved 1110016K
  class space    used 7110K, capacity 7827K, committed 7920K, reserved 1048576K
}
2018-01-03T21:18:36.272-0200: 3089,564: Total time for which application threads were stopped: 0,2317334 seconds, Stopping threads took: 0,0000216 seconds
2018-01-03T21:18:36.279-0200: 3089,570: Total time for which application threads were stopped: 0,0000846 seconds, Stopping threads took: 0,0000310 seconds
2018-01-03T21:18:36.280-0200: 3089,572: Total time for which application threads were stopped: 0,0000551 seconds, Stopping threads took: 0,0000111 seconds
2018-01-03T21:18:36.280-0200: 3089,572: Total time for which application threads were stopped: 0,0000449 seconds, Stopping threads took: 0,0000056 seconds
2018-01-03T21:18:37.281-0200: 3090,572: Total time for which application threads were stopped: 0,0000924 seconds, Stopping threads took: 0,0000208 seconds
2018-01-03T21:18:42.616-0200: 3095,907: Total time for which application threads were stopped: 0,0000881 seconds, Stopping threads took: 0,0000205 seconds
2018-01-03T21:18:42.616-0200: 3095,908: Total time for which application threads were stopped: 0,0000421 seconds, Stopping threads took: 0,0000090 seconds
2018-01-03T21:18:42.685-0200: 3095,977: Total time for which application threads were stopped: 0,0000790 seconds, Stopping threads took: 0,0000239 seconds
2018-01-03T21:18:42.685-0200: 3095,977: Total time for which application threads were stopped: 0,0000357 seconds, Stopping threads took: 0,0000098 seconds
2018-01-03T21:18:42.685-0200: 3095,977: Total time for which application threads were stopped: 0,0000336 seconds, Stopping threads took: 0,0000090 seconds
2018-01-03T21:18:42.685-0200: 3095,977: Total time for which application threads were stopped: 0,0000320 seconds, Stopping threads took: 0,0000093 seconds
2018-01-03T21:18:42.702-0200: 3095,994: Total time for which application threads were stopped: 0,0000777 seconds, Stopping threads took: 0,0000208 seconds
2018-01-03T21:18:42.703-0200: 3095,994: Total time for which application threads were stopped: 0,0000622 seconds, Stopping threads took: 0,0000140 seconds
2018-01-03T21:18:43.703-0200: 3096,995: Total time for which application threads were stopped: 0,0000917 seconds, Stopping threads took: 0,0000221 seconds
2018-01-03T21:19:32.580-0200: 3145,872: Total time for which application threads were stopped: 0,0000865 seconds, Stopping threads took: 0,0000319 seconds
2018-01-03T21:22:52.631-0200: 3345,922: Total time for which application threads were stopped: 0,0000889 seconds, Stopping threads took: 0,0000205 seconds
2018-01-03T21:22:53.028-0200: 3346,320: Total time for which application threads were stopped: 0,0059904 seconds, Stopping threads took: 0,0058723 seconds
2018-01-03T21:22:53.204-0200: 3346,496: Total time for which application threads were stopped: 0,0054613 seconds, Stopping threads took: 0,0053840 seconds
2018-01-03T21:22:53.204-0200: 3346,496: Total time for which application threads were stopped: 0,0000365 seconds, Stopping threads took: 0,0000078 seconds
2018-01-03T21:22:53.204-0200: 3346,496: Total time for which application threads were stopped: 0,0000283 seconds, Stopping threads took: 0,0000050 seconds
2018-01-03T21:22:53.204-0200: 3346,496: Total time for which application threads were stopped: 0,0000268 seconds, Stopping threads took: 0,0000044 seconds
2018-01-03T21:22:53.204-0200: 3346,496: Total time for which application threads were stopped: 0,0000269 seconds, Stopping threads took: 0,0000044 seconds
2018-01-03T21:22:53.205-0200: 3346,497: Total time for which application threads were stopped: 0,0000675 seconds, Stopping threads took: 0,0000167 seconds
2018-01-03T21:22:53.363-0200: 3346,654: Total time for which application threads were stopped: 0,0001067 seconds, Stopping threads took: 0,0000211 seconds
2018-01-03T21:22:53.363-0200: 3346,654: Total time for which application threads were stopped: 0,0000936 seconds, Stopping threads took: 0,0000113 seconds
2018-01-03T21:22:54.363-0200: 3347,655: Total time for which application threads were stopped: 0,0000907 seconds, Stopping threads took: 0,0000190 seconds
2018-01-03T21:22:54.512-0200: 3347,804: Total time for which application threads were stopped: 0,0054856 seconds, Stopping threads took: 0,0054104 seconds
2018-01-03T21:22:54.512-0200: 3347,804: Total time for which application threads were stopped: 0,0000379 seconds, Stopping threads took: 0,0000080 seconds
2018-01-03T21:22:54.512-0200: 3347,804: Total time for which application threads were stopped: 0,0000293 seconds, Stopping threads took: 0,0000049 seconds
2018-01-03T21:22:54.512-0200: 3347,804: Total time for which application threads were stopped: 0,0000279 seconds, Stopping threads took: 0,0000043 seconds
2018-01-03T21:22:54.512-0200: 3347,804: Total time for which application threads were stopped: 0,0000278 seconds, Stopping threads took: 0,0000043 seconds
2018-01-03T21:22:54.512-0200: 3347,804: Total time for which application threads were stopped: 0,0000275 seconds, Stopping threads took: 0,0000043 seconds
2018-01-03T21:22:54.513-0200: 3347,804: Total time for which application threads were stopped: 0,0000278 seconds, Stopping threads took: 0,0000045 seconds
2018-01-03T21:22:54.513-0200: 3347,804: Total time for which application threads were stopped: 0,0000276 seconds, Stopping threads took: 0,0000044 seconds
2018-01-03T21:22:54.513-0200: 3347,804: Total time for which application threads were stopped: 0,0000269 seconds, Stopping threads took: 0,0000040 seconds
2018-01-03T21:22:54.513-0200: 3347,804: Total time for which application threads were stopped: 0,0000289 seconds, Stopping threads took: 0,0000050 seconds
2018-01-03T21:22:54.513-0200: 3347,804: Total time for which application threads were stopped: 0,0000275 seconds, Stopping threads took: 0,0000042 seconds
2018-01-03T21:22:54.513-0200: 3347,804: Total time for which application threads were stopped: 0,0000273 seconds, Stopping threads took: 0,0000044 seconds
2018-01-03T21:22:54.513-0200: 3347,804: Total time for which application threads were stopped: 0,0000275 seconds, Stopping threads took: 0,0000044 seconds
2018-01-03T21:22:54.513-0200: 3347,804: Total time for which application threads were stopped: 0,0000272 seconds, Stopping threads took: 0,0000043 seconds
2018-01-03T21:22:54.513-0200: 3347,804: Total time for which application threads were stopped: 0,0000274 seconds, Stopping threads took: 0,0000043 seconds
2018-01-03T21:22:54.513-0200: 3347,805: Total time for which application threads were stopped: 0,0000273 seconds, Stopping threads took: 0,0000043 seconds
2018-01-03T21:22:54.513-0200: 3347,805: Total time for which application threads were stopped: 0,0000869 seconds, Stopping threads took: 0,0000044 seconds
2018-01-03T21:22:54.531-0200: 3347,823: Total time for which application threads were stopped: 0,0000849 seconds, Stopping threads took: 0,0000154 seconds
2018-01-03T21:22:54.531-0200: 3347,823: Total time for which application threads were stopped: 0,0000581 seconds, Stopping threads took: 0,0000053 seconds
2018-01-03T21:22:54.546-0200: 3347,838: Total time for which application threads were stopped: 0,0000664 seconds, Stopping threads took: 0,0000164 seconds
2018-01-03T21:22:54.547-0200: 3347,838: Total time for which application threads were stopped: 0,0000282 seconds, Stopping threads took: 0,0000054 seconds
2018-01-03T21:22:55.547-0200: 3348,838: Total time for which application threads were stopped: 0,0001418 seconds, Stopping threads took: 0,0000408 seconds
2018-01-03T21:22:56.234-0200: 3349,525: Total time for which application threads were stopped: 0,0001848 seconds, Stopping threads took: 0,0000155 seconds
2018-01-03T21:22:56.560-0200: 3349,852: Total time for which application threads were stopped: 0,0001004 seconds, Stopping threads took: 0,0000243 seconds
2018-01-03T21:22:56.561-0200: 3349,852: Total time for which application threads were stopped: 0,0000450 seconds, Stopping threads took: 0,0000105 seconds
2018-01-03T21:22:56.567-0200: 3349,859: Total time for which application threads were stopped: 0,0000937 seconds, Stopping threads took: 0,0000232 seconds
2018-01-03T21:22:56.567-0200: 3349,859: Total time for which application threads were stopped: 0,0000417 seconds, Stopping threads took: 0,0000095 seconds
2018-01-03T21:22:56.567-0200: 3349,859: Total time for which application threads were stopped: 0,0000361 seconds, Stopping threads took: 0,0000085 seconds
2018-01-03T21:22:56.567-0200: 3349,859: Total time for which application threads were stopped: 0,0000564 seconds, Stopping threads took: 0,0000125 seconds
2018-01-03T21:22:56.567-0200: 3349,859: Total time for which application threads were stopped: 0,0000410 seconds, Stopping threads took: 0,0000102 seconds
2018-01-03T21:22:56.567-0200: 3349,859: Total time for which application threads were stopped: 0,0000364 seconds, Stopping threads took: 0,0000085 seconds
2018-01-03T21:22:56.568-0200: 3349,860: Total time for which application threads were stopped: 0,0000522 seconds, Stopping threads took: 0,0000122 seconds
2018-01-03T21:22:56.569-0200: 3349,860: Total time for which application threads were stopped: 0,0000581 seconds, Stopping threads took: 0,0000134 seconds
2018-01-03T21:22:56.569-0200: 3349,860: Total time for which application threads were stopped: 0,0000413 seconds, Stopping threads took: 0,0000096 seconds
2018-01-03T21:22:56.569-0200: 3349,860: Total time for which application threads were stopped: 0,0000560 seconds, Stopping threads took: 0,0000088 seconds
2018-01-03T21:22:56.569-0200: 3349,860: Total time for which application threads were stopped: 0,0000433 seconds, Stopping threads took: 0,0000109 seconds
2018-01-03T21:22:56.570-0200: 3349,861: Total time for which application threads were stopped: 0,0000951 seconds, Stopping threads took: 0,0000273 seconds
2018-01-03T21:22:56.570-0200: 3349,862: Total time for which application threads were stopped: 0,0000412 seconds, Stopping threads took: 0,0000094 seconds
2018-01-03T21:22:56.570-0200: 3349,862: Total time for which application threads were stopped: 0,0000353 seconds, Stopping threads took: 0,0000085 seconds
2018-01-03T21:22:56.574-0200: 3349,866: Total time for which application threads were stopped: 0,0000666 seconds, Stopping threads took: 0,0000169 seconds
2018-01-03T21:22:57.483-0200: 3350,775: Total time for which application threads were stopped: 0,0001112 seconds, Stopping threads took: 0,0000180 seconds
2018-01-03T21:23:05.485-0200: 3358,776: Total time for which application threads were stopped: 0,0000813 seconds, Stopping threads took: 0,0000200 seconds
2018-01-03T21:23:09.124-0200: 3362,415: Total time for which application threads were stopped: 0,0000760 seconds, Stopping threads took: 0,0000169 seconds
2018-01-03T21:23:09.124-0200: 3362,416: Total time for which application threads were stopped: 0,0000564 seconds, Stopping threads took: 0,0000060 seconds
2018-01-03T21:23:09.207-0200: 3362,498: Total time for which application threads were stopped: 0,0000910 seconds, Stopping threads took: 0,0000224 seconds
2018-01-03T21:23:09.207-0200: 3362,498: Total time for which application threads were stopped: 0,0000393 seconds, Stopping threads took: 0,0000104 seconds
2018-01-03T21:23:09.207-0200: 3362,498: Total time for which application threads were stopped: 0,0000349 seconds, Stopping threads took: 0,0000089 seconds
2018-01-03T21:23:09.207-0200: 3362,499: Total time for which application threads were stopped: 0,0000410 seconds, Stopping threads took: 0,0000101 seconds
2018-01-03T21:23:09.212-0200: 3362,504: Total time for which application threads were stopped: 0,0000953 seconds, Stopping threads took: 0,0000293 seconds
2018-01-03T21:23:09.214-0200: 3362,506: Total time for which application threads were stopped: 0,0000648 seconds, Stopping threads took: 0,0000161 seconds
2018-01-03T21:23:10.214-0200: 3363,506: Total time for which application threads were stopped: 0,0001163 seconds, Stopping threads took: 0,0000217 seconds
2018-01-03T21:23:54.547-0200: 3407,838: Total time for which application threads were stopped: 0,0001204 seconds, Stopping threads took: 0,0000494 seconds
2018-01-03T21:24:10.560-0200: 3423,852: Total time for which application threads were stopped: 0,0058191 seconds, Stopping threads took: 0,0057369 seconds
2018-01-03T21:24:10.737-0200: 3424,028: Total time for which application threads were stopped: 0,0001611 seconds, Stopping threads took: 0,0000374 seconds
2018-01-03T21:24:10.847-0200: 3424,139: Total time for which application threads were stopped: 0,0000928 seconds, Stopping threads took: 0,0000206 seconds
2018-01-03T21:24:10.848-0200: 3424,139: Total time for which application threads were stopped: 0,0000586 seconds, Stopping threads took: 0,0000254 seconds
2018-01-03T21:24:10.848-0200: 3424,139: Total time for which application threads were stopped: 0,0000340 seconds, Stopping threads took: 0,0000089 seconds
2018-01-03T21:24:10.848-0200: 3424,139: Total time for which application threads were stopped: 0,0000337 seconds, Stopping threads took: 0,0000089 seconds
2018-01-03T21:24:10.848-0200: 3424,139: Total time for which application threads were stopped: 0,0000325 seconds, Stopping threads took: 0,0000085 seconds
2018-01-03T21:24:10.848-0200: 3424,139: Total time for which application threads were stopped: 0,0000333 seconds, Stopping threads took: 0,0000086 seconds
2018-01-03T21:24:10.851-0200: 3424,142: Total time for which application threads were stopped: 0,0000706 seconds, Stopping threads took: 0,0000170 seconds
2018-01-03T21:24:10.964-0200: 3424,256: Total time for which application threads were stopped: 0,0001162 seconds, Stopping threads took: 0,0000386 seconds
2018-01-03T21:24:10.964-0200: 3424,256: Total time for which application threads were stopped: 0,0000385 seconds, Stopping threads took: 0,0000097 seconds
2018-01-03T21:24:11.026-0200: 3424,318: Total time for which application threads were stopped: 0,0000810 seconds, Stopping threads took: 0,0000192 seconds
2018-01-03T21:24:11.026-0200: 3424,318: Total time for which application threads were stopped: 0,0000375 seconds, Stopping threads took: 0,0000095 seconds
2018-01-03T21:24:11.027-0200: 3424,318: Total time for which application threads were stopped: 0,0000421 seconds, Stopping threads took: 0,0000106 seconds
2018-01-03T21:24:11.027-0200: 3424,318: Total time for which application threads were stopped: 0,0000363 seconds, Stopping threads took: 0,0000097 seconds
2018-01-03T21:24:11.027-0200: 3424,318: Total time for which application threads were stopped: 0,0000331 seconds, Stopping threads took: 0,0000087 seconds
2018-01-03T21:24:11.027-0200: 3424,318: Total time for which application threads were stopped: 0,0000348 seconds, Stopping threads took: 0,0000093 seconds
2018-01-03T21:24:11.027-0200: 3424,319: Total time for which application threads were stopped: 0,0000324 seconds, Stopping threads took: 0,0000085 seconds
2018-01-03T21:24:11.034-0200: 3424,326: Total time for which application threads were stopped: 0,0000846 seconds, Stopping threads took: 0,0000213 seconds
2018-01-03T21:24:11.034-0200: 3424,326: Total time for which application threads were stopped: 0,0000380 seconds, Stopping threads took: 0,0000097 seconds
2018-01-03T21:24:11.035-0200: 3424,326: Total time for which application threads were stopped: 0,0000415 seconds, Stopping threads took: 0,0000111 seconds
2018-01-03T21:24:11.035-0200: 3424,326: Total time for which application threads were stopped: 0,0000337 seconds, Stopping threads took: 0,0000089 seconds
2018-01-03T21:24:11.036-0200: 3424,327: Total time for which application threads were stopped: 0,0000592 seconds, Stopping threads took: 0,0000160 seconds
2018-01-03T21:24:11.036-0200: 3424,327: Total time for which application threads were stopped: 0,0000576 seconds, Stopping threads took: 0,0000092 seconds
2018-01-03T21:24:11.036-0200: 3424,328: Total time for which application threads were stopped: 0,0000429 seconds, Stopping threads took: 0,0000112 seconds
2018-01-03T21:24:11.036-0200: 3424,328: Total time for which application threads were stopped: 0,0000622 seconds, Stopping threads took: 0,0000095 seconds
2018-01-03T21:24:11.036-0200: 3424,328: Total time for which application threads were stopped: 0,0000484 seconds, Stopping threads took: 0,0000116 seconds
2018-01-03T21:24:11.036-0200: 3424,328: Total time for which application threads were stopped: 0,0000594 seconds, Stopping threads took: 0,0000255 seconds
2018-01-03T21:24:11.039-0200: 3424,330: Total time for which application threads were stopped: 0,0000816 seconds, Stopping threads took: 0,0000207 seconds
2018-01-03T21:24:11.039-0200: 3424,330: Total time for which application threads were stopped: 0,0000365 seconds, Stopping threads took: 0,0000093 seconds
2018-01-03T21:24:11.039-0200: 3424,331: Total time for which application threads were stopped: 0,0000355 seconds, Stopping threads took: 0,0000100 seconds
2018-01-03T21:24:11.039-0200: 3424,331: Total time for which application threads were stopped: 0,0000498 seconds, Stopping threads took: 0,0000085 seconds
2018-01-03T21:24:11.039-0200: 3424,331: Total time for which application threads were stopped: 0,0000345 seconds, Stopping threads took: 0,0000096 seconds
2018-01-03T21:24:11.039-0200: 3424,331: Total time for which application threads were stopped: 0,0000325 seconds, Stopping threads took: 0,0000085 seconds
2018-01-03T21:24:11.039-0200: 3424,331: Total time for which application threads were stopped: 0,0000346 seconds, Stopping threads took: 0,0000095 seconds
2018-01-03T21:24:11.039-0200: 3424,331: Total time for which application threads were stopped: 0,0000321 seconds, Stopping threads took: 0,0000087 seconds
2018-01-03T21:24:11.040-0200: 3424,331: Total time for which application threads were stopped: 0,0000511 seconds, Stopping threads took: 0,0000094 seconds
2018-01-03T21:24:11.040-0200: 3424,331: Total time for which application threads were stopped: 0,0000324 seconds, Stopping threads took: 0,0000087 seconds
2018-01-03T21:24:11.040-0200: 3424,331: Total time for which application threads were stopped: 0,0000345 seconds, Stopping threads took: 0,0000096 seconds
2018-01-03T21:24:11.040-0200: 3424,331: Total time for which application threads were stopped: 0,0000321 seconds, Stopping threads took: 0,0000086 seconds
2018-01-03T21:24:11.040-0200: 3424,331: Total time for which application threads were stopped: 0,0000340 seconds, Stopping threads took: 0,0000093 seconds
2018-01-03T21:24:11.040-0200: 3424,332: Total time for which application threads were stopped: 0,0000319 seconds, Stopping threads took: 0,0000084 seconds
2018-01-03T21:24:12.310-0200: 3425,602: Total time for which application threads were stopped: 0,0000761 seconds, Stopping threads took: 0,0000209 seconds
2018-01-03T21:24:12.310-0200: 3425,602: Total time for which application threads were stopped: 0,0000399 seconds, Stopping threads took: 0,0000102 seconds
2018-01-03T21:24:12.310-0200: 3425,602: Total time for which application threads were stopped: 0,0000348 seconds, Stopping threads took: 0,0000093 seconds
2018-01-03T21:24:12.310-0200: 3425,602: Total time for which application threads were stopped: 0,0000628 seconds, Stopping threads took: 0,0000363 seconds
2018-01-03T21:24:12.310-0200: 3425,602: Total time for which application threads were stopped: 0,0000341 seconds, Stopping threads took: 0,0000093 seconds
2018-01-03T21:24:12.311-0200: 3425,602: Total time for which application threads were stopped: 0,0000417 seconds, Stopping threads took: 0,0000104 seconds
2018-01-03T21:24:12.311-0200: 3425,602: Total time for which application threads were stopped: 0,0000692 seconds, Stopping threads took: 0,0000090 seconds
2018-01-03T21:24:12.311-0200: 3425,602: Total time for which application threads were stopped: 0,0000350 seconds, Stopping threads took: 0,0000096 seconds
2018-01-03T21:24:12.311-0200: 3425,602: Total time for which application threads were stopped: 0,0000348 seconds, Stopping threads took: 0,0000092 seconds
2018-01-03T21:24:12.311-0200: 3425,602: Total time for which application threads were stopped: 0,0000335 seconds, Stopping threads took: 0,0000087 seconds
2018-01-03T21:24:12.311-0200: 3425,602: Total time for which application threads were stopped: 0,0000338 seconds, Stopping threads took: 0,0000089 seconds
2018-01-03T21:24:12.311-0200: 3425,603: Total time for which application threads were stopped: 0,0000334 seconds, Stopping threads took: 0,0000088 seconds
2018-01-03T21:24:12.311-0200: 3425,603: Total time for which application threads were stopped: 0,0000334 seconds, Stopping threads took: 0,0000089 seconds
2018-01-03T21:24:12.313-0200: 3425,605: Total time for which application threads were stopped: 0,0000592 seconds, Stopping threads took: 0,0000168 seconds
2018-01-03T21:24:12.316-0200: 3425,608: Total time for which application threads were stopped: 0,0000771 seconds, Stopping threads took: 0,0000143 seconds
2018-01-03T21:24:12.316-0200: 3425,608: Total time for which application threads were stopped: 0,0000411 seconds, Stopping threads took: 0,0000108 seconds
2018-01-03T21:24:12.316-0200: 3425,608: Total time for which application threads were stopped: 0,0000563 seconds, Stopping threads took: 0,0000047 seconds
2018-01-03T21:24:12.316-0200: 3425,608: Total time for which application threads were stopped: 0,0000315 seconds, Stopping threads took: 0,0000051 seconds
2018-01-03T21:24:12.316-0200: 3425,608: Total time for which application threads were stopped: 0,0000299 seconds, Stopping threads took: 0,0000045 seconds
2018-01-03T21:24:12.316-0200: 3425,608: Total time for which application threads were stopped: 0,0000301 seconds, Stopping threads took: 0,0000043 seconds
2018-01-03T21:24:12.316-0200: 3425,608: Total time for which application threads were stopped: 0,0000297 seconds, Stopping threads took: 0,0000044 seconds
2018-01-03T21:24:12.316-0200: 3425,608: Total time for which application threads were stopped: 0,0000296 seconds, Stopping threads took: 0,0000043 seconds
2018-01-03T21:24:12.316-0200: 3425,608: Total time for which application threads were stopped: 0,0000298 seconds, Stopping threads took: 0,0000045 seconds
2018-01-03T21:24:12.316-0200: 3425,608: Total time for which application threads were stopped: 0,0000303 seconds, Stopping threads took: 0,0000044 seconds
2018-01-03T21:24:12.316-0200: 3425,608: Total time for which application threads were stopped: 0,0000298 seconds, Stopping threads took: 0,0000044 seconds
2018-01-03T21:24:12.317-0200: 3425,608: Total time for which application threads were stopped: 0,0000295 seconds, Stopping threads took: 0,0000044 seconds
2018-01-03T21:24:12.317-0200: 3425,608: Total time for which application threads were stopped: 0,0000300 seconds, Stopping threads took: 0,0000045 seconds
2018-01-03T21:24:12.317-0200: 3425,608: Total time for which application threads were stopped: 0,0000516 seconds, Stopping threads took: 0,0000045 seconds
2018-01-03T21:24:12.317-0200: 3425,608: Total time for which application threads were stopped: 0,0000305 seconds, Stopping threads took: 0,0000046 seconds
2018-01-03T21:24:12.317-0200: 3425,608: Total time for which application threads were stopped: 0,0000298 seconds, Stopping threads took: 0,0000045 seconds
2018-01-03T21:24:12.317-0200: 3425,608: Total time for which application threads were stopped: 0,0000298 seconds, Stopping threads took: 0,0000045 seconds
2018-01-03T21:24:12.319-0200: 3425,611: Total time for which application threads were stopped: 0,0000781 seconds, Stopping threads took: 0,0000194 seconds
2018-01-03T21:24:12.328-0200: 3425,619: Total time for which application threads were stopped: 0,0000885 seconds, Stopping threads took: 0,0000209 seconds
2018-01-03T21:24:12.328-0200: 3425,619: Total time for which application threads were stopped: 0,0000586 seconds, Stopping threads took: 0,0000101 seconds
2018-01-03T21:24:12.341-0200: 3425,632: Total time for which application threads were stopped: 0,0000722 seconds, Stopping threads took: 0,0000212 seconds
2018-01-03T21:24:12.341-0200: 3425,632: Total time for which application threads were stopped: 0,0000500 seconds, Stopping threads took: 0,0000243 seconds
2018-01-03T21:24:13.915-0200: 3427,207: Total time for which application threads were stopped: 0,0001146 seconds, Stopping threads took: 0,0000134 seconds
2018-01-03T21:24:14.243-0200: 3427,535: Total time for which application threads were stopped: 0,0001191 seconds, Stopping threads took: 0,0000225 seconds
2018-01-03T21:24:14.243-0200: 3427,535: Total time for which application threads were stopped: 0,0000519 seconds, Stopping threads took: 0,0000112 seconds
2018-01-03T21:24:14.245-0200: 3427,536: Total time for which application threads were stopped: 0,0001397 seconds, Stopping threads took: 0,0000118 seconds
2018-01-03T21:24:14.245-0200: 3427,536: Total time for which application threads were stopped: 0,0000377 seconds, Stopping threads took: 0,0000089 seconds
2018-01-03T21:24:14.245-0200: 3427,537: Total time for which application threads were stopped: 0,0000344 seconds, Stopping threads took: 0,0000081 seconds
2018-01-03T21:24:14.245-0200: 3427,537: Total time for which application threads were stopped: 0,0000372 seconds, Stopping threads took: 0,0000096 seconds
2018-01-03T21:24:14.245-0200: 3427,537: Total time for which application threads were stopped: 0,0000388 seconds, Stopping threads took: 0,0000097 seconds
2018-01-03T21:24:14.245-0200: 3427,537: Total time for which application threads were stopped: 0,0000488 seconds, Stopping threads took: 0,0000080 seconds
2018-01-03T21:24:14.250-0200: 3427,541: Total time for which application threads were stopped: 0,0001776 seconds, Stopping threads took: 0,0000346 seconds
2018-01-03T21:24:14.250-0200: 3427,542: Total time for which application threads were stopped: 0,0000818 seconds, Stopping threads took: 0,0000274 seconds
2018-01-03T21:24:14.251-0200: 3427,542: Total time for which application threads were stopped: 0,0000603 seconds, Stopping threads took: 0,0000134 seconds
2018-01-03T21:24:14.253-0200: 3427,545: Total time for which application threads were stopped: 0,0026998 seconds, Stopping threads took: 0,0026134 seconds
2018-01-03T21:24:14.254-0200: 3427,545: Total time for which application threads were stopped: 0,0000563 seconds, Stopping threads took: 0,0000140 seconds
2018-01-03T21:24:14.254-0200: 3427,546: Total time for which application threads were stopped: 0,0000510 seconds, Stopping threads took: 0,0000119 seconds
2018-01-03T21:24:14.254-0200: 3427,546: Total time for which application threads were stopped: 0,0000375 seconds, Stopping threads took: 0,0000091 seconds
2018-01-03T21:24:14.255-0200: 3427,546: Total time for which application threads were stopped: 0,0000396 seconds, Stopping threads took: 0,0000099 seconds
2018-01-03T21:24:15.255-0200: 3428,547: Total time for which application threads were stopped: 0,0001200 seconds, Stopping threads took: 0,0000216 seconds
2018-01-03T21:24:19.583-0200: 3432,875: Total time for which application threads were stopped: 0,0000906 seconds, Stopping threads took: 0,0000157 seconds
2018-01-03T21:24:19.584-0200: 3432,875: Total time for which application threads were stopped: 0,0000453 seconds, Stopping threads took: 0,0000076 seconds
2018-01-03T21:24:19.667-0200: 3432,958: Total time for which application threads were stopped: 0,0001081 seconds, Stopping threads took: 0,0000381 seconds
2018-01-03T21:24:19.667-0200: 3432,958: Total time for which application threads were stopped: 0,0000443 seconds, Stopping threads took: 0,0000103 seconds
2018-01-03T21:24:19.667-0200: 3432,959: Total time for which application threads were stopped: 0,0000372 seconds, Stopping threads took: 0,0000085 seconds
2018-01-03T21:24:19.667-0200: 3432,959: Total time for which application threads were stopped: 0,0000383 seconds, Stopping threads took: 0,0000097 seconds
2018-01-03T21:24:19.676-0200: 3432,967: Total time for which application threads were stopped: 0,0001047 seconds, Stopping threads took: 0,0000273 seconds
2018-01-03T21:24:19.676-0200: 3432,968: Total time for which application threads were stopped: 0,0000564 seconds, Stopping threads took: 0,0000120 seconds
{Heap before GC invocations=62 (full 2):
 par new generation   total 655360K, used 597468K [0x0000000700000000, 0x0000000730000000, 0x0000000730000000)
  eden space 524288K, 100% used [0x0000000700000000, 0x0000000720000000, 0x0000000720000000)
  from space 131072K,  55% used [0x0000000720000000, 0x0000000724777140, 0x0000000728000000)
  to   space 131072K,   0% used [0x0000000728000000, 0x0000000728000000, 0x0000000730000000)
 concurrent mark-sweep generation total 2359296K, used 28532K [0x0000000730000000, 0x00000007c0000000, 0x00000007c0000000)
 Metaspace       used 69515K, capacity 72975K, committed 73184K, reserved 1114112K
  class space    used 7471K, capacity 8273K, committed 8304K, reserved 1048576K
2018-01-03T21:24:19.842-0200: 3433,134: [GC (Allocation Failure) 2018-01-03T21:24:19.842-0200: 3433,134: [ParNew
Desired survivor size 120795952 bytes, new threshold 8 (max 8)
- age   1:   18796608 bytes,   18796608 total
- age   2:    4485800 bytes,   23282408 total
- age   3:    3015936 bytes,   26298344 total
- age   4:    3846480 bytes,   30144824 total
- age   5:    3905472 bytes,   34050296 total
- age   6:    3870504 bytes,   37920800 total
- age   7:    3976912 bytes,   41897712 total
- age   8:    4380704 bytes,   46278416 total
: 597468K->58200K(655360K), 0,2302253 secs] 626001K->92243K(3014656K), 0,2302892 secs] [Times: user=0,10 sys=0,00, real=0,22 secs] 
Heap after GC invocations=63 (full 2):
 par new generation   total 655360K, used 58200K [0x0000000700000000, 0x0000000730000000, 0x0000000730000000)
  eden space 524288K,   0% used [0x0000000700000000, 0x0000000700000000, 0x0000000720000000)
  from space 131072K,  44% used [0x0000000728000000, 0x000000072b8d6050, 0x0000000730000000)
  to   space 131072K,   0% used [0x0000000720000000, 0x0000000720000000, 0x0000000728000000)
 concurrent mark-sweep generation total 2359296K, used 34043K [0x0000000730000000, 0x00000007c0000000, 0x00000007c0000000)
 Metaspace       used 69515K, capacity 72975K, committed 73184K, reserved 1114112K
  class space    used 7471K, capacity 8273K, committed 8304K, reserved 1048576K
}
2018-01-03T21:24:20.073-0200: 3433,364: Total time for which application threads were stopped: 0,2305202 seconds, Stopping threads took: 0,0000962 seconds
2018-01-03T21:24:20.092-0200: 3433,384: Total time for which application threads were stopped: 0,0046219 seconds, Stopping threads took: 0,0045293 seconds
2018-01-03T21:24:20.092-0200: 3433,384: Total time for which application threads were stopped: 0,0000591 seconds, Stopping threads took: 0,0000087 seconds
2018-01-03T21:24:20.092-0200: 3433,384: Total time for which application threads were stopped: 0,0000387 seconds, Stopping threads took: 0,0000051 seconds
2018-01-03T21:24:20.092-0200: 3433,384: Total time for which application threads were stopped: 0,0000345 seconds, Stopping threads took: 0,0000048 seconds
2018-01-03T21:24:20.092-0200: 3433,384: Total time for which application threads were stopped: 0,0000349 seconds, Stopping threads took: 0,0000057 seconds
2018-01-03T21:24:20.092-0200: 3433,384: Total time for which application threads were stopped: 0,0000483 seconds, Stopping threads took: 0,0000047 seconds
2018-01-03T21:24:20.093-0200: 3433,384: Total time for which application threads were stopped: 0,0000322 seconds, Stopping threads took: 0,0000046 seconds
2018-01-03T21:24:20.093-0200: 3433,384: Total time for which application threads were stopped: 0,0000321 seconds, Stopping threads took: 0,0000044 seconds
2018-01-03T21:24:20.093-0200: 3433,384: Total time for which application threads were stopped: 0,0000319 seconds, Stopping threads took: 0,0000046 seconds
2018-01-03T21:24:20.093-0200: 3433,384: Total time for which application threads were stopped: 0,0000885 seconds, Stopping threads took: 0,0000048 seconds
2018-01-03T21:24:20.093-0200: 3433,385: Total time for which application threads were stopped: 0,0000322 seconds, Stopping threads took: 0,0000054 seconds
2018-01-03T21:24:20.093-0200: 3433,385: Total time for which application threads were stopped: 0,0000427 seconds, Stopping threads took: 0,0000048 seconds
2018-01-03T21:24:21.094-0200: 3434,385: Total time for which application threads were stopped: 0,0000879 seconds, Stopping threads took: 0,0000200 seconds
2018-01-03T21:25:12.341-0200: 3485,633: Total time for which application threads were stopped: 0,0000940 seconds, Stopping threads took: 0,0000346 seconds
2018-01-03T21:26:16.357-0200: 3549,648: Total time for which application threads were stopped: 0,0000903 seconds, Stopping threads took: 0,0000336 seconds
2018-01-03T21:32:18.078-0200: 3911,370: Total time for which application threads were stopped: 0,0091887 seconds, Stopping threads took: 0,0090481 seconds
2018-01-03T21:32:18.168-0200: 3911,460: Total time for which application threads were stopped: 0,0053301 seconds, Stopping threads took: 0,0052520 seconds
2018-01-03T21:32:18.168-0200: 3911,460: Total time for which application threads were stopped: 0,0000394 seconds, Stopping threads took: 0,0000075 seconds
2018-01-03T21:32:18.168-0200: 3911,460: Total time for which application threads were stopped: 0,0000331 seconds, Stopping threads took: 0,0000054 seconds
2018-01-03T21:32:18.169-0200: 3911,460: Total time for which application threads were stopped: 0,0000310 seconds, Stopping threads took: 0,0000051 seconds
2018-01-03T21:32:18.169-0200: 3911,460: Total time for which application threads were stopped: 0,0000287 seconds, Stopping threads took: 0,0000048 seconds
2018-01-03T21:32:18.169-0200: 3911,460: Total time for which application threads were stopped: 0,0000311 seconds, Stopping threads took: 0,0000053 seconds
2018-01-03T21:32:18.169-0200: 3911,460: Total time for which application threads were stopped: 0,0000322 seconds, Stopping threads took: 0,0000056 seconds
2018-01-03T21:32:18.169-0200: 3911,461: Total time for which application threads were stopped: 0,0000851 seconds, Stopping threads took: 0,0000049 seconds
2018-01-03T21:32:18.174-0200: 3911,466: Total time for which application threads were stopped: 0,0010553 seconds, Stopping threads took: 0,0009564 seconds
2018-01-03T21:32:18.311-0200: 3911,603: Total time for which application threads were stopped: 0,0001020 seconds, Stopping threads took: 0,0000217 seconds
2018-01-03T21:32:18.312-0200: 3911,603: Total time for which application threads were stopped: 0,0000530 seconds, Stopping threads took: 0,0000215 seconds
2018-01-03T21:32:18.427-0200: 3911,719: Total time for which application threads were stopped: 0,0000911 seconds, Stopping threads took: 0,0000214 seconds
2018-01-03T21:32:18.427-0200: 3911,719: Total time for which application threads were stopped: 0,0000598 seconds, Stopping threads took: 0,0000124 seconds
2018-01-03T21:32:18.428-0200: 3911,719: Total time for which application threads were stopped: 0,0000420 seconds, Stopping threads took: 0,0000111 seconds
2018-01-03T21:32:18.429-0200: 3911,720: Total time for which application threads were stopped: 0,0000498 seconds, Stopping threads took: 0,0000126 seconds
2018-01-03T21:32:18.433-0200: 3911,724: Total time for which application threads were stopped: 0,0000843 seconds, Stopping threads took: 0,0000205 seconds
2018-01-03T21:32:18.433-0200: 3911,724: Total time for which application threads were stopped: 0,0000981 seconds, Stopping threads took: 0,0000105 seconds
2018-01-03T21:32:19.433-0200: 3912,725: Total time for which application threads were stopped: 0,0000862 seconds, Stopping threads took: 0,0000210 seconds
2018-01-03T21:32:20.528-0200: 3913,819: Total time for which application threads were stopped: 0,0014114 seconds, Stopping threads took: 0,0000193 seconds
2018-01-03T21:32:20.528-0200: 3913,819: Total time for which application threads were stopped: 0,0000784 seconds, Stopping threads took: 0,0000149 seconds
2018-01-03T21:32:20.540-0200: 3913,832: Total time for which application threads were stopped: 0,0000797 seconds, Stopping threads took: 0,0000166 seconds
2018-01-03T21:32:20.540-0200: 3913,832: Total time for which application threads were stopped: 0,0000326 seconds, Stopping threads took: 0,0000054 seconds
2018-01-03T21:32:20.540-0200: 3913,832: Total time for which application threads were stopped: 0,0000305 seconds, Stopping threads took: 0,0000046 seconds
2018-01-03T21:32:20.540-0200: 3913,832: Total time for which application threads were stopped: 0,0000301 seconds, Stopping threads took: 0,0000048 seconds
2018-01-03T21:32:20.540-0200: 3913,832: Total time for which application threads were stopped: 0,0000284 seconds, Stopping threads took: 0,0000046 seconds
2018-01-03T21:32:20.540-0200: 3913,832: Total time for which application threads were stopped: 0,0001024 seconds, Stopping threads took: 0,0000044 seconds
2018-01-03T21:32:20.542-0200: 3913,834: Total time for which application threads were stopped: 0,0000608 seconds, Stopping threads took: 0,0000137 seconds
2018-01-03T21:32:20.542-0200: 3913,834: Total time for which application threads were stopped: 0,0000273 seconds, Stopping threads took: 0,0000051 seconds
2018-01-03T21:32:21.044-0200: 3914,335: Total time for which application threads were stopped: 0,0000801 seconds, Stopping threads took: 0,0000164 seconds
2018-01-03T21:32:21.297-0200: 3914,589: Total time for which application threads were stopped: 0,0001108 seconds, Stopping threads took: 0,0000211 seconds
2018-01-03T21:32:21.298-0200: 3914,589: Total time for which application threads were stopped: 0,0000452 seconds, Stopping threads took: 0,0000113 seconds
2018-01-03T21:32:21.306-0200: 3914,598: Total time for which application threads were stopped: 0,0001227 seconds, Stopping threads took: 0,0000245 seconds
2018-01-03T21:32:21.306-0200: 3914,598: Total time for which application threads were stopped: 0,0000783 seconds, Stopping threads took: 0,0000106 seconds
2018-01-03T21:32:21.306-0200: 3914,598: Total time for which application threads were stopped: 0,0000397 seconds, Stopping threads took: 0,0000105 seconds
2018-01-03T21:32:21.307-0200: 3914,598: Total time for which application threads were stopped: 0,0001000 seconds, Stopping threads took: 0,0000096 seconds
2018-01-03T21:32:21.307-0200: 3914,598: Total time for which application threads were stopped: 0,0000410 seconds, Stopping threads took: 0,0000100 seconds
2018-01-03T21:32:21.307-0200: 3914,599: Total time for which application threads were stopped: 0,0000451 seconds, Stopping threads took: 0,0000109 seconds
2018-01-03T21:32:21.309-0200: 3914,601: Total time for which application threads were stopped: 0,0001116 seconds, Stopping threads took: 0,0000252 seconds
2018-01-03T21:32:21.310-0200: 3914,601: Total time for which application threads were stopped: 0,0000672 seconds, Stopping threads took: 0,0000151 seconds
2018-01-03T21:32:21.310-0200: 3914,601: Total time for which application threads were stopped: 0,0000398 seconds, Stopping threads took: 0,0000093 seconds
2018-01-03T21:32:21.310-0200: 3914,602: Total time for which application threads were stopped: 0,0001268 seconds, Stopping threads took: 0,0000084 seconds
2018-01-03T21:32:21.310-0200: 3914,602: Total time for which application threads were stopped: 0,0000435 seconds, Stopping threads took: 0,0000108 seconds
2018-01-03T21:32:21.312-0200: 3914,604: Total time for which application threads were stopped: 0,0000774 seconds, Stopping threads took: 0,0000170 seconds
2018-01-03T21:32:21.312-0200: 3914,604: Total time for which application threads were stopped: 0,0000406 seconds, Stopping threads took: 0,0000093 seconds
2018-01-03T21:32:21.315-0200: 3914,606: Total time for which application threads were stopped: 0,0000997 seconds, Stopping threads took: 0,0000237 seconds
2018-01-03T21:32:22.315-0200: 3915,607: Total time for which application threads were stopped: 0,0001006 seconds, Stopping threads took: 0,0000193 seconds
2018-01-03T21:33:20.543-0200: 3973,834: Total time for which application threads were stopped: 0,0000976 seconds, Stopping threads took: 0,0000345 seconds
2018-01-03T21:34:49.347-0200: 4062,639: Total time for which application threads were stopped: 0,0001243 seconds, Stopping threads took: 0,0000258 seconds
2018-01-03T21:34:49.427-0200: 4062,718: Total time for which application threads were stopped: 0,0001269 seconds, Stopping threads took: 0,0000277 seconds
2018-01-03T21:34:49.427-0200: 4062,718: Total time for which application threads were stopped: 0,0000441 seconds, Stopping threads took: 0,0000105 seconds
2018-01-03T21:34:49.427-0200: 4062,718: Total time for which application threads were stopped: 0,0000337 seconds, Stopping threads took: 0,0000087 seconds
2018-01-03T21:34:49.427-0200: 4062,718: Total time for which application threads were stopped: 0,0000342 seconds, Stopping threads took: 0,0000090 seconds
2018-01-03T21:34:49.427-0200: 4062,718: Total time for which application threads were stopped: 0,0000324 seconds, Stopping threads took: 0,0000084 seconds
2018-01-03T21:34:49.427-0200: 4062,718: Total time for which application threads were stopped: 0,0000326 seconds, Stopping threads took: 0,0000085 seconds
2018-01-03T21:34:49.427-0200: 4062,719: Total time for which application threads were stopped: 0,0000376 seconds, Stopping threads took: 0,0000095 seconds
2018-01-03T21:34:49.427-0200: 4062,719: Total time for which application threads were stopped: 0,0000330 seconds, Stopping threads took: 0,0000082 seconds
2018-01-03T21:34:49.427-0200: 4062,719: Total time for which application threads were stopped: 0,0000325 seconds, Stopping threads took: 0,0000084 seconds
2018-01-03T21:34:49.427-0200: 4062,719: Total time for which application threads were stopped: 0,0000323 seconds, Stopping threads took: 0,0000082 seconds
2018-01-03T21:34:49.427-0200: 4062,719: Total time for which application threads were stopped: 0,0000341 seconds, Stopping threads took: 0,0000089 seconds
2018-01-03T21:34:49.427-0200: 4062,719: Total time for which application threads were stopped: 0,0000323 seconds, Stopping threads took: 0,0000082 seconds
2018-01-03T21:34:49.427-0200: 4062,719: Total time for which application threads were stopped: 0,0000324 seconds, Stopping threads took: 0,0000082 seconds
2018-01-03T21:34:49.427-0200: 4062,719: Total time for which application threads were stopped: 0,0000321 seconds, Stopping threads took: 0,0000082 seconds
2018-01-03T21:34:49.427-0200: 4062,719: Total time for which application threads were stopped: 0,0000325 seconds, Stopping threads took: 0,0000083 seconds
2018-01-03T21:34:49.427-0200: 4062,719: Total time for which application threads were stopped: 0,0000447 seconds, Stopping threads took: 0,0000081 seconds
2018-01-03T21:34:49.427-0200: 4062,719: Total time for which application threads were stopped: 0,0000329 seconds, Stopping threads took: 0,0000085 seconds
2018-01-03T21:34:49.427-0200: 4062,719: Total time for which application threads were stopped: 0,0000324 seconds, Stopping threads took: 0,0000083 seconds
2018-01-03T21:34:49.432-0200: 4062,723: Total time for which application threads were stopped: 0,0000753 seconds, Stopping threads took: 0,0000203 seconds
2018-01-03T21:34:49.432-0200: 4062,723: Total time for which application threads were stopped: 0,0000452 seconds, Stopping threads took: 0,0000139 seconds
2018-01-03T21:34:49.433-0200: 4062,725: Total time for which application threads were stopped: 0,0000507 seconds, Stopping threads took: 0,0000121 seconds
2018-01-03T21:34:49.433-0200: 4062,725: Total time for which application threads were stopped: 0,0000380 seconds, Stopping threads took: 0,0000099 seconds
2018-01-03T21:34:49.433-0200: 4062,725: Total time for which application threads were stopped: 0,0000330 seconds, Stopping threads took: 0,0000085 seconds
2018-01-03T21:34:49.433-0200: 4062,725: Total time for which application threads were stopped: 0,0000327 seconds, Stopping threads took: 0,0000085 seconds
2018-01-03T21:34:49.433-0200: 4062,725: Total time for which application threads were stopped: 0,0000323 seconds, Stopping threads took: 0,0000082 seconds
2018-01-03T21:34:49.433-0200: 4062,725: Total time for which application threads were stopped: 0,0000330 seconds, Stopping threads took: 0,0000084 seconds
2018-01-03T21:34:49.434-0200: 4062,725: Total time for which application threads were stopped: 0,0004289 seconds, Stopping threads took: 0,0003968 seconds
2018-01-03T21:34:49.434-0200: 4062,725: Total time for which application threads were stopped: 0,0000359 seconds, Stopping threads took: 0,0000099 seconds
2018-01-03T21:34:49.434-0200: 4062,725: Total time for which application threads were stopped: 0,0000335 seconds, Stopping threads took: 0,0000085 seconds
2018-01-03T21:34:49.434-0200: 4062,725: Total time for which application threads were stopped: 0,0000331 seconds, Stopping threads took: 0,0000086 seconds
2018-01-03T21:34:49.434-0200: 4062,725: Total time for which application threads were stopped: 0,0000329 seconds, Stopping threads took: 0,0000083 seconds
2018-01-03T21:34:49.434-0200: 4062,725: Total time for which application threads were stopped: 0,0000326 seconds, Stopping threads took: 0,0000083 seconds
2018-01-03T21:34:49.434-0200: 4062,726: Total time for which application threads were stopped: 0,0000327 seconds, Stopping threads took: 0,0000083 seconds
2018-01-03T21:34:49.510-0200: 4062,802: Total time for which application threads were stopped: 0,0001554 seconds, Stopping threads took: 0,0000286 seconds
2018-01-03T21:34:49.553-0200: 4062,845: Total time for which application threads were stopped: 0,0001022 seconds, Stopping threads took: 0,0000247 seconds
2018-01-03T21:34:49.554-0200: 4062,845: Total time for which application threads were stopped: 0,0000390 seconds, Stopping threads took: 0,0000100 seconds
2018-01-03T21:34:49.635-0200: 4062,927: Total time for which application threads were stopped: 0,0001079 seconds, Stopping threads took: 0,0000199 seconds
2018-01-03T21:34:49.636-0200: 4062,928: Total time for which application threads were stopped: 0,0000611 seconds, Stopping threads took: 0,0000135 seconds
2018-01-03T21:34:49.636-0200: 4062,928: Total time for which application threads were stopped: 0,0000362 seconds, Stopping threads took: 0,0000088 seconds
2018-01-03T21:34:49.636-0200: 4062,928: Total time for which application threads were stopped: 0,0000342 seconds, Stopping threads took: 0,0000086 seconds
2018-01-03T21:34:49.636-0200: 4062,928: Total time for which application threads were stopped: 0,0000824 seconds, Stopping threads took: 0,0000082 seconds
2018-01-03T21:34:50.637-0200: 4063,928: Total time for which application threads were stopped: 0,0000739 seconds, Stopping threads took: 0,0000202 seconds
2018-01-03T21:34:50.752-0200: 4064,044: Total time for which application threads were stopped: 0,0000748 seconds, Stopping threads took: 0,0000195 seconds
2018-01-03T21:34:50.752-0200: 4064,044: Total time for which application threads were stopped: 0,0000389 seconds, Stopping threads took: 0,0000098 seconds
2018-01-03T21:34:50.752-0200: 4064,044: Total time for which application threads were stopped: 0,0000348 seconds, Stopping threads took: 0,0000092 seconds
2018-01-03T21:34:50.752-0200: 4064,044: Total time for which application threads were stopped: 0,0000338 seconds, Stopping threads took: 0,0000087 seconds
2018-01-03T21:34:50.752-0200: 4064,044: Total time for which application threads were stopped: 0,0000829 seconds, Stopping threads took: 0,0000086 seconds
2018-01-03T21:34:50.764-0200: 4064,056: Total time for which application threads were stopped: 0,0051333 seconds, Stopping threads took: 0,0050592 seconds
2018-01-03T21:34:50.764-0200: 4064,056: Total time for which application threads were stopped: 0,0000677 seconds, Stopping threads took: 0,0000200 seconds
2018-01-03T21:34:50.764-0200: 4064,056: Total time for which application threads were stopped: 0,0000333 seconds, Stopping threads took: 0,0000051 seconds
2018-01-03T21:34:50.764-0200: 4064,056: Total time for which application threads were stopped: 0,0000306 seconds, Stopping threads took: 0,0000047 seconds
2018-01-03T21:34:50.764-0200: 4064,056: Total time for which application threads were stopped: 0,0000299 seconds, Stopping threads took: 0,0000043 seconds
2018-01-03T21:34:50.764-0200: 4064,056: Total time for which application threads were stopped: 0,0000296 seconds, Stopping threads took: 0,0000043 seconds
2018-01-03T21:34:50.764-0200: 4064,056: Total time for which application threads were stopped: 0,0000299 seconds, Stopping threads took: 0,0000044 seconds
2018-01-03T21:34:50.764-0200: 4064,056: Total time for which application threads were stopped: 0,0000297 seconds, Stopping threads took: 0,0000043 seconds
2018-01-03T21:34:50.764-0200: 4064,056: Total time for which application threads were stopped: 0,0000298 seconds, Stopping threads took: 0,0000044 seconds
2018-01-03T21:34:50.765-0200: 4064,056: Total time for which application threads were stopped: 0,0000947 seconds, Stopping threads took: 0,0000044 seconds
2018-01-03T21:34:50.772-0200: 4064,064: Total time for which application threads were stopped: 0,0000815 seconds, Stopping threads took: 0,0000148 seconds
2018-01-03T21:34:50.773-0200: 4064,064: Total time for which application threads were stopped: 0,0000453 seconds, Stopping threads took: 0,0000055 seconds
2018-01-03T21:34:50.779-0200: 4064,070: Total time for which application threads were stopped: 0,0000655 seconds, Stopping threads took: 0,0000159 seconds
2018-01-03T21:34:50.779-0200: 4064,070: Total time for which application threads were stopped: 0,0000271 seconds, Stopping threads took: 0,0000051 seconds
2018-01-03T21:34:51.825-0200: 4065,117: Total time for which application threads were stopped: 0,0000775 seconds, Stopping threads took: 0,0000153 seconds
2018-01-03T21:34:52.020-0200: 4065,312: Total time for which application threads were stopped: 0,0001124 seconds, Stopping threads took: 0,0000281 seconds
2018-01-03T21:34:52.021-0200: 4065,312: Total time for which application threads were stopped: 0,0000646 seconds, Stopping threads took: 0,0000126 seconds
2018-01-03T21:34:52.025-0200: 4065,317: Total time for which application threads were stopped: 0,0001140 seconds, Stopping threads took: 0,0000283 seconds
2018-01-03T21:34:52.025-0200: 4065,317: Total time for which application threads were stopped: 0,0000499 seconds, Stopping threads took: 0,0000099 seconds
2018-01-03T21:34:52.025-0200: 4065,317: Total time for which application threads were stopped: 0,0000370 seconds, Stopping threads took: 0,0000088 seconds
2018-01-03T21:34:52.025-0200: 4065,317: Total time for which application threads were stopped: 0,0000394 seconds, Stopping threads took: 0,0000099 seconds
2018-01-03T21:34:52.025-0200: 4065,317: Total time for which application threads were stopped: 0,0000409 seconds, Stopping threads took: 0,0000098 seconds
2018-01-03T21:34:52.026-0200: 4065,317: Total time for which application threads were stopped: 0,0000539 seconds, Stopping threads took: 0,0000086 seconds
2018-01-03T21:34:52.030-0200: 4065,322: Total time for which application threads were stopped: 0,0001418 seconds, Stopping threads took: 0,0000377 seconds
2018-01-03T21:34:52.031-0200: 4065,323: Total time for which application threads were stopped: 0,0000720 seconds, Stopping threads took: 0,0000157 seconds
2018-01-03T21:34:52.031-0200: 4065,323: Total time for which application threads were stopped: 0,0000490 seconds, Stopping threads took: 0,0000090 seconds
2018-01-03T21:34:52.031-0200: 4065,323: Total time for which application threads were stopped: 0,0000718 seconds, Stopping threads took: 0,0000092 seconds
2018-01-03T21:34:52.033-0200: 4065,325: Total time for which application threads were stopped: 0,0001559 seconds, Stopping threads took: 0,0000218 seconds
2018-01-03T21:34:52.034-0200: 4065,326: Total time for which application threads were stopped: 0,0000567 seconds, Stopping threads took: 0,0000122 seconds
2018-01-03T21:34:52.034-0200: 4065,326: Total time for which application threads were stopped: 0,0000372 seconds, Stopping threads took: 0,0000085 seconds
2018-01-03T21:34:52.034-0200: 4065,326: Total time for which application threads were stopped: 0,0000362 seconds, Stopping threads took: 0,0000087 seconds
2018-01-03T21:34:52.038-0200: 4065,330: Total time for which application threads were stopped: 0,0000970 seconds, Stopping threads took: 0,0000222 seconds
2018-01-03T21:34:53.039-0200: 4066,330: Total time for which application threads were stopped: 0,0001022 seconds, Stopping threads took: 0,0000200 seconds
2018-01-03T21:34:59.041-0200: 4072,332: Total time for which application threads were stopped: 0,0002134 seconds, Stopping threads took: 0,0000296 seconds
2018-01-03T21:35:08.513-0200: 4081,805: Total time for which application threads were stopped: 0,0000742 seconds, Stopping threads took: 0,0000147 seconds
2018-01-03T21:35:08.514-0200: 4081,806: Total time for which application threads were stopped: 0,0001155 seconds, Stopping threads took: 0,0000139 seconds
2018-01-03T21:35:08.515-0200: 4081,807: Total time for which application threads were stopped: 0,0000589 seconds, Stopping threads took: 0,0000141 seconds
2018-01-03T21:35:08.516-0200: 4081,807: Total time for which application threads were stopped: 0,0000408 seconds, Stopping threads took: 0,0000099 seconds
2018-01-03T21:35:08.516-0200: 4081,807: Total time for which application threads were stopped: 0,0000359 seconds, Stopping threads took: 0,0000089 seconds
2018-01-03T21:35:08.519-0200: 4081,810: Total time for which application threads were stopped: 0,0000927 seconds, Stopping threads took: 0,0000264 seconds
2018-01-03T21:35:08.519-0200: 4081,811: Total time for which application threads were stopped: 0,0000519 seconds, Stopping threads took: 0,0000114 seconds
2018-01-03T21:35:08.545-0200: 4081,837: Total time for which application threads were stopped: 0,0000986 seconds, Stopping threads took: 0,0000284 seconds
2018-01-03T21:35:08.546-0200: 4081,837: Total time for which application threads were stopped: 0,0000707 seconds, Stopping threads took: 0,0000118 seconds
2018-01-03T21:35:09.546-0200: 4082,838: Total time for which application threads were stopped: 0,0001452 seconds, Stopping threads took: 0,0000337 seconds
2018-01-03T21:35:50.779-0200: 4124,071: Total time for which application threads were stopped: 0,0000912 seconds, Stopping threads took: 0,0000341 seconds
{Heap before GC invocations=63 (full 2):
 par new generation   total 655360K, used 582488K [0x0000000700000000, 0x0000000730000000, 0x0000000730000000)
  eden space 524288K, 100% used [0x0000000700000000, 0x0000000720000000, 0x0000000720000000)
  from space 131072K,  44% used [0x0000000728000000, 0x000000072b8d6050, 0x0000000730000000)
  to   space 131072K,   0% used [0x0000000720000000, 0x0000000720000000, 0x0000000728000000)
 concurrent mark-sweep generation total 2359296K, used 34043K [0x0000000730000000, 0x00000007c0000000, 0x00000007c0000000)
 Metaspace       used 72593K, capacity 76251K, committed 76384K, reserved 1118208K
  class space    used 7745K, capacity 8603K, committed 8688K, reserved 1048576K
2018-01-03T21:35:54.211-0200: 4127,502: [GC (Allocation Failure) 2018-01-03T21:35:54.211-0200: 4127,502: [ParNew
Desired survivor size 120795952 bytes, new threshold 8 (max 8)
- age   1:   14577592 bytes,   14577592 total
- age   2:    6064576 bytes,   20642168 total
- age   3:    3814768 bytes,   24456936 total
- age   4:    3005800 bytes,   27462736 total
- age   5:    3841360 bytes,   31304096 total
- age   6:    3900320 bytes,   35204416 total
- age   7:    3861016 bytes,   39065432 total
- age   8:    3968416 bytes,   43033848 total
: 582488K->56839K(655360K), 0,2412644 secs] 616531K->95202K(3014656K), 0,2413255 secs] [Times: user=0,10 sys=0,00, real=0,24 secs] 
Heap after GC invocations=64 (full 2):
 par new generation   total 655360K, used 56839K [0x0000000700000000, 0x0000000730000000, 0x0000000730000000)
  eden space 524288K,   0% used [0x0000000700000000, 0x0000000700000000, 0x0000000720000000)
  from space 131072K,  43% used [0x0000000720000000, 0x0000000723781d70, 0x0000000728000000)
  to   space 131072K,   0% used [0x0000000728000000, 0x0000000728000000, 0x0000000730000000)
 concurrent mark-sweep generation total 2359296K, used 38363K [0x0000000730000000, 0x00000007c0000000, 0x00000007c0000000)
 Metaspace       used 72593K, capacity 76251K, committed 76384K, reserved 1118208K
  class space    used 7745K, capacity 8603K, committed 8688K, reserved 1048576K
}
2018-01-03T21:35:54.452-0200: 4127,744: Total time for which application threads were stopped: 0,2414929 seconds, Stopping threads took: 0,0000306 seconds
2018-01-03T21:35:54.464-0200: 4127,756: Total time for which application threads were stopped: 0,0020619 seconds, Stopping threads took: 0,0019171 seconds
2018-01-03T21:35:54.464-0200: 4127,756: Total time for which application threads were stopped: 0,0001056 seconds, Stopping threads took: 0,0000209 seconds
2018-01-03T21:35:54.471-0200: 4127,763: Total time for which application threads were stopped: 0,0005902 seconds, Stopping threads took: 0,0005116 seconds
2018-01-03T21:35:54.471-0200: 4127,763: Total time for which application threads were stopped: 0,0000415 seconds, Stopping threads took: 0,0000080 seconds
2018-01-03T21:35:54.731-0200: 4128,023: Total time for which application threads were stopped: 0,0086182 seconds, Stopping threads took: 0,0084992 seconds
2018-01-03T21:35:54.805-0200: 4128,096: Total time for which application threads were stopped: 0,0056990 seconds, Stopping threads took: 0,0056209 seconds
2018-01-03T21:35:54.805-0200: 4128,096: Total time for which application threads were stopped: 0,0000509 seconds, Stopping threads took: 0,0000148 seconds
2018-01-03T21:35:54.805-0200: 4128,097: Total time for which application threads were stopped: 0,0000294 seconds, Stopping threads took: 0,0000048 seconds
2018-01-03T21:35:54.805-0200: 4128,097: Total time for which application threads were stopped: 0,0000300 seconds, Stopping threads took: 0,0000047 seconds
2018-01-03T21:35:54.805-0200: 4128,097: Total time for which application threads were stopped: 0,0000284 seconds, Stopping threads took: 0,0000046 seconds
2018-01-03T21:35:54.805-0200: 4128,097: Total time for which application threads were stopped: 0,0000281 seconds, Stopping threads took: 0,0000044 seconds
2018-01-03T21:35:54.805-0200: 4128,097: Total time for which application threads were stopped: 0,0000365 seconds, Stopping threads took: 0,0000046 seconds
2018-01-03T21:35:54.805-0200: 4128,097: Total time for which application threads were stopped: 0,0000435 seconds, Stopping threads took: 0,0000044 seconds
2018-01-03T21:35:54.805-0200: 4128,097: Total time for which application threads were stopped: 0,0000311 seconds, Stopping threads took: 0,0000045 seconds
2018-01-03T21:35:54.805-0200: 4128,097: Total time for which application threads were stopped: 0,0000303 seconds, Stopping threads took: 0,0000042 seconds
2018-01-03T21:35:54.805-0200: 4128,097: Total time for which application threads were stopped: 0,0000304 seconds, Stopping threads took: 0,0000044 seconds
2018-01-03T21:35:54.805-0200: 4128,097: Total time for which application threads were stopped: 0,0000301 seconds, Stopping threads took: 0,0000043 seconds
2018-01-03T21:35:54.805-0200: 4128,097: Total time for which application threads were stopped: 0,0000303 seconds, Stopping threads took: 0,0000044 seconds
2018-01-03T21:35:54.805-0200: 4128,097: Total time for which application threads were stopped: 0,0000304 seconds, Stopping threads took: 0,0000042 seconds
2018-01-03T21:35:54.810-0200: 4128,102: Total time for which application threads were stopped: 0,0023872 seconds, Stopping threads took: 0,0022457 seconds
2018-01-03T21:35:54.886-0200: 4128,178: Total time for which application threads were stopped: 0,0001180 seconds, Stopping threads took: 0,0000230 seconds
2018-01-03T21:35:54.887-0200: 4128,178: Total time for which application threads were stopped: 0,0000463 seconds, Stopping threads took: 0,0000110 seconds
2018-01-03T21:35:54.929-0200: 4128,221: Total time for which application threads were stopped: 0,0000758 seconds, Stopping threads took: 0,0000187 seconds
2018-01-03T21:35:54.929-0200: 4128,221: Total time for which application threads were stopped: 0,0000372 seconds, Stopping threads took: 0,0000094 seconds
2018-01-03T21:35:54.930-0200: 4128,221: Total time for which application threads were stopped: 0,0000379 seconds, Stopping threads took: 0,0000101 seconds
2018-01-03T21:35:54.930-0200: 4128,221: Total time for which application threads were stopped: 0,0000347 seconds, Stopping threads took: 0,0000091 seconds
2018-01-03T21:35:54.930-0200: 4128,221: Total time for which application threads were stopped: 0,0000336 seconds, Stopping threads took: 0,0000083 seconds
2018-01-03T21:35:54.930-0200: 4128,221: Total time for which application threads were stopped: 0,0000350 seconds, Stopping threads took: 0,0000093 seconds
2018-01-03T21:35:54.930-0200: 4128,221: Total time for which application threads were stopped: 0,0000333 seconds, Stopping threads took: 0,0000082 seconds
2018-01-03T21:35:54.931-0200: 4128,222: Total time for which application threads were stopped: 0,0000421 seconds, Stopping threads took: 0,0000108 seconds
2018-01-03T21:35:54.931-0200: 4128,222: Total time for which application threads were stopped: 0,0000349 seconds, Stopping threads took: 0,0000084 seconds
2018-01-03T21:35:54.931-0200: 4128,222: Total time for which application threads were stopped: 0,0000357 seconds, Stopping threads took: 0,0000093 seconds
2018-01-03T21:35:54.931-0200: 4128,222: Total time for which application threads were stopped: 0,0000337 seconds, Stopping threads took: 0,0000083 seconds
2018-01-03T21:35:54.931-0200: 4128,223: Total time for which application threads were stopped: 0,0000350 seconds, Stopping threads took: 0,0000093 seconds
2018-01-03T21:35:54.931-0200: 4128,223: Total time for which application threads were stopped: 0,0000558 seconds, Stopping threads took: 0,0000082 seconds
2018-01-03T21:35:54.939-0200: 4128,230: Total time for which application threads were stopped: 0,0000892 seconds, Stopping threads took: 0,0000219 seconds
2018-01-03T21:35:54.939-0200: 4128,230: Total time for which application threads were stopped: 0,0000422 seconds, Stopping threads took: 0,0000099 seconds
2018-01-03T21:35:54.939-0200: 4128,231: Total time for which application threads were stopped: 0,0000365 seconds, Stopping threads took: 0,0000098 seconds
2018-01-03T21:35:54.939-0200: 4128,231: Total time for which application threads were stopped: 0,0000456 seconds, Stopping threads took: 0,0000094 seconds
2018-01-03T21:35:54.939-0200: 4128,231: Total time for which application threads were stopped: 0,0000362 seconds, Stopping threads took: 0,0000098 seconds
2018-01-03T21:35:54.939-0200: 4128,231: Total time for which application threads were stopped: 0,0000335 seconds, Stopping threads took: 0,0000084 seconds
2018-01-03T21:35:54.943-0200: 4128,234: Total time for which application threads were stopped: 0,0000655 seconds, Stopping threads took: 0,0000169 seconds
2018-01-03T21:35:54.943-0200: 4128,234: Total time for which application threads were stopped: 0,0000370 seconds, Stopping threads took: 0,0000090 seconds
2018-01-03T21:35:54.943-0200: 4128,234: Total time for which application threads were stopped: 0,0000357 seconds, Stopping threads took: 0,0000095 seconds
2018-01-03T21:35:54.943-0200: 4128,235: Total time for which application threads were stopped: 0,0000331 seconds, Stopping threads took: 0,0000085 seconds
2018-01-03T21:35:54.943-0200: 4128,235: Total time for which application threads were stopped: 0,0000486 seconds, Stopping threads took: 0,0000095 seconds
2018-01-03T21:35:54.943-0200: 4128,235: Total time for which application threads were stopped: 0,0000334 seconds, Stopping threads took: 0,0000085 seconds
2018-01-03T21:35:54.943-0200: 4128,235: Total time for which application threads were stopped: 0,0000537 seconds, Stopping threads took: 0,0000092 seconds
2018-01-03T21:35:54.943-0200: 4128,235: Total time for which application threads were stopped: 0,0000344 seconds, Stopping threads took: 0,0000091 seconds
2018-01-03T21:35:54.943-0200: 4128,235: Total time for which application threads were stopped: 0,0000345 seconds, Stopping threads took: 0,0000090 seconds
2018-01-03T21:35:54.943-0200: 4128,235: Total time for which application threads were stopped: 0,0000331 seconds, Stopping threads took: 0,0000085 seconds
2018-01-03T21:35:54.944-0200: 4128,235: Total time for which application threads were stopped: 0,0000361 seconds, Stopping threads took: 0,0000099 seconds
2018-01-03T21:35:54.944-0200: 4128,235: Total time for which application threads were stopped: 0,0000329 seconds, Stopping threads took: 0,0000084 seconds
2018-01-03T21:35:56.141-0200: 4129,432: Total time for which application threads were stopped: 0,0001690 seconds, Stopping threads took: 0,0000241 seconds
2018-01-03T21:35:56.141-0200: 4129,432: Total time for which application threads were stopped: 0,0001309 seconds, Stopping threads took: 0,0000250 seconds
2018-01-03T21:35:56.155-0200: 4129,446: Total time for which application threads were stopped: 0,0001289 seconds, Stopping threads took: 0,0000174 seconds
2018-01-03T21:35:56.155-0200: 4129,447: Total time for which application threads were stopped: 0,0000615 seconds, Stopping threads took: 0,0000065 seconds
2018-01-03T21:35:56.155-0200: 4129,447: Total time for which application threads were stopped: 0,0000493 seconds, Stopping threads took: 0,0000046 seconds
2018-01-03T21:35:56.168-0200: 4129,459: Total time for which application threads were stopped: 0,0001295 seconds, Stopping threads took: 0,0000154 seconds
2018-01-03T21:35:56.168-0200: 4129,459: Total time for which application threads were stopped: 0,0000715 seconds, Stopping threads took: 0,0000056 seconds
2018-01-03T21:35:56.168-0200: 4129,459: Total time for which application threads were stopped: 0,0000317 seconds, Stopping threads took: 0,0000053 seconds
2018-01-03T21:35:56.168-0200: 4129,459: Total time for which application threads were stopped: 0,0000305 seconds, Stopping threads took: 0,0000050 seconds
2018-01-03T21:35:56.168-0200: 4129,459: Total time for which application threads were stopped: 0,0000286 seconds, Stopping threads took: 0,0000045 seconds
2018-01-03T21:35:56.168-0200: 4129,459: Total time for which application threads were stopped: 0,0000285 seconds, Stopping threads took: 0,0000042 seconds
2018-01-03T21:35:56.168-0200: 4129,459: Total time for which application threads were stopped: 0,0000287 seconds, Stopping threads took: 0,0000045 seconds
2018-01-03T21:35:56.168-0200: 4129,460: Total time for which application threads were stopped: 0,0000283 seconds, Stopping threads took: 0,0000043 seconds
2018-01-03T21:35:56.168-0200: 4129,460: Total time for which application threads were stopped: 0,0000282 seconds, Stopping threads took: 0,0000043 seconds
2018-01-03T21:35:56.168-0200: 4129,460: Total time for which application threads were stopped: 0,0000286 seconds, Stopping threads took: 0,0000043 seconds
2018-01-03T21:35:56.168-0200: 4129,460: Total time for which application threads were stopped: 0,0000279 seconds, Stopping threads took: 0,0000040 seconds
2018-01-03T21:35:56.168-0200: 4129,460: Total time for which application threads were stopped: 0,0000282 seconds, Stopping threads took: 0,0000043 seconds
2018-01-03T21:35:56.168-0200: 4129,460: Total time for which application threads were stopped: 0,0000280 seconds, Stopping threads took: 0,0000042 seconds
2018-01-03T21:35:56.168-0200: 4129,460: Total time for which application threads were stopped: 0,0000633 seconds, Stopping threads took: 0,0000043 seconds
2018-01-03T21:35:57.168-0200: 4130,460: Total time for which application threads were stopped: 0,0000878 seconds, Stopping threads took: 0,0000197 seconds
2018-01-03T21:35:57.512-0200: 4130,803: Total time for which application threads were stopped: 0,0000758 seconds, Stopping threads took: 0,0000147 seconds
2018-01-03T21:35:57.535-0200: 4130,827: Total time for which application threads were stopped: 0,0001119 seconds, Stopping threads took: 0,0000266 seconds
2018-01-03T21:35:57.535-0200: 4130,827: Total time for which application threads were stopped: 0,0000861 seconds, Stopping threads took: 0,0000116 seconds
2018-01-03T21:35:57.547-0200: 4130,839: Total time for which application threads were stopped: 0,0001307 seconds, Stopping threads took: 0,0000283 seconds
2018-01-03T21:35:57.547-0200: 4130,839: Total time for which application threads were stopped: 0,0000461 seconds, Stopping threads took: 0,0000102 seconds
2018-01-03T21:35:57.547-0200: 4130,839: Total time for which application threads were stopped: 0,0000366 seconds, Stopping threads took: 0,0000085 seconds
2018-01-03T21:35:57.547-0200: 4130,839: Total time for which application threads were stopped: 0,0000386 seconds, Stopping threads took: 0,0000095 seconds
2018-01-03T21:35:57.547-0200: 4130,839: Total time for which application threads were stopped: 0,0000410 seconds, Stopping threads took: 0,0000099 seconds
2018-01-03T21:35:57.547-0200: 4130,839: Total time for which application threads were stopped: 0,0000346 seconds, Stopping threads took: 0,0000082 seconds
2018-01-03T21:35:57.548-0200: 4130,840: Total time for which application threads were stopped: 0,0000432 seconds, Stopping threads took: 0,0000104 seconds
2018-01-03T21:35:57.555-0200: 4130,846: Total time for which application threads were stopped: 0,0001487 seconds, Stopping threads took: 0,0000211 seconds
2018-01-03T21:35:57.555-0200: 4130,847: Total time for which application threads were stopped: 0,0000502 seconds, Stopping threads took: 0,0000111 seconds
2018-01-03T21:35:57.555-0200: 4130,847: Total time for which application threads were stopped: 0,0000375 seconds, Stopping threads took: 0,0000089 seconds
2018-01-03T21:35:57.555-0200: 4130,847: Total time for which application threads were stopped: 0,0000359 seconds, Stopping threads took: 0,0000086 seconds
2018-01-03T21:35:57.555-0200: 4130,847: Total time for which application threads were stopped: 0,0000425 seconds, Stopping threads took: 0,0000113 seconds
2018-01-03T21:35:57.556-0200: 4130,848: Total time for which application threads were stopped: 0,0000502 seconds, Stopping threads took: 0,0000120 seconds
2018-01-03T21:35:57.556-0200: 4130,848: Total time for which application threads were stopped: 0,0000378 seconds, Stopping threads took: 0,0000090 seconds
2018-01-03T21:35:57.556-0200: 4130,848: Total time for which application threads were stopped: 0,0000351 seconds, Stopping threads took: 0,0000080 seconds
2018-01-03T21:35:57.556-0200: 4130,848: Total time for which application threads were stopped: 0,0000401 seconds, Stopping threads took: 0,0000098 seconds
2018-01-03T21:35:58.557-0200: 4131,848: Total time for which application threads were stopped: 0,0000890 seconds, Stopping threads took: 0,0000174 seconds
2018-01-03T21:36:01.037-0200: 4134,328: Total time for which application threads were stopped: 0,0000730 seconds, Stopping threads took: 0,0000147 seconds
2018-01-03T21:36:01.045-0200: 4134,337: Total time for which application threads were stopped: 0,0000832 seconds, Stopping threads took: 0,0000210 seconds
2018-01-03T21:36:01.045-0200: 4134,337: Total time for which application threads were stopped: 0,0000378 seconds, Stopping threads took: 0,0000100 seconds
2018-01-03T21:36:01.045-0200: 4134,337: Total time for which application threads were stopped: 0,0000931 seconds, Stopping threads took: 0,0000086 seconds
2018-01-03T21:36:01.045-0200: 4134,337: Total time for which application threads were stopped: 0,0000521 seconds, Stopping threads took: 0,0000208 seconds
2018-01-03T21:36:01.045-0200: 4134,337: Total time for which application threads were stopped: 0,0000430 seconds, Stopping threads took: 0,0000104 seconds
2018-01-03T21:36:01.055-0200: 4134,346: Total time for which application threads were stopped: 0,0000824 seconds, Stopping threads took: 0,0000193 seconds
2018-01-03T21:36:01.055-0200: 4134,347: Total time for which application threads were stopped: 0,0000689 seconds, Stopping threads took: 0,0000121 seconds
2018-01-03T21:36:02.055-0200: 4135,347: Total time for which application threads were stopped: 0,0000843 seconds, Stopping threads took: 0,0000195 seconds
2018-01-03T21:36:56.155-0200: 4189,447: Total time for which application threads were stopped: 0,0000931 seconds, Stopping threads took: 0,0000340 seconds
2018-01-03T21:44:38.802-0200: 4652,094: Total time for which application threads were stopped: 0,0001282 seconds, Stopping threads took: 0,0000238 seconds
2018-01-03T21:44:38.909-0200: 4652,200: Total time for which application threads were stopped: 0,0064379 seconds, Stopping threads took: 0,0063473 seconds
2018-01-03T21:44:38.909-0200: 4652,200: Total time for which application threads were stopped: 0,0000398 seconds, Stopping threads took: 0,0000077 seconds
2018-01-03T21:44:38.909-0200: 4652,200: Total time for which application threads were stopped: 0,0000286 seconds, Stopping threads took: 0,0000046 seconds
2018-01-03T21:44:38.909-0200: 4652,200: Total time for which application threads were stopped: 0,0000296 seconds, Stopping threads took: 0,0000049 seconds
2018-01-03T21:44:38.909-0200: 4652,200: Total time for which application threads were stopped: 0,0000280 seconds, Stopping threads took: 0,0000046 seconds
2018-01-03T21:44:38.909-0200: 4652,200: Total time for which application threads were stopped: 0,0000277 seconds, Stopping threads took: 0,0000047 seconds
2018-01-03T21:44:38.909-0200: 4652,201: Total time for which application threads were stopped: 0,0000339 seconds, Stopping threads took: 0,0000057 seconds
2018-01-03T21:44:38.909-0200: 4652,201: Total time for which application threads were stopped: 0,0000774 seconds, Stopping threads took: 0,0000042 seconds
2018-01-03T21:44:38.910-0200: 4652,202: Total time for which application threads were stopped: 0,0000797 seconds, Stopping threads took: 0,0000167 seconds
2018-01-03T21:44:39.032-0200: 4652,324: Total time for which application threads were stopped: 0,0000914 seconds, Stopping threads took: 0,0000289 seconds
2018-01-03T21:44:39.032-0200: 4652,324: Total time for which application threads were stopped: 0,0000391 seconds, Stopping threads took: 0,0000102 seconds
2018-01-03T21:44:39.099-0200: 4652,390: Total time for which application threads were stopped: 0,0000986 seconds, Stopping threads took: 0,0000201 seconds
2018-01-03T21:44:39.099-0200: 4652,390: Total time for which application threads were stopped: 0,0000452 seconds, Stopping threads took: 0,0000105 seconds
2018-01-03T21:44:39.099-0200: 4652,390: Total time for which application threads were stopped: 0,0000374 seconds, Stopping threads took: 0,0000097 seconds
2018-01-03T21:44:39.099-0200: 4652,391: Total time for which application threads were stopped: 0,0000493 seconds, Stopping threads took: 0,0000213 seconds
2018-01-03T21:44:39.100-0200: 4652,391: Total time for which application threads were stopped: 0,0000389 seconds, Stopping threads took: 0,0000103 seconds
2018-01-03T21:44:39.100-0200: 4652,391: Total time for which application threads were stopped: 0,0000912 seconds, Stopping threads took: 0,0000095 seconds
2018-01-03T21:44:40.961-0200: 4654,252: Total time for which application threads were stopped: 0,0000903 seconds, Stopping threads took: 0,0000229 seconds
2018-01-03T21:44:40.961-0200: 4654,252: Total time for which application threads were stopped: 0,0000404 seconds, Stopping threads took: 0,0000061 seconds
2018-01-03T21:44:40.961-0200: 4654,252: Total time for which application threads were stopped: 0,0000304 seconds, Stopping threads took: 0,0000048 seconds
2018-01-03T21:44:40.961-0200: 4654,252: Total time for which application threads were stopped: 0,0000298 seconds, Stopping threads took: 0,0000049 seconds
2018-01-03T21:44:40.961-0200: 4654,253: Total time for which application threads were stopped: 0,0000296 seconds, Stopping threads took: 0,0000049 seconds
2018-01-03T21:44:40.961-0200: 4654,253: Total time for which application threads were stopped: 0,0000781 seconds, Stopping threads took: 0,0000160 seconds
2018-01-03T21:44:40.962-0200: 4654,253: Total time for which application threads were stopped: 0,0000924 seconds, Stopping threads took: 0,0000084 seconds
2018-01-03T21:44:40.962-0200: 4654,253: Total time for which application threads were stopped: 0,0000625 seconds, Stopping threads took: 0,0000061 seconds
2018-01-03T21:44:40.962-0200: 4654,253: Total time for which application threads were stopped: 0,0000324 seconds, Stopping threads took: 0,0000054 seconds
2018-01-03T21:44:40.962-0200: 4654,253: Total time for which application threads were stopped: 0,0000318 seconds, Stopping threads took: 0,0000055 seconds
2018-01-03T21:44:40.962-0200: 4654,253: Total time for which application threads were stopped: 0,0000321 seconds, Stopping threads took: 0,0000051 seconds
2018-01-03T21:44:40.962-0200: 4654,253: Total time for which application threads were stopped: 0,0000308 seconds, Stopping threads took: 0,0000050 seconds
2018-01-03T21:44:40.962-0200: 4654,254: Total time for which application threads were stopped: 0,0000311 seconds, Stopping threads took: 0,0000048 seconds
2018-01-03T21:44:40.963-0200: 4654,254: Total time for which application threads were stopped: 0,0000514 seconds, Stopping threads took: 0,0000132 seconds
2018-01-03T21:44:40.963-0200: 4654,254: Total time for which application threads were stopped: 0,0000366 seconds, Stopping threads took: 0,0000096 seconds
2018-01-03T21:44:40.975-0200: 4654,266: Total time for which application threads were stopped: 0,0085360 seconds, Stopping threads took: 0,0084614 seconds
2018-01-03T21:44:40.975-0200: 4654,267: Total time for which application threads were stopped: 0,0000391 seconds, Stopping threads took: 0,0000076 seconds
2018-01-03T21:44:40.975-0200: 4654,267: Total time for which application threads were stopped: 0,0000316 seconds, Stopping threads took: 0,0000048 seconds
2018-01-03T21:44:40.975-0200: 4654,267: Total time for which application threads were stopped: 0,0000422 seconds, Stopping threads took: 0,0000046 seconds
2018-01-03T21:44:40.975-0200: 4654,267: Total time for which application threads were stopped: 0,0000302 seconds, Stopping threads took: 0,0000049 seconds
2018-01-03T21:44:40.975-0200: 4654,267: Total time for which application threads were stopped: 0,0000298 seconds, Stopping threads took: 0,0000046 seconds
2018-01-03T21:44:40.975-0200: 4654,267: Total time for which application threads were stopped: 0,0000297 seconds, Stopping threads took: 0,0000045 seconds
2018-01-03T21:44:40.975-0200: 4654,267: Total time for which application threads were stopped: 0,0000293 seconds, Stopping threads took: 0,0000043 seconds
2018-01-03T21:44:40.975-0200: 4654,267: Total time for which application threads were stopped: 0,0000292 seconds, Stopping threads took: 0,0000045 seconds
2018-01-03T21:44:40.975-0200: 4654,267: Total time for which application threads were stopped: 0,0000291 seconds, Stopping threads took: 0,0000044 seconds
2018-01-03T21:44:40.975-0200: 4654,267: Total time for which application threads were stopped: 0,0000290 seconds, Stopping threads took: 0,0000044 seconds
2018-01-03T21:44:40.975-0200: 4654,267: Total time for which application threads were stopped: 0,0000294 seconds, Stopping threads took: 0,0000045 seconds
2018-01-03T21:44:40.975-0200: 4654,267: Total time for which application threads were stopped: 0,0000292 seconds, Stopping threads took: 0,0000044 seconds
2018-01-03T21:44:40.975-0200: 4654,267: Total time for which application threads were stopped: 0,0000296 seconds, Stopping threads took: 0,0000046 seconds
2018-01-03T21:44:40.976-0200: 4654,267: Total time for which application threads were stopped: 0,0000290 seconds, Stopping threads took: 0,0000044 seconds
2018-01-03T21:44:40.976-0200: 4654,267: Total time for which application threads were stopped: 0,0000396 seconds, Stopping threads took: 0,0000044 seconds
2018-01-03T21:44:40.976-0200: 4654,267: Total time for which application threads were stopped: 0,0000295 seconds, Stopping threads took: 0,0000045 seconds
2018-01-03T21:44:40.977-0200: 4654,269: Total time for which application threads were stopped: 0,0000669 seconds, Stopping threads took: 0,0000110 seconds
2018-01-03T21:44:40.977-0200: 4654,269: Total time for which application threads were stopped: 0,0000552 seconds, Stopping threads took: 0,0000052 seconds
2018-01-03T21:44:40.979-0200: 4654,271: Total time for which application threads were stopped: 0,0000582 seconds, Stopping threads took: 0,0000136 seconds
2018-01-03T21:44:40.979-0200: 4654,271: Total time for which application threads were stopped: 0,0000270 seconds, Stopping threads took: 0,0000049 seconds
2018-01-03T21:44:41.375-0200: 4654,666: Total time for which application threads were stopped: 0,0001154 seconds, Stopping threads took: 0,0000158 seconds
2018-01-03T21:44:41.404-0200: 4654,696: Total time for which application threads were stopped: 0,0001556 seconds, Stopping threads took: 0,0000368 seconds
2018-01-03T21:44:41.405-0200: 4654,696: Total time for which application threads were stopped: 0,0001049 seconds, Stopping threads took: 0,0000102 seconds
2018-01-03T21:44:41.406-0200: 4654,697: Total time for which application threads were stopped: 0,0000496 seconds, Stopping threads took: 0,0000117 seconds
2018-01-03T21:44:41.406-0200: 4654,698: Total time for which application threads were stopped: 0,0000380 seconds, Stopping threads took: 0,0000094 seconds
2018-01-03T21:44:41.406-0200: 4654,698: Total time for which application threads were stopped: 0,0000355 seconds, Stopping threads took: 0,0000086 seconds
2018-01-03T21:44:41.411-0200: 4654,702: Total time for which application threads were stopped: 0,0000622 seconds, Stopping threads took: 0,0000150 seconds
2018-01-03T21:44:41.411-0200: 4654,703: Total time for which application threads were stopped: 0,0000457 seconds, Stopping threads took: 0,0000102 seconds
2018-01-03T21:44:41.411-0200: 4654,703: Total time for which application threads were stopped: 0,0000353 seconds, Stopping threads took: 0,0000082 seconds
2018-01-03T21:44:41.411-0200: 4654,703: Total time for which application threads were stopped: 0,0000474 seconds, Stopping threads took: 0,0000106 seconds
2018-01-03T21:44:41.412-0200: 4654,703: Total time for which application threads were stopped: 0,0000532 seconds, Stopping threads took: 0,0000210 seconds
2018-01-03T21:44:41.412-0200: 4654,704: Total time for which application threads were stopped: 0,0001148 seconds, Stopping threads took: 0,0000103 seconds
2018-01-03T21:44:41.412-0200: 4654,704: Total time for which application threads were stopped: 0,0000432 seconds, Stopping threads took: 0,0000101 seconds
2018-01-03T21:44:41.412-0200: 4654,704: Total time for which application threads were stopped: 0,0000359 seconds, Stopping threads took: 0,0000086 seconds
2018-01-03T21:44:41.412-0200: 4654,704: Total time for which application threads were stopped: 0,0000406 seconds, Stopping threads took: 0,0000105 seconds
2018-01-03T21:44:41.413-0200: 4654,705: Total time for which application threads were stopped: 0,0000538 seconds, Stopping threads took: 0,0000129 seconds
2018-01-03T21:44:41.413-0200: 4654,705: Total time for which application threads were stopped: 0,0000386 seconds, Stopping threads took: 0,0000090 seconds
2018-01-03T21:44:41.413-0200: 4654,705: Total time for which application threads were stopped: 0,0000426 seconds, Stopping threads took: 0,0000101 seconds
2018-01-03T21:44:42.414-0200: 4655,705: Total time for which application threads were stopped: 0,0001035 seconds, Stopping threads took: 0,0000209 seconds
2018-01-03T21:45:40.980-0200: 4714,272: Total time for which application threads were stopped: 0,0001019 seconds, Stopping threads took: 0,0000325 seconds
{Heap before GC invocations=64 (full 2):
 par new generation   total 655360K, used 581127K [0x0000000700000000, 0x0000000730000000, 0x0000000730000000)
  eden space 524288K, 100% used [0x0000000700000000, 0x0000000720000000, 0x0000000720000000)
  from space 131072K,  43% used [0x0000000720000000, 0x0000000723781d70, 0x0000000728000000)
  to   space 131072K,   0% used [0x0000000728000000, 0x0000000728000000, 0x0000000730000000)
 concurrent mark-sweep generation total 2359296K, used 38363K [0x0000000730000000, 0x00000007c0000000, 0x00000007c0000000)
 Metaspace       used 75394K, capacity 79127K, committed 79456K, reserved 1120256K
  class space    used 8012K, capacity 8893K, committed 8944K, reserved 1048576K
2018-01-03T21:45:42.784-0200: 4716,076: [GC (Allocation Failure) 2018-01-03T21:45:42.784-0200: 4716,076: [ParNew
Desired survivor size 120795952 bytes, new threshold 8 (max 8)
- age   1:    9239856 bytes,    9239856 total
- age   2:    5498552 bytes,   14738408 total
- age   3:    3974384 bytes,   18712792 total
- age   4:    3814768 bytes,   22527560 total
- age   5:    3005800 bytes,   25533360 total
- age   6:    3841360 bytes,   29374720 total
- age   7:    3900320 bytes,   33275040 total
- age   8:    3861016 bytes,   37136056 total
: 581127K->49668K(655360K), 0,2378371 secs] 619490K->91941K(3014656K), 0,2378875 secs] [Times: user=0,11 sys=0,00, real=0,23 secs] 
Heap after GC invocations=65 (full 2):
 par new generation   total 655360K, used 49668K [0x0000000700000000, 0x0000000730000000, 0x0000000730000000)
  eden space 524288K,   0% used [0x0000000700000000, 0x0000000700000000, 0x0000000720000000)
  from space 131072K,  37% used [0x0000000728000000, 0x000000072b081270, 0x0000000730000000)
  to   space 131072K,   0% used [0x0000000720000000, 0x0000000720000000, 0x0000000728000000)
 concurrent mark-sweep generation total 2359296K, used 42272K [0x0000000730000000, 0x00000007c0000000, 0x00000007c0000000)
 Metaspace       used 75394K, capacity 79127K, committed 79456K, reserved 1120256K
  class space    used 8012K, capacity 8893K, committed 8944K, reserved 1048576K
}
2018-01-03T21:45:43.022-0200: 4716,314: Total time for which application threads were stopped: 0,2381003 seconds, Stopping threads took: 0,0000304 seconds
2018-01-03T21:45:43.032-0200: 4716,326: Total time for which application threads were stopped: 0,0023233 seconds, Stopping threads took: 0,0000631 seconds
2018-01-03T21:45:43.035-0200: 4716,326: Total time for which application threads were stopped: 0,0000795 seconds, Stopping threads took: 0,0000176 seconds
2018-01-03T21:45:43.035-0200: 4716,326: Total time for which application threads were stopped: 0,0000441 seconds, Stopping threads took: 0,0000054 seconds
2018-01-03T21:45:43.035-0200: 4716,326: Total time for which application threads were stopped: 0,0000322 seconds, Stopping threads took: 0,0000049 seconds
2018-01-03T21:45:43.035-0200: 4716,326: Total time for which application threads were stopped: 0,0000312 seconds, Stopping threads took: 0,0000043 seconds
2018-01-03T21:45:43.035-0200: 4716,326: Total time for which application threads were stopped: 0,0000310 seconds, Stopping threads took: 0,0000044 seconds
2018-01-03T21:45:43.035-0200: 4716,326: Total time for which application threads were stopped: 0,0000310 seconds, Stopping threads took: 0,0000044 seconds
2018-01-03T21:45:43.035-0200: 4716,326: Total time for which application threads were stopped: 0,0000308 seconds, Stopping threads took: 0,0000042 seconds
2018-01-03T21:45:43.035-0200: 4716,327: Total time for which application threads were stopped: 0,0001099 seconds, Stopping threads took: 0,0000041 seconds
2018-01-03T21:45:43.035-0200: 4716,327: Total time for which application threads were stopped: 0,0000356 seconds, Stopping threads took: 0,0000054 seconds
2018-01-03T21:45:43.035-0200: 4716,327: Total time for which application threads were stopped: 0,0000318 seconds, Stopping threads took: 0,0000044 seconds
2018-01-03T21:45:43.035-0200: 4716,327: Total time for which application threads were stopped: 0,0000318 seconds, Stopping threads took: 0,0000047 seconds
2018-01-03T21:45:43.220-0200: 4716,511: Total time for which application threads were stopped: 0,0001049 seconds, Stopping threads took: 0,0000247 seconds
2018-01-03T21:45:43.270-0200: 4716,561: Total time for which application threads were stopped: 0,0027192 seconds, Stopping threads took: 0,0025090 seconds
2018-01-03T21:45:43.270-0200: 4716,561: Total time for which application threads were stopped: 0,0000777 seconds, Stopping threads took: 0,0000068 seconds
2018-01-03T21:45:43.270-0200: 4716,562: Total time for which application threads were stopped: 0,0000628 seconds, Stopping threads took: 0,0000049 seconds
2018-01-03T21:45:43.270-0200: 4716,562: Total time for which application threads were stopped: 0,0000639 seconds, Stopping threads took: 0,0000050 seconds
2018-01-03T21:45:43.270-0200: 4716,562: Total time for which application threads were stopped: 0,0001612 seconds, Stopping threads took: 0,0000062 seconds
2018-01-03T21:45:43.270-0200: 4716,562: Total time for which application threads were stopped: 0,0000662 seconds, Stopping threads took: 0,0000065 seconds
2018-01-03T21:45:43.270-0200: 4716,562: Total time for which application threads were stopped: 0,0000337 seconds, Stopping threads took: 0,0000056 seconds
2018-01-03T21:45:43.270-0200: 4716,562: Total time for which application threads were stopped: 0,0000312 seconds, Stopping threads took: 0,0000042 seconds
2018-01-03T21:45:43.271-0200: 4716,562: Total time for which application threads were stopped: 0,0000296 seconds, Stopping threads took: 0,0000045 seconds
2018-01-03T21:45:43.271-0200: 4716,562: Total time for which application threads were stopped: 0,0000612 seconds, Stopping threads took: 0,0000045 seconds
2018-01-03T21:45:43.271-0200: 4716,562: Total time for which application threads were stopped: 0,0000289 seconds, Stopping threads took: 0,0000047 seconds
2018-01-03T21:45:43.271-0200: 4716,562: Total time for which application threads were stopped: 0,0000282 seconds, Stopping threads took: 0,0000043 seconds
2018-01-03T21:45:43.271-0200: 4716,562: Total time for which application threads were stopped: 0,0000276 seconds, Stopping threads took: 0,0000040 seconds
2018-01-03T21:45:43.271-0200: 4716,562: Total time for which application threads were stopped: 0,0000280 seconds, Stopping threads took: 0,0000044 seconds
2018-01-03T21:45:43.271-0200: 4716,562: Total time for which application threads were stopped: 0,0000279 seconds, Stopping threads took: 0,0000042 seconds
2018-01-03T21:45:43.271-0200: 4716,562: Total time for which application threads were stopped: 0,0000283 seconds, Stopping threads took: 0,0000045 seconds
2018-01-03T21:45:43.271-0200: 4716,563: Total time for which application threads were stopped: 0,0000277 seconds, Stopping threads took: 0,0000043 seconds
2018-01-03T21:45:43.271-0200: 4716,563: Total time for which application threads were stopped: 0,0000446 seconds, Stopping threads took: 0,0000051 seconds
2018-01-03T21:45:43.271-0200: 4716,563: Total time for which application threads were stopped: 0,0000434 seconds, Stopping threads took: 0,0000047 seconds
2018-01-03T21:45:43.271-0200: 4716,563: Total time for which application threads were stopped: 0,0000293 seconds, Stopping threads took: 0,0000044 seconds
2018-01-03T21:45:43.271-0200: 4716,563: Total time for which application threads were stopped: 0,0000285 seconds, Stopping threads took: 0,0000041 seconds
2018-01-03T21:45:43.367-0200: 4716,659: Total time for which application threads were stopped: 0,0001144 seconds, Stopping threads took: 0,0000235 seconds
2018-01-03T21:45:43.368-0200: 4716,659: Total time for which application threads were stopped: 0,0001704 seconds, Stopping threads took: 0,0000103 seconds
2018-01-03T21:45:43.427-0200: 4716,718: Total time for which application threads were stopped: 0,0001021 seconds, Stopping threads took: 0,0000216 seconds
2018-01-03T21:45:43.427-0200: 4716,718: Total time for which application threads were stopped: 0,0000422 seconds, Stopping threads took: 0,0000099 seconds
2018-01-03T21:45:43.427-0200: 4716,718: Total time for which application threads were stopped: 0,0000347 seconds, Stopping threads took: 0,0000086 seconds
2018-01-03T21:45:43.427-0200: 4716,719: Total time for which application threads were stopped: 0,0000337 seconds, Stopping threads took: 0,0000083 seconds
2018-01-03T21:45:43.431-0200: 4716,722: Total time for which application threads were stopped: 0,0001482 seconds, Stopping threads took: 0,0000224 seconds
2018-01-03T21:45:44.509-0200: 4717,801: Total time for which application threads were stopped: 0,0001200 seconds, Stopping threads took: 0,0000193 seconds
2018-01-03T21:45:44.509-0200: 4717,801: Total time for which application threads were stopped: 0,0000467 seconds, Stopping threads took: 0,0000100 seconds
2018-01-03T21:45:44.515-0200: 4717,806: Total time for which application threads were stopped: 0,0000809 seconds, Stopping threads took: 0,0000211 seconds
2018-01-03T21:45:44.515-0200: 4717,807: Total time for which application threads were stopped: 0,0000310 seconds, Stopping threads took: 0,0000090 seconds
2018-01-03T21:45:44.516-0200: 4717,808: Total time for which application threads were stopped: 0,0000688 seconds, Stopping threads took: 0,0000138 seconds
2018-01-03T21:45:44.517-0200: 4717,808: Total time for which application threads were stopped: 0,0000339 seconds, Stopping threads took: 0,0000054 seconds
2018-01-03T21:45:44.517-0200: 4717,808: Total time for which application threads were stopped: 0,0001225 seconds, Stopping threads took: 0,0000215 seconds
2018-01-03T21:45:45.614-0200: 4718,906: Total time for which application threads were stopped: 0,0001233 seconds, Stopping threads took: 0,0000153 seconds
2018-01-03T21:45:45.927-0200: 4719,219: Total time for which application threads were stopped: 0,0000855 seconds, Stopping threads took: 0,0000206 seconds
2018-01-03T21:45:45.927-0200: 4719,219: Total time for which application threads were stopped: 0,0000447 seconds, Stopping threads took: 0,0000106 seconds
2018-01-03T21:45:45.929-0200: 4719,220: Total time for which application threads were stopped: 0,0000610 seconds, Stopping threads took: 0,0000126 seconds
2018-01-03T21:45:45.929-0200: 4719,220: Total time for which application threads were stopped: 0,0001043 seconds, Stopping threads took: 0,0000091 seconds
2018-01-03T21:45:45.929-0200: 4719,220: Total time for which application threads were stopped: 0,0000410 seconds, Stopping threads took: 0,0000102 seconds
2018-01-03T21:45:45.929-0200: 4719,221: Total time for which application threads were stopped: 0,0000419 seconds, Stopping threads took: 0,0000099 seconds
2018-01-03T21:45:45.929-0200: 4719,221: Total time for which application threads were stopped: 0,0000356 seconds, Stopping threads took: 0,0000084 seconds
2018-01-03T21:45:45.932-0200: 4719,224: Total time for which application threads were stopped: 0,0001006 seconds, Stopping threads took: 0,0000253 seconds
2018-01-03T21:45:45.933-0200: 4719,225: Total time for which application threads were stopped: 0,0000566 seconds, Stopping threads took: 0,0000118 seconds
2018-01-03T21:45:45.933-0200: 4719,225: Total time for which application threads were stopped: 0,0001069 seconds, Stopping threads took: 0,0000112 seconds
2018-01-03T21:45:45.934-0200: 4719,226: Total time for which application threads were stopped: 0,0000656 seconds, Stopping threads took: 0,0000121 seconds
2018-01-03T21:45:46.934-0200: 4720,226: Total time for which application threads were stopped: 0,0001142 seconds, Stopping threads took: 0,0000212 seconds
2018-01-03T21:45:47.934-0200: 4721,226: Total time for which application threads were stopped: 0,0000730 seconds, Stopping threads took: 0,0000183 seconds
2018-01-03T21:46:44.515-0200: 4777,807: Total time for which application threads were stopped: 0,0000883 seconds, Stopping threads took: 0,0000305 seconds
2018-01-03T21:48:57.556-0200: 4910,848: Total time for which application threads were stopped: 0,0053656 seconds, Stopping threads took: 0,0052869 seconds
2018-01-03T21:48:57.791-0200: 4911,083: Total time for which application threads were stopped: 0,0149629 seconds, Stopping threads took: 0,0148598 seconds
2018-01-03T21:48:57.892-0200: 4911,184: Total time for which application threads were stopped: 0,0116587 seconds, Stopping threads took: 0,0115623 seconds
2018-01-03T21:48:57.892-0200: 4911,184: Total time for which application threads were stopped: 0,0000435 seconds, Stopping threads took: 0,0000074 seconds
2018-01-03T21:48:57.892-0200: 4911,184: Total time for which application threads were stopped: 0,0000306 seconds, Stopping threads took: 0,0000047 seconds
2018-01-03T21:48:57.892-0200: 4911,184: Total time for which application threads were stopped: 0,0000321 seconds, Stopping threads took: 0,0000048 seconds
2018-01-03T21:48:57.892-0200: 4911,184: Total time for which application threads were stopped: 0,0000310 seconds, Stopping threads took: 0,0000047 seconds
2018-01-03T21:48:57.892-0200: 4911,184: Total time for which application threads were stopped: 0,0000301 seconds, Stopping threads took: 0,0000047 seconds
2018-01-03T21:48:57.893-0200: 4911,185: Total time for which application threads were stopped: 0,0000664 seconds, Stopping threads took: 0,0000070 seconds
2018-01-03T21:48:57.986-0200: 4911,278: Total time for which application threads were stopped: 0,0001387 seconds, Stopping threads took: 0,0000441 seconds
2018-01-03T21:48:57.986-0200: 4911,278: Total time for which application threads were stopped: 0,0000620 seconds, Stopping threads took: 0,0000156 seconds
2018-01-03T21:48:58.055-0200: 4911,346: Total time for which application threads were stopped: 0,0001169 seconds, Stopping threads took: 0,0000234 seconds
2018-01-03T21:48:58.055-0200: 4911,346: Total time for which application threads were stopped: 0,0000513 seconds, Stopping threads took: 0,0000103 seconds
2018-01-03T21:48:58.055-0200: 4911,346: Total time for which application threads were stopped: 0,0000437 seconds, Stopping threads took: 0,0000099 seconds
2018-01-03T21:48:58.055-0200: 4911,347: Total time for which application threads were stopped: 0,0000375 seconds, Stopping threads took: 0,0000098 seconds
2018-01-03T21:48:58.055-0200: 4911,347: Total time for which application threads were stopped: 0,0000365 seconds, Stopping threads took: 0,0000087 seconds
2018-01-03T21:48:58.055-0200: 4911,347: Total time for which application threads were stopped: 0,0000354 seconds, Stopping threads took: 0,0000093 seconds
2018-01-03T21:48:58.055-0200: 4911,347: Total time for which application threads were stopped: 0,0000355 seconds, Stopping threads took: 0,0000085 seconds
2018-01-03T21:48:58.055-0200: 4911,347: Total time for which application threads were stopped: 0,0000358 seconds, Stopping threads took: 0,0000093 seconds
2018-01-03T21:48:58.055-0200: 4911,347: Total time for which application threads were stopped: 0,0000360 seconds, Stopping threads took: 0,0000082 seconds
2018-01-03T21:48:58.055-0200: 4911,347: Total time for which application threads were stopped: 0,0000362 seconds, Stopping threads took: 0,0000097 seconds
2018-01-03T21:48:58.055-0200: 4911,347: Total time for which application threads were stopped: 0,0000355 seconds, Stopping threads took: 0,0000082 seconds
2018-01-03T21:48:58.056-0200: 4911,348: Total time for which application threads were stopped: 0,0000582 seconds, Stopping threads took: 0,0000227 seconds
2018-01-03T21:48:58.056-0200: 4911,348: Total time for which application threads were stopped: 0,0000477 seconds, Stopping threads took: 0,0000092 seconds
2018-01-03T21:48:58.057-0200: 4911,348: Total time for which application threads were stopped: 0,0000363 seconds, Stopping threads took: 0,0000095 seconds
2018-01-03T21:48:58.057-0200: 4911,348: Total time for which application threads were stopped: 0,0000364 seconds, Stopping threads took: 0,0000086 seconds
2018-01-03T21:48:58.057-0200: 4911,348: Total time for which application threads were stopped: 0,0000360 seconds, Stopping threads took: 0,0000093 seconds
2018-01-03T21:48:58.057-0200: 4911,348: Total time for which application threads were stopped: 0,0000360 seconds, Stopping threads took: 0,0000085 seconds
2018-01-03T21:48:58.057-0200: 4911,349: Total time for which application threads were stopped: 0,0000399 seconds, Stopping threads took: 0,0000124 seconds
2018-01-03T21:48:58.057-0200: 4911,349: Total time for which application threads were stopped: 0,0000361 seconds, Stopping threads took: 0,0000090 seconds
2018-01-03T21:48:58.057-0200: 4911,349: Total time for which application threads were stopped: 0,0000380 seconds, Stopping threads took: 0,0000099 seconds
2018-01-03T21:48:58.057-0200: 4911,349: Total time for which application threads were stopped: 0,0000361 seconds, Stopping threads took: 0,0000087 seconds
2018-01-03T21:48:58.058-0200: 4911,350: Total time for which application threads were stopped: 0,0000636 seconds, Stopping threads took: 0,0000155 seconds
2018-01-03T21:48:58.058-0200: 4911,350: Total time for which application threads were stopped: 0,0000812 seconds, Stopping threads took: 0,0000090 seconds
2018-01-03T21:48:58.060-0200: 4911,351: Total time for which application threads were stopped: 0,0000678 seconds, Stopping threads took: 0,0000161 seconds
2018-01-03T21:48:58.060-0200: 4911,351: Total time for which application threads were stopped: 0,0000446 seconds, Stopping threads took: 0,0000096 seconds
2018-01-03T21:48:58.061-0200: 4911,353: Total time for which application threads were stopped: 0,0000693 seconds, Stopping threads took: 0,0000162 seconds
2018-01-03T21:48:58.061-0200: 4911,353: Total time for which application threads were stopped: 0,0000633 seconds, Stopping threads took: 0,0000095 seconds
2018-01-03T21:48:58.062-0200: 4911,353: Total time for which application threads were stopped: 0,0000495 seconds, Stopping threads took: 0,0000127 seconds
2018-01-03T21:48:58.062-0200: 4911,353: Total time for which application threads were stopped: 0,0000398 seconds, Stopping threads took: 0,0000091 seconds
2018-01-03T21:48:58.062-0200: 4911,354: Total time for which application threads were stopped: 0,0000698 seconds, Stopping threads took: 0,0000094 seconds
2018-01-03T21:48:58.062-0200: 4911,354: Total time for which application threads were stopped: 0,0000376 seconds, Stopping threads took: 0,0000090 seconds
2018-01-03T21:48:59.062-0200: 4912,354: Total time for which application threads were stopped: 0,0000815 seconds, Stopping threads took: 0,0000211 seconds
2018-01-03T21:48:59.946-0200: 4913,238: Total time for which application threads were stopped: 0,0000760 seconds, Stopping threads took: 0,0000198 seconds
2018-01-03T21:48:59.946-0200: 4913,238: Total time for which application threads were stopped: 0,0000440 seconds, Stopping threads took: 0,0000102 seconds
2018-01-03T21:48:59.946-0200: 4913,238: Total time for which application threads were stopped: 0,0000344 seconds, Stopping threads took: 0,0000089 seconds
2018-01-03T21:48:59.946-0200: 4913,238: Total time for which application threads were stopped: 0,0001073 seconds, Stopping threads took: 0,0000088 seconds
2018-01-03T21:48:59.947-0200: 4913,238: Total time for which application threads were stopped: 0,0000856 seconds, Stopping threads took: 0,0000091 seconds
2018-01-03T21:48:59.950-0200: 4913,241: Total time for which application threads were stopped: 0,0000896 seconds, Stopping threads took: 0,0000192 seconds
2018-01-03T21:48:59.950-0200: 4913,242: Total time for which application threads were stopped: 0,0000773 seconds, Stopping threads took: 0,0000096 seconds
2018-01-03T21:48:59.955-0200: 4913,247: Total time for which application threads were stopped: 0,0002175 seconds, Stopping threads took: 0,0001556 seconds
2018-01-03T21:48:59.971-0200: 4913,262: Total time for which application threads were stopped: 0,0000992 seconds, Stopping threads took: 0,0000157 seconds
2018-01-03T21:48:59.971-0200: 4913,262: Total time for which application threads were stopped: 0,0000369 seconds, Stopping threads took: 0,0000060 seconds
2018-01-03T21:48:59.971-0200: 4913,262: Total time for which application threads were stopped: 0,0000291 seconds, Stopping threads took: 0,0000045 seconds
2018-01-03T21:48:59.971-0200: 4913,262: Total time for which application threads were stopped: 0,0000279 seconds, Stopping threads took: 0,0000043 seconds
2018-01-03T21:48:59.971-0200: 4913,262: Total time for which application threads were stopped: 0,0000278 seconds, Stopping threads took: 0,0000042 seconds
2018-01-03T21:48:59.971-0200: 4913,263: Total time for which application threads were stopped: 0,0000827 seconds, Stopping threads took: 0,0000042 seconds
2018-01-03T21:48:59.972-0200: 4913,264: Total time for which application threads were stopped: 0,0000435 seconds, Stopping threads took: 0,0000091 seconds
2018-01-03T21:48:59.972-0200: 4913,264: Total time for which application threads were stopped: 0,0000253 seconds, Stopping threads took: 0,0000048 seconds
2018-01-03T21:49:02.142-0200: 4915,433: Total time for which application threads were stopped: 0,0000927 seconds, Stopping threads took: 0,0000162 seconds
2018-01-03T21:49:02.143-0200: 4915,434: Total time for which application threads were stopped: 0,0000583 seconds, Stopping threads took: 0,0000097 seconds
2018-01-03T21:49:02.143-0200: 4915,435: Total time for which application threads were stopped: 0,0000353 seconds, Stopping threads took: 0,0000055 seconds
2018-01-03T21:49:02.145-0200: 4915,436: Total time for which application threads were stopped: 0,0001011 seconds, Stopping threads took: 0,0000148 seconds
2018-01-03T21:49:02.145-0200: 4915,436: Total time for which application threads were stopped: 0,0000426 seconds, Stopping threads took: 0,0000096 seconds
2018-01-03T21:49:02.145-0200: 4915,436: Total time for which application threads were stopped: 0,0000514 seconds, Stopping threads took: 0,0000093 seconds
2018-01-03T21:49:02.145-0200: 4915,437: Total time for which application threads were stopped: 0,0000393 seconds, Stopping threads took: 0,0000097 seconds
2018-01-03T21:49:02.145-0200: 4915,437: Total time for which application threads were stopped: 0,0000402 seconds, Stopping threads took: 0,0000096 seconds
2018-01-03T21:49:02.145-0200: 4915,437: Total time for which application threads were stopped: 0,0000348 seconds, Stopping threads took: 0,0000083 seconds
2018-01-03T21:49:02.148-0200: 4915,440: Total time for which application threads were stopped: 0,0001047 seconds, Stopping threads took: 0,0000257 seconds
2018-01-03T21:49:02.149-0200: 4915,440: Total time for which application threads were stopped: 0,0000595 seconds, Stopping threads took: 0,0000118 seconds
2018-01-03T21:49:02.149-0200: 4915,441: Total time for which application threads were stopped: 0,0000500 seconds, Stopping threads took: 0,0000106 seconds
2018-01-03T21:49:02.149-0200: 4915,441: Total time for which application threads were stopped: 0,0000371 seconds, Stopping threads took: 0,0000088 seconds
2018-01-03T21:49:02.149-0200: 4915,441: Total time for which application threads were stopped: 0,0000356 seconds, Stopping threads took: 0,0000083 seconds
2018-01-03T21:49:02.150-0200: 4915,441: Total time for which application threads were stopped: 0,0000408 seconds, Stopping threads took: 0,0000100 seconds
2018-01-03T21:49:02.150-0200: 4915,442: Total time for which application threads were stopped: 0,0000485 seconds, Stopping threads took: 0,0000120 seconds
2018-01-03T21:49:02.150-0200: 4915,442: Total time for which application threads were stopped: 0,0000372 seconds, Stopping threads took: 0,0000083 seconds
2018-01-03T21:49:02.150-0200: 4915,442: Total time for which application threads were stopped: 0,0000353 seconds, Stopping threads took: 0,0000085 seconds
2018-01-03T21:49:02.152-0200: 4915,444: Total time for which application threads were stopped: 0,0001447 seconds, Stopping threads took: 0,0000229 seconds
2018-01-03T21:49:03.153-0200: 4916,444: Total time for which application threads were stopped: 0,0001878 seconds, Stopping threads took: 0,0000376 seconds
{Heap before GC invocations=65 (full 2):
 par new generation   total 655360K, used 573956K [0x0000000700000000, 0x0000000730000000, 0x0000000730000000)
  eden space 524288K, 100% used [0x0000000700000000, 0x0000000720000000, 0x0000000720000000)
  from space 131072K,  37% used [0x0000000728000000, 0x000000072b081270, 0x0000000730000000)
  to   space 131072K,   0% used [0x0000000720000000, 0x0000000720000000, 0x0000000728000000)
 concurrent mark-sweep generation total 2359296K, used 42272K [0x0000000730000000, 0x00000007c0000000, 0x00000007c0000000)
 Metaspace       used 78019K, capacity 81985K, committed 82272K, reserved 1122304K
  class space    used 8274K, capacity 9180K, committed 9200K, reserved 1048576K
2018-01-03T21:49:22.823-0200: 4936,114: [GC (Allocation Failure) 2018-01-03T21:49:22.823-0200: 4936,114: [ParNew
Desired survivor size 120795952 bytes, new threshold 8 (max 8)
- age   1:    8795872 bytes,    8795872 total
- age   2:    4538864 bytes,   13334736 total
- age   3:    4669856 bytes,   18004592 total
- age   4:    3974320 bytes,   21978912 total
- age   5:    3814640 bytes,   25793552 total
- age   6:    3005800 bytes,   28799352 total
- age   7:    3841360 bytes,   32640712 total
- age   8:    3900320 bytes,   36541032 total
: 573956K->43016K(655360K), 0,2449986 secs] 616229K->89091K(3014656K), 0,2450631 secs] [Times: user=0,11 sys=0,00, real=0,24 secs] 
Heap after GC invocations=66 (full 2):
 par new generation   total 655360K, used 43016K [0x0000000700000000, 0x0000000730000000, 0x0000000730000000)
  eden space 524288K,   0% used [0x0000000700000000, 0x0000000700000000, 0x0000000720000000)
  from space 131072K,  32% used [0x0000000720000000, 0x0000000722a02118, 0x0000000728000000)
  to   space 131072K,   0% used [0x0000000728000000, 0x0000000728000000, 0x0000000730000000)
 concurrent mark-sweep generation total 2359296K, used 46075K [0x0000000730000000, 0x00000007c0000000, 0x00000007c0000000)
 Metaspace       used 78019K, capacity 81985K, committed 82272K, reserved 1122304K
  class space    used 8274K, capacity 9180K, committed 9200K, reserved 1048576K
}
2018-01-03T21:49:23.068-0200: 4936,359: Total time for which application threads were stopped: 0,2452157 seconds, Stopping threads took: 0,0000260 seconds
2018-01-03T21:49:23.075-0200: 4936,367: Total time for which application threads were stopped: 0,0002166 seconds, Stopping threads took: 0,0000397 seconds
2018-01-03T21:49:23.075-0200: 4936,367: Total time for which application threads were stopped: 0,0000577 seconds, Stopping threads took: 0,0000060 seconds
2018-01-03T21:49:23.075-0200: 4936,367: Total time for which application threads were stopped: 0,0000323 seconds, Stopping threads took: 0,0000049 seconds
2018-01-03T21:49:23.108-0200: 4936,400: Total time for which application threads were stopped: 0,0098471 seconds, Stopping threads took: 0,0097134 seconds
2018-01-03T21:49:23.196-0200: 4936,487: Total time for which application threads were stopped: 0,0111951 seconds, Stopping threads took: 0,0111141 seconds
2018-01-03T21:49:23.196-0200: 4936,488: Total time for which application threads were stopped: 0,0000384 seconds, Stopping threads took: 0,0000078 seconds
2018-01-03T21:49:23.196-0200: 4936,488: Total time for which application threads were stopped: 0,0000429 seconds, Stopping threads took: 0,0000049 seconds
2018-01-03T21:49:23.196-0200: 4936,488: Total time for which application threads were stopped: 0,0000312 seconds, Stopping threads took: 0,0000050 seconds
2018-01-03T21:49:23.196-0200: 4936,488: Total time for which application threads were stopped: 0,0000292 seconds, Stopping threads took: 0,0000045 seconds
2018-01-03T21:49:23.196-0200: 4936,488: Total time for which application threads were stopped: 0,0000286 seconds, Stopping threads took: 0,0000044 seconds
2018-01-03T21:49:23.196-0200: 4936,488: Total time for which application threads were stopped: 0,0000313 seconds, Stopping threads took: 0,0000046 seconds
2018-01-03T21:49:23.196-0200: 4936,488: Total time for which application threads were stopped: 0,0000292 seconds, Stopping threads took: 0,0000044 seconds
2018-01-03T21:49:23.196-0200: 4936,488: Total time for which application threads were stopped: 0,0000284 seconds, Stopping threads took: 0,0000040 seconds
2018-01-03T21:49:23.196-0200: 4936,488: Total time for which application threads were stopped: 0,0000285 seconds, Stopping threads took: 0,0000042 seconds
2018-01-03T21:49:23.196-0200: 4936,488: Total time for which application threads were stopped: 0,0000288 seconds, Stopping threads took: 0,0000043 seconds
2018-01-03T21:49:23.196-0200: 4936,488: Total time for which application threads were stopped: 0,0000284 seconds, Stopping threads took: 0,0000040 seconds
2018-01-03T21:49:23.196-0200: 4936,488: Total time for which application threads were stopped: 0,0000285 seconds, Stopping threads took: 0,0000041 seconds
2018-01-03T21:49:23.197-0200: 4936,488: Total time for which application threads were stopped: 0,0000455 seconds, Stopping threads took: 0,0000041 seconds
2018-01-03T21:49:23.197-0200: 4936,488: Total time for which application threads were stopped: 0,0000292 seconds, Stopping threads took: 0,0000045 seconds
2018-01-03T21:49:23.197-0200: 4936,488: Total time for which application threads were stopped: 0,0000285 seconds, Stopping threads took: 0,0000039 seconds
2018-01-03T21:49:23.197-0200: 4936,488: Total time for which application threads were stopped: 0,0000284 seconds, Stopping threads took: 0,0000042 seconds
2018-01-03T21:49:23.197-0200: 4936,488: Total time for which application threads were stopped: 0,0000332 seconds, Stopping threads took: 0,0000054 seconds
2018-01-03T21:49:23.197-0200: 4936,488: Total time for which application threads were stopped: 0,0000291 seconds, Stopping threads took: 0,0000044 seconds
2018-01-03T21:49:23.197-0200: 4936,489: Total time for which application threads were stopped: 0,0000866 seconds, Stopping threads took: 0,0000040 seconds
2018-01-03T21:49:23.203-0200: 4936,494: Total time for which application threads were stopped: 0,0001232 seconds, Stopping threads took: 0,0000387 seconds
2018-01-03T21:49:23.323-0200: 4936,614: Total time for which application threads were stopped: 0,0001176 seconds, Stopping threads took: 0,0000290 seconds
2018-01-03T21:49:23.323-0200: 4936,614: Total time for which application threads were stopped: 0,0000418 seconds, Stopping threads took: 0,0000103 seconds
2018-01-03T21:49:23.400-0200: 4936,692: Total time for which application threads were stopped: 0,0001208 seconds, Stopping threads took: 0,0000216 seconds
2018-01-03T21:49:23.401-0200: 4936,693: Total time for which application threads were stopped: 0,0000646 seconds, Stopping threads took: 0,0000147 seconds
2018-01-03T21:49:23.402-0200: 4936,694: Total time for which application threads were stopped: 0,0000586 seconds, Stopping threads took: 0,0000137 seconds
2018-01-03T21:49:23.403-0200: 4936,694: Total time for which application threads were stopped: 0,0000878 seconds, Stopping threads took: 0,0000124 seconds
2018-01-03T21:49:23.403-0200: 4936,695: Total time for which application threads were stopped: 0,0000690 seconds, Stopping threads took: 0,0000122 seconds
2018-01-03T21:49:23.404-0200: 4936,696: Total time for which application threads were stopped: 0,0001880 seconds, Stopping threads took: 0,0000189 seconds
2018-01-03T21:49:24.517-0200: 4937,808: Total time for which application threads were stopped: 0,0015169 seconds, Stopping threads took: 0,0014454 seconds
2018-01-03T21:49:24.517-0200: 4937,808: Total time for which application threads were stopped: 0,0000419 seconds, Stopping threads took: 0,0000078 seconds
2018-01-03T21:49:24.517-0200: 4937,808: Total time for which application threads were stopped: 0,0000322 seconds, Stopping threads took: 0,0000044 seconds
2018-01-03T21:49:24.517-0200: 4937,808: Total time for which application threads were stopped: 0,0000313 seconds, Stopping threads took: 0,0000045 seconds
2018-01-03T21:49:24.517-0200: 4937,808: Total time for which application threads were stopped: 0,0000307 seconds, Stopping threads took: 0,0000045 seconds
2018-01-03T21:49:24.517-0200: 4937,808: Total time for which application threads were stopped: 0,0000304 seconds, Stopping threads took: 0,0000042 seconds
2018-01-03T21:49:24.517-0200: 4937,809: Total time for which application threads were stopped: 0,0000423 seconds, Stopping threads took: 0,0000045 seconds
2018-01-03T21:49:24.517-0200: 4937,809: Total time for which application threads were stopped: 0,0000317 seconds, Stopping threads took: 0,0000050 seconds
2018-01-03T21:49:24.517-0200: 4937,809: Total time for which application threads were stopped: 0,0000306 seconds, Stopping threads took: 0,0000043 seconds
2018-01-03T21:49:24.517-0200: 4937,809: Total time for which application threads were stopped: 0,0000303 seconds, Stopping threads took: 0,0000043 seconds
2018-01-03T21:49:24.517-0200: 4937,809: Total time for which application threads were stopped: 0,0000935 seconds, Stopping threads took: 0,0000043 seconds
2018-01-03T21:49:24.530-0200: 4937,822: Total time for which application threads were stopped: 0,0000900 seconds, Stopping threads took: 0,0000126 seconds
2018-01-03T21:49:24.530-0200: 4937,822: Total time for which application threads were stopped: 0,0000433 seconds, Stopping threads took: 0,0000057 seconds
2018-01-03T21:49:24.551-0200: 4937,843: Total time for which application threads were stopped: 0,0000606 seconds, Stopping threads took: 0,0000142 seconds
2018-01-03T21:49:24.552-0200: 4937,843: Total time for which application threads were stopped: 0,0000467 seconds, Stopping threads took: 0,0000058 seconds
2018-01-03T21:49:27.528-0200: 4940,819: Total time for which application threads were stopped: 0,0000829 seconds, Stopping threads took: 0,0000153 seconds
2018-01-03T21:49:27.960-0200: 4941,251: Total time for which application threads were stopped: 0,0001656 seconds, Stopping threads took: 0,0000397 seconds
2018-01-03T21:49:27.960-0200: 4941,251: Total time for which application threads were stopped: 0,0000493 seconds, Stopping threads took: 0,0000108 seconds
2018-01-03T21:49:27.966-0200: 4941,258: Total time for which application threads were stopped: 0,0001066 seconds, Stopping threads took: 0,0000246 seconds
2018-01-03T21:49:27.967-0200: 4941,258: Total time for which application threads were stopped: 0,0000940 seconds, Stopping threads took: 0,0000545 seconds
2018-01-03T21:49:27.967-0200: 4941,258: Total time for which application threads were stopped: 0,0000373 seconds, Stopping threads took: 0,0000086 seconds
2018-01-03T21:49:27.967-0200: 4941,258: Total time for which application threads were stopped: 0,0000384 seconds, Stopping threads took: 0,0000092 seconds
2018-01-03T21:49:27.967-0200: 4941,259: Total time for which application threads were stopped: 0,0000399 seconds, Stopping threads took: 0,0000093 seconds
2018-01-03T21:49:27.967-0200: 4941,259: Total time for which application threads were stopped: 0,0000636 seconds, Stopping threads took: 0,0000082 seconds
2018-01-03T21:49:27.975-0200: 4941,267: Total time for which application threads were stopped: 0,0001023 seconds, Stopping threads took: 0,0000241 seconds
2018-01-03T21:49:27.975-0200: 4941,267: Total time for which application threads were stopped: 0,0000563 seconds, Stopping threads took: 0,0000120 seconds
2018-01-03T21:49:27.976-0200: 4941,268: Total time for which application threads were stopped: 0,0000493 seconds, Stopping threads took: 0,0000104 seconds
2018-01-03T21:49:27.976-0200: 4941,268: Total time for which application threads were stopped: 0,0000543 seconds, Stopping threads took: 0,0000232 seconds
2018-01-03T21:49:27.976-0200: 4941,268: Total time for which application threads were stopped: 0,0000358 seconds, Stopping threads took: 0,0000082 seconds
2018-01-03T21:49:27.976-0200: 4941,268: Total time for which application threads were stopped: 0,0000405 seconds, Stopping threads took: 0,0000097 seconds
2018-01-03T21:49:27.984-0200: 4941,275: Total time for which application threads were stopped: 0,0001502 seconds, Stopping threads took: 0,0000370 seconds
2018-01-03T21:49:27.984-0200: 4941,276: Total time for which application threads were stopped: 0,0000698 seconds, Stopping threads took: 0,0000126 seconds
2018-01-03T21:49:27.984-0200: 4941,276: Total time for which application threads were stopped: 0,0000577 seconds, Stopping threads took: 0,0000120 seconds
2018-01-03T21:49:27.984-0200: 4941,276: Total time for which application threads were stopped: 0,0000964 seconds, Stopping threads took: 0,0000149 seconds
2018-01-03T21:49:28.985-0200: 4942,277: Total time for which application threads were stopped: 0,0001614 seconds, Stopping threads took: 0,0000209 seconds
2018-01-03T21:50:24.552-0200: 4997,844: Total time for which application threads were stopped: 0,0001337 seconds, Stopping threads took: 0,0000357 seconds
2018-01-03T21:54:54.009-0200: 5267,300: Total time for which application threads were stopped: 0,0001671 seconds, Stopping threads took: 0,0000226 seconds
2018-01-03T21:54:54.099-0200: 5267,390: Total time for which application threads were stopped: 0,0001069 seconds, Stopping threads took: 0,0000252 seconds
2018-01-03T21:54:54.099-0200: 5267,391: Total time for which application threads were stopped: 0,0000511 seconds, Stopping threads took: 0,0000117 seconds
2018-01-03T21:54:54.099-0200: 5267,391: Total time for which application threads were stopped: 0,0000361 seconds, Stopping threads took: 0,0000094 seconds
2018-01-03T21:54:54.099-0200: 5267,391: Total time for which application threads were stopped: 0,0000344 seconds, Stopping threads took: 0,0000088 seconds
2018-01-03T21:54:54.099-0200: 5267,391: Total time for which application threads were stopped: 0,0000365 seconds, Stopping threads took: 0,0000093 seconds
2018-01-03T21:54:54.099-0200: 5267,391: Total time for which application threads were stopped: 0,0000343 seconds, Stopping threads took: 0,0000087 seconds
2018-01-03T21:54:54.102-0200: 5267,394: Total time for which application threads were stopped: 0,0000545 seconds, Stopping threads took: 0,0000136 seconds
2018-01-03T21:54:54.103-0200: 5267,394: Total time for which application threads were stopped: 0,0000442 seconds, Stopping threads took: 0,0000107 seconds
2018-01-03T21:54:54.103-0200: 5267,394: Total time for which application threads were stopped: 0,0000348 seconds, Stopping threads took: 0,0000085 seconds
2018-01-03T21:54:54.103-0200: 5267,394: Total time for which application threads were stopped: 0,0000342 seconds, Stopping threads took: 0,0000087 seconds
2018-01-03T21:54:54.103-0200: 5267,394: Total time for which application threads were stopped: 0,0000337 seconds, Stopping threads took: 0,0000083 seconds
2018-01-03T21:54:54.103-0200: 5267,394: Total time for which application threads were stopped: 0,0000337 seconds, Stopping threads took: 0,0000085 seconds
2018-01-03T21:54:54.103-0200: 5267,394: Total time for which application threads were stopped: 0,0000466 seconds, Stopping threads took: 0,0000200 seconds
2018-01-03T21:54:54.103-0200: 5267,394: Total time for which application threads were stopped: 0,0000340 seconds, Stopping threads took: 0,0000086 seconds
2018-01-03T21:54:54.103-0200: 5267,395: Total time for which application threads were stopped: 0,0000350 seconds, Stopping threads took: 0,0000092 seconds
2018-01-03T21:54:54.103-0200: 5267,395: Total time for which application threads were stopped: 0,0000339 seconds, Stopping threads took: 0,0000084 seconds
2018-01-03T21:54:54.103-0200: 5267,395: Total time for which application threads were stopped: 0,0000339 seconds, Stopping threads took: 0,0000086 seconds
2018-01-03T21:54:54.103-0200: 5267,395: Total time for which application threads were stopped: 0,0000334 seconds, Stopping threads took: 0,0000084 seconds
2018-01-03T21:54:54.103-0200: 5267,395: Total time for which application threads were stopped: 0,0000336 seconds, Stopping threads took: 0,0000086 seconds
2018-01-03T21:54:54.103-0200: 5267,395: Total time for which application threads were stopped: 0,0000338 seconds, Stopping threads took: 0,0000085 seconds
2018-01-03T21:54:54.103-0200: 5267,395: Total time for which application threads were stopped: 0,0000336 seconds, Stopping threads took: 0,0000087 seconds
2018-01-03T21:54:54.103-0200: 5267,395: Total time for which application threads were stopped: 0,0000335 seconds, Stopping threads took: 0,0000085 seconds
2018-01-03T21:54:54.225-0200: 5267,517: Total time for which application threads were stopped: 0,0001922 seconds, Stopping threads took: 0,0000552 seconds
2018-01-03T21:54:54.227-0200: 5267,519: Total time for which application threads were stopped: 0,0001007 seconds, Stopping threads took: 0,0000206 seconds
2018-01-03T21:54:54.306-0200: 5267,597: Total time for which application threads were stopped: 0,0000975 seconds, Stopping threads took: 0,0000216 seconds
2018-01-03T21:54:54.306-0200: 5267,597: Total time for which application threads were stopped: 0,0000449 seconds, Stopping threads took: 0,0000108 seconds
2018-01-03T21:54:54.306-0200: 5267,597: Total time for which application threads were stopped: 0,0000343 seconds, Stopping threads took: 0,0000084 seconds
2018-01-03T21:54:54.306-0200: 5267,597: Total time for which application threads were stopped: 0,0000326 seconds, Stopping threads took: 0,0000081 seconds
2018-01-03T21:54:54.306-0200: 5267,598: Total time for which application threads were stopped: 0,0001037 seconds, Stopping threads took: 0,0000200 seconds
2018-01-03T21:54:56.073-0200: 5269,364: Total time for which application threads were stopped: 0,0000952 seconds, Stopping threads took: 0,0000211 seconds
2018-01-03T21:54:56.073-0200: 5269,365: Total time for which application threads were stopped: 0,0000581 seconds, Stopping threads took: 0,0000102 seconds
2018-01-03T21:54:56.073-0200: 5269,365: Total time for which application threads were stopped: 0,0000358 seconds, Stopping threads took: 0,0000092 seconds
2018-01-03T21:54:56.073-0200: 5269,365: Total time for which application threads were stopped: 0,0000347 seconds, Stopping threads took: 0,0000091 seconds
2018-01-03T21:54:56.073-0200: 5269,365: Total time for which application threads were stopped: 0,0000338 seconds, Stopping threads took: 0,0000088 seconds
2018-01-03T21:54:56.073-0200: 5269,365: Total time for which application threads were stopped: 0,0000393 seconds, Stopping threads took: 0,0000099 seconds
2018-01-03T21:54:56.074-0200: 5269,365: Total time for which application threads were stopped: 0,0000341 seconds, Stopping threads took: 0,0000090 seconds
2018-01-03T21:54:56.074-0200: 5269,365: Total time for which application threads were stopped: 0,0000338 seconds, Stopping threads took: 0,0000087 seconds
2018-01-03T21:54:56.074-0200: 5269,365: Total time for which application threads were stopped: 0,0000373 seconds, Stopping threads took: 0,0000089 seconds
2018-01-03T21:54:56.074-0200: 5269,365: Total time for which application threads were stopped: 0,0000343 seconds, Stopping threads took: 0,0000090 seconds
2018-01-03T21:54:56.074-0200: 5269,365: Total time for which application threads were stopped: 0,0000798 seconds, Stopping threads took: 0,0000091 seconds
2018-01-03T21:54:56.074-0200: 5269,365: Total time for which application threads were stopped: 0,0000379 seconds, Stopping threads took: 0,0000094 seconds
2018-01-03T21:54:56.074-0200: 5269,366: Total time for which application threads were stopped: 0,0000672 seconds, Stopping threads took: 0,0000092 seconds
2018-01-03T21:54:56.075-0200: 5269,366: Total time for which application threads were stopped: 0,0001088 seconds, Stopping threads took: 0,0000136 seconds
2018-01-03T21:54:56.075-0200: 5269,367: Total time for which application threads were stopped: 0,0000418 seconds, Stopping threads took: 0,0000110 seconds
2018-01-03T21:54:56.084-0200: 5269,376: Total time for which application threads were stopped: 0,0058808 seconds, Stopping threads took: 0,0057865 seconds
2018-01-03T21:54:56.085-0200: 5269,376: Total time for which application threads were stopped: 0,0000965 seconds, Stopping threads took: 0,0000226 seconds
2018-01-03T21:54:56.090-0200: 5269,382: Total time for which application threads were stopped: 0,0001003 seconds, Stopping threads took: 0,0000166 seconds
2018-01-03T21:54:56.091-0200: 5269,382: Total time for which application threads were stopped: 0,0000620 seconds, Stopping threads took: 0,0000083 seconds
2018-01-03T21:54:56.095-0200: 5269,386: Total time for which application threads were stopped: 0,0000884 seconds, Stopping threads took: 0,0000206 seconds
2018-01-03T21:54:56.095-0200: 5269,386: Total time for which application threads were stopped: 0,0000279 seconds, Stopping threads took: 0,0000051 seconds
2018-01-03T21:54:58.097-0200: 5271,389: Total time for which application threads were stopped: 0,0000813 seconds, Stopping threads took: 0,0000172 seconds
2018-01-03T21:54:58.481-0200: 5271,773: Total time for which application threads were stopped: 0,0001215 seconds, Stopping threads took: 0,0000259 seconds
2018-01-03T21:54:58.481-0200: 5271,773: Total time for which application threads were stopped: 0,0000564 seconds, Stopping threads took: 0,0000117 seconds
2018-01-03T21:54:58.489-0200: 5271,781: Total time for which application threads were stopped: 0,0001215 seconds, Stopping threads took: 0,0000256 seconds
2018-01-03T21:54:58.489-0200: 5271,781: Total time for which application threads were stopped: 0,0000465 seconds, Stopping threads took: 0,0000097 seconds
2018-01-03T21:54:58.489-0200: 5271,781: Total time for which application threads were stopped: 0,0000412 seconds, Stopping threads took: 0,0000097 seconds
2018-01-03T21:54:58.490-0200: 5271,781: Total time for which application threads were stopped: 0,0000560 seconds, Stopping threads took: 0,0000097 seconds
2018-01-03T21:54:58.490-0200: 5271,782: Total time for which application threads were stopped: 0,0000529 seconds, Stopping threads took: 0,0000122 seconds
2018-01-03T21:54:58.490-0200: 5271,782: Total time for which application threads were stopped: 0,0000390 seconds, Stopping threads took: 0,0000090 seconds
2018-01-03T21:54:58.495-0200: 5271,787: Total time for which application threads were stopped: 0,0001553 seconds, Stopping threads took: 0,0000411 seconds
2018-01-03T21:54:58.496-0200: 5271,787: Total time for which application threads were stopped: 0,0000762 seconds, Stopping threads took: 0,0000127 seconds
2018-01-03T21:54:58.496-0200: 5271,788: Total time for which application threads were stopped: 0,0000402 seconds, Stopping threads took: 0,0000092 seconds
2018-01-03T21:54:58.496-0200: 5271,788: Total time for which application threads were stopped: 0,0000377 seconds, Stopping threads took: 0,0000085 seconds
2018-01-03T21:54:58.496-0200: 5271,788: Total time for which application threads were stopped: 0,0000424 seconds, Stopping threads took: 0,0000105 seconds
2018-01-03T21:54:58.499-0200: 5271,791: Total time for which application threads were stopped: 0,0001055 seconds, Stopping threads took: 0,0000243 seconds
2018-01-03T21:54:58.499-0200: 5271,791: Total time for which application threads were stopped: 0,0000422 seconds, Stopping threads took: 0,0000088 seconds
2018-01-03T21:54:58.499-0200: 5271,791: Total time for which application threads were stopped: 0,0000365 seconds, Stopping threads took: 0,0000084 seconds
2018-01-03T21:54:58.499-0200: 5271,791: Total time for which application threads were stopped: 0,0000418 seconds, Stopping threads took: 0,0000100 seconds
2018-01-03T21:54:59.501-0200: 5272,793: Total time for which application threads were stopped: 0,0001864 seconds, Stopping threads took: 0,0000716 seconds
2018-01-03T21:54:59.523-0200: 5272,814: Total time for which application threads were stopped: 0,0001284 seconds, Stopping threads took: 0,0000218 seconds
2018-01-03T21:55:09.497-0200: 5282,789: Total time for which application threads were stopped: 0,0000931 seconds, Stopping threads took: 0,0000250 seconds
2018-01-03T21:55:09.503-0200: 5282,794: Total time for which application threads were stopped: 0,0000829 seconds, Stopping threads took: 0,0000204 seconds
2018-01-03T21:55:10.503-0200: 5283,795: Total time for which application threads were stopped: 0,0000772 seconds, Stopping threads took: 0,0000196 seconds
2018-01-03T21:55:16.798-0200: 5290,090: Total time for which application threads were stopped: 0,0000926 seconds, Stopping threads took: 0,0000202 seconds
2018-01-03T21:55:17.798-0200: 5291,090: Total time for which application threads were stopped: 0,0000720 seconds, Stopping threads took: 0,0000185 seconds
2018-01-03T21:55:47.821-0200: 5321,113: Total time for which application threads were stopped: 0,0111786 seconds, Stopping threads took: 0,0111044 seconds
2018-01-03T21:55:48.822-0200: 5322,113: Total time for which application threads were stopped: 0,0001159 seconds, Stopping threads took: 0,0000363 seconds
2018-01-03T21:55:50.094-0200: 5323,386: Total time for which application threads were stopped: 0,0000863 seconds, Stopping threads took: 0,0000221 seconds
2018-01-03T21:55:50.103-0200: 5323,394: Total time for which application threads were stopped: 0,0000999 seconds, Stopping threads took: 0,0000272 seconds
2018-01-03T21:55:50.103-0200: 5323,395: Total time for which application threads were stopped: 0,0000676 seconds, Stopping threads took: 0,0000121 seconds
2018-01-03T21:55:51.103-0200: 5324,395: Total time for which application threads were stopped: 0,0001071 seconds, Stopping threads took: 0,0000224 seconds
2018-01-03T21:55:56.095-0200: 5329,387: Total time for which application threads were stopped: 0,0000790 seconds, Stopping threads took: 0,0000176 seconds
2018-01-03T21:55:58.096-0200: 5331,387: Total time for which application threads were stopped: 0,0000998 seconds, Stopping threads took: 0,0000184 seconds
2018-01-03T21:56:04.099-0200: 5337,391: Total time for which application threads were stopped: 0,0001399 seconds, Stopping threads took: 0,0000729 seconds
2018-01-03T21:56:04.181-0200: 5337,473: Total time for which application threads were stopped: 0,0001181 seconds, Stopping threads took: 0,0000142 seconds
2018-01-03T21:56:05.182-0200: 5338,474: Total time for which application threads were stopped: 0,0001134 seconds, Stopping threads took: 0,0000347 seconds
2018-01-03T21:56:06.182-0200: 5339,474: Total time for which application threads were stopped: 0,0000967 seconds, Stopping threads took: 0,0000186 seconds
2018-01-03T21:56:07.183-0200: 5340,474: Total time for which application threads were stopped: 0,0000717 seconds, Stopping threads took: 0,0000180 seconds
2018-01-03T21:56:07.362-0200: 5340,654: Total time for which application threads were stopped: 0,0000962 seconds, Stopping threads took: 0,0000333 seconds
2018-01-03T21:56:07.366-0200: 5340,657: Total time for which application threads were stopped: 0,0000742 seconds, Stopping threads took: 0,0000152 seconds
2018-01-03T21:56:07.374-0200: 5340,665: Total time for which application threads were stopped: 0,0000717 seconds, Stopping threads took: 0,0000136 seconds
2018-01-03T21:56:07.374-0200: 5340,665: Total time for which application threads were stopped: 0,0000440 seconds, Stopping threads took: 0,0000071 seconds
2018-01-03T21:56:08.374-0200: 5341,666: Total time for which application threads were stopped: 0,0000850 seconds, Stopping threads took: 0,0000187 seconds
2018-01-03T21:56:08.578-0200: 5341,869: Total time for which application threads were stopped: 0,0000811 seconds, Stopping threads took: 0,0000211 seconds
2018-01-03T21:56:08.578-0200: 5341,870: Total time for which application threads were stopped: 0,0000434 seconds, Stopping threads took: 0,0000105 seconds
2018-01-03T21:56:08.583-0200: 5341,875: Total time for which application threads were stopped: 0,0000667 seconds, Stopping threads took: 0,0000133 seconds
2018-01-03T21:56:08.583-0200: 5341,875: Total time for which application threads were stopped: 0,0000455 seconds, Stopping threads took: 0,0000054 seconds
2018-01-03T21:56:09.586-0200: 5342,878: Total time for which application threads were stopped: 0,0000835 seconds, Stopping threads took: 0,0000193 seconds
2018-01-03T21:58:01.228-0200: 5454,520: Total time for which application threads were stopped: 0,0001028 seconds, Stopping threads took: 0,0000187 seconds
2018-01-03T21:58:01.228-0200: 5454,520: Total time for which application threads were stopped: 0,0000471 seconds, Stopping threads took: 0,0000095 seconds
2018-01-03T21:58:01.241-0200: 5454,532: Total time for which application threads were stopped: 0,0000820 seconds, Stopping threads took: 0,0000284 seconds
2018-01-03T21:58:01.241-0200: 5454,532: Total time for which application threads were stopped: 0,0000451 seconds, Stopping threads took: 0,0000094 seconds
2018-01-03T21:58:01.530-0200: 5454,822: Total time for which application threads were stopped: 0,0024285 seconds, Stopping threads took: 0,0023266 seconds
2018-01-03T21:58:01.546-0200: 5454,838: Total time for which application threads were stopped: 0,0065326 seconds, Stopping threads took: 0,0064467 seconds
2018-01-03T21:58:01.547-0200: 5454,838: Total time for which application threads were stopped: 0,0000580 seconds, Stopping threads took: 0,0000088 seconds
2018-01-03T21:58:01.547-0200: 5454,838: Total time for which application threads were stopped: 0,0000330 seconds, Stopping threads took: 0,0000048 seconds
2018-01-03T21:58:01.547-0200: 5454,839: Total time for which application threads were stopped: 0,0000356 seconds, Stopping threads took: 0,0000051 seconds
2018-01-03T21:58:01.548-0200: 5454,840: Total time for which application threads were stopped: 0,0000528 seconds, Stopping threads took: 0,0000087 seconds
2018-01-03T21:58:01.551-0200: 5454,843: Total time for which application threads were stopped: 0,0000826 seconds, Stopping threads took: 0,0000262 seconds
2018-01-03T21:58:01.555-0200: 5454,847: Total time for which application threads were stopped: 0,0001039 seconds, Stopping threads took: 0,0000280 seconds
2018-01-03T21:58:02.556-0200: 5455,847: Total time for which application threads were stopped: 0,0000958 seconds, Stopping threads took: 0,0000204 seconds
2018-01-03T21:58:03.041-0200: 5456,332: Total time for which application threads were stopped: 0,0000929 seconds, Stopping threads took: 0,0000197 seconds
2018-01-03T21:58:03.056-0200: 5456,348: Total time for which application threads were stopped: 0,0000885 seconds, Stopping threads took: 0,0000238 seconds
2018-01-03T21:58:03.070-0200: 5456,362: Total time for which application threads were stopped: 0,0013976 seconds, Stopping threads took: 0,0000203 seconds
2018-01-03T21:58:03.083-0200: 5456,374: Total time for which application threads were stopped: 0,0000936 seconds, Stopping threads took: 0,0000187 seconds
2018-01-03T21:58:03.208-0200: 5456,500: Total time for which application threads were stopped: 0,0000984 seconds, Stopping threads took: 0,0000217 seconds
2018-01-03T21:58:03.210-0200: 5456,502: Total time for which application threads were stopped: 0,0000895 seconds, Stopping threads took: 0,0000264 seconds
2018-01-03T21:58:03.210-0200: 5456,502: Total time for which application threads were stopped: 0,0000396 seconds, Stopping threads took: 0,0000109 seconds
2018-01-03T21:58:03.211-0200: 5456,502: Total time for which application threads were stopped: 0,0000572 seconds, Stopping threads took: 0,0000112 seconds
2018-01-03T21:58:03.211-0200: 5456,502: Total time for which application threads were stopped: 0,0000365 seconds, Stopping threads took: 0,0000101 seconds
2018-01-03T21:58:03.211-0200: 5456,502: Total time for which application threads were stopped: 0,0000324 seconds, Stopping threads took: 0,0000097 seconds
2018-01-03T21:58:03.216-0200: 5456,508: Total time for which application threads were stopped: 0,0000855 seconds, Stopping threads took: 0,0000214 seconds
2018-01-03T21:58:03.580-0200: 5456,872: Total time for which application threads were stopped: 0,0017127 seconds, Stopping threads took: 0,0000267 seconds
2018-01-03T21:58:03.585-0200: 5456,876: Total time for which application threads were stopped: 0,0000878 seconds, Stopping threads took: 0,0000210 seconds
2018-01-03T21:58:03.585-0200: 5456,877: Total time for which application threads were stopped: 0,0000413 seconds, Stopping threads took: 0,0000123 seconds
2018-01-03T21:58:03.585-0200: 5456,877: Total time for which application threads were stopped: 0,0000428 seconds, Stopping threads took: 0,0000108 seconds
2018-01-03T21:58:03.589-0200: 5456,881: Total time for which application threads were stopped: 0,0000760 seconds, Stopping threads took: 0,0000145 seconds
2018-01-03T21:58:03.591-0200: 5456,883: Total time for which application threads were stopped: 0,0000762 seconds, Stopping threads took: 0,0000210 seconds
2018-01-03T21:58:03.591-0200: 5456,883: Total time for which application threads were stopped: 0,0000337 seconds, Stopping threads took: 0,0000056 seconds
2018-01-03T21:58:03.591-0200: 5456,883: Total time for which application threads were stopped: 0,0000477 seconds, Stopping threads took: 0,0000111 seconds
2018-01-03T21:58:03.592-0200: 5456,884: Total time for which application threads were stopped: 0,0000411 seconds, Stopping threads took: 0,0000071 seconds
2018-01-03T21:58:03.592-0200: 5456,884: Total time for which application threads were stopped: 0,0000313 seconds, Stopping threads took: 0,0000053 seconds
2018-01-03T21:58:03.593-0200: 5456,884: Total time for which application threads were stopped: 0,0000317 seconds, Stopping threads took: 0,0000054 seconds
2018-01-03T21:58:03.593-0200: 5456,884: Total time for which application threads were stopped: 0,0000304 seconds, Stopping threads took: 0,0000055 seconds
2018-01-03T21:58:03.593-0200: 5456,884: Total time for which application threads were stopped: 0,0000290 seconds, Stopping threads took: 0,0000052 seconds
2018-01-03T21:58:03.593-0200: 5456,884: Total time for which application threads were stopped: 0,0000303 seconds, Stopping threads took: 0,0000053 seconds
2018-01-03T21:58:03.593-0200: 5456,884: Total time for which application threads were stopped: 0,0000316 seconds, Stopping threads took: 0,0000060 seconds
2018-01-03T21:58:03.593-0200: 5456,885: Total time for which application threads were stopped: 0,0000285 seconds, Stopping threads took: 0,0000048 seconds
2018-01-03T21:58:03.593-0200: 5456,885: Total time for which application threads were stopped: 0,0000314 seconds, Stopping threads took: 0,0000053 seconds
2018-01-03T21:58:03.593-0200: 5456,885: Total time for which application threads were stopped: 0,0000297 seconds, Stopping threads took: 0,0000055 seconds
2018-01-03T21:58:03.593-0200: 5456,885: Total time for which application threads were stopped: 0,0000284 seconds, Stopping threads took: 0,0000051 seconds
2018-01-03T21:58:03.593-0200: 5456,885: Total time for which application threads were stopped: 0,0000304 seconds, Stopping threads took: 0,0000053 seconds
2018-01-03T21:58:03.593-0200: 5456,885: Total time for which application threads were stopped: 0,0000299 seconds, Stopping threads took: 0,0000055 seconds
2018-01-03T21:58:03.593-0200: 5456,885: Total time for which application threads were stopped: 0,0000293 seconds, Stopping threads took: 0,0000052 seconds
2018-01-03T21:58:03.593-0200: 5456,885: Total time for which application threads were stopped: 0,0000305 seconds, Stopping threads took: 0,0000053 seconds
2018-01-03T21:58:03.593-0200: 5456,885: Total time for which application threads were stopped: 0,0000293 seconds, Stopping threads took: 0,0000056 seconds
2018-01-03T21:58:03.594-0200: 5456,885: Total time for which application threads were stopped: 0,0000281 seconds, Stopping threads took: 0,0000050 seconds
2018-01-03T21:58:03.594-0200: 5456,885: Total time for which application threads were stopped: 0,0000301 seconds, Stopping threads took: 0,0000051 seconds
2018-01-03T21:58:03.594-0200: 5456,885: Total time for which application threads were stopped: 0,0000292 seconds, Stopping threads took: 0,0000052 seconds
2018-01-03T21:58:03.594-0200: 5456,885: Total time for which application threads were stopped: 0,0000282 seconds, Stopping threads took: 0,0000049 seconds
2018-01-03T21:58:03.594-0200: 5456,885: Total time for which application threads were stopped: 0,0000390 seconds, Stopping threads took: 0,0000051 seconds
2018-01-03T21:58:03.594-0200: 5456,886: Total time for which application threads were stopped: 0,0000302 seconds, Stopping threads took: 0,0000057 seconds
2018-01-03T21:58:03.594-0200: 5456,886: Total time for which application threads were stopped: 0,0000284 seconds, Stopping threads took: 0,0000047 seconds
2018-01-03T21:58:03.594-0200: 5456,886: Total time for which application threads were stopped: 0,0000304 seconds, Stopping threads took: 0,0000053 seconds
2018-01-03T21:58:03.594-0200: 5456,886: Total time for which application threads were stopped: 0,0000791 seconds, Stopping threads took: 0,0000054 seconds
2018-01-03T21:58:03.594-0200: 5456,886: Total time for which application threads were stopped: 0,0000292 seconds, Stopping threads took: 0,0000050 seconds
2018-01-03T21:58:03.594-0200: 5456,886: Total time for which application threads were stopped: 0,0000319 seconds, Stopping threads took: 0,0000057 seconds
2018-01-03T21:58:03.594-0200: 5456,886: Total time for which application threads were stopped: 0,0000305 seconds, Stopping threads took: 0,0000054 seconds
2018-01-03T21:58:03.595-0200: 5456,886: Total time for which application threads were stopped: 0,0000300 seconds, Stopping threads took: 0,0000054 seconds
2018-01-03T21:58:03.595-0200: 5456,886: Total time for which application threads were stopped: 0,0000295 seconds, Stopping threads took: 0,0000052 seconds
2018-01-03T21:58:03.595-0200: 5456,886: Total time for which application threads were stopped: 0,0000318 seconds, Stopping threads took: 0,0000057 seconds
2018-01-03T21:58:03.640-0200: 5456,931: Total time for which application threads were stopped: 0,0000883 seconds, Stopping threads took: 0,0000272 seconds
2018-01-03T21:58:03.642-0200: 5456,934: Total time for which application threads were stopped: 0,0001271 seconds, Stopping threads took: 0,0000210 seconds
2018-01-03T21:58:04.643-0200: 5457,934: Total time for which application threads were stopped: 0,0000859 seconds, Stopping threads took: 0,0000209 seconds
2018-01-03T21:58:05.290-0200: 5458,582: Total time for which application threads were stopped: 0,0000764 seconds, Stopping threads took: 0,0000167 seconds
2018-01-03T21:58:07.770-0200: 5461,062: Total time for which application threads were stopped: 0,0000924 seconds, Stopping threads took: 0,0000207 seconds
2018-01-03T21:58:07.792-0200: 5461,084: Total time for which application threads were stopped: 0,0000839 seconds, Stopping threads took: 0,0000230 seconds
2018-01-03T21:58:07.819-0200: 5461,111: Total time for which application threads were stopped: 0,0000757 seconds, Stopping threads took: 0,0000235 seconds
2018-01-03T21:58:07.819-0200: 5461,111: Total time for which application threads were stopped: 0,0000401 seconds, Stopping threads took: 0,0000116 seconds
2018-01-03T21:58:07.825-0200: 5461,116: Total time for which application threads were stopped: 0,0001437 seconds, Stopping threads took: 0,0000211 seconds
2018-01-03T21:58:07.825-0200: 5461,116: Total time for which application threads were stopped: 0,0000556 seconds, Stopping threads took: 0,0000163 seconds
2018-01-03T21:58:07.830-0200: 5461,122: Total time for which application threads were stopped: 0,0000784 seconds, Stopping threads took: 0,0000249 seconds
2018-01-03T21:58:08.649-0200: 5461,941: Total time for which application threads were stopped: 0,0001041 seconds, Stopping threads took: 0,0000172 seconds
2018-01-03T21:58:11.439-0200: 5464,730: Total time for which application threads were stopped: 0,0000988 seconds, Stopping threads took: 0,0000164 seconds
2018-01-03T21:58:11.439-0200: 5464,730: Total time for which application threads were stopped: 0,0000547 seconds, Stopping threads took: 0,0000059 seconds
2018-01-03T21:58:11.443-0200: 5464,734: Total time for which application threads were stopped: 0,0000652 seconds, Stopping threads took: 0,0000149 seconds
2018-01-03T21:58:11.443-0200: 5464,734: Total time for which application threads were stopped: 0,0000281 seconds, Stopping threads took: 0,0000054 seconds
2018-01-03T21:58:11.490-0200: 5464,782: Total time for which application threads were stopped: 0,0000999 seconds, Stopping threads took: 0,0000147 seconds
2018-01-03T21:58:11.490-0200: 5464,782: Total time for which application threads were stopped: 0,0000457 seconds, Stopping threads took: 0,0000057 seconds
2018-01-03T21:58:11.494-0200: 5464,786: Total time for which application threads were stopped: 0,0000719 seconds, Stopping threads took: 0,0000178 seconds
2018-01-03T21:58:11.494-0200: 5464,786: Total time for which application threads were stopped: 0,0000288 seconds, Stopping threads took: 0,0000058 seconds
2018-01-03T21:58:16.010-0200: 5469,302: Total time for which application threads were stopped: 0,0000959 seconds, Stopping threads took: 0,0000148 seconds
2018-01-03T21:58:16.010-0200: 5469,302: Total time for which application threads were stopped: 0,0000462 seconds, Stopping threads took: 0,0000060 seconds
2018-01-03T21:58:16.024-0200: 5469,316: Total time for which application threads were stopped: 0,0001439 seconds, Stopping threads took: 0,0000274 seconds
2018-01-03T21:58:16.024-0200: 5469,316: Total time for which application threads were stopped: 0,0000792 seconds, Stopping threads took: 0,0000076 seconds
2018-01-03T21:58:16.024-0200: 5469,316: Total time for which application threads were stopped: 0,0000582 seconds, Stopping threads took: 0,0000056 seconds
2018-01-03T21:58:16.233-0200: 5469,525: Total time for which application threads were stopped: 0,0001002 seconds, Stopping threads took: 0,0000153 seconds
2018-01-03T21:58:16.234-0200: 5469,525: Total time for which application threads were stopped: 0,0000468 seconds, Stopping threads took: 0,0000063 seconds
2018-01-03T21:58:16.243-0200: 5469,535: Total time for which application threads were stopped: 0,0000748 seconds, Stopping threads took: 0,0000180 seconds
2018-01-03T21:58:16.244-0200: 5469,535: Total time for which application threads were stopped: 0,0000378 seconds, Stopping threads took: 0,0000079 seconds
{Heap before GC invocations=66 (full 2):
 par new generation   total 655360K, used 567304K [0x0000000700000000, 0x0000000730000000, 0x0000000730000000)
  eden space 524288K, 100% used [0x0000000700000000, 0x0000000720000000, 0x0000000720000000)
  from space 131072K,  32% used [0x0000000720000000, 0x0000000722a02118, 0x0000000728000000)
  to   space 131072K,   0% used [0x0000000728000000, 0x0000000728000000, 0x0000000730000000)
 concurrent mark-sweep generation total 2359296K, used 46075K [0x0000000730000000, 0x00000007c0000000, 0x00000007c0000000)
 Metaspace       used 81957K, capacity 86007K, committed 86240K, reserved 1126400K
  class space    used 8651K, capacity 9565K, committed 9584K, reserved 1048576K
2018-01-03T21:58:17.684-0200: 5470,975: [GC (Allocation Failure) 2018-01-03T21:58:17.684-0200: 5470,975: [ParNew
Desired survivor size 120795952 bytes, new threshold 8 (max 8)
- age   1:   15263800 bytes,   15263800 total
- age   2:    4826720 bytes,   20090520 total
- age   3:    3875400 bytes,   23965920 total
- age   4:    4669336 bytes,   28635256 total
- age   5:    3974192 bytes,   32609448 total
- age   6:    3814592 bytes,   36424040 total
- age   7:    3005800 bytes,   39429840 total
- age   8:    3841264 bytes,   43271104 total
: 567304K->55200K(655360K), 0,2436212 secs] 613379K->105117K(3014656K), 0,2437019 secs] [Times: user=0,11 sys=0,00, real=0,24 secs] 
Heap after GC invocations=67 (full 2):
 par new generation   total 655360K, used 55200K [0x0000000700000000, 0x0000000730000000, 0x0000000730000000)
  eden space 524288K,   0% used [0x0000000700000000, 0x0000000700000000, 0x0000000720000000)
  from space 131072K,  42% used [0x0000000728000000, 0x000000072b5e8170, 0x0000000730000000)
  to   space 131072K,   0% used [0x0000000720000000, 0x0000000720000000, 0x0000000728000000)
 concurrent mark-sweep generation total 2359296K, used 49916K [0x0000000730000000, 0x00000007c0000000, 0x00000007c0000000)
 Metaspace       used 81957K, capacity 86007K, committed 86240K, reserved 1126400K
  class space    used 8651K, capacity 9565K, committed 9584K, reserved 1048576K
}
2018-01-03T21:58:17.927-0200: 5471,219: Total time for which application threads were stopped: 0,2438956 seconds, Stopping threads took: 0,0000236 seconds
2018-01-03T21:58:17.954-0200: 5471,245: Total time for which application threads were stopped: 0,0119869 seconds, Stopping threads took: 0,0118700 seconds
2018-01-03T21:58:17.954-0200: 5471,246: Total time for which application threads were stopped: 0,0000580 seconds, Stopping threads took: 0,0000086 seconds
2018-01-03T21:58:17.954-0200: 5471,246: Total time for which application threads were stopped: 0,0000367 seconds, Stopping threads took: 0,0000055 seconds
2018-01-03T21:58:17.954-0200: 5471,246: Total time for which application threads were stopped: 0,0000355 seconds, Stopping threads took: 0,0000049 seconds
2018-01-03T21:58:17.954-0200: 5471,246: Total time for which application threads were stopped: 0,0000344 seconds, Stopping threads took: 0,0000050 seconds
2018-01-03T21:58:17.954-0200: 5471,246: Total time for which application threads were stopped: 0,0000338 seconds, Stopping threads took: 0,0000047 seconds
2018-01-03T21:58:17.954-0200: 5471,246: Total time for which application threads were stopped: 0,0000617 seconds, Stopping threads took: 0,0000293 seconds
2018-01-03T21:58:17.954-0200: 5471,246: Total time for which application threads were stopped: 0,0000352 seconds, Stopping threads took: 0,0000052 seconds
2018-01-03T21:58:17.954-0200: 5471,246: Total time for which application threads were stopped: 0,0000341 seconds, Stopping threads took: 0,0000046 seconds
2018-01-03T21:58:17.955-0200: 5471,246: Total time for which application threads were stopped: 0,0000335 seconds, Stopping threads took: 0,0000047 seconds
2018-01-03T21:58:17.955-0200: 5471,246: Total time for which application threads were stopped: 0,0000338 seconds, Stopping threads took: 0,0000047 seconds
2018-01-03T21:58:17.955-0200: 5471,246: Total time for which application threads were stopped: 0,0000334 seconds, Stopping threads took: 0,0000045 seconds
2018-01-03T21:58:17.955-0200: 5471,246: Total time for which application threads were stopped: 0,0001027 seconds, Stopping threads took: 0,0000047 seconds
2018-01-03T21:58:17.955-0200: 5471,247: Total time for which application threads were stopped: 0,0000605 seconds, Stopping threads took: 0,0000056 seconds
2018-01-03T21:58:18.155-0200: 5471,446: Total time for which application threads were stopped: 0,0115970 seconds, Stopping threads took: 0,0114796 seconds
2018-01-03T21:58:18.274-0200: 5471,566: Total time for which application threads were stopped: 0,0024623 seconds, Stopping threads took: 0,0022172 seconds
2018-01-03T21:58:18.386-0200: 5471,677: Total time for which application threads were stopped: 0,0000908 seconds, Stopping threads took: 0,0000223 seconds
2018-01-03T21:58:18.386-0200: 5471,678: Total time for which application threads were stopped: 0,0000409 seconds, Stopping threads took: 0,0000103 seconds
2018-01-03T21:58:18.387-0200: 5471,678: Total time for which application threads were stopped: 0,0000441 seconds, Stopping threads took: 0,0000118 seconds
2018-01-03T21:58:18.387-0200: 5471,679: Total time for which application threads were stopped: 0,0000477 seconds, Stopping threads took: 0,0000108 seconds
2018-01-03T21:58:19.387-0200: 5472,679: Total time for which application threads were stopped: 0,0000753 seconds, Stopping threads took: 0,0000204 seconds
2018-01-03T21:58:19.468-0200: 5472,760: Total time for which application threads were stopped: 0,0001064 seconds, Stopping threads took: 0,0000283 seconds
2018-01-03T21:58:19.468-0200: 5472,760: Total time for which application threads were stopped: 0,0000449 seconds, Stopping threads took: 0,0000060 seconds
2018-01-03T21:58:19.474-0200: 5472,765: Total time for which application threads were stopped: 0,0001278 seconds, Stopping threads took: 0,0000151 seconds
2018-01-03T21:58:19.474-0200: 5472,766: Total time for which application threads were stopped: 0,0000391 seconds, Stopping threads took: 0,0000058 seconds
2018-01-03T21:58:19.475-0200: 5472,767: Total time for which application threads were stopped: 0,0000566 seconds, Stopping threads took: 0,0000130 seconds
2018-01-03T21:58:19.475-0200: 5472,767: Total time for which application threads were stopped: 0,0000315 seconds, Stopping threads took: 0,0000065 seconds
2018-01-03T21:58:20.288-0200: 5473,580: Total time for which application threads were stopped: 0,0000814 seconds, Stopping threads took: 0,0000213 seconds
2018-01-03T21:58:20.289-0200: 5473,580: Total time for which application threads were stopped: 0,0000449 seconds, Stopping threads took: 0,0000106 seconds
2018-01-03T21:58:20.289-0200: 5473,580: Total time for which application threads were stopped: 0,0000549 seconds, Stopping threads took: 0,0000235 seconds
2018-01-03T21:58:20.289-0200: 5473,580: Total time for which application threads were stopped: 0,0000378 seconds, Stopping threads took: 0,0000096 seconds
2018-01-03T21:58:20.289-0200: 5473,580: Total time for which application threads were stopped: 0,0000916 seconds, Stopping threads took: 0,0000091 seconds
2018-01-03T21:58:20.293-0200: 5473,584: Total time for which application threads were stopped: 0,0000985 seconds, Stopping threads took: 0,0000156 seconds
2018-01-03T21:58:20.293-0200: 5473,584: Total time for which application threads were stopped: 0,0000519 seconds, Stopping threads took: 0,0000061 seconds
2018-01-03T21:58:20.301-0200: 5473,592: Total time for which application threads were stopped: 0,0000613 seconds, Stopping threads took: 0,0000136 seconds
2018-01-03T21:58:20.301-0200: 5473,592: Total time for which application threads were stopped: 0,0000282 seconds, Stopping threads took: 0,0000051 seconds
2018-01-03T21:58:20.309-0200: 5473,601: Total time for which application threads were stopped: 0,0000765 seconds, Stopping threads took: 0,0000143 seconds
2018-01-03T21:58:20.309-0200: 5473,601: Total time for which application threads were stopped: 0,0000552 seconds, Stopping threads took: 0,0000120 seconds
2018-01-03T21:58:20.310-0200: 5473,601: Total time for which application threads were stopped: 0,0000340 seconds, Stopping threads took: 0,0000055 seconds
2018-01-03T21:58:20.310-0200: 5473,601: Total time for which application threads were stopped: 0,0000328 seconds, Stopping threads took: 0,0000049 seconds
2018-01-03T21:58:20.310-0200: 5473,601: Total time for which application threads were stopped: 0,0000622 seconds, Stopping threads took: 0,0000049 seconds
2018-01-03T21:58:20.310-0200: 5473,601: Total time for which application threads were stopped: 0,0000336 seconds, Stopping threads took: 0,0000054 seconds
2018-01-03T21:58:20.310-0200: 5473,601: Total time for which application threads were stopped: 0,0000321 seconds, Stopping threads took: 0,0000049 seconds
2018-01-03T21:58:20.310-0200: 5473,601: Total time for which application threads were stopped: 0,0000319 seconds, Stopping threads took: 0,0000049 seconds
2018-01-03T21:58:20.310-0200: 5473,601: Total time for which application threads were stopped: 0,0000318 seconds, Stopping threads took: 0,0000049 seconds
2018-01-03T21:58:20.313-0200: 5473,605: Total time for which application threads were stopped: 0,0000797 seconds, Stopping threads took: 0,0000192 seconds
2018-01-03T21:58:20.313-0200: 5473,605: Total time for which application threads were stopped: 0,0000425 seconds, Stopping threads took: 0,0000098 seconds
2018-01-03T21:58:20.319-0200: 5473,611: Total time for which application threads were stopped: 0,0001082 seconds, Stopping threads took: 0,0000143 seconds
2018-01-03T21:58:20.319-0200: 5473,611: Total time for which application threads were stopped: 0,0000471 seconds, Stopping threads took: 0,0000060 seconds
2018-01-03T21:58:20.324-0200: 5473,615: Total time for which application threads were stopped: 0,0000630 seconds, Stopping threads took: 0,0000136 seconds
2018-01-03T21:58:20.324-0200: 5473,615: Total time for which application threads were stopped: 0,0000330 seconds, Stopping threads took: 0,0000068 seconds
2018-01-03T21:58:37.518-0200: 5490,814: Total time for which application threads were stopped: 0,0040935 seconds, Stopping threads took: 0,0000381 seconds
2018-01-03T21:58:37.541-0200: 5490,832: Total time for which application threads were stopped: 0,0001187 seconds, Stopping threads took: 0,0000238 seconds
2018-01-03T21:58:37.564-0200: 5490,855: Total time for which application threads were stopped: 0,0001139 seconds, Stopping threads took: 0,0000236 seconds
2018-01-03T21:58:37.565-0200: 5490,856: Total time for which application threads were stopped: 0,0001519 seconds, Stopping threads took: 0,0000119 seconds
2018-01-03T21:58:37.615-0200: 5490,907: Total time for which application threads were stopped: 0,0002072 seconds, Stopping threads took: 0,0000216 seconds
2018-01-03T21:58:37.615-0200: 5490,907: Total time for which application threads were stopped: 0,0000702 seconds, Stopping threads took: 0,0000078 seconds
2018-01-03T21:58:37.615-0200: 5490,907: Total time for which application threads were stopped: 0,0000726 seconds, Stopping threads took: 0,0000096 seconds
2018-01-03T21:58:37.617-0200: 5490,909: Total time for which application threads were stopped: 0,0001482 seconds, Stopping threads took: 0,0000113 seconds
2018-01-03T21:58:37.627-0200: 5490,918: Total time for which application threads were stopped: 0,0003412 seconds, Stopping threads took: 0,0002565 seconds
2018-01-03T21:58:37.719-0200: 5491,010: Total time for which application threads were stopped: 0,0002149 seconds, Stopping threads took: 0,0000651 seconds
2018-01-03T21:58:38.721-0200: 5492,013: Total time for which application threads were stopped: 0,0021516 seconds, Stopping threads took: 0,0020155 seconds
2018-01-03T21:58:39.722-0200: 5493,013: Total time for which application threads were stopped: 0,0001329 seconds, Stopping threads took: 0,0000235 seconds
2018-01-03T21:58:40.727-0200: 5494,019: Total time for which application threads were stopped: 0,0056550 seconds, Stopping threads took: 0,0055352 seconds
{Heap before GC invocations=67 (full 2):
 par new generation   total 655360K, used 579488K [0x0000000700000000, 0x0000000730000000, 0x0000000730000000)
  eden space 524288K, 100% used [0x0000000700000000, 0x0000000720000000, 0x0000000720000000)
  from space 131072K,  42% used [0x0000000728000000, 0x000000072b5e8170, 0x0000000730000000)
  to   space 131072K,   0% used [0x0000000720000000, 0x0000000720000000, 0x0000000728000000)
 concurrent mark-sweep generation total 2359296K, used 49916K [0x0000000730000000, 0x00000007c0000000, 0x00000007c0000000)
 Metaspace       used 82193K, capacity 86387K, committed 86496K, reserved 1126400K
  class space    used 8663K, capacity 9581K, committed 9584K, reserved 1048576K
2018-01-03T21:58:41.014-0200: 5494,305: [GC (Allocation Failure) 2018-01-03T21:58:41.015-0200: 5494,306: [ParNew
Desired survivor size 120795952 bytes, new threshold 8 (max 8)
- age   1:   16266016 bytes,   16266016 total
- age   2:    6490688 bytes,   22756704 total
- age   3:    4313608 bytes,   27070312 total
- age   4:    3875400 bytes,   30945712 total
- age   5:    4669336 bytes,   35615048 total
- age   6:    3974192 bytes,   39589240 total
- age   7:    3749048 bytes,   43338288 total
- age   8:    2898272 bytes,   46236560 total
: 579488K->59330K(655360K), 0,1013359 secs] 629405K->113030K(3014656K), 0,1022173 secs] [Times: user=0,10 sys=0,00, real=0,11 secs] 
Heap after GC invocations=68 (full 2):
 par new generation   total 655360K, used 59330K [0x0000000700000000, 0x0000000730000000, 0x0000000730000000)
  eden space 524288K,   0% used [0x0000000700000000, 0x0000000700000000, 0x0000000720000000)
  from space 131072K,  45% used [0x0000000720000000, 0x00000007239f0940, 0x0000000728000000)
  to   space 131072K,   0% used [0x0000000728000000, 0x0000000728000000, 0x0000000730000000)
 concurrent mark-sweep generation total 2359296K, used 53699K [0x0000000730000000, 0x00000007c0000000, 0x00000007c0000000)
 Metaspace       used 82193K, capacity 86387K, committed 86496K, reserved 1126400K
  class space    used 8663K, capacity 9581K, committed 9584K, reserved 1048576K
}
2018-01-03T21:58:41.116-0200: 5494,408: Total time for which application threads were stopped: 0,1116406 seconds, Stopping threads took: 0,0000232 seconds
2018-01-03T21:58:41.121-0200: 5494,412: Total time for which application threads were stopped: 0,0001593 seconds, Stopping threads took: 0,0000237 seconds
2018-01-03T21:58:42.123-0200: 5495,415: Total time for which application threads were stopped: 0,0021088 seconds, Stopping threads took: 0,0020163 seconds
2018-01-03T21:58:43.125-0200: 5496,417: Total time for which application threads were stopped: 0,0020914 seconds, Stopping threads took: 0,0020236 seconds
2018-01-03T21:58:52.631-0200: 5505,923: Total time for which application threads were stopped: 0,0021200 seconds, Stopping threads took: 0,0020275 seconds
2018-01-03T21:58:52.632-0200: 5505,923: Total time for which application threads were stopped: 0,0000617 seconds, Stopping threads took: 0,0000068 seconds
2018-01-03T21:58:52.632-0200: 5505,923: Total time for which application threads were stopped: 0,0000370 seconds, Stopping threads took: 0,0000054 seconds
2018-01-03T21:58:52.633-0200: 5505,925: Total time for which application threads were stopped: 0,0000522 seconds, Stopping threads took: 0,0000095 seconds
2018-01-03T21:58:52.686-0200: 5505,978: Total time for which application threads were stopped: 0,0021376 seconds, Stopping threads took: 0,0020406 seconds
2018-01-03T21:58:52.820-0200: 5506,112: Total time for which application threads were stopped: 0,0036333 seconds, Stopping threads took: 0,0035138 seconds
2018-01-03T21:58:52.821-0200: 5506,112: Total time for which application threads were stopped: 0,0000619 seconds, Stopping threads took: 0,0000071 seconds
2018-01-03T21:58:53.252-0200: 5506,543: Total time for which application threads were stopped: 0,0029863 seconds, Stopping threads took: 0,0028543 seconds
2018-01-03T21:58:53.296-0200: 5506,588: Total time for which application threads were stopped: 0,0031667 seconds, Stopping threads took: 0,0030956 seconds
2018-01-03T21:58:53.309-0200: 5506,600: Total time for which application threads were stopped: 0,0001146 seconds, Stopping threads took: 0,0000206 seconds
2018-01-03T21:58:53.309-0200: 5506,600: Total time for which application threads were stopped: 0,0000523 seconds, Stopping threads took: 0,0000097 seconds
2018-01-03T21:58:53.309-0200: 5506,600: Total time for which application threads were stopped: 0,0000449 seconds, Stopping threads took: 0,0000086 seconds
2018-01-03T21:58:53.309-0200: 5506,601: Total time for which application threads were stopped: 0,0000397 seconds, Stopping threads took: 0,0000104 seconds
2018-01-03T22:02:37.359-0200: 5730,650: Total time for which application threads were stopped: 0,0001324 seconds, Stopping threads took: 0,0000467 seconds
2018-01-03T22:02:37.359-0200: 5730,650: Total time for which application threads were stopped: 0,0000452 seconds, Stopping threads took: 0,0000058 seconds
2018-01-03T22:02:37.378-0200: 5730,670: Total time for which application threads were stopped: 0,0000676 seconds, Stopping threads took: 0,0000163 seconds
2018-01-03T22:02:37.378-0200: 5730,670: Total time for which application threads were stopped: 0,0000270 seconds, Stopping threads took: 0,0000051 seconds
2018-01-03T22:02:37.654-0200: 5730,946: Total time for which application threads were stopped: 0,0001131 seconds, Stopping threads took: 0,0000360 seconds
2018-01-03T22:02:37.662-0200: 5730,954: Total time for which application threads were stopped: 0,0000909 seconds, Stopping threads took: 0,0000175 seconds
2018-01-03T22:02:37.662-0200: 5730,954: Total time for which application threads were stopped: 0,0000402 seconds, Stopping threads took: 0,0000058 seconds
2018-01-03T22:02:37.662-0200: 5730,954: Total time for which application threads were stopped: 0,0000320 seconds, Stopping threads took: 0,0000048 seconds
2018-01-03T22:02:37.662-0200: 5730,954: Total time for which application threads were stopped: 0,0000312 seconds, Stopping threads took: 0,0000049 seconds
2018-01-03T22:02:37.663-0200: 5730,955: Total time for which application threads were stopped: 0,0000782 seconds, Stopping threads took: 0,0000190 seconds
2018-01-03T22:02:37.663-0200: 5730,955: Total time for which application threads were stopped: 0,0000432 seconds, Stopping threads took: 0,0000104 seconds
2018-01-03T22:02:37.663-0200: 5730,955: Total time for which application threads were stopped: 0,0000374 seconds, Stopping threads took: 0,0000094 seconds
2018-01-03T22:02:37.664-0200: 5730,955: Total time for which application threads were stopped: 0,0000368 seconds, Stopping threads took: 0,0000091 seconds
2018-01-03T22:02:37.664-0200: 5730,955: Total time for which application threads were stopped: 0,0000359 seconds, Stopping threads took: 0,0000088 seconds
2018-01-03T22:02:37.664-0200: 5730,955: Total time for which application threads were stopped: 0,0000354 seconds, Stopping threads took: 0,0000089 seconds
2018-01-03T22:02:37.664-0200: 5730,955: Total time for which application threads were stopped: 0,0000361 seconds, Stopping threads took: 0,0000093 seconds
2018-01-03T22:02:37.664-0200: 5730,955: Total time for which application threads were stopped: 0,0000484 seconds, Stopping threads took: 0,0000048 seconds
2018-01-03T22:02:37.667-0200: 5730,958: Total time for which application threads were stopped: 0,0001853 seconds, Stopping threads took: 0,0000580 seconds
2018-01-03T22:02:37.667-0200: 5730,959: Total time for which application threads were stopped: 0,0000773 seconds, Stopping threads took: 0,0000288 seconds
2018-01-03T22:02:37.680-0200: 5730,972: Total time for which application threads were stopped: 0,0006384 seconds, Stopping threads took: 0,0000206 seconds
2018-01-03T22:02:37.680-0200: 5730,972: Total time for which application threads were stopped: 0,0000653 seconds, Stopping threads took: 0,0000076 seconds
2018-01-03T22:02:37.680-0200: 5730,972: Total time for which application threads were stopped: 0,0000429 seconds, Stopping threads took: 0,0000054 seconds
2018-01-03T22:02:37.681-0200: 5730,972: Total time for which application threads were stopped: 0,0000363 seconds, Stopping threads took: 0,0000051 seconds
2018-01-03T22:02:37.681-0200: 5730,972: Total time for which application threads were stopped: 0,0000363 seconds, Stopping threads took: 0,0000050 seconds
2018-01-03T22:02:37.696-0200: 5730,987: Total time for which application threads were stopped: 0,0001440 seconds, Stopping threads took: 0,0000381 seconds
2018-01-03T22:02:37.696-0200: 5730,988: Total time for which application threads were stopped: 0,0000333 seconds, Stopping threads took: 0,0000068 seconds
2018-01-03T22:02:39.443-0200: 5732,734: Total time for which application threads were stopped: 0,0001739 seconds, Stopping threads took: 0,0000284 seconds
{Heap before GC invocations=68 (full 2):
 par new generation   total 655360K, used 583618K [0x0000000700000000, 0x0000000730000000, 0x0000000730000000)
  eden space 524288K, 100% used [0x0000000700000000, 0x0000000720000000, 0x0000000720000000)
  from space 131072K,  45% used [0x0000000720000000, 0x00000007239f0940, 0x0000000728000000)
  to   space 131072K,   0% used [0x0000000728000000, 0x0000000728000000, 0x0000000730000000)
 concurrent mark-sweep generation total 2359296K, used 53699K [0x0000000730000000, 0x00000007c0000000, 0x00000007c0000000)
 Metaspace       used 82269K, capacity 86387K, committed 86496K, reserved 1126400K
  class space    used 8671K, capacity 9581K, committed 9584K, reserved 1048576K
2018-01-03T22:02:39.456-0200: 5732,748: [GC (Allocation Failure) 2018-01-03T22:02:39.456-0200: 5732,748: [ParNew
Desired survivor size 120795952 bytes, new threshold 8 (max 8)
- age   1:    1903280 bytes,    1903280 total
- age   2:    1584280 bytes,    3487560 total
- age   3:    6032968 bytes,    9520528 total
- age   4:    4313608 bytes,   13834136 total
- age   5:    3875400 bytes,   17709536 total
- age   6:    4669336 bytes,   22378872 total
- age   7:    3974192 bytes,   26353064 total
- age   8:    3749048 bytes,   30102112 total
: 583618K->34298K(655360K), 0,2183246 secs] 637318K->90853K(3014656K), 0,2183690 secs] [Times: user=0,10 sys=0,00, real=0,22 secs] 
Heap after GC invocations=69 (full 2):
 par new generation   total 655360K, used 34298K [0x0000000700000000, 0x0000000730000000, 0x0000000730000000)
  eden space 524288K,   0% used [0x0000000700000000, 0x0000000700000000, 0x0000000720000000)
  from space 131072K,  26% used [0x0000000728000000, 0x000000072a17e840, 0x0000000730000000)
  to   space 131072K,   0% used [0x0000000720000000, 0x0000000720000000, 0x0000000728000000)
 concurrent mark-sweep generation total 2359296K, used 56555K [0x0000000730000000, 0x00000007c0000000, 0x00000007c0000000)
 Metaspace       used 82269K, capacity 86387K, committed 86496K, reserved 1126400K
  class space    used 8671K, capacity 9581K, committed 9584K, reserved 1048576K
}
2018-01-03T22:02:39.675-0200: 5732,966: Total time for which application threads were stopped: 0,2185655 seconds, Stopping threads took: 0,0000246 seconds
2018-01-03T22:02:39.682-0200: 5732,973: Total time for which application threads were stopped: 0,0001187 seconds, Stopping threads took: 0,0000375 seconds
2018-01-03T22:02:39.682-0200: 5732,973: Total time for which application threads were stopped: 0,0000430 seconds, Stopping threads took: 0,0000053 seconds
2018-01-03T22:02:39.682-0200: 5732,974: Total time for which application threads were stopped: 0,0000972 seconds, Stopping threads took: 0,0000050 seconds
2018-01-03T22:02:39.682-0200: 5732,974: Total time for which application threads were stopped: 0,0000390 seconds, Stopping threads took: 0,0000048 seconds
2018-01-03T22:02:39.682-0200: 5732,974: Total time for which application threads were stopped: 0,0000373 seconds, Stopping threads took: 0,0000047 seconds
2018-01-03T22:02:39.682-0200: 5732,974: Total time for which application threads were stopped: 0,0000361 seconds, Stopping threads took: 0,0000046 seconds
2018-01-03T22:02:39.682-0200: 5732,974: Total time for which application threads were stopped: 0,0000644 seconds, Stopping threads took: 0,0000046 seconds
2018-01-03T22:02:39.685-0200: 5732,977: Total time for which application threads were stopped: 0,0001547 seconds, Stopping threads took: 0,0000457 seconds
2018-01-03T22:02:39.685-0200: 5732,977: Total time for which application threads were stopped: 0,0000604 seconds, Stopping threads took: 0,0000071 seconds
2018-01-03T22:02:39.685-0200: 5732,977: Total time for which application threads were stopped: 0,0000385 seconds, Stopping threads took: 0,0000047 seconds
2018-01-03T22:02:39.685-0200: 5732,977: Total time for which application threads were stopped: 0,0000442 seconds, Stopping threads took: 0,0000054 seconds
2018-01-03T22:02:39.686-0200: 5732,977: Total time for which application threads were stopped: 0,0000363 seconds, Stopping threads took: 0,0000045 seconds
2018-01-03T22:02:39.686-0200: 5732,977: Total time for which application threads were stopped: 0,0000361 seconds, Stopping threads took: 0,0000052 seconds
2018-01-03T22:02:39.686-0200: 5732,977: Total time for which application threads were stopped: 0,0000358 seconds, Stopping threads took: 0,0000045 seconds
2018-01-03T22:02:39.686-0200: 5732,977: Total time for which application threads were stopped: 0,0000521 seconds, Stopping threads took: 0,0000045 seconds
2018-01-03T22:02:39.686-0200: 5732,977: Total time for which application threads were stopped: 0,0000357 seconds, Stopping threads took: 0,0000044 seconds
2018-01-03T22:02:39.686-0200: 5732,977: Total time for which application threads were stopped: 0,0000353 seconds, Stopping threads took: 0,0000046 seconds
2018-01-03T22:02:39.686-0200: 5732,977: Total time for which application threads were stopped: 0,0000354 seconds, Stopping threads took: 0,0000045 seconds
2018-01-03T22:02:39.686-0200: 5732,978: Total time for which application threads were stopped: 0,0000347 seconds, Stopping threads took: 0,0000043 seconds
2018-01-03T22:02:39.686-0200: 5732,978: Total time for which application threads were stopped: 0,0000352 seconds, Stopping threads took: 0,0000046 seconds
2018-01-03T22:02:39.686-0200: 5732,978: Total time for which application threads were stopped: 0,0001252 seconds, Stopping threads took: 0,0000046 seconds
2018-01-03T22:02:39.751-0200: 5733,043: Total time for which application threads were stopped: 0,0001069 seconds, Stopping threads took: 0,0000198 seconds
2018-01-03T22:02:39.751-0200: 5733,043: Total time for which application threads were stopped: 0,0000477 seconds, Stopping threads took: 0,0000107 seconds
2018-01-03T22:02:39.857-0200: 5733,148: Total time for which application threads were stopped: 0,0023682 seconds, Stopping threads took: 0,0022609 seconds
2018-01-03T22:02:39.857-0200: 5733,148: Total time for which application threads were stopped: 0,0000558 seconds, Stopping threads took: 0,0000135 seconds
2018-01-03T22:02:39.888-0200: 5733,180: Total time for which application threads were stopped: 0,0001046 seconds, Stopping threads took: 0,0000233 seconds
2018-01-03T22:02:39.888-0200: 5733,180: Total time for which application threads were stopped: 0,0000433 seconds, Stopping threads took: 0,0000072 seconds
2018-01-03T22:02:39.888-0200: 5733,180: Total time for which application threads were stopped: 0,0000358 seconds, Stopping threads took: 0,0000053 seconds
2018-01-03T22:02:39.888-0200: 5733,180: Total time for which application threads were stopped: 0,0000304 seconds, Stopping threads took: 0,0000051 seconds
2018-01-03T22:02:39.888-0200: 5733,180: Total time for which application threads were stopped: 0,0000294 seconds, Stopping threads took: 0,0000045 seconds
2018-01-03T22:02:39.889-0200: 5733,180: Total time for which application threads were stopped: 0,0000287 seconds, Stopping threads took: 0,0000045 seconds
2018-01-03T22:02:40.943-0200: 5734,234: Total time for which application threads were stopped: 0,0001042 seconds, Stopping threads took: 0,0000157 seconds
2018-01-03T22:02:40.943-0200: 5734,235: Total time for which application threads were stopped: 0,0000472 seconds, Stopping threads took: 0,0000055 seconds
2018-01-03T22:02:40.954-0200: 5734,246: Total time for which application threads were stopped: 0,0001173 seconds, Stopping threads took: 0,0000183 seconds
2018-01-03T22:02:40.954-0200: 5734,246: Total time for which application threads were stopped: 0,0000473 seconds, Stopping threads took: 0,0000066 seconds
2018-01-03T22:02:40.958-0200: 5734,249: Total time for which application threads were stopped: 0,0000654 seconds, Stopping threads took: 0,0000155 seconds
2018-01-03T22:02:40.958-0200: 5734,249: Total time for which application threads were stopped: 0,0000508 seconds, Stopping threads took: 0,0000053 seconds
2018-01-03T22:03:40.958-0200: 5794,250: Total time for which application threads were stopped: 0,0000924 seconds, Stopping threads took: 0,0000328 seconds
2018-01-03T22:04:01.979-0200: 5815,270: Total time for which application threads were stopped: 0,0124155 seconds, Stopping threads took: 0,0123302 seconds
2018-01-03T22:04:02.121-0200: 5815,413: Total time for which application threads were stopped: 0,0004407 seconds, Stopping threads took: 0,0003388 seconds
2018-01-03T22:04:02.223-0200: 5815,515: Total time for which application threads were stopped: 0,0116151 seconds, Stopping threads took: 0,0115279 seconds
2018-01-03T22:04:02.223-0200: 5815,515: Total time for which application threads were stopped: 0,0000490 seconds, Stopping threads took: 0,0000088 seconds
2018-01-03T22:04:02.223-0200: 5815,515: Total time for which application threads were stopped: 0,0000323 seconds, Stopping threads took: 0,0000047 seconds
2018-01-03T22:04:02.223-0200: 5815,515: Total time for which application threads were stopped: 0,0000318 seconds, Stopping threads took: 0,0000050 seconds
2018-01-03T22:04:02.223-0200: 5815,515: Total time for which application threads were stopped: 0,0000299 seconds, Stopping threads took: 0,0000046 seconds
2018-01-03T22:04:02.223-0200: 5815,515: Total time for which application threads were stopped: 0,0000300 seconds, Stopping threads took: 0,0000045 seconds
2018-01-03T22:04:02.223-0200: 5815,515: Total time for which application threads were stopped: 0,0000335 seconds, Stopping threads took: 0,0000056 seconds
2018-01-03T22:04:02.224-0200: 5815,516: Total time for which application threads were stopped: 0,0000816 seconds, Stopping threads took: 0,0000154 seconds
2018-01-03T22:04:02.328-0200: 5815,620: Total time for which application threads were stopped: 0,0002089 seconds, Stopping threads took: 0,0001189 seconds
2018-01-03T22:04:02.328-0200: 5815,620: Total time for which application threads were stopped: 0,0000494 seconds, Stopping threads took: 0,0000107 seconds
2018-01-03T22:04:02.352-0200: 5815,644: Total time for which application threads were stopped: 0,0000863 seconds, Stopping threads took: 0,0000195 seconds
2018-01-03T22:04:02.353-0200: 5815,644: Total time for which application threads were stopped: 0,0000534 seconds, Stopping threads took: 0,0000162 seconds
2018-01-03T22:04:02.353-0200: 5815,644: Total time for which application threads were stopped: 0,0000362 seconds, Stopping threads took: 0,0000085 seconds
2018-01-03T22:04:02.353-0200: 5815,644: Total time for which application threads were stopped: 0,0000349 seconds, Stopping threads took: 0,0000085 seconds
2018-01-03T22:04:02.353-0200: 5815,644: Total time for which application threads were stopped: 0,0000351 seconds, Stopping threads took: 0,0000085 seconds
2018-01-03T22:04:03.353-0200: 5816,645: Total time for which application threads were stopped: 0,0000898 seconds, Stopping threads took: 0,0000181 seconds
2018-01-03T22:04:03.388-0200: 5816,680: Total time for which application threads were stopped: 0,0000840 seconds, Stopping threads took: 0,0000194 seconds
2018-01-03T22:04:03.388-0200: 5816,680: Total time for which application threads were stopped: 0,0000414 seconds, Stopping threads took: 0,0000102 seconds
2018-01-03T22:04:03.388-0200: 5816,680: Total time for which application threads were stopped: 0,0000374 seconds, Stopping threads took: 0,0000094 seconds
2018-01-03T22:04:03.388-0200: 5816,680: Total time for which application threads were stopped: 0,0000361 seconds, Stopping threads took: 0,0000089 seconds
2018-01-03T22:04:03.388-0200: 5816,680: Total time for which application threads were stopped: 0,0000903 seconds, Stopping threads took: 0,0000093 seconds
2018-01-03T22:04:03.399-0200: 5816,691: Total time for which application threads were stopped: 0,0047536 seconds, Stopping threads took: 0,0046668 seconds
2018-01-03T22:04:03.399-0200: 5816,691: Total time for which application threads were stopped: 0,0000461 seconds, Stopping threads took: 0,0000079 seconds
2018-01-03T22:04:03.400-0200: 5816,692: Total time for which application threads were stopped: 0,0000792 seconds, Stopping threads took: 0,0000149 seconds
2018-01-03T22:04:03.400-0200: 5816,692: Total time for which application threads were stopped: 0,0000449 seconds, Stopping threads took: 0,0000050 seconds
2018-01-03T22:04:03.407-0200: 5816,698: Total time for which application threads were stopped: 0,0000777 seconds, Stopping threads took: 0,0000241 seconds
2018-01-03T22:04:03.407-0200: 5816,698: Total time for which application threads were stopped: 0,0000372 seconds, Stopping threads took: 0,0000105 seconds
2018-01-03T22:04:06.348-0200: 5819,640: Total time for which application threads were stopped: 0,0100679 seconds, Stopping threads took: 0,0099006 seconds
2018-01-03T22:04:06.457-0200: 5819,748: Total time for which application threads were stopped: 0,0063885 seconds, Stopping threads took: 0,0063047 seconds
2018-01-03T22:04:06.457-0200: 5819,748: Total time for which application threads were stopped: 0,0000461 seconds, Stopping threads took: 0,0000075 seconds
2018-01-03T22:04:06.457-0200: 5819,748: Total time for which application threads were stopped: 0,0000368 seconds, Stopping threads took: 0,0000047 seconds
2018-01-03T22:04:06.457-0200: 5819,748: Total time for which application threads were stopped: 0,0000332 seconds, Stopping threads took: 0,0000051 seconds
2018-01-03T22:04:06.457-0200: 5819,749: Total time for which application threads were stopped: 0,0000315 seconds, Stopping threads took: 0,0000047 seconds
2018-01-03T22:04:06.457-0200: 5819,749: Total time for which application threads were stopped: 0,0000314 seconds, Stopping threads took: 0,0000046 seconds
2018-01-03T22:04:06.457-0200: 5819,749: Total time for which application threads were stopped: 0,0000364 seconds, Stopping threads took: 0,0000058 seconds
2018-01-03T22:04:06.458-0200: 5819,750: Total time for which application threads were stopped: 0,0000694 seconds, Stopping threads took: 0,0000135 seconds
2018-01-03T22:04:06.535-0200: 5819,826: Total time for which application threads were stopped: 0,0001129 seconds, Stopping threads took: 0,0000289 seconds
2018-01-03T22:04:06.535-0200: 5819,826: Total time for which application threads were stopped: 0,0000431 seconds, Stopping threads took: 0,0000096 seconds
2018-01-03T22:04:06.551-0200: 5819,843: Total time for which application threads were stopped: 0,0000960 seconds, Stopping threads took: 0,0000198 seconds
2018-01-03T22:04:06.551-0200: 5819,843: Total time for which application threads were stopped: 0,0000542 seconds, Stopping threads took: 0,0000114 seconds
2018-01-03T22:04:06.552-0200: 5819,843: Total time for which application threads were stopped: 0,0000370 seconds, Stopping threads took: 0,0000087 seconds
2018-01-03T22:04:06.552-0200: 5819,843: Total time for which application threads were stopped: 0,0000364 seconds, Stopping threads took: 0,0000085 seconds
2018-01-03T22:04:06.552-0200: 5819,843: Total time for which application threads were stopped: 0,0000366 seconds, Stopping threads took: 0,0000084 seconds
2018-01-03T22:04:07.552-0200: 5820,843: Total time for which application threads were stopped: 0,0000814 seconds, Stopping threads took: 0,0000198 seconds
2018-01-03T22:04:07.584-0200: 5820,876: Total time for which application threads were stopped: 0,0000868 seconds, Stopping threads took: 0,0000216 seconds
2018-01-03T22:04:07.585-0200: 5820,876: Total time for which application threads were stopped: 0,0000614 seconds, Stopping threads took: 0,0000130 seconds
2018-01-03T22:04:07.585-0200: 5820,877: Total time for which application threads were stopped: 0,0000401 seconds, Stopping threads took: 0,0000099 seconds
2018-01-03T22:04:07.585-0200: 5820,877: Total time for which application threads were stopped: 0,0000379 seconds, Stopping threads took: 0,0000093 seconds
2018-01-03T22:04:07.585-0200: 5820,877: Total time for which application threads were stopped: 0,0000365 seconds, Stopping threads took: 0,0000090 seconds
2018-01-03T22:04:07.585-0200: 5820,877: Total time for which application threads were stopped: 0,0000370 seconds, Stopping threads took: 0,0000089 seconds
2018-01-03T22:04:07.585-0200: 5820,877: Total time for which application threads were stopped: 0,0000375 seconds, Stopping threads took: 0,0000093 seconds
2018-01-03T22:04:07.585-0200: 5820,877: Total time for which application threads were stopped: 0,0000511 seconds, Stopping threads took: 0,0000223 seconds
2018-01-03T22:04:07.585-0200: 5820,877: Total time for which application threads were stopped: 0,0000441 seconds, Stopping threads took: 0,0000090 seconds
2018-01-03T22:04:07.586-0200: 5820,877: Total time for which application threads were stopped: 0,0000488 seconds, Stopping threads took: 0,0000120 seconds
2018-01-03T22:04:07.586-0200: 5820,878: Total time for which application threads were stopped: 0,0000398 seconds, Stopping threads took: 0,0000095 seconds
2018-01-03T22:04:07.589-0200: 5820,881: Total time for which application threads were stopped: 0,0001021 seconds, Stopping threads took: 0,0000155 seconds
2018-01-03T22:04:07.589-0200: 5820,881: Total time for which application threads were stopped: 0,0000506 seconds, Stopping threads took: 0,0000060 seconds
2018-01-03T22:04:07.589-0200: 5820,881: Total time for which application threads were stopped: 0,0000361 seconds, Stopping threads took: 0,0000052 seconds
2018-01-03T22:04:07.598-0200: 5820,890: Total time for which application threads were stopped: 0,0000639 seconds, Stopping threads took: 0,0000151 seconds
2018-01-03T22:04:07.598-0200: 5820,890: Total time for which application threads were stopped: 0,0000284 seconds, Stopping threads took: 0,0000057 seconds
2018-01-03T22:04:16.343-0200: 5829,635: Total time for which application threads were stopped: 0,0012374 seconds, Stopping threads took: 0,0004484 seconds
2018-01-03T22:04:16.346-0200: 5829,637: Total time for which application threads were stopped: 0,0000935 seconds, Stopping threads took: 0,0000157 seconds
2018-01-03T22:04:16.349-0200: 5829,641: Total time for which application threads were stopped: 0,0001016 seconds, Stopping threads took: 0,0000209 seconds
2018-01-03T22:04:16.413-0200: 5829,704: Total time for which application threads were stopped: 0,0001136 seconds, Stopping threads took: 0,0000267 seconds
2018-01-03T22:04:16.417-0200: 5829,708: Total time for which application threads were stopped: 0,0001254 seconds, Stopping threads took: 0,0000245 seconds
2018-01-03T22:04:16.419-0200: 5829,710: Total time for which application threads were stopped: 0,0001213 seconds, Stopping threads took: 0,0000186 seconds
2018-01-03T22:04:16.419-0200: 5829,710: Total time for which application threads were stopped: 0,0000445 seconds, Stopping threads took: 0,0000097 seconds
2018-01-03T22:04:16.419-0200: 5829,711: Total time for which application threads were stopped: 0,0000495 seconds, Stopping threads took: 0,0000106 seconds
2018-01-03T22:04:16.420-0200: 5829,712: Total time for which application threads were stopped: 0,0000670 seconds, Stopping threads took: 0,0000109 seconds
2018-01-03T22:04:16.423-0200: 5829,715: Total time for which application threads were stopped: 0,0000997 seconds, Stopping threads took: 0,0000213 seconds
{Heap before GC invocations=69 (full 2):
 par new generation   total 655360K, used 558586K [0x0000000700000000, 0x0000000730000000, 0x0000000730000000)
  eden space 524288K, 100% used [0x0000000700000000, 0x0000000720000000, 0x0000000720000000)
  from space 131072K,  26% used [0x0000000728000000, 0x000000072a17e840, 0x0000000730000000)
  to   space 131072K,   0% used [0x0000000720000000, 0x0000000720000000, 0x0000000728000000)
 concurrent mark-sweep generation total 2359296K, used 56555K [0x0000000730000000, 0x00000007c0000000, 0x00000007c0000000)
 Metaspace       used 82620K, capacity 86823K, committed 87136K, reserved 1126400K
  class space    used 8700K, capacity 9619K, committed 9712K, reserved 1048576K
2018-01-03T22:04:17.123-0200: 5830,415: [GC (Allocation Failure) 2018-01-03T22:04:17.123-0200: 5830,415: [ParNew
Desired survivor size 120795952 bytes, new threshold 8 (max 8)
- age   1:   10828744 bytes,   10828744 total
- age   2:    1508816 bytes,   12337560 total
- age   3:    1386392 bytes,   13723952 total
- age   4:    6031552 bytes,   19755504 total
- age   5:    4313608 bytes,   24069112 total
- age   6:    3875336 bytes,   27944448 total
- age   7:    4669336 bytes,   32613784 total
- age   8:    3974192 bytes,   36587976 total
: 558586K->55527K(655360K), 0,0906511 secs] 615141K->115775K(3014656K), 0,0907295 secs] [Times: user=0,08 sys=0,01, real=0,08 secs] 
Heap after GC invocations=70 (full 2):
 par new generation   total 655360K, used 55527K [0x0000000700000000, 0x0000000730000000, 0x0000000730000000)
  eden space 524288K,   0% used [0x0000000700000000, 0x0000000700000000, 0x0000000720000000)
  from space 131072K,  42% used [0x0000000720000000, 0x0000000723639e80, 0x0000000728000000)
  to   space 131072K,   0% used [0x0000000728000000, 0x0000000728000000, 0x0000000730000000)
 concurrent mark-sweep generation total 2359296K, used 60247K [0x0000000730000000, 0x00000007c0000000, 0x00000007c0000000)
 Metaspace       used 82620K, capacity 86823K, committed 87136K, reserved 1126400K
  class space    used 8700K, capacity 9619K, committed 9712K, reserved 1048576K
}
2018-01-03T22:04:17.214-0200: 5830,505: Total time for which application threads were stopped: 0,0909124 seconds, Stopping threads took: 0,0000241 seconds
2018-01-03T22:04:17.225-0200: 5830,517: Total time for which application threads were stopped: 0,0026997 seconds, Stopping threads took: 0,0025433 seconds
2018-01-03T22:04:17.225-0200: 5830,517: Total time for which application threads were stopped: 0,0000551 seconds, Stopping threads took: 0,0000068 seconds
2018-01-03T22:04:17.225-0200: 5830,517: Total time for which application threads were stopped: 0,0000454 seconds, Stopping threads took: 0,0000064 seconds
2018-01-03T22:04:17.225-0200: 5830,517: Total time for which application threads were stopped: 0,0000357 seconds, Stopping threads took: 0,0000049 seconds
2018-01-03T22:04:18.228-0200: 5831,520: Total time for which application threads were stopped: 0,0021024 seconds, Stopping threads took: 0,0020232 seconds
2018-01-03T22:04:18.481-0200: 5831,773: Total time for which application threads were stopped: 0,0001272 seconds, Stopping threads took: 0,0000301 seconds
{Heap before GC invocations=70 (full 2):
 par new generation   total 655360K, used 579815K [0x0000000700000000, 0x0000000730000000, 0x0000000730000000)
  eden space 524288K, 100% used [0x0000000700000000, 0x0000000720000000, 0x0000000720000000)
  from space 131072K,  42% used [0x0000000720000000, 0x0000000723639e80, 0x0000000728000000)
  to   space 131072K,   0% used [0x0000000728000000, 0x0000000728000000, 0x0000000730000000)
 concurrent mark-sweep generation total 2359296K, used 60247K [0x0000000730000000, 0x00000007c0000000, 0x00000007c0000000)
 Metaspace       used 82620K, capacity 86823K, committed 87136K, reserved 1126400K
  class space    used 8700K, capacity 9619K, committed 9712K, reserved 1048576K
2018-01-03T22:04:18.530-0200: 5831,822: [GC (Allocation Failure) 2018-01-03T22:04:18.530-0200: 5831,822: [ParNew
Desired survivor size 120795952 bytes, new threshold 8 (max 8)
- age   1:   19017048 bytes,   19017048 total
- age   2:    8933904 bytes,   27950952 total
- age   3:    1484472 bytes,   29435424 total
- age   4:    1377568 bytes,   30812992 total
- age   5:    6031552 bytes,   36844544 total
- age   6:    4313608 bytes,   41158152 total
- age   7:    3875336 bytes,   45033488 total
- age   8:    4669336 bytes,   49702824 total
: 579815K->53765K(655360K), 0,1003482 secs] 640063K->117932K(3014656K), 0,1003970 secs] [Times: user=0,10 sys=0,01, real=0,10 secs] 
Heap after GC invocations=71 (full 2):
 par new generation   total 655360K, used 53765K [0x0000000700000000, 0x0000000730000000, 0x0000000730000000)
  eden space 524288K,   0% used [0x0000000700000000, 0x0000000700000000, 0x0000000720000000)
  from space 131072K,  41% used [0x0000000728000000, 0x000000072b481460, 0x0000000730000000)
  to   space 131072K,   0% used [0x0000000720000000, 0x0000000720000000, 0x0000000728000000)
 concurrent mark-sweep generation total 2359296K, used 64167K [0x0000000730000000, 0x00000007c0000000, 0x00000007c0000000)
 Metaspace       used 82620K, capacity 86823K, committed 87136K, reserved 1126400K
  class space    used 8700K, capacity 9619K, committed 9712K, reserved 1048576K
}
2018-01-03T22:04:18.631-0200: 5831,922: Total time for which application threads were stopped: 0,1005938 seconds, Stopping threads took: 0,0000229 seconds
2018-01-03T22:04:18.637-0200: 5831,929: Total time for which application threads were stopped: 0,0025184 seconds, Stopping threads took: 0,0024384 seconds
2018-01-03T22:04:18.637-0200: 5831,929: Total time for which application threads were stopped: 0,0000443 seconds, Stopping threads took: 0,0000062 seconds
2018-01-03T22:04:18.637-0200: 5831,929: Total time for which application threads were stopped: 0,0000342 seconds, Stopping threads took: 0,0000047 seconds
2018-01-03T22:04:18.637-0200: 5831,929: Total time for which application threads were stopped: 0,0000337 seconds, Stopping threads took: 0,0000044 seconds
2018-01-03T22:04:18.637-0200: 5831,929: Total time for which application threads were stopped: 0,0000330 seconds, Stopping threads took: 0,0000044 seconds
2018-01-03T22:04:18.637-0200: 5831,929: Total time for which application threads were stopped: 0,0000329 seconds, Stopping threads took: 0,0000043 seconds
2018-01-03T22:04:18.638-0200: 5831,929: Total time for which application threads were stopped: 0,0000329 seconds, Stopping threads took: 0,0000044 seconds
2018-01-03T22:04:18.638-0200: 5831,929: Total time for which application threads were stopped: 0,0000659 seconds, Stopping threads took: 0,0000042 seconds
2018-01-03T22:04:18.638-0200: 5831,929: Total time for which application threads were stopped: 0,0000472 seconds, Stopping threads took: 0,0000184 seconds
2018-01-03T22:04:18.638-0200: 5831,929: Total time for which application threads were stopped: 0,0000329 seconds, Stopping threads took: 0,0000045 seconds
2018-01-03T22:04:18.638-0200: 5831,929: Total time for which application threads were stopped: 0,0000332 seconds, Stopping threads took: 0,0000044 seconds
2018-01-03T22:04:18.638-0200: 5831,929: Total time for which application threads were stopped: 0,0000328 seconds, Stopping threads took: 0,0000043 seconds
2018-01-03T22:04:18.638-0200: 5831,929: Total time for which application threads were stopped: 0,0000325 seconds, Stopping threads took: 0,0000043 seconds
2018-01-03T22:04:18.638-0200: 5831,930: Total time for which application threads were stopped: 0,0000326 seconds, Stopping threads took: 0,0000043 seconds
2018-01-03T22:04:18.638-0200: 5831,930: Total time for which application threads were stopped: 0,0000324 seconds, Stopping threads took: 0,0000044 seconds
2018-01-03T22:04:18.638-0200: 5831,930: Total time for which application threads were stopped: 0,0000325 seconds, Stopping threads took: 0,0000043 seconds
2018-01-03T22:04:18.638-0200: 5831,930: Total time for which application threads were stopped: 0,0000328 seconds, Stopping threads took: 0,0000044 seconds
2018-01-03T22:04:18.638-0200: 5831,930: Total time for which application threads were stopped: 0,0000748 seconds, Stopping threads took: 0,0000044 seconds
2018-01-03T22:04:18.638-0200: 5831,930: Total time for which application threads were stopped: 0,0000483 seconds, Stopping threads took: 0,0000050 seconds
2018-01-03T22:04:18.638-0200: 5831,930: Total time for which application threads were stopped: 0,0001062 seconds, Stopping threads took: 0,0000045 seconds
2018-01-03T22:04:19.641-0200: 5832,933: Total time for which application threads were stopped: 0,0021339 seconds, Stopping threads took: 0,0020190 seconds
{Heap before GC invocations=71 (full 2):
 par new generation   total 655360K, used 578053K [0x0000000700000000, 0x0000000730000000, 0x0000000730000000)
  eden space 524288K, 100% used [0x0000000700000000, 0x0000000720000000, 0x0000000720000000)
  from space 131072K,  41% used [0x0000000728000000, 0x000000072b481460, 0x0000000730000000)
  to   space 131072K,   0% used [0x0000000720000000, 0x0000000720000000, 0x0000000728000000)
 concurrent mark-sweep generation total 2359296K, used 64167K [0x0000000730000000, 0x00000007c0000000, 0x00000007c0000000)
 Metaspace       used 82620K, capacity 86823K, committed 87136K, reserved 1126400K
  class space    used 8700K, capacity 9619K, committed 9712K, reserved 1048576K
2018-01-03T22:04:19.861-0200: 5833,153: [GC (Allocation Failure) 2018-01-03T22:04:19.861-0200: 5833,153: [ParNew
Desired survivor size 120795952 bytes, new threshold 8 (max 8)
- age   1:   21683248 bytes,   21683248 total
- age   2:   15170248 bytes,   36853496 total
- age   3:    8408088 bytes,   45261584 total
- age   4:    1476440 bytes,   46738024 total
- age   5:    1377568 bytes,   48115592 total
- age   6:    6031552 bytes,   54147144 total
- age   7:    4313608 bytes,   58460752 total
- age   8:    3875336 bytes,   62336088 total
: 578053K->77479K(655360K), 0,1171635 secs] 642220K->146241K(3014656K), 0,1172170 secs] [Times: user=0,10 sys=0,00, real=0,12 secs] 
Heap after GC invocations=72 (full 2):
 par new generation   total 655360K, used 77479K [0x0000000700000000, 0x0000000730000000, 0x0000000730000000)
  eden space 524288K,   0% used [0x0000000700000000, 0x0000000700000000, 0x0000000720000000)
  from space 131072K,  59% used [0x0000000720000000, 0x0000000724ba9ec0, 0x0000000728000000)
  to   space 131072K,   0% used [0x0000000728000000, 0x0000000728000000, 0x0000000730000000)
 concurrent mark-sweep generation total 2359296K, used 68761K [0x0000000730000000, 0x00000007c0000000, 0x00000007c0000000)
 Metaspace       used 82620K, capacity 86823K, committed 87136K, reserved 1126400K
  class space    used 8700K, capacity 9619K, committed 9712K, reserved 1048576K
}
2018-01-03T22:04:19.979-0200: 5833,270: Total time for which application threads were stopped: 0,1173866 seconds, Stopping threads took: 0,0000309 seconds
{Heap before GC invocations=72 (full 2):
 par new generation   total 655360K, used 601767K [0x0000000700000000, 0x0000000730000000, 0x0000000730000000)
  eden space 524288K, 100% used [0x0000000700000000, 0x0000000720000000, 0x0000000720000000)
  from space 131072K,  59% used [0x0000000720000000, 0x0000000724ba9ec0, 0x0000000728000000)
  to   space 131072K,   0% used [0x0000000728000000, 0x0000000728000000, 0x0000000730000000)
 concurrent mark-sweep generation total 2359296K, used 68761K [0x0000000730000000, 0x00000007c0000000, 0x00000007c0000000)
 Metaspace       used 82620K, capacity 86823K, committed 87136K, reserved 1126400K
  class space    used 8700K, capacity 9619K, committed 9712K, reserved 1048576K
2018-01-03T22:04:21.087-0200: 5834,379: [GC (Allocation Failure) 2018-01-03T22:04:21.087-0200: 5834,379: [ParNew
Desired survivor size 120795952 bytes, new threshold 8 (max 8)
- age   1:   24519840 bytes,   24519840 total
- age   2:   15964520 bytes,   40484360 total
- age   3:   14637496 bytes,   55121856 total
- age   4:    8408088 bytes,   63529944 total
- age   5:    1476440 bytes,   65006384 total
- age   6:    1377568 bytes,   66383952 total
- age   7:    6031552 bytes,   72415504 total
- age   8:    4313608 bytes,   76729112 total
: 601767K->110682K(655360K), 0,1269724 secs] 670529K->183261K(3014656K), 0,1270182 secs] [Times: user=0,11 sys=0,00, real=0,12 secs] 
Heap after GC invocations=73 (full 2):
 par new generation   total 655360K, used 110682K [0x0000000700000000, 0x0000000730000000, 0x0000000730000000)
  eden space 524288K,   0% used [0x0000000700000000, 0x0000000700000000, 0x0000000720000000)
  from space 131072K,  84% used [0x0000000728000000, 0x000000072ec16a40, 0x0000000730000000)
  to   space 131072K,   0% used [0x0000000720000000, 0x0000000720000000, 0x0000000728000000)
 concurrent mark-sweep generation total 2359296K, used 72578K [0x0000000730000000, 0x00000007c0000000, 0x00000007c0000000)
 Metaspace       used 82620K, capacity 86823K, committed 87136K, reserved 1126400K
  class space    used 8700K, capacity 9619K, committed 9712K, reserved 1048576K
}
2018-01-03T22:04:21.214-0200: 5834,506: Total time for which application threads were stopped: 0,1271795 seconds, Stopping threads took: 0,0000228 seconds
2018-01-03T22:04:22.217-0200: 5835,508: Total time for which application threads were stopped: 0,0021487 seconds, Stopping threads took: 0,0020617 seconds
{Heap before GC invocations=73 (full 2):
 par new generation   total 655360K, used 634970K [0x0000000700000000, 0x0000000730000000, 0x0000000730000000)
  eden space 524288K, 100% used [0x0000000700000000, 0x0000000720000000, 0x0000000720000000)
  from space 131072K,  84% used [0x0000000728000000, 0x000000072ec16a40, 0x0000000730000000)
  to   space 131072K,   0% used [0x0000000720000000, 0x0000000720000000, 0x0000000728000000)
 concurrent mark-sweep generation total 2359296K, used 72578K [0x0000000730000000, 0x00000007c0000000, 0x00000007c0000000)
 Metaspace       used 82620K, capacity 86823K, committed 87136K, reserved 1126400K
  class space    used 8700K, capacity 9619K, committed 9712K, reserved 1048576K
2018-01-03T22:04:22.417-0200: 5835,709: [GC (Allocation Failure) 2018-01-03T22:04:22.417-0200: 5835,709: [ParNew
Desired survivor size 120795952 bytes, new threshold 8 (max 8)
- age   1:   25840968 bytes,   25840968 total
- age   2:   17468312 bytes,   43309280 total
- age   3:   14890912 bytes,   58200192 total
- age   4:   14637376 bytes,   72837568 total
- age   5:    8408088 bytes,   81245656 total
- age   6:    1476440 bytes,   82722096 total
- age   7:    1377568 bytes,   84099664 total
- age   8:    6031552 bytes,   90131216 total
: 634970K->115319K(655360K), 0,1094820 secs] 707549K->192143K(3014656K), 0,1095341 secs] [Times: user=0,11 sys=0,01, real=0,11 secs] 
Heap after GC invocations=74 (full 2):
 par new generation   total 655360K, used 115319K [0x0000000700000000, 0x0000000730000000, 0x0000000730000000)
  eden space 524288K,   0% used [0x0000000700000000, 0x0000000700000000, 0x0000000720000000)
  from space 131072K,  87% used [0x0000000720000000, 0x000000072709de20, 0x0000000728000000)
  to   space 131072K,   0% used [0x0000000728000000, 0x0000000728000000, 0x0000000730000000)
 concurrent mark-sweep generation total 2359296K, used 76824K [0x0000000730000000, 0x00000007c0000000, 0x00000007c0000000)
 Metaspace       used 82620K, capacity 86823K, committed 87136K, reserved 1126400K
  class space    used 8700K, capacity 9619K, committed 9712K, reserved 1048576K
}
2018-01-03T22:04:22.527-0200: 5835,818: Total time for which application threads were stopped: 0,1096907 seconds, Stopping threads took: 0,0000229 seconds
{Heap before GC invocations=74 (full 2):
 par new generation   total 655360K, used 639607K [0x0000000700000000, 0x0000000730000000, 0x0000000730000000)
  eden space 524288K, 100% used [0x0000000700000000, 0x0000000720000000, 0x0000000720000000)
  from space 131072K,  87% used [0x0000000720000000, 0x000000072709de20, 0x0000000728000000)
  to   space 131072K,   0% used [0x0000000728000000, 0x0000000728000000, 0x0000000730000000)
 concurrent mark-sweep generation total 2359296K, used 76824K [0x0000000730000000, 0x00000007c0000000, 0x00000007c0000000)
 Metaspace       used 82620K, capacity 86823K, committed 87136K, reserved 1126400K
  class space    used 8700K, capacity 9619K, committed 9712K, reserved 1048576K
2018-01-03T22:04:23.654-0200: 5836,945: [GC (Allocation Failure) 2018-01-03T22:04:23.654-0200: 5836,945: [ParNew
Desired survivor size 120795952 bytes, new threshold 8 (max 8)
- age   1:   29156896 bytes,   29156896 total
- age   2:   16560976 bytes,   45717872 total
- age   3:   15895064 bytes,   61612936 total
- age   4:   14890912 bytes,   76503848 total
- age   5:   14637376 bytes,   91141224 total
- age   6:    8408088 bytes,   99549312 total
- age   7:    1476440 bytes,  101025752 total
- age   8:    1377568 bytes,  102403320 total
: 639607K->119599K(655360K), 0,1180960 secs] 716431K->202350K(3014656K), 0,1181444 secs] [Times: user=0,12 sys=0,00, real=0,12 secs] 
Heap after GC invocations=75 (full 2):
 par new generation   total 655360K, used 119599K [0x0000000700000000, 0x0000000730000000, 0x0000000730000000)
  eden space 524288K,   0% used [0x0000000700000000, 0x0000000700000000, 0x0000000720000000)
  from space 131072K,  91% used [0x0000000728000000, 0x000000072f4cbce0, 0x0000000730000000)
  to   space 131072K,   0% used [0x0000000720000000, 0x0000000720000000, 0x0000000728000000)
 concurrent mark-sweep generation total 2359296K, used 82751K [0x0000000730000000, 0x00000007c0000000, 0x00000007c0000000)
 Metaspace       used 82620K, capacity 86823K, committed 87136K, reserved 1126400K
  class space    used 8700K, capacity 9619K, committed 9712K, reserved 1048576K
}
2018-01-03T22:04:23.772-0200: 5837,063: Total time for which application threads were stopped: 0,1183317 seconds, Stopping threads took: 0,0000296 seconds
2018-01-03T22:04:24.774-0200: 5838,066: Total time for which application threads were stopped: 0,0021099 seconds, Stopping threads took: 0,0020247 seconds
{Heap before GC invocations=75 (full 2):
 par new generation   total 655360K, used 643887K [0x0000000700000000, 0x0000000730000000, 0x0000000730000000)
  eden space 524288K, 100% used [0x0000000700000000, 0x0000000720000000, 0x0000000720000000)
  from space 131072K,  91% used [0x0000000728000000, 0x000000072f4cbce0, 0x0000000730000000)
  to   space 131072K,   0% used [0x0000000720000000, 0x0000000720000000, 0x0000000728000000)
 concurrent mark-sweep generation total 2359296K, used 82751K [0x0000000730000000, 0x00000007c0000000, 0x00000007c0000000)
 Metaspace       used 82620K, capacity 86823K, committed 87136K, reserved 1126400K
  class space    used 8700K, capacity 9619K, committed 9712K, reserved 1048576K
2018-01-03T22:04:24.912-0200: 5838,203: [GC (Allocation Failure) 2018-01-03T22:04:24.912-0200: 5838,203: [ParNew
Desired survivor size 120795952 bytes, new threshold 8 (max 8)
- age   1:   29114520 bytes,   29114520 total
- age   2:   17275520 bytes,   46390040 total
- age   3:   15980176 bytes,   62370216 total
- age   4:   14233056 bytes,   76603272 total
- age   5:   14289216 bytes,   90892488 total
- age   6:   14043352 bytes,  104935840 total
- age   7:    8264760 bytes,  113200600 total
- age   8:    1476440 bytes,  114677040 total
: 643887K->131072K(655360K), 0,1181533 secs] 726638K->218976K(3014656K), 0,1182065 secs] [Times: user=0,12 sys=0,00, real=0,12 secs] 
Heap after GC invocations=76 (full 2):
 par new generation   total 655360K, used 131072K [0x0000000700000000, 0x0000000730000000, 0x0000000730000000)
  eden space 524288K,   0% used [0x0000000700000000, 0x0000000700000000, 0x0000000720000000)
  from space 131072K, 100% used [0x0000000720000000, 0x0000000728000000, 0x0000000728000000)
  to   space 131072K,   0% used [0x0000000728000000, 0x0000000728000000, 0x0000000730000000)
 concurrent mark-sweep generation total 2359296K, used 87904K [0x0000000730000000, 0x00000007c0000000, 0x00000007c0000000)
 Metaspace       used 82620K, capacity 86823K, committed 87136K, reserved 1126400K
  class space    used 8700K, capacity 9619K, committed 9712K, reserved 1048576K
}
2018-01-03T22:04:25.030-0200: 5838,322: Total time for which application threads were stopped: 0,1183844 seconds, Stopping threads took: 0,0000321 seconds
2018-01-03T22:04:25.943-0200: 5839,235: Total time for which application threads were stopped: 0,0001062 seconds, Stopping threads took: 0,0000237 seconds
2018-01-03T22:04:26.946-0200: 5840,238: Total time for which application threads were stopped: 0,0021283 seconds, Stopping threads took: 0,0020221 seconds
{Heap before GC invocations=76 (full 2):
 par new generation   total 655360K, used 655360K [0x0000000700000000, 0x0000000730000000, 0x0000000730000000)
  eden space 524288K, 100% used [0x0000000700000000, 0x0000000720000000, 0x0000000720000000)
  from space 131072K, 100% used [0x0000000720000000, 0x0000000728000000, 0x0000000728000000)
  to   space 131072K,   0% used [0x0000000728000000, 0x0000000728000000, 0x0000000730000000)
 concurrent mark-sweep generation total 2359296K, used 87904K [0x0000000730000000, 0x00000007c0000000, 0x00000007c0000000)
 Metaspace       used 82626K, capacity 86887K, committed 87136K, reserved 1126400K
  class space    used 8700K, capacity 9619K, committed 9712K, reserved 1048576K
2018-01-03T22:04:27.015-0200: 5840,306: [GC (Allocation Failure) 2018-01-03T22:04:27.015-0200: 5840,306: [ParNew
Desired survivor size 120795952 bytes, new threshold 8 (max 8)
- age   1:   27155680 bytes,   27155680 total
- age   2:   13439360 bytes,   40595040 total
- age   3:   14475080 bytes,   55070120 total
- age   4:   12405280 bytes,   67475400 total
- age   5:   11429520 bytes,   78904920 total
- age   6:   11469168 bytes,   90374088 total
- age   7:   11516312 bytes,  101890400 total
- age   8:    7217272 bytes,  109107672 total
: 655360K->131072K(655360K), 0,1150331 secs] 743264K->222549K(3014656K), 0,1150979 secs] [Times: user=0,11 sys=0,00, real=0,11 secs] 
Heap after GC invocations=77 (full 2):
 par new generation   total 655360K, used 131072K [0x0000000700000000, 0x0000000730000000, 0x0000000730000000)
  eden space 524288K,   0% used [0x0000000700000000, 0x0000000700000000, 0x0000000720000000)
  from space 131072K, 100% used [0x0000000728000000, 0x0000000730000000, 0x0000000730000000)
  to   space 131072K,   0% used [0x0000000720000000, 0x0000000720000000, 0x0000000728000000)
 concurrent mark-sweep generation total 2359296K, used 91477K [0x0000000730000000, 0x00000007c0000000, 0x00000007c0000000)
 Metaspace       used 82626K, capacity 86887K, committed 87136K, reserved 1126400K
  class space    used 8700K, capacity 9619K, committed 9712K, reserved 1048576K
}
2018-01-03T22:04:27.130-0200: 5840,421: Total time for which application threads were stopped: 0,1152837 seconds, Stopping threads took: 0,0000247 seconds
2018-01-03T22:04:27.695-0200: 5840,987: Total time for which application threads were stopped: 0,0001195 seconds, Stopping threads took: 0,0000276 seconds
{Heap before GC invocations=77 (full 2):
 par new generation   total 655360K, used 655360K [0x0000000700000000, 0x0000000730000000, 0x0000000730000000)
  eden space 524288K, 100% used [0x0000000700000000, 0x0000000720000000, 0x0000000720000000)
  from space 131072K, 100% used [0x0000000728000000, 0x0000000730000000, 0x0000000730000000)
  to   space 131072K,   0% used [0x0000000720000000, 0x0000000720000000, 0x0000000728000000)
 concurrent mark-sweep generation total 2359296K, used 91477K [0x0000000730000000, 0x00000007c0000000, 0x00000007c0000000)
 Metaspace       used 82626K, capacity 86887K, committed 87136K, reserved 1126400K
  class space    used 8700K, capacity 9619K, committed 9712K, reserved 1048576K
2018-01-03T22:04:28.036-0200: 5841,328: [GC (Allocation Failure) 2018-01-03T22:04:28.036-0200: 5841,328: [ParNew
Desired survivor size 120795952 bytes, new threshold 8 (max 8)
- age   1:    5278768 bytes,    5278768 total
- age   2:    5266856 bytes,   10545624 total
- age   3:    6110200 bytes,   16655824 total
- age   4:    8226488 bytes,   24882312 total
- age   5:    6092000 bytes,   30974312 total
- age   6:    6055496 bytes,   37029808 total
- age   7:    6081704 bytes,   43111512 total
- age   8:    6064592 bytes,   49176104 total
: 655360K->106278K(655360K), 0,0779150 secs] 746837K->203423K(3014656K), 0,0779638 secs] [Times: user=0,07 sys=0,00, real=0,07 secs] 
Heap after GC invocations=78 (full 2):
 par new generation   total 655360K, used 106278K [0x0000000700000000, 0x0000000730000000, 0x0000000730000000)
  eden space 524288K,   0% used [0x0000000700000000, 0x0000000700000000, 0x0000000720000000)
  from space 131072K,  81% used [0x0000000720000000, 0x00000007267c9840, 0x0000000728000000)
  to   space 131072K,   0% used [0x0000000728000000, 0x0000000728000000, 0x0000000730000000)
 concurrent mark-sweep generation total 2359296K, used 97145K [0x0000000730000000, 0x00000007c0000000, 0x00000007c0000000)
 Metaspace       used 82626K, capacity 86887K, committed 87136K, reserved 1126400K
  class space    used 8700K, capacity 9619K, committed 9712K, reserved 1048576K
}
2018-01-03T22:04:28.114-0200: 5841,406: Total time for which application threads were stopped: 0,0781601 seconds, Stopping threads took: 0,0000304 seconds
{Heap before GC invocations=78 (full 2):
 par new generation   total 655360K, used 630566K [0x0000000700000000, 0x0000000730000000, 0x0000000730000000)
  eden space 524288K, 100% used [0x0000000700000000, 0x0000000720000000, 0x0000000720000000)
  from space 131072K,  81% used [0x0000000720000000, 0x00000007267c9840, 0x0000000728000000)
  to   space 131072K,   0% used [0x0000000728000000, 0x0000000728000000, 0x0000000730000000)
 concurrent mark-sweep generation total 2359296K, used 97145K [0x0000000730000000, 0x00000007c0000000, 0x00000007c0000000)
 Metaspace       used 82626K, capacity 86887K, committed 87136K, reserved 1126400K
  class space    used 8700K, capacity 9619K, committed 9712K, reserved 1048576K
2018-01-03T22:04:29.207-0200: 5842,499: [GC (Allocation Failure) 2018-01-03T22:04:29.207-0200: 5842,499: [ParNew
Desired survivor size 120795952 bytes, new threshold 8 (max 8)
- age   1:   18789952 bytes,   18789952 total
- age   2:    4297688 bytes,   23087640 total
- age   3:    5266856 bytes,   28354496 total
- age   4:    6110080 bytes,   34464576 total
- age   5:    8226488 bytes,   42691064 total
- age   6:    6092000 bytes,   48783064 total
- age   7:    6055496 bytes,   54838560 total
- age   8:    6081704 bytes,   60920264 total
: 630566K->72171K(655360K), 0,0871882 secs] 727711K->175240K(3014656K), 0,0872406 secs] [Times: user=0,08 sys=0,00, real=0,08 secs] 
Heap after GC invocations=79 (full 2):
 par new generation   total 655360K, used 72171K [0x0000000700000000, 0x0000000730000000, 0x0000000730000000)
  eden space 524288K,   0% used [0x0000000700000000, 0x0000000700000000, 0x0000000720000000)
  from space 131072K,  55% used [0x0000000728000000, 0x000000072c67af50, 0x0000000730000000)
  to   space 131072K,   0% used [0x0000000720000000, 0x0000000720000000, 0x0000000728000000)
 concurrent mark-sweep generation total 2359296K, used 103068K [0x0000000730000000, 0x00000007c0000000, 0x00000007c0000000)
 Metaspace       used 82626K, capacity 86887K, committed 87136K, reserved 1126400K
  class space    used 8700K, capacity 9619K, committed 9712K, reserved 1048576K
}
2018-01-03T22:04:29.294-0200: 5842,586: Total time for which application threads were stopped: 0,0874284 seconds, Stopping threads took: 0,0000465 seconds
2018-01-03T22:04:30.297-0200: 5843,588: Total time for which application threads were stopped: 0,0020951 seconds, Stopping threads took: 0,0020193 seconds
{Heap before GC invocations=79 (full 2):
 par new generation   total 655360K, used 596459K [0x0000000700000000, 0x0000000730000000, 0x0000000730000000)
  eden space 524288K, 100% used [0x0000000700000000, 0x0000000720000000, 0x0000000720000000)
  from space 131072K,  55% used [0x0000000728000000, 0x000000072c67af50, 0x0000000730000000)
  to   space 131072K,   0% used [0x0000000720000000, 0x0000000720000000, 0x0000000728000000)
 concurrent mark-sweep generation total 2359296K, used 103068K [0x0000000730000000, 0x00000007c0000000, 0x00000007c0000000)
 Metaspace       used 82626K, capacity 86887K, committed 87136K, reserved 1126400K
  class space    used 8700K, capacity 9619K, committed 9712K, reserved 1048576K
2018-01-03T22:04:30.419-0200: 5843,710: [GC (Allocation Failure) 2018-01-03T22:04:30.419-0200: 5843,710: [ParNew
Desired survivor size 120795952 bytes, new threshold 8 (max 8)
- age   1:   21260864 bytes,   21260864 total
- age   2:   15148160 bytes,   36409024 total
- age   3:    4287184 bytes,   40696208 total
- age   4:    5266856 bytes,   45963064 total
- age   5:    6110080 bytes,   52073144 total
- age   6:    8226488 bytes,   60299632 total
- age   7:    6092000 bytes,   66391632 total
- age   8:    6055496 bytes,   72447128 total
: 596459K->105489K(655360K), 0,0975676 secs] 699528K->214497K(3014656K), 0,0976217 secs] [Times: user=0,10 sys=0,00, real=0,10 secs] 
Heap after GC invocations=80 (full 2):
 par new generation   total 655360K, used 105489K [0x0000000700000000, 0x0000000730000000, 0x0000000730000000)
  eden space 524288K,   0% used [0x0000000700000000, 0x0000000700000000, 0x0000000720000000)
  from space 131072K,  80% used [0x0000000720000000, 0x0000000726704680, 0x0000000728000000)
  to   space 131072K,   0% used [0x0000000728000000, 0x0000000728000000, 0x0000000730000000)
 concurrent mark-sweep generation total 2359296K, used 109007K [0x0000000730000000, 0x00000007c0000000, 0x00000007c0000000)
 Metaspace       used 82626K, capacity 86887K, committed 87136K, reserved 1126400K
  class space    used 8700K, capacity 9619K, committed 9712K, reserved 1048576K
}
2018-01-03T22:04:30.516-0200: 5843,808: Total time for which application threads were stopped: 0,0978138 seconds, Stopping threads took: 0,0000233 seconds
2018-01-03T22:04:31.427-0200: 5844,719: Total time for which application threads were stopped: 0,0021339 seconds, Stopping threads took: 0,0020216 seconds
2018-01-03T22:04:31.427-0200: 5844,719: Total time for which application threads were stopped: 0,0000852 seconds, Stopping threads took: 0,0000158 seconds
2018-01-03T22:04:31.427-0200: 5844,719: Total time for which application threads were stopped: 0,0000413 seconds, Stopping threads took: 0,0000056 seconds
2018-01-03T22:04:31.587-0200: 5844,878: Total time for which application threads were stopped: 0,0040402 seconds, Stopping threads took: 0,0039110 seconds
2018-01-03T22:04:31.805-0200: 5845,097: Total time for which application threads were stopped: 0,0027740 seconds, Stopping threads took: 0,0026256 seconds
2018-01-03T22:04:31.805-0200: 5845,097: Total time for which application threads were stopped: 0,0001130 seconds, Stopping threads took: 0,0000069 seconds
{Heap before GC invocations=80 (full 2):
 par new generation   total 655360K, used 629777K [0x0000000700000000, 0x0000000730000000, 0x0000000730000000)
  eden space 524288K, 100% used [0x0000000700000000, 0x0000000720000000, 0x0000000720000000)
  from space 131072K,  80% used [0x0000000720000000, 0x0000000726704680, 0x0000000728000000)
  to   space 131072K,   0% used [0x0000000728000000, 0x0000000728000000, 0x0000000730000000)
 concurrent mark-sweep generation total 2359296K, used 109007K [0x0000000730000000, 0x00000007c0000000, 0x00000007c0000000)
 Metaspace       used 82628K, capacity 86887K, committed 87136K, reserved 1126400K
  class space    used 8700K, capacity 9619K, committed 9712K, reserved 1048576K
2018-01-03T22:04:31.866-0200: 5845,158: [GC (Allocation Failure) 2018-01-03T22:04:31.866-0200: 5845,158: [ParNew
Desired survivor size 120795952 bytes, new threshold 8 (max 8)
- age   1:   21899416 bytes,   21899416 total
- age   2:   13422736 bytes,   35322152 total
- age   3:   12340240 bytes,   47662392 total
- age   4:    3283568 bytes,   50945960 total
- age   5:    5266856 bytes,   56212816 total
- age   6:    6110080 bytes,   62322896 total
- age   7:    8226488 bytes,   70549384 total
- age   8:    6092000 bytes,   76641384 total
: 629777K->99292K(655360K), 0,0912806 secs] 738785K->214213K(3014656K), 0,0913413 secs] [Times: user=0,10 sys=0,00, real=0,09 secs] 
Heap after GC invocations=81 (full 2):
 par new generation   total 655360K, used 99292K [0x0000000700000000, 0x0000000730000000, 0x0000000730000000)
  eden space 524288K,   0% used [0x0000000700000000, 0x0000000700000000, 0x0000000720000000)
  from space 131072K,  75% used [0x0000000728000000, 0x000000072e0f7340, 0x0000000730000000)
  to   space 131072K,   0% used [0x0000000720000000, 0x0000000720000000, 0x0000000728000000)
 concurrent mark-sweep generation total 2359296K, used 114921K [0x0000000730000000, 0x00000007c0000000, 0x00000007c0000000)
 Metaspace       used 82628K, capacity 86887K, committed 87136K, reserved 1126400K
  class space    used 8700K, capacity 9619K, committed 9712K, reserved 1048576K
}
2018-01-03T22:04:31.957-0200: 5845,249: Total time for which application threads were stopped: 0,0939561 seconds, Stopping threads took: 0,0024686 seconds
2018-01-03T22:04:32.584-0200: 5845,876: Total time for which application threads were stopped: 0,0055075 seconds, Stopping threads took: 0,0053811 seconds
2018-01-03T22:04:32.591-0200: 5845,882: Total time for which application threads were stopped: 0,0001398 seconds, Stopping threads took: 0,0000288 seconds
2018-01-03T22:04:32.598-0200: 5845,890: Total time for which application threads were stopped: 0,0027063 seconds, Stopping threads took: 0,0025587 seconds
2018-01-03T22:04:32.598-0200: 5845,890: Total time for which application threads were stopped: 0,0000702 seconds, Stopping threads took: 0,0000070 seconds
2018-01-03T22:04:32.741-0200: 5846,033: Total time for which application threads were stopped: 0,0001700 seconds, Stopping threads took: 0,0000242 seconds
2018-01-03T22:04:32.741-0200: 5846,033: Total time for which application threads were stopped: 0,0000472 seconds, Stopping threads took: 0,0000064 seconds
2018-01-03T22:04:32.777-0200: 5846,068: Total time for which application threads were stopped: 0,0062835 seconds, Stopping threads took: 0,0061602 seconds
2018-01-03T22:04:32.802-0200: 5846,094: Total time for which application threads were stopped: 0,0001408 seconds, Stopping threads took: 0,0000236 seconds
2018-01-03T22:04:32.802-0200: 5846,094: Total time for which application threads were stopped: 0,0001216 seconds, Stopping threads took: 0,0000109 seconds
2018-01-03T22:04:32.942-0200: 5846,234: Total time for which application threads were stopped: 0,0110513 seconds, Stopping threads took: 0,0109403 seconds
2018-01-03T22:04:32.943-0200: 5846,235: Total time for which application threads were stopped: 0,0001311 seconds, Stopping threads took: 0,0000092 seconds
2018-01-03T22:04:32.943-0200: 5846,235: Total time for which application threads were stopped: 0,0000705 seconds, Stopping threads took: 0,0000058 seconds
2018-01-03T22:04:32.943-0200: 5846,235: Total time for which application threads were stopped: 0,0000662 seconds, Stopping threads took: 0,0000048 seconds
2018-01-03T22:04:32.943-0200: 5846,235: Total time for which application threads were stopped: 0,0000704 seconds, Stopping threads took: 0,0000058 seconds
2018-01-03T22:04:32.943-0200: 5846,235: Total time for which application threads were stopped: 0,0000439 seconds, Stopping threads took: 0,0000049 seconds
{Heap before GC invocations=81 (full 2):
 par new generation   total 655360K, used 623580K [0x0000000700000000, 0x0000000730000000, 0x0000000730000000)
  eden space 524288K, 100% used [0x0000000700000000, 0x0000000720000000, 0x0000000720000000)
  from space 131072K,  75% used [0x0000000728000000, 0x000000072e0f7340, 0x0000000730000000)
  to   space 131072K,   0% used [0x0000000720000000, 0x0000000720000000, 0x0000000728000000)
 concurrent mark-sweep generation total 2359296K, used 114921K [0x0000000730000000, 0x00000007c0000000, 0x00000007c0000000)
 Metaspace       used 82632K, capacity 86887K, committed 87136K, reserved 1126400K
  class space    used 8700K, capacity 9619K, committed 9712K, reserved 1048576K
2018-01-03T22:04:33.226-0200: 5846,517: [GC (Allocation Failure) 2018-01-03T22:04:33.226-0200: 5846,517: [ParNew
Desired survivor size 120795952 bytes, new threshold 8 (max 8)
- age   1:    8748136 bytes,    8748136 total
- age   2:    4827864 bytes,   13576000 total
- age   3:    4580400 bytes,   18156400 total
- age   4:    4564560 bytes,   22720960 total
- age   5:    1141056 bytes,   23862016 total
- age   6:    5266856 bytes,   29128872 total
- age   7:    6110080 bytes,   35238952 total
- age   8:    8226488 bytes,   43465440 total
: 623580K->66493K(655360K), 0,0746443 secs] 738501K->187363K(3014656K), 0,0747018 secs] [Times: user=0,07 sys=0,00, real=0,07 secs] 
Heap after GC invocations=82 (full 2):
 par new generation   total 655360K, used 66493K [0x0000000700000000, 0x0000000730000000, 0x0000000730000000)
  eden space 524288K,   0% used [0x0000000700000000, 0x0000000700000000, 0x0000000720000000)
  from space 131072K,  50% used [0x0000000720000000, 0x00000007240ef550, 0x0000000728000000)
  to   space 131072K,   0% used [0x0000000728000000, 0x0000000728000000, 0x0000000730000000)
 concurrent mark-sweep generation total 2359296K, used 120870K [0x0000000730000000, 0x00000007c0000000, 0x00000007c0000000)
 Metaspace       used 82632K, capacity 86887K, committed 87136K, reserved 1126400K
  class space    used 8700K, capacity 9619K, committed 9712K, reserved 1048576K
}
2018-01-03T22:04:33.300-0200: 5846,592: Total time for which application threads were stopped: 0,0748572 seconds, Stopping threads took: 0,0000234 seconds
{Heap before GC invocations=82 (full 2):
 par new generation   total 655360K, used 590781K [0x0000000700000000, 0x0000000730000000, 0x0000000730000000)
  eden space 524288K, 100% used [0x0000000700000000, 0x0000000720000000, 0x0000000720000000)
  from space 131072K,  50% used [0x0000000720000000, 0x00000007240ef550, 0x0000000728000000)
  to   space 131072K,   0% used [0x0000000728000000, 0x0000000728000000, 0x0000000730000000)
 concurrent mark-sweep generation total 2359296K, used 120870K [0x0000000730000000, 0x00000007c0000000, 0x00000007c0000000)
 Metaspace       used 82632K, capacity 86887K, committed 87136K, reserved 1126400K
  class space    used 8700K, capacity 9619K, committed 9712K, reserved 1048576K
2018-01-03T22:04:34.434-0200: 5847,726: [GC (Allocation Failure) 2018-01-03T22:04:34.434-0200: 5847,726: [ParNew
Desired survivor size 120795952 bytes, new threshold 8 (max 8)
- age   1:   19752888 bytes,   19752888 total
- age   2:    7499616 bytes,   27252504 total
- age   3:    4827744 bytes,   32080248 total
- age   4:    4580400 bytes,   36660648 total
- age   5:    4564560 bytes,   41225208 total
- age   6:    1141056 bytes,   42366264 total
- age   7:    5266856 bytes,   47633120 total
- age   8:    6110080 bytes,   53743200 total
: 590781K->60332K(655360K), 0,0893445 secs] 711651K->189236K(3014656K), 0,0894034 secs] [Times: user=0,09 sys=0,00, real=0,10 secs] 
Heap after GC invocations=83 (full 2):
 par new generation   total 655360K, used 60332K [0x0000000700000000, 0x0000000730000000, 0x0000000730000000)
  eden space 524288K,   0% used [0x0000000700000000, 0x0000000700000000, 0x0000000720000000)
  from space 131072K,  46% used [0x0000000728000000, 0x000000072baeb0a0, 0x0000000730000000)
  to   space 131072K,   0% used [0x0000000720000000, 0x0000000720000000, 0x0000000728000000)
 concurrent mark-sweep generation total 2359296K, used 128904K [0x0000000730000000, 0x00000007c0000000, 0x00000007c0000000)
 Metaspace       used 82632K, capacity 86887K, committed 87136K, reserved 1126400K
  class space    used 8700K, capacity 9619K, committed 9712K, reserved 1048576K
}
2018-01-03T22:04:34.524-0200: 5847,815: Total time for which application threads were stopped: 0,0897293 seconds, Stopping threads took: 0,0000371 seconds
{Heap before GC invocations=83 (full 2):
 par new generation   total 655360K, used 584620K [0x0000000700000000, 0x0000000730000000, 0x0000000730000000)
  eden space 524288K, 100% used [0x0000000700000000, 0x0000000720000000, 0x0000000720000000)
  from space 131072K,  46% used [0x0000000728000000, 0x000000072baeb0a0, 0x0000000730000000)
  to   space 131072K,   0% used [0x0000000720000000, 0x0000000720000000, 0x0000000728000000)
 concurrent mark-sweep generation total 2359296K, used 128904K [0x0000000730000000, 0x00000007c0000000, 0x00000007c0000000)
 Metaspace       used 82632K, capacity 86887K, committed 87136K, reserved 1126400K
  class space    used 8700K, capacity 9619K, committed 9712K, reserved 1048576K
2018-01-03T22:04:35.628-0200: 5848,920: [GC (Allocation Failure) 2018-01-03T22:04:35.628-0200: 5848,920: [ParNew
Desired survivor size 120795952 bytes, new threshold 8 (max 8)
- age   1:   21276856 bytes,   21276856 total
- age   2:   15915800 bytes,   37192656 total
- age   3:    7457936 bytes,   44650592 total
- age   4:    4827744 bytes,   49478336 total
- age   5:    4580400 bytes,   54058736 total
- age   6:    4564560 bytes,   58623296 total
- age   7:    1141056 bytes,   59764352 total
- age   8:    5266856 bytes,   65031208 total
: 584620K->77683K(655360K), 0,0987824 secs] 713524K->212554K(3014656K), 0,0988302 secs] [Times: user=0,10 sys=0,00, real=0,10 secs] 
Heap after GC invocations=84 (full 2):
 par new generation   total 655360K, used 77683K [0x0000000700000000, 0x0000000730000000, 0x0000000730000000)
  eden space 524288K,   0% used [0x0000000700000000, 0x0000000700000000, 0x0000000720000000)
  from space 131072K,  59% used [0x0000000720000000, 0x0000000724bdccd8, 0x0000000728000000)
  to   space 131072K,   0% used [0x0000000728000000, 0x0000000728000000, 0x0000000730000000)
 concurrent mark-sweep generation total 2359296K, used 134870K [0x0000000730000000, 0x00000007c0000000, 0x00000007c0000000)
 Metaspace       used 82632K, capacity 86887K, committed 87136K, reserved 1126400K
  class space    used 8700K, capacity 9619K, committed 9712K, reserved 1048576K
}
2018-01-03T22:04:35.727-0200: 5849,018: Total time for which application threads were stopped: 0,0989913 seconds, Stopping threads took: 0,0000225 seconds
{Heap before GC invocations=84 (full 2):
 par new generation   total 655360K, used 601971K [0x0000000700000000, 0x0000000730000000, 0x0000000730000000)
  eden space 524288K, 100% used [0x0000000700000000, 0x0000000720000000, 0x0000000720000000)
  from space 131072K,  59% used [0x0000000720000000, 0x0000000724bdccd8, 0x0000000728000000)
  to   space 131072K,   0% used [0x0000000728000000, 0x0000000728000000, 0x0000000730000000)
 concurrent mark-sweep generation total 2359296K, used 134870K [0x0000000730000000, 0x00000007c0000000, 0x00000007c0000000)
 Metaspace       used 82632K, capacity 86887K, committed 87136K, reserved 1126400K
  class space    used 8700K, capacity 9619K, committed 9712K, reserved 1048576K
2018-01-03T22:04:36.836-0200: 5850,128: [GC (Allocation Failure) 2018-01-03T22:04:36.836-0200: 5850,128: [ParNew
Desired survivor size 120795952 bytes, new threshold 8 (max 8)
- age   1:   24060944 bytes,   24060944 total
- age   2:   16208040 bytes,   40268984 total
- age   3:   14865568 bytes,   55134552 total
- age   4:    7457816 bytes,   62592368 total
- age   5:    4827744 bytes,   67420112 total
- age   6:    4580400 bytes,   72000512 total
- age   7:    4564560 bytes,   76565072 total
- age   8:    1141056 bytes,   77706128 total
: 601971K->102773K(655360K), 0,1041120 secs] 736842K->242794K(3014656K), 0,1041800 secs] [Times: user=0,10 sys=0,00, real=0,10 secs] 
Heap after GC invocations=85 (full 2):
 par new generation   total 655360K, used 102773K [0x0000000700000000, 0x0000000730000000, 0x0000000730000000)
  eden space 524288K,   0% used [0x0000000700000000, 0x0000000700000000, 0x0000000720000000)
  from space 131072K,  78% used [0x0000000728000000, 0x000000072e45d758, 0x0000000730000000)
  to   space 131072K,   0% used [0x0000000720000000, 0x0000000720000000, 0x0000000728000000)
 concurrent mark-sweep generation total 2359296K, used 140020K [0x0000000730000000, 0x00000007c0000000, 0x00000007c0000000)
 Metaspace       used 82632K, capacity 86887K, committed 87136K, reserved 1126400K
  class space    used 8700K, capacity 9619K, committed 9712K, reserved 1048576K
}
2018-01-03T22:04:36.940-0200: 5850,232: Total time for which application threads were stopped: 0,1043817 seconds, Stopping threads took: 0,0000576 seconds
{Heap before GC invocations=85 (full 2):
 par new generation   total 655360K, used 627061K [0x0000000700000000, 0x0000000730000000, 0x0000000730000000)
  eden space 524288K, 100% used [0x0000000700000000, 0x0000000720000000, 0x0000000720000000)
  from space 131072K,  78% used [0x0000000728000000, 0x000000072e45d758, 0x0000000730000000)
  to   space 131072K,   0% used [0x0000000720000000, 0x0000000720000000, 0x0000000728000000)
 concurrent mark-sweep generation total 2359296K, used 140020K [0x0000000730000000, 0x00000007c0000000, 0x00000007c0000000)
 Metaspace       used 82632K, capacity 86887K, committed 87136K, reserved 1126400K
  class space    used 8700K, capacity 9619K, committed 9712K, reserved 1048576K
2018-01-03T22:04:38.080-0200: 5851,372: [GC (Allocation Failure) 2018-01-03T22:04:38.080-0200: 5851,372: [ParNew
Desired survivor size 120795952 bytes, new threshold 8 (max 8)
- age   1:   26029968 bytes,   26029968 total
- age   2:   17011040 bytes,   43041008 total
- age   3:   15159312 bytes,   58200320 total
- age   4:   14865568 bytes,   73065888 total
- age   5:    7457816 bytes,   80523704 total
- age   6:    4827744 bytes,   85351448 total
- age   7:    4580400 bytes,   89931848 total
- age   8:    4564560 bytes,   94496408 total
: 627061K->118631K(655360K), 0,1083741 secs] 767082K->259766K(3014656K), 0,1084227 secs] [Times: user=0,11 sys=0,00, real=0,11 secs] 
Heap after GC invocations=86 (full 2):
 par new generation   total 655360K, used 118631K [0x0000000700000000, 0x0000000730000000, 0x0000000730000000)
  eden space 524288K,   0% used [0x0000000700000000, 0x0000000700000000, 0x0000000720000000)
  from space 131072K,  90% used [0x0000000720000000, 0x00000007273d9ef0, 0x0000000728000000)
  to   space 131072K,   0% used [0x0000000728000000, 0x0000000728000000, 0x0000000730000000)
 concurrent mark-sweep generation total 2359296K, used 141135K [0x0000000730000000, 0x00000007c0000000, 0x00000007c0000000)
 Metaspace       used 82632K, capacity 86887K, committed 87136K, reserved 1126400K
  class space    used 8700K, capacity 9619K, committed 9712K, reserved 1048576K
}
2018-01-03T22:04:38.188-0200: 5851,480: Total time for which application threads were stopped: 0,1085951 seconds, Stopping threads took: 0,0000245 seconds
{Heap before GC invocations=86 (full 2):
 par new generation   total 655360K, used 642919K [0x0000000700000000, 0x0000000730000000, 0x0000000730000000)
  eden space 524288K, 100% used [0x0000000700000000, 0x0000000720000000, 0x0000000720000000)
  from space 131072K,  90% used [0x0000000720000000, 0x00000007273d9ef0, 0x0000000728000000)
  to   space 131072K,   0% used [0x0000000728000000, 0x0000000728000000, 0x0000000730000000)
 concurrent mark-sweep generation total 2359296K, used 141135K [0x0000000730000000, 0x00000007c0000000, 0x00000007c0000000)
 Metaspace       used 82632K, capacity 86887K, committed 87136K, reserved 1126400K
  class space    used 8700K, capacity 9619K, committed 9712K, reserved 1048576K
2018-01-03T22:04:39.385-0200: 5852,676: [GC (Allocation Failure) 2018-01-03T22:04:39.385-0200: 5852,676: [ParNew
Desired survivor size 120795952 bytes, new threshold 8 (max 8)
- age   1:   28922760 bytes,   28922760 total
- age   2:   16790000 bytes,   45712760 total
- age   3:   15924624 bytes,   61637384 total
- age   4:   14635008 bytes,   76272392 total
- age   5:   14865568 bytes,   91137960 total
- age   6:    7457776 bytes,   98595736 total
- age   7:    4827744 bytes,  103423480 total
- age   8:    4580400 bytes,  108003880 total
: 642919K->131072K(655360K), 0,1226573 secs] 784054K->276664K(3014656K), 0,1227082 secs] [Times: user=0,13 sys=0,00, real=0,12 secs] 
Heap after GC invocations=87 (full 2):
 par new generation   total 655360K, used 131072K [0x0000000700000000, 0x0000000730000000, 0x0000000730000000)
  eden space 524288K,   0% used [0x0000000700000000, 0x0000000700000000, 0x0000000720000000)
  from space 131072K, 100% used [0x0000000728000000, 0x0000000730000000, 0x0000000730000000)
  to   space 131072K,   0% used [0x0000000720000000, 0x0000000720000000, 0x0000000728000000)
 concurrent mark-sweep generation total 2359296K, used 145592K [0x0000000730000000, 0x00000007c0000000, 0x00000007c0000000)
 Metaspace       used 82632K, capacity 86887K, committed 87136K, reserved 1126400K
  class space    used 8700K, capacity 9619K, committed 9712K, reserved 1048576K
}
2018-01-03T22:04:39.507-0200: 5852,799: Total time for which application threads were stopped: 0,1229044 seconds, Stopping threads took: 0,0000296 seconds
{Heap before GC invocations=87 (full 2):
 par new generation   total 655360K, used 655360K [0x0000000700000000, 0x0000000730000000, 0x0000000730000000)
  eden space 524288K, 100% used [0x0000000700000000, 0x0000000720000000, 0x0000000720000000)
  from space 131072K, 100% used [0x0000000728000000, 0x0000000730000000, 0x0000000730000000)
  to   space 131072K,   0% used [0x0000000720000000, 0x0000000720000000, 0x0000000728000000)
 concurrent mark-sweep generation total 2359296K, used 145592K [0x0000000730000000, 0x00000007c0000000, 0x00000007c0000000)
 Metaspace       used 82632K, capacity 86887K, committed 87136K, reserved 1126400K
  class space    used 8700K, capacity 9619K, committed 9712K, reserved 1048576K
2018-01-03T22:04:40.700-0200: 5853,991: [GC (Allocation Failure) 2018-01-03T22:04:40.700-0200: 5853,991: [ParNew
Desired survivor size 120795952 bytes, new threshold 8 (max 8)
- age   1:   29776480 bytes,   29776480 total
- age   2:   17187584 bytes,   46964064 total
- age   3:   16348760 bytes,   63312824 total
- age   4:   14420432 bytes,   77733256 total
- age   5:   14182000 bytes,   91915256 total
- age   6:   14407248 bytes,  106322504 total
- age   7:    7215744 bytes,  113538248 total
- age   8:    4777376 bytes,  118315624 total
: 655360K->131072K(655360K), 0,1311180 secs] 800952K->284131K(3014656K), 0,1311885 secs] [Times: user=0,13 sys=0,00, real=0,13 secs] 
Heap after GC invocations=88 (full 2):
 par new generation   total 655360K, used 131072K [0x0000000700000000, 0x0000000730000000, 0x0000000730000000)
  eden space 524288K,   0% used [0x0000000700000000, 0x0000000700000000, 0x0000000720000000)
  from space 131072K, 100% used [0x0000000720000000, 0x0000000728000000, 0x0000000728000000)
  to   space 131072K,   0% used [0x0000000728000000, 0x0000000728000000, 0x0000000730000000)
 concurrent mark-sweep generation total 2359296K, used 153059K [0x0000000730000000, 0x00000007c0000000, 0x00000007c0000000)
 Metaspace       used 82632K, capacity 86887K, committed 87136K, reserved 1126400K
  class space    used 8700K, capacity 9619K, committed 9712K, reserved 1048576K
}
2018-01-03T22:04:40.831-0200: 5854,123: Total time for which application threads were stopped: 0,1313518 seconds, Stopping threads took: 0,0000294 seconds
{Heap before GC invocations=88 (full 2):
 par new generation   total 655360K, used 655360K [0x0000000700000000, 0x0000000730000000, 0x0000000730000000)
  eden space 524288K, 100% used [0x0000000700000000, 0x0000000720000000, 0x0000000720000000)
  from space 131072K, 100% used [0x0000000720000000, 0x0000000728000000, 0x0000000728000000)
  to   space 131072K,   0% used [0x0000000728000000, 0x0000000728000000, 0x0000000730000000)
 concurrent mark-sweep generation total 2359296K, used 153059K [0x0000000730000000, 0x00000007c0000000, 0x00000007c0000000)
 Metaspace       used 82633K, capacity 86887K, committed 87136K, reserved 1126400K
  class space    used 8700K, capacity 9619K, committed 9712K, reserved 1048576K
2018-01-03T22:04:42.670-0200: 5855,962: [GC (Allocation Failure) 2018-01-03T22:04:42.670-0200: 5855,962: [ParNew
Desired survivor size 120795952 bytes, new threshold 8 (max 8)
- age   1:   26261424 bytes,   26261424 total
- age   2:   13347112 bytes,   39608536 total
- age   3:   14462416 bytes,   54070952 total
- age   4:   12319488 bytes,   66390440 total
- age   5:   11441968 bytes,   77832408 total
- age   6:   11466856 bytes,   89299264 total
- age   7:   11424048 bytes,  100723312 total
- age   8:    5922064 bytes,  106645376 total
: 655360K->131072K(655360K), 0,1077852 secs] 808419K->292418K(3014656K), 0,1081831 secs] [Times: user=0,10 sys=0,00, real=0,11 secs] 
Heap after GC invocations=89 (full 2):
 par new generation   total 655360K, used 131072K [0x0000000700000000, 0x0000000730000000, 0x0000000730000000)
  eden space 524288K,   0% used [0x0000000700000000, 0x0000000700000000, 0x0000000720000000)
  from space 131072K, 100% used [0x0000000728000000, 0x0000000730000000, 0x0000000730000000)
  to   space 131072K,   0% used [0x0000000720000000, 0x0000000720000000, 0x0000000728000000)
 concurrent mark-sweep generation total 2359296K, used 161346K [0x0000000730000000, 0x00000007c0000000, 0x00000007c0000000)
 Metaspace       used 82633K, capacity 86887K, committed 87136K, reserved 1126400K
  class space    used 8700K, capacity 9619K, committed 9712K, reserved 1048576K
}
2018-01-03T22:04:42.779-0200: 5856,070: Total time for which application threads were stopped: 0,1083831 seconds, Stopping threads took: 0,0000320 seconds
{Heap before GC invocations=89 (full 2):
 par new generation   total 655360K, used 655360K [0x0000000700000000, 0x0000000730000000, 0x0000000730000000)
  eden space 524288K, 100% used [0x0000000700000000, 0x0000000720000000, 0x0000000720000000)
  from space 131072K, 100% used [0x0000000728000000, 0x0000000730000000, 0x0000000730000000)
  to   space 131072K,   0% used [0x0000000720000000, 0x0000000720000000, 0x0000000728000000)
 concurrent mark-sweep generation total 2359296K, used 161346K [0x0000000730000000, 0x00000007c0000000, 0x00000007c0000000)
 Metaspace       used 82637K, capacity 86887K, committed 87136K, reserved 1126400K
  class space    used 8700K, capacity 9619K, committed 9712K, reserved 1048576K
2018-01-03T22:04:43.573-0200: 5856,865: [GC (Allocation Failure) 2018-01-03T22:04:43.573-0200: 5856,865: [ParNew
Desired survivor size 120795952 bytes, new threshold 8 (max 8)
- age   1:    6554960 bytes,    6554960 total
- age   2:    4818432 bytes,   11373392 total
- age   3:    6050360 bytes,   17423752 total
- age   4:    8196640 bytes,   25620392 total
- age   5:    6048480 bytes,   31668872 total
- age   6:    6048064 bytes,   37716936 total
- age   7:    6078552 bytes,   43795488 total
- age   8:    6012696 bytes,   49808184 total
: 655360K->105967K(655360K), 0,0693977 secs] 816706K->271285K(3014656K), 0,0694466 secs] [Times: user=0,07 sys=0,00, real=0,08 secs] 
Heap after GC invocations=90 (full 2):
 par new generation   total 655360K, used 105967K [0x0000000700000000, 0x0000000730000000, 0x0000000730000000)
  eden space 524288K,   0% used [0x0000000700000000, 0x0000000700000000, 0x0000000720000000)
  from space 131072K,  80% used [0x0000000720000000, 0x000000072677be80, 0x0000000728000000)
  to   space 131072K,   0% used [0x0000000728000000, 0x0000000728000000, 0x0000000730000000)
 concurrent mark-sweep generation total 2359296K, used 165317K [0x0000000730000000, 0x00000007c0000000, 0x00000007c0000000)
 Metaspace       used 82637K, capacity 86887K, committed 87136K, reserved 1126400K
  class space    used 8700K, capacity 9619K, committed 9712K, reserved 1048576K
}
2018-01-03T22:04:43.643-0200: 5856,934: Total time for which application threads were stopped: 0,0696312 seconds, Stopping threads took: 0,0000298 seconds
{Heap before GC invocations=90 (full 2):
 par new generation   total 655360K, used 630255K [0x0000000700000000, 0x0000000730000000, 0x0000000730000000)
  eden space 524288K, 100% used [0x0000000700000000, 0x0000000720000000, 0x0000000720000000)
  from space 131072K,  80% used [0x0000000720000000, 0x000000072677be80, 0x0000000728000000)
  to   space 131072K,   0% used [0x0000000728000000, 0x0000000728000000, 0x0000000730000000)
 concurrent mark-sweep generation total 2359296K, used 165317K [0x0000000730000000, 0x00000007c0000000, 0x00000007c0000000)
 Metaspace       used 82637K, capacity 86887K, committed 87136K, reserved 1126400K
  class space    used 8700K, capacity 9619K, committed 9712K, reserved 1048576K
2018-01-03T22:04:44.742-0200: 5858,033: [GC (Allocation Failure) 2018-01-03T22:04:44.742-0200: 5858,033: [ParNew
Desired survivor size 120795952 bytes, new threshold 8 (max 8)
- age   1:   19235960 bytes,   19235960 total
- age   2:    5379624 bytes,   24615584 total
- age   3:    4818432 bytes,   29434016 total
- age   4:    6050240 bytes,   35484256 total
- age   5:    8196640 bytes,   43680896 total
- age   6:    6048480 bytes,   49729376 total
- age   7:    6048064 bytes,   55777440 total
- age   8:    6078552 bytes,   61855992 total
: 630255K->80127K(655360K), 0,0928567 secs] 795573K->251316K(3014656K), 0,0929085 secs] [Times: user=0,09 sys=0,00, real=0,10 secs] 
Heap after GC invocations=91 (full 2):
 par new generation   total 655360K, used 80127K [0x0000000700000000, 0x0000000730000000, 0x0000000730000000)
  eden space 524288K,   0% used [0x0000000700000000, 0x0000000700000000, 0x0000000720000000)
  from space 131072K,  61% used [0x0000000728000000, 0x000000072ce3fc48, 0x0000000730000000)
  to   space 131072K,   0% used [0x0000000720000000, 0x0000000720000000, 0x0000000728000000)
 concurrent mark-sweep generation total 2359296K, used 171189K [0x0000000730000000, 0x00000007c0000000, 0x00000007c0000000)
 Metaspace       used 82637K, capacity 86887K, committed 87136K, reserved 1126400K
  class space    used 8700K, capacity 9619K, committed 9712K, reserved 1048576K
}
2018-01-03T22:04:44.835-0200: 5858,126: Total time for which application threads were stopped: 0,0930771 seconds, Stopping threads took: 0,0000307 seconds
{Heap before GC invocations=91 (full 2):
 par new generation   total 655360K, used 604415K [0x0000000700000000, 0x0000000730000000, 0x0000000730000000)
  eden space 524288K, 100% used [0x0000000700000000, 0x0000000720000000, 0x0000000720000000)
  from space 131072K,  61% used [0x0000000728000000, 0x000000072ce3fc48, 0x0000000730000000)
  to   space 131072K,   0% used [0x0000000720000000, 0x0000000720000000, 0x0000000728000000)
 concurrent mark-sweep generation total 2359296K, used 171189K [0x0000000730000000, 0x00000007c0000000, 0x00000007c0000000)
 Metaspace       used 82637K, capacity 86887K, committed 87136K, reserved 1126400K
  class space    used 8700K, capacity 9619K, committed 9712K, reserved 1048576K
2018-01-03T22:04:45.992-0200: 5859,283: [GC (Allocation Failure) 2018-01-03T22:04:45.992-0200: 5859,283: [ParNew
Desired survivor size 120795952 bytes, new threshold 8 (max 8)
- age   1:   20957184 bytes,   20957184 total
- age   2:   15660728 bytes,   36617912 total
- age   3:    5337944 bytes,   41955856 total
- age   4:    4818432 bytes,   46774288 total
- age   5:    6050240 bytes,   52824528 total
- age   6:    8196640 bytes,   61021168 total
- age   7:    6048480 bytes,   67069648 total
- age   8:    6048064 bytes,   73117712 total
: 604415K->86777K(655360K), 0,0948084 secs] 775604K->263902K(3014656K), 0,0948658 secs] [Times: user=0,10 sys=0,00, real=0,10 secs] 
Heap after GC invocations=92 (full 2):
 par new generation   total 655360K, used 86777K [0x0000000700000000, 0x0000000730000000, 0x0000000730000000)
  eden space 524288K,   0% used [0x0000000700000000, 0x0000000700000000, 0x0000000720000000)
  from space 131072K,  66% used [0x0000000720000000, 0x00000007254be4c8, 0x0000000728000000)
  to   space 131072K,   0% used [0x0000000728000000, 0x0000000728000000, 0x0000000730000000)
 concurrent mark-sweep generation total 2359296K, used 177125K [0x0000000730000000, 0x00000007c0000000, 0x00000007c0000000)
 Metaspace       used 82637K, capacity 86887K, committed 87136K, reserved 1126400K
  class space    used 8700K, capacity 9619K, committed 9712K, reserved 1048576K
}
2018-01-03T22:04:46.086-0200: 5859,378: Total time for which application threads were stopped: 0,0950650 seconds, Stopping threads took: 0,0000285 seconds
2018-01-03T22:04:46.441-0200: 5859,733: Total time for which application threads were stopped: 0,0021457 seconds, Stopping threads took: 0,0020228 seconds
2018-01-03T22:04:46.568-0200: 5859,860: Total time for which application threads were stopped: 0,0058234 seconds, Stopping threads took: 0,0056603 seconds
2018-01-03T22:04:46.715-0200: 5860,006: Total time for which application threads were stopped: 0,0076094 seconds, Stopping threads took: 0,0074694 seconds
2018-01-03T22:04:46.715-0200: 5860,006: Total time for which application threads were stopped: 0,0000994 seconds, Stopping threads took: 0,0000070 seconds
2018-01-03T22:04:47.323-0200: 5860,615: Total time for which application threads were stopped: 0,0043806 seconds, Stopping threads took: 0,0042325 seconds
2018-01-03T22:04:47.330-0200: 5860,622: Total time for which application threads were stopped: 0,0001814 seconds, Stopping threads took: 0,0000148 seconds
2018-01-03T22:04:47.330-0200: 5860,622: Total time for which application threads were stopped: 0,0000870 seconds, Stopping threads took: 0,0000066 seconds
{Heap before GC invocations=92 (full 2):
 par new generation   total 655360K, used 611065K [0x0000000700000000, 0x0000000730000000, 0x0000000730000000)
  eden space 524288K, 100% used [0x0000000700000000, 0x0000000720000000, 0x0000000720000000)
  from space 131072K,  66% used [0x0000000720000000, 0x00000007254be4c8, 0x0000000728000000)
  to   space 131072K,   0% used [0x0000000728000000, 0x0000000728000000, 0x0000000730000000)
 concurrent mark-sweep generation total 2359296K, used 177125K [0x0000000730000000, 0x00000007c0000000, 0x00000007c0000000)
 Metaspace       used 82651K, capacity 86887K, committed 87136K, reserved 1126400K
  class space    used 8700K, capacity 9619K, committed 9712K, reserved 1048576K
2018-01-03T22:04:47.476-0200: 5860,768: [GC (Allocation Failure) 2018-01-03T22:04:47.476-0200: 5860,768: [ParNew
Desired survivor size 120795952 bytes, new threshold 8 (max 8)
- age   1:    9551568 bytes,    9551568 total
- age   2:    4577320 bytes,   14128888 total
- age   3:    4568328 bytes,   18697216 total
- age   4:    1487776 bytes,   20184992 total
- age   5:    4818432 bytes,   25003424 total
- age   6:    6050240 bytes,   31053664 total
- age   7:    8196640 bytes,   39250304 total
- age   8:    6048480 bytes,   45298784 total
: 611065K->76802K(655360K), 0,0905763 secs] 788190K->259834K(3014656K), 0,0906401 secs] [Times: user=0,07 sys=0,02, real=0,09 secs] 
Heap after GC invocations=93 (full 2):
 par new generation   total 655360K, used 76802K [0x0000000700000000, 0x0000000730000000, 0x0000000730000000)
  eden space 524288K,   0% used [0x0000000700000000, 0x0000000700000000, 0x0000000720000000)
  from space 131072K,  58% used [0x0000000728000000, 0x000000072cb00960, 0x0000000730000000)
  to   space 131072K,   0% used [0x0000000720000000, 0x0000000720000000, 0x0000000728000000)
 concurrent mark-sweep generation total 2359296K, used 183031K [0x0000000730000000, 0x00000007c0000000, 0x00000007c0000000)
 Metaspace       used 82651K, capacity 86887K, committed 87136K, reserved 1126400K
  class space    used 8700K, capacity 9619K, committed 9712K, reserved 1048576K
}
2018-01-03T22:04:47.567-0200: 5860,859: Total time for which application threads were stopped: 0,0908071 seconds, Stopping threads took: 0,0000271 seconds
2018-01-03T22:04:47.680-0200: 5860,972: Total time for which application threads were stopped: 0,0055647 seconds, Stopping threads took: 0,0054093 seconds
2018-01-03T22:04:47.680-0200: 5860,972: Total time for which application threads were stopped: 0,0000783 seconds, Stopping threads took: 0,0000074 seconds
2018-01-03T22:04:47.847-0200: 5861,138: Total time for which application threads were stopped: 0,0031497 seconds, Stopping threads took: 0,0029470 seconds
2018-01-03T22:04:47.847-0200: 5861,138: Total time for which application threads were stopped: 0,0001004 seconds, Stopping threads took: 0,0000083 seconds
2018-01-03T22:04:47.847-0200: 5861,139: Total time for which application threads were stopped: 0,0000736 seconds, Stopping threads took: 0,0000054 seconds
2018-01-03T22:04:47.847-0200: 5861,139: Total time for which application threads were stopped: 0,0000759 seconds, Stopping threads took: 0,0000058 seconds
2018-01-03T22:04:47.847-0200: 5861,139: Total time for which application threads were stopped: 0,0000744 seconds, Stopping threads took: 0,0000057 seconds
2018-01-03T22:04:48.850-0200: 5862,141: Total time for which application threads were stopped: 0,0021407 seconds, Stopping threads took: 0,0020167 seconds
{Heap before GC invocations=93 (full 2):
 par new generation   total 655360K, used 601090K [0x0000000700000000, 0x0000000730000000, 0x0000000730000000)
  eden space 524288K, 100% used [0x0000000700000000, 0x0000000720000000, 0x0000000720000000)
  from space 131072K,  58% used [0x0000000728000000, 0x000000072cb00960, 0x0000000730000000)
  to   space 131072K,   0% used [0x0000000720000000, 0x0000000720000000, 0x0000000728000000)
 concurrent mark-sweep generation total 2359296K, used 183031K [0x0000000730000000, 0x00000007c0000000, 0x00000007c0000000)
 Metaspace       used 82673K, capacity 86887K, committed 87136K, reserved 1126400K
  class space    used 8700K, capacity 9619K, committed 9712K, reserved 1048576K
2018-01-03T22:04:48.891-0200: 5862,182: [GC (Allocation Failure) 2018-01-03T22:04:48.891-0200: 5862,182: [ParNew
Desired survivor size 120795952 bytes, new threshold 8 (max 8)
- age   1:   17639344 bytes,   17639344 total
- age   2:    4293576 bytes,   21932920 total
- age   3:    4577200 bytes,   26510120 total
- age   4:    4568328 bytes,   31078448 total
- age   5:    1487384 bytes,   32565832 total
- age   6:    4818432 bytes,   37384264 total
- age   7:    6050240 bytes,   43434504 total
- age   8:    8196640 bytes,   51631144 total
: 601090K->59444K(655360K), 0,0888833 secs] 784122K->248383K(3014656K), 0,0889314 secs] [Times: user=0,09 sys=0,00, real=0,09 secs] 
Heap after GC invocations=94 (full 2):
 par new generation   total 655360K, used 59444K [0x0000000700000000, 0x0000000730000000, 0x0000000730000000)
  eden space 524288K,   0% used [0x0000000700000000, 0x0000000700000000, 0x0000000720000000)
  from space 131072K,  45% used [0x0000000720000000, 0x0000000723a0d1c0, 0x0000000728000000)
  to   space 131072K,   0% used [0x0000000728000000, 0x0000000728000000, 0x0000000730000000)
 concurrent mark-sweep generation total 2359296K, used 188938K [0x0000000730000000, 0x00000007c0000000, 0x00000007c0000000)
 Metaspace       used 82673K, capacity 86887K, committed 87136K, reserved 1126400K
  class space    used 8700K, capacity 9619K, committed 9712K, reserved 1048576K
}
2018-01-03T22:04:48.980-0200: 5862,271: Total time for which application threads were stopped: 0,0891684 seconds, Stopping threads took: 0,0000391 seconds
{Heap before GC invocations=94 (full 2):
 par new generation   total 655360K, used 583732K [0x0000000700000000, 0x0000000730000000, 0x0000000730000000)
  eden space 524288K, 100% used [0x0000000700000000, 0x0000000720000000, 0x0000000720000000)
  from space 131072K,  45% used [0x0000000720000000, 0x0000000723a0d1c0, 0x0000000728000000)
  to   space 131072K,   0% used [0x0000000728000000, 0x0000000728000000, 0x0000000730000000)
 concurrent mark-sweep generation total 2359296K, used 188938K [0x0000000730000000, 0x00000007c0000000, 0x00000007c0000000)
 Metaspace       used 82673K, capacity 86887K, committed 87136K, reserved 1126400K
  class space    used 8700K, capacity 9619K, committed 9712K, reserved 1048576K
2018-01-03T22:04:50.095-0200: 5863,386: [GC (Allocation Failure) 2018-01-03T22:04:50.095-0200: 5863,387: [ParNew
Desired survivor size 120795952 bytes, new threshold 8 (max 8)
- age   1:   21049744 bytes,   21049744 total
- age   2:   14469288 bytes,   35519032 total
- age   3:    4293456 bytes,   39812488 total
- age   4:    4577200 bytes,   44389688 total
- age   5:    4568328 bytes,   48958016 total
- age   6:    1487384 bytes,   50445400 total
- age   7:    4818432 bytes,   55263832 total
- age   8:    6050240 bytes,   61314072 total
: 583732K->77736K(655360K), 0,0938353 secs] 772671K->274679K(3014656K), 0,0938865 secs] [Times: user=0,09 sys=0,00, real=0,09 secs] 
Heap after GC invocations=95 (full 2):
 par new generation   total 655360K, used 77736K [0x0000000700000000, 0x0000000730000000, 0x0000000730000000)
  eden space 524288K,   0% used [0x0000000700000000, 0x0000000700000000, 0x0000000720000000)
  from space 131072K,  59% used [0x0000000728000000, 0x000000072cbea140, 0x0000000730000000)
  to   space 131072K,   0% used [0x0000000720000000, 0x0000000720000000, 0x0000000728000000)
 concurrent mark-sweep generation total 2359296K, used 196943K [0x0000000730000000, 0x00000007c0000000, 0x00000007c0000000)
 Metaspace       used 82673K, capacity 86887K, committed 87136K, reserved 1126400K
  class space    used 8700K, capacity 9619K, committed 9712K, reserved 1048576K
}
2018-01-03T22:04:50.189-0200: 5863,480: Total time for which application threads were stopped: 0,0940795 seconds, Stopping threads took: 0,0000311 seconds
{Heap before GC invocations=95 (full 2):
 par new generation   total 655360K, used 602024K [0x0000000700000000, 0x0000000730000000, 0x0000000730000000)
  eden space 524288K, 100% used [0x0000000700000000, 0x0000000720000000, 0x0000000720000000)
  from space 131072K,  59% used [0x0000000728000000, 0x000000072cbea140, 0x0000000730000000)
  to   space 131072K,   0% used [0x0000000720000000, 0x0000000720000000, 0x0000000728000000)
 concurrent mark-sweep generation total 2359296K, used 196943K [0x0000000730000000, 0x00000007c0000000, 0x00000007c0000000)
 Metaspace       used 82673K, capacity 86887K, committed 87136K, reserved 1126400K
  class space    used 8700K, capacity 9619K, committed 9712K, reserved 1048576K
2018-01-03T22:04:51.353-0200: 5864,645: [GC (Allocation Failure) 2018-01-03T22:04:51.354-0200: 5864,645: [ParNew
Desired survivor size 120795952 bytes, new threshold 8 (max 8)
- age   1:   23775848 bytes,   23775848 total
- age   2:   15682112 bytes,   39457960 total
- age   3:   14198232 bytes,   53656192 total
- age   4:    4293456 bytes,   57949648 total
- age   5:    4577200 bytes,   62526848 total
- age   6:    4568328 bytes,   67095176 total
- age   7:    1487384 bytes,   68582560 total
- age   8:    4818432 bytes,   73400992 total
: 602024K->92287K(655360K), 0,1116135 secs] 798967K->295138K(3014656K), 0,1116778 secs] [Times: user=0,11 sys=0,00, real=0,12 secs] 
Heap after GC invocations=96 (full 2):
 par new generation   total 655360K, used 92287K [0x0000000700000000, 0x0000000730000000, 0x0000000730000000)
  eden space 524288K,   0% used [0x0000000700000000, 0x0000000700000000, 0x0000000720000000)
  from space 131072K,  70% used [0x0000000720000000, 0x0000000725a1fdb0, 0x0000000728000000)
  to   space 131072K,   0% used [0x0000000728000000, 0x0000000728000000, 0x0000000730000000)
 concurrent mark-sweep generation total 2359296K, used 202851K [0x0000000730000000, 0x00000007c0000000, 0x00000007c0000000)
 Metaspace       used 82673K, capacity 86887K, committed 87136K, reserved 1126400K
  class space    used 8700K, capacity 9619K, committed 9712K, reserved 1048576K
}
2018-01-03T22:04:51.465-0200: 5864,757: Total time for which application threads were stopped: 0,1118590 seconds, Stopping threads took: 0,0000312 seconds
{Heap before GC invocations=96 (full 2):
 par new generation   total 655360K, used 616575K [0x0000000700000000, 0x0000000730000000, 0x0000000730000000)
  eden space 524288K, 100% used [0x0000000700000000, 0x0000000720000000, 0x0000000720000000)
  from space 131072K,  70% used [0x0000000720000000, 0x0000000725a1fdb0, 0x0000000728000000)
  to   space 131072K,   0% used [0x0000000728000000, 0x0000000728000000, 0x0000000730000000)
 concurrent mark-sweep generation total 2359296K, used 202851K [0x0000000730000000, 0x00000007c0000000, 0x00000007c0000000)
 Metaspace       used 82673K, capacity 86887K, committed 87136K, reserved 1126400K
  class space    used 8700K, capacity 9619K, committed 9712K, reserved 1048576K
2018-01-03T22:04:52.583-0200: 5865,874: [GC (Allocation Failure) 2018-01-03T22:04:52.583-0200: 5865,874: [ParNew
Desired survivor size 120795952 bytes, new threshold 8 (max 8)
- age   1:   25123176 bytes,   25123176 total
- age   2:   17480464 bytes,   42603640 total
- age   3:   14633504 bytes,   57237144 total
- age   4:   14196504 bytes,   71433648 total
- age   5:    4293456 bytes,   75727104 total
- age   6:    4577200 bytes,   80304304 total
- age   7:    4568328 bytes,   84872632 total
- age   8:    1487384 bytes,   86360016 total
: 616575K->98016K(655360K), 0,1027615 secs] 819426K->305576K(3014656K), 0,1031684 secs] [Times: user=0,10 sys=0,00, real=0,10 secs] 
Heap after GC invocations=97 (full 2):
 par new generation   total 655360K, used 98016K [0x0000000700000000, 0x0000000730000000, 0x0000000730000000)
  eden space 524288K,   0% used [0x0000000700000000, 0x0000000700000000, 0x0000000720000000)
  from space 131072K,  74% used [0x0000000728000000, 0x000000072dfb8268, 0x0000000730000000)
  to   space 131072K,   0% used [0x0000000720000000, 0x0000000720000000, 0x0000000728000000)
 concurrent mark-sweep generation total 2359296K, used 207559K [0x0000000730000000, 0x00000007c0000000, 0x00000007c0000000)
 Metaspace       used 82673K, capacity 86887K, committed 87136K, reserved 1126400K
  class space    used 8700K, capacity 9619K, committed 9712K, reserved 1048576K
}
2018-01-03T22:04:52.686-0200: 5865,977: Total time for which application threads were stopped: 0,1033683 seconds, Stopping threads took: 0,0000295 seconds
{Heap before GC invocations=97 (full 2):
 par new generation   total 655360K, used 622304K [0x0000000700000000, 0x0000000730000000, 0x0000000730000000)
  eden space 524288K, 100% used [0x0000000700000000, 0x0000000720000000, 0x0000000720000000)
  from space 131072K,  74% used [0x0000000728000000, 0x000000072dfb8268, 0x0000000730000000)
  to   space 131072K,   0% used [0x0000000720000000, 0x0000000720000000, 0x0000000728000000)
 concurrent mark-sweep generation total 2359296K, used 207559K [0x0000000730000000, 0x00000007c0000000, 0x00000007c0000000)
 Metaspace       used 82673K, capacity 86887K, committed 87136K, reserved 1126400K
  class space    used 8700K, capacity 9619K, committed 9712K, reserved 1048576K
2018-01-03T22:04:53.812-0200: 5867,104: [GC (Allocation Failure) 2018-01-03T22:04:53.812-0200: 5867,104: [ParNew
Desired survivor size 120795952 bytes, new threshold 8 (max 8)
- age   1:   25969568 bytes,   25969568 total
- age   2:   16868944 bytes,   42838512 total
- age   3:   16956040 bytes,   59794552 total
- age   4:   14633504 bytes,   74428056 total
- age   5:   14196504 bytes,   88624560 total
- age   6:    4293456 bytes,   92918016 total
- age   7:    4577200 bytes,   97495216 total
- age   8:    4568328 bytes,  102063544 total
: 622304K->124777K(655360K), 0,1121642 secs] 829864K->333790K(3014656K), 0,1122158 secs] [Times: user=0,11 sys=0,00, real=0,12 secs] 
Heap after GC invocations=98 (full 2):
 par new generation   total 655360K, used 124777K [0x0000000700000000, 0x0000000730000000, 0x0000000730000000)
  eden space 524288K,   0% used [0x0000000700000000, 0x0000000700000000, 0x0000000720000000)
  from space 131072K,  95% used [0x0000000720000000, 0x00000007279da680, 0x0000000728000000)
  to   space 131072K,   0% used [0x0000000728000000, 0x0000000728000000, 0x0000000730000000)
 concurrent mark-sweep generation total 2359296K, used 209012K [0x0000000730000000, 0x00000007c0000000, 0x00000007c0000000)
 Metaspace       used 82673K, capacity 86887K, committed 87136K, reserved 1126400K
  class space    used 8700K, capacity 9619K, committed 9712K, reserved 1048576K
}
2018-01-03T22:04:53.924-0200: 5867,216: Total time for which application threads were stopped: 0,1123768 seconds, Stopping threads took: 0,0000230 seconds
{Heap before GC invocations=98 (full 2):
 par new generation   total 655360K, used 649065K [0x0000000700000000, 0x0000000730000000, 0x0000000730000000)
  eden space 524288K, 100% used [0x0000000700000000, 0x0000000720000000, 0x0000000720000000)
  from space 131072K,  95% used [0x0000000720000000, 0x00000007279da680, 0x0000000728000000)
  to   space 131072K,   0% used [0x0000000728000000, 0x0000000728000000, 0x0000000730000000)
 concurrent mark-sweep generation total 2359296K, used 209012K [0x0000000730000000, 0x00000007c0000000, 0x00000007c0000000)
 Metaspace       used 82673K, capacity 86887K, committed 87136K, reserved 1126400K
  class space    used 8700K, capacity 9619K, committed 9712K, reserved 1048576K
2018-01-03T22:04:55.076-0200: 5868,368: [GC (Allocation Failure) 2018-01-03T22:04:55.076-0200: 5868,368: [ParNew
Desired survivor size 120795952 bytes, new threshold 8 (max 8)
- age   1:   30723768 bytes,   30723768 total
- age   2:   15223544 bytes,   45947312 total
- age   3:   16502840 bytes,   62450152 total
- age   4:   14497608 bytes,   76947760 total
- age   5:   14280272 bytes,   91228032 total
- age   6:   13851288 bytes,  105079320 total
- age   7:    4217648 bytes,  109296968 total
- age   8:    4577200 bytes,  113874168 total
: 649065K->131072K(655360K), 0,1302939 secs] 858078K->346856K(3014656K), 0,1303440 secs] [Times: user=0,13 sys=0,00, real=0,13 secs] 
Heap after GC invocations=99 (full 2):
 par new generation   total 655360K, used 131072K [0x0000000700000000, 0x0000000730000000, 0x0000000730000000)
  eden space 524288K,   0% used [0x0000000700000000, 0x0000000700000000, 0x0000000720000000)
  from space 131072K, 100% used [0x0000000728000000, 0x0000000730000000, 0x0000000730000000)
  to   space 131072K,   0% used [0x0000000720000000, 0x0000000720000000, 0x0000000728000000)
 concurrent mark-sweep generation total 2359296K, used 215784K [0x0000000730000000, 0x00000007c0000000, 0x00000007c0000000)
 Metaspace       used 82673K, capacity 86887K, committed 87136K, reserved 1126400K
  class space    used 8700K, capacity 9619K, committed 9712K, reserved 1048576K
}
2018-01-03T22:04:55.207-0200: 5868,498: Total time for which application threads were stopped: 0,1305245 seconds, Stopping threads took: 0,0000419 seconds
{Heap before GC invocations=99 (full 2):
 par new generation   total 655360K, used 655360K [0x0000000700000000, 0x0000000730000000, 0x0000000730000000)
  eden space 524288K, 100% used [0x0000000700000000, 0x0000000720000000, 0x0000000720000000)
  from space 131072K, 100% used [0x0000000728000000, 0x0000000730000000, 0x0000000730000000)
  to   space 131072K,   0% used [0x0000000720000000, 0x0000000720000000, 0x0000000728000000)
 concurrent mark-sweep generation total 2359296K, used 215784K [0x0000000730000000, 0x00000007c0000000, 0x00000007c0000000)
 Metaspace       used 82673K, capacity 86887K, committed 87136K, reserved 1126400K
  class space    used 8700K, capacity 9619K, committed 9712K, reserved 1048576K
2018-01-03T22:04:56.347-0200: 5869,639: [GC (Allocation Failure) 2018-01-03T22:04:56.347-0200: 5869,639: [ParNew
Desired survivor size 120795952 bytes, new threshold 8 (max 8)
- age   1:   29556472 bytes,   29556472 total
- age   2:   16584192 bytes,   46140664 total
- age   3:   13367360 bytes,   59508024 total
- age   4:   13648760 bytes,   73156784 total
- age   5:   12790184 bytes,   85946968 total
- age   6:   12544976 bytes,   98491944 total
- age   7:   12203816 bytes,  110695760 total
- age   8:    3712160 bytes,  114407920 total
: 655360K->131072K(655360K), 0,1352869 secs] 871144K->364887K(3014656K), 0,1353361 secs] [Times: user=0,13 sys=0,00, real=0,13 secs] 
Heap after GC invocations=100 (full 2):
 par new generation   total 655360K, used 131072K [0x0000000700000000, 0x0000000730000000, 0x0000000730000000)
  eden space 524288K,   0% used [0x0000000700000000, 0x0000000700000000, 0x0000000720000000)
  from space 131072K, 100% used [0x0000000720000000, 0x0000000728000000, 0x0000000728000000)
  to   space 131072K,   0% used [0x0000000728000000, 0x0000000728000000, 0x0000000730000000)
 concurrent mark-sweep generation total 2359296K, used 233815K [0x0000000730000000, 0x00000007c0000000, 0x00000007c0000000)
 Metaspace       used 82673K, capacity 86887K, committed 87136K, reserved 1126400K
  class space    used 8700K, capacity 9619K, committed 9712K, reserved 1048576K
}
2018-01-03T22:04:56.482-0200: 5869,774: Total time for which application threads were stopped: 0,1354974 seconds, Stopping threads took: 0,0000232 seconds
{Heap before GC invocations=100 (full 2):
 par new generation   total 655360K, used 655360K [0x0000000700000000, 0x0000000730000000, 0x0000000730000000)
  eden space 524288K, 100% used [0x0000000700000000, 0x0000000720000000, 0x0000000720000000)
  from space 131072K, 100% used [0x0000000720000000, 0x0000000728000000, 0x0000000728000000)
  to   space 131072K,   0% used [0x0000000728000000, 0x0000000728000000, 0x0000000730000000)
 concurrent mark-sweep generation total 2359296K, used 233815K [0x0000000730000000, 0x00000007c0000000, 0x00000007c0000000)
 Metaspace       used 82673K, capacity 86887K, committed 87136K, reserved 1126400K
  class space    used 8700K, capacity 9619K, committed 9712K, reserved 1048576K
2018-01-03T22:04:57.824-0200: 5871,116: [GC (Allocation Failure) 2018-01-03T22:04:57.824-0200: 5871,116: [ParNew
Desired survivor size 120795952 bytes, new threshold 8 (max 8)
- age   1:    9913632 bytes,    9913632 total
- age   2:   19892168 bytes,   29805800 total
- age   3:   14388760 bytes,   44194560 total
- age   4:   11392896 bytes,   55587456 total
- age   5:   11341432 bytes,   66928888 total
- age   6:   10431832 bytes,   77360720 total
- age   7:   10434032 bytes,   87794752 total
- age   8:    9845928 bytes,   97640680 total
: 655360K->131072K(655360K), 0,0950226 secs] 889175K->369056K(3014656K), 0,0950734 secs] [Times: user=0,10 sys=0,00, real=0,09 secs] 
Heap after GC invocations=101 (full 2):
 par new generation   total 655360K, used 131072K [0x0000000700000000, 0x0000000730000000, 0x0000000730000000)
  eden space 524288K,   0% used [0x0000000700000000, 0x0000000700000000, 0x0000000720000000)
  from space 131072K, 100% used [0x0000000728000000, 0x0000000730000000, 0x0000000730000000)
  to   space 131072K,   0% used [0x0000000720000000, 0x0000000720000000, 0x0000000728000000)
 concurrent mark-sweep generation total 2359296K, used 237984K [0x0000000730000000, 0x00000007c0000000, 0x00000007c0000000)
 Metaspace       used 82673K, capacity 86887K, committed 87136K, reserved 1126400K
  class space    used 8700K, capacity 9619K, committed 9712K, reserved 1048576K
}
2018-01-03T22:04:57.919-0200: 5871,211: Total time for which application threads were stopped: 0,0952723 seconds, Stopping threads took: 0,0000301 seconds
2018-01-03T22:04:58.920-0200: 5872,211: Total time for which application threads were stopped: 0,0001210 seconds, Stopping threads took: 0,0000239 seconds
{Heap before GC invocations=101 (full 2):
 par new generation   total 655360K, used 655360K [0x0000000700000000, 0x0000000730000000, 0x0000000730000000)
  eden space 524288K, 100% used [0x0000000700000000, 0x0000000720000000, 0x0000000720000000)
  from space 131072K, 100% used [0x0000000728000000, 0x0000000730000000, 0x0000000730000000)
  to   space 131072K,   0% used [0x0000000720000000, 0x0000000720000000, 0x0000000728000000)
 concurrent mark-sweep generation total 2359296K, used 237984K [0x0000000730000000, 0x00000007c0000000, 0x00000007c0000000)
 Metaspace       used 82676K, capacity 86951K, committed 87136K, reserved 1126400K
  class space    used 8700K, capacity 9619K, committed 9712K, reserved 1048576K
2018-01-03T22:04:59.129-0200: 5872,421: [GC (Allocation Failure) 2018-01-03T22:04:59.129-0200: 5872,421: [ParNew
Desired survivor size 120795952 bytes, new threshold 8 (max 8)
- age   1:   17431728 bytes,   17431728 total
- age   2:    1127896 bytes,   18559624 total
- age   3:    5414224 bytes,   23973848 total
- age   4:    6420808 bytes,   30394656 total
- age   5:    6538720 bytes,   36933376 total
- age   6:    5401416 bytes,   42334792 total
- age   7:    5401624 bytes,   47736416 total
- age   8:    5384624 bytes,   53121040 total
: 655360K->79206K(655360K), 0,0803260 secs] 893344K->322153K(3014656K), 0,0803871 secs] [Times: user=0,08 sys=0,00, real=0,08 secs] 
Heap after GC invocations=102 (full 2):
 par new generation   total 655360K, used 79206K [0x0000000700000000, 0x0000000730000000, 0x0000000730000000)
  eden space 524288K,   0% used [0x0000000700000000, 0x0000000700000000, 0x0000000720000000)
  from space 131072K,  60% used [0x0000000720000000, 0x0000000724d59978, 0x0000000728000000)
  to   space 131072K,   0% used [0x0000000728000000, 0x0000000728000000, 0x0000000730000000)
 concurrent mark-sweep generation total 2359296K, used 242946K [0x0000000730000000, 0x00000007c0000000, 0x00000007c0000000)
 Metaspace       used 82676K, capacity 86951K, committed 87136K, reserved 1126400K
  class space    used 8700K, capacity 9619K, committed 9712K, reserved 1048576K
}
2018-01-03T22:04:59.210-0200: 5872,501: Total time for which application threads were stopped: 0,0805899 seconds, Stopping threads took: 0,0000234 seconds
2018-01-03T22:05:00.220-0200: 5873,512: Total time for which application threads were stopped: 0,0056273 seconds, Stopping threads took: 0,0055021 seconds
{Heap before GC invocations=102 (full 2):
 par new generation   total 655360K, used 603494K [0x0000000700000000, 0x0000000730000000, 0x0000000730000000)
  eden space 524288K, 100% used [0x0000000700000000, 0x0000000720000000, 0x0000000720000000)
  from space 131072K,  60% used [0x0000000720000000, 0x0000000724d59978, 0x0000000728000000)
  to   space 131072K,   0% used [0x0000000728000000, 0x0000000728000000, 0x0000000730000000)
 concurrent mark-sweep generation total 2359296K, used 242946K [0x0000000730000000, 0x00000007c0000000, 0x00000007c0000000)
 Metaspace       used 82676K, capacity 86951K, committed 87136K, reserved 1126400K
  class space    used 8700K, capacity 9619K, committed 9712K, reserved 1048576K
2018-01-03T22:05:00.413-0200: 5873,704: [GC (Allocation Failure) 2018-01-03T22:05:00.413-0200: 5873,704: [ParNew
Desired survivor size 120795952 bytes, new threshold 8 (max 8)
- age   1:   20837304 bytes,   20837304 total
- age   2:   14039760 bytes,   34877064 total
- age   3:    1127896 bytes,   36004960 total
- age   4:    5405776 bytes,   41410736 total
- age   5:    6420808 bytes,   47831544 total
- age   6:    6538720 bytes,   54370264 total
- age   7:    5401416 bytes,   59771680 total
- age   8:    5401624 bytes,   65173304 total
: 603494K->86430K(655360K), 0,0961312 secs] 846441K->334636K(3014656K), 0,0961930 secs] [Times: user=0,09 sys=0,00, real=0,10 secs] 
Heap after GC invocations=103 (full 2):
 par new generation   total 655360K, used 86430K [0x0000000700000000, 0x0000000730000000, 0x0000000730000000)
  eden space 524288K,   0% used [0x0000000700000000, 0x0000000700000000, 0x0000000720000000)
  from space 131072K,  65% used [0x0000000728000000, 0x000000072d467b00, 0x0000000730000000)
  to   space 131072K,   0% used [0x0000000720000000, 0x0000000720000000, 0x0000000728000000)
 concurrent mark-sweep generation total 2359296K, used 248205K [0x0000000730000000, 0x00000007c0000000, 0x00000007c0000000)
 Metaspace       used 82676K, capacity 86951K, committed 87136K, reserved 1126400K
  class space    used 8700K, capacity 9619K, committed 9712K, reserved 1048576K
}
2018-01-03T22:05:00.509-0200: 5873,801: Total time for which application threads were stopped: 0,0963601 seconds, Stopping threads took: 0,0000222 seconds
2018-01-03T22:05:01.449-0200: 5874,741: Total time for which application threads were stopped: 0,0021448 seconds, Stopping threads took: 0,0020144 seconds
2018-01-03T22:05:01.603-0200: 5874,895: Total time for which application threads were stopped: 0,0074621 seconds, Stopping threads took: 0,0072961 seconds
2018-01-03T22:05:01.769-0200: 5875,060: Total time for which application threads were stopped: 0,0095230 seconds, Stopping threads took: 0,0093635 seconds
2018-01-03T22:05:01.769-0200: 5875,061: Total time for which application threads were stopped: 0,0001773 seconds, Stopping threads took: 0,0000222 seconds
{Heap before GC invocations=103 (full 2):
 par new generation   total 655360K, used 610718K [0x0000000700000000, 0x0000000730000000, 0x0000000730000000)
  eden space 524288K, 100% used [0x0000000700000000, 0x0000000720000000, 0x0000000720000000)
  from space 131072K,  65% used [0x0000000728000000, 0x000000072d467b00, 0x0000000730000000)
  to   space 131072K,   0% used [0x0000000720000000, 0x0000000720000000, 0x0000000728000000)
 concurrent mark-sweep generation total 2359296K, used 248205K [0x0000000730000000, 0x00000007c0000000, 0x00000007c0000000)
 Metaspace       used 82676K, capacity 86951K, committed 87136K, reserved 1126400K
  class space    used 8700K, capacity 9619K, committed 9712K, reserved 1048576K
2018-01-03T22:05:01.893-0200: 5875,185: [GC (Allocation Failure) 2018-01-03T22:05:01.894-0200: 5875,185: [ParNew
Desired survivor size 120795952 bytes, new threshold 8 (max 8)
- age   1:   21198864 bytes,   21198864 total
- age   2:   13437880 bytes,   34636744 total
- age   3:   11441840 bytes,   46078584 total
- age   4:    1127896 bytes,   47206480 total
- age   5:    5405656 bytes,   52612136 total
- age   6:    6420808 bytes,   59032944 total
- age   7:    6538720 bytes,   65571664 total
- age   8:    5401416 bytes,   70973080 total
: 610718K->77674K(655360K), 0,0957945 secs] 858924K->331154K(3014656K), 0,0958649 secs] [Times: user=0,09 sys=0,00, real=0,10 secs] 
Heap after GC invocations=104 (full 2):
 par new generation   total 655360K, used 77674K [0x0000000700000000, 0x0000000730000000, 0x0000000730000000)
  eden space 524288K,   0% used [0x0000000700000000, 0x0000000700000000, 0x0000000720000000)
  from space 131072K,  59% used [0x0000000720000000, 0x0000000724bda980, 0x0000000728000000)
  to   space 131072K,   0% used [0x0000000728000000, 0x0000000728000000, 0x0000000730000000)
 concurrent mark-sweep generation total 2359296K, used 253480K [0x0000000730000000, 0x00000007c0000000, 0x00000007c0000000)
 Metaspace       used 82676K, capacity 86951K, committed 87136K, reserved 1126400K
  class space    used 8700K, capacity 9619K, committed 9712K, reserved 1048576K
}
2018-01-03T22:05:01.989-0200: 5875,281: Total time for which application threads were stopped: 0,1028445 seconds, Stopping threads took: 0,0068361 seconds
2018-01-03T22:05:02.578-0200: 5875,869: Total time for which application threads were stopped: 0,0031079 seconds, Stopping threads took: 0,0029873 seconds
2018-01-03T22:05:02.587-0200: 5875,878: Total time for which application threads were stopped: 0,0021583 seconds, Stopping threads took: 0,0020293 seconds
2018-01-03T22:05:02.587-0200: 5875,879: Total time for which application threads were stopped: 0,0000806 seconds, Stopping threads took: 0,0000076 seconds
2018-01-03T22:05:02.873-0200: 5876,164: Total time for which application threads were stopped: 0,0061802 seconds, Stopping threads took: 0,0060013 seconds
2018-01-03T22:05:02.902-0200: 5876,194: Total time for which application threads were stopped: 0,0021895 seconds, Stopping threads took: 0,0020763 seconds
2018-01-03T22:05:02.902-0200: 5876,194: Total time for which application threads were stopped: 0,0000727 seconds, Stopping threads took: 0,0000066 seconds
2018-01-03T22:05:03.068-0200: 5876,360: Total time for which application threads were stopped: 0,0041566 seconds, Stopping threads took: 0,0040209 seconds
2018-01-03T22:05:03.068-0200: 5876,360: Total time for which application threads were stopped: 0,0001392 seconds, Stopping threads took: 0,0000116 seconds
2018-01-03T22:05:03.068-0200: 5876,360: Total time for which application threads were stopped: 0,0000695 seconds, Stopping threads took: 0,0000051 seconds
2018-01-03T22:05:03.068-0200: 5876,360: Total time for which application threads were stopped: 0,0000839 seconds, Stopping threads took: 0,0000053 seconds
{Heap before GC invocations=104 (full 2):
 par new generation   total 655360K, used 601962K [0x0000000700000000, 0x0000000730000000, 0x0000000730000000)
  eden space 524288K, 100% used [0x0000000700000000, 0x0000000720000000, 0x0000000720000000)
  from space 131072K,  59% used [0x0000000720000000, 0x0000000724bda980, 0x0000000728000000)
  to   space 131072K,   0% used [0x0000000728000000, 0x0000000728000000, 0x0000000730000000)
 concurrent mark-sweep generation total 2359296K, used 253480K [0x0000000730000000, 0x00000007c0000000, 0x00000007c0000000)
 Metaspace       used 82676K, capacity 86951K, committed 87136K, reserved 1126400K
  class space    used 8700K, capacity 9619K, committed 9712K, reserved 1048576K
2018-01-03T22:05:03.370-0200: 5876,662: [GC (Allocation Failure) 2018-01-03T22:05:03.371-0200: 5876,662: [ParNew
Desired survivor size 120795952 bytes, new threshold 8 (max 8)
- age   1:    9394304 bytes,    9394304 total
- age   2:    4813256 bytes,   14207560 total
- age   3:    4571112 bytes,   18778672 total
- age   4:    4160816 bytes,   22939488 total
- age   5:    1127896 bytes,   24067384 total
- age   6:    5405656 bytes,   29473040 total
- age   7:    6420808 bytes,   35893848 total
- age   8:    6538720 bytes,   42432568 total
: 601962K->89624K(655360K), 0,0769990 secs] 855442K->348379K(3014656K), 0,0774824 secs] [Times: user=0,08 sys=0,00, real=0,08 secs] 
Heap after GC invocations=105 (full 2):
 par new generation   total 655360K, used 89624K [0x0000000700000000, 0x0000000730000000, 0x0000000730000000)
  eden space 524288K,   0% used [0x0000000700000000, 0x0000000700000000, 0x0000000720000000)
  from space 131072K,  68% used [0x0000000728000000, 0x000000072d786220, 0x0000000730000000)
  to   space 131072K,   0% used [0x0000000720000000, 0x0000000720000000, 0x0000000728000000)
 concurrent mark-sweep generation total 2359296K, used 258755K [0x0000000730000000, 0x00000007c0000000, 0x00000007c0000000)
 Metaspace       used 82676K, capacity 86951K, committed 87136K, reserved 1126400K
  class space    used 8700K, capacity 9619K, committed 9712K, reserved 1048576K
}
2018-01-03T22:05:03.448-0200: 5876,739: Total time for which application threads were stopped: 0,0776373 seconds, Stopping threads took: 0,0000227 seconds
{Heap before GC invocations=105 (full 2):
 par new generation   total 655360K, used 613912K [0x0000000700000000, 0x0000000730000000, 0x0000000730000000)
  eden space 524288K, 100% used [0x0000000700000000, 0x0000000720000000, 0x0000000720000000)
  from space 131072K,  68% used [0x0000000728000000, 0x000000072d786220, 0x0000000730000000)
  to   space 131072K,   0% used [0x0000000720000000, 0x0000000720000000, 0x0000000728000000)
 concurrent mark-sweep generation total 2359296K, used 258755K [0x0000000730000000, 0x00000007c0000000, 0x00000007c0000000)
 Metaspace       used 82676K, capacity 86951K, committed 87136K, reserved 1126400K
  class space    used 8700K, capacity 9619K, committed 9712K, reserved 1048576K
2018-01-03T22:05:04.587-0200: 5877,878: [GC (Allocation Failure) 2018-01-03T22:05:04.587-0200: 5877,878: [ParNew
Desired survivor size 120795952 bytes, new threshold 8 (max 8)
- age   1:   19786792 bytes,   19786792 total
- age   2:    7982384 bytes,   27769176 total
- age   3:    4813136 bytes,   32582312 total
- age   4:    4571112 bytes,   37153424 total
- age   5:    4160816 bytes,   41314240 total
- age   6:    1127896 bytes,   42442136 total
- age   7:    5405656 bytes,   47847792 total
- age   8:    6420808 bytes,   54268600 total
: 613912K->56767K(655360K), 0,0932872 secs] 872667K->321908K(3014656K), 0,0933394 secs] [Times: user=0,09 sys=0,01, real=0,09 secs] 
Heap after GC invocations=106 (full 2):
 par new generation   total 655360K, used 56767K [0x0000000700000000, 0x0000000730000000, 0x0000000730000000)
  eden space 524288K,   0% used [0x0000000700000000, 0x0000000700000000, 0x0000000720000000)
  from space 131072K,  43% used [0x0000000720000000, 0x000000072376fe50, 0x0000000728000000)
  to   space 131072K,   0% used [0x0000000728000000, 0x0000000728000000, 0x0000000730000000)
 concurrent mark-sweep generation total 2359296K, used 265140K [0x0000000730000000, 0x00000007c0000000, 0x00000007c0000000)
 Metaspace       used 82676K, capacity 86951K, committed 87136K, reserved 1126400K
  class space    used 8700K, capacity 9619K, committed 9712K, reserved 1048576K
}
2018-01-03T22:05:04.680-0200: 5877,972: Total time for which application threads were stopped: 0,0935156 seconds, Stopping threads took: 0,0000224 seconds
{Heap before GC invocations=106 (full 2):
 par new generation   total 655360K, used 581055K [0x0000000700000000, 0x0000000730000000, 0x0000000730000000)
  eden space 524288K, 100% used [0x0000000700000000, 0x0000000720000000, 0x0000000720000000)
  from space 131072K,  43% used [0x0000000720000000, 0x000000072376fe50, 0x0000000728000000)
  to   space 131072K,   0% used [0x0000000728000000, 0x0000000728000000, 0x0000000730000000)
 concurrent mark-sweep generation total 2359296K, used 265140K [0x0000000730000000, 0x00000007c0000000, 0x00000007c0000000)
 Metaspace       used 82676K, capacity 86951K, committed 87136K, reserved 1126400K
  class space    used 8700K, capacity 9619K, committed 9712K, reserved 1048576K
2018-01-03T22:05:05.838-0200: 5879,129: [GC (Allocation Failure) 2018-01-03T22:05:05.838-0200: 5879,130: [ParNew
Desired survivor size 120795952 bytes, new threshold 8 (max 8)
- age   1:   21538072 bytes,   21538072 total
- age   2:   15948952 bytes,   37487024 total
- age   3:    7947424 bytes,   45434448 total
- age   4:    4813136 bytes,   50247584 total
- age   5:    4571112 bytes,   54818696 total
- age   6:    4160816 bytes,   58979512 total
- age   7:    1127896 bytes,   60107408 total
- age   8:    5405656 bytes,   65513064 total
: 581055K->102204K(655360K), 0,1006216 secs] 846196K->373615K(3014656K), 0,1006737 secs] [Times: user=0,10 sys=0,00, real=0,10 secs] 
Heap after GC invocations=107 (full 2):
 par new generation   total 655360K, used 102204K [0x0000000700000000, 0x0000000730000000, 0x0000000730000000)
  eden space 524288K,   0% used [0x0000000700000000, 0x0000000700000000, 0x0000000720000000)
  from space 131072K,  77% used [0x0000000728000000, 0x000000072e3cf288, 0x0000000730000000)
  to   space 131072K,   0% used [0x0000000720000000, 0x0000000720000000, 0x0000000728000000)
 concurrent mark-sweep generation total 2359296K, used 271410K [0x0000000730000000, 0x00000007c0000000, 0x00000007c0000000)
 Metaspace       used 82676K, capacity 86951K, committed 87136K, reserved 1126400K
  class space    used 8700K, capacity 9619K, committed 9712K, reserved 1048576K
}
2018-01-03T22:05:05.939-0200: 5879,230: Total time for which application threads were stopped: 0,1008493 seconds, Stopping threads took: 0,0000327 seconds
{Heap before GC invocations=107 (full 2):
 par new generation   total 655360K, used 626492K [0x0000000700000000, 0x0000000730000000, 0x0000000730000000)
  eden space 524288K, 100% used [0x0000000700000000, 0x0000000720000000, 0x0000000720000000)
  from space 131072K,  77% used [0x0000000728000000, 0x000000072e3cf288, 0x0000000730000000)
  to   space 131072K,   0% used [0x0000000720000000, 0x0000000720000000, 0x0000000728000000)
 concurrent mark-sweep generation total 2359296K, used 271410K [0x0000000730000000, 0x00000007c0000000, 0x00000007c0000000)
 Metaspace       used 82676K, capacity 86951K, committed 87136K, reserved 1126400K
  class space    used 8700K, capacity 9619K, committed 9712K, reserved 1048576K
2018-01-03T22:05:07.103-0200: 5880,394: [GC (Allocation Failure) 2018-01-03T22:05:07.103-0200: 5880,394: [ParNew
Desired survivor size 120795952 bytes, new threshold 8 (max 8)
- age   1:   24344624 bytes,   24344624 total
- age   2:   16091064 bytes,   40435688 total
- age   3:   14891880 bytes,   55327568 total
- age   4:    7947424 bytes,   63274992 total
- age   5:    4813136 bytes,   68088128 total
- age   6:    4571112 bytes,   72659240 total
- age   7:    4160816 bytes,   76820056 total
- age   8:    1127896 bytes,   77947952 total
: 626492K->88889K(655360K), 0,1082109 secs] 897903K->365586K(3014656K), 0,1082648 secs] [Times: user=0,11 sys=0,00, real=0,10 secs] 
Heap after GC invocations=108 (full 2):
 par new generation   total 655360K, used 88889K [0x0000000700000000, 0x0000000730000000, 0x0000000730000000)
  eden space 524288K,   0% used [0x0000000700000000, 0x0000000700000000, 0x0000000720000000)
  from space 131072K,  67% used [0x0000000720000000, 0x00000007256ce418, 0x0000000728000000)
  to   space 131072K,   0% used [0x0000000728000000, 0x0000000728000000, 0x0000000730000000)
 concurrent mark-sweep generation total 2359296K, used 276697K [0x0000000730000000, 0x00000007c0000000, 0x00000007c0000000)
 Metaspace       used 82676K, capacity 86951K, committed 87136K, reserved 1126400K
  class space    used 8700K, capacity 9619K, committed 9712K, reserved 1048576K
}
2018-01-03T22:05:07.211-0200: 5880,503: Total time for which application threads were stopped: 0,1084330 seconds, Stopping threads took: 0,0000276 seconds
2018-01-03T22:05:07.603-0200: 5880,894: Total time for which application threads were stopped: 0,0021673 seconds, Stopping threads took: 0,0020203 seconds
{Heap before GC invocations=108 (full 2):
 par new generation   total 655360K, used 613177K [0x0000000700000000, 0x0000000730000000, 0x0000000730000000)
  eden space 524288K, 100% used [0x0000000700000000, 0x0000000720000000, 0x0000000720000000)
  from space 131072K,  67% used [0x0000000720000000, 0x00000007256ce418, 0x0000000728000000)
  to   space 131072K,   0% used [0x0000000728000000, 0x0000000728000000, 0x0000000730000000)
 concurrent mark-sweep generation total 2359296K, used 276697K [0x0000000730000000, 0x00000007c0000000, 0x00000007c0000000)
 Metaspace       used 82676K, capacity 86951K, committed 87136K, reserved 1126400K
  class space    used 8700K, capacity 9619K, committed 9712K, reserved 1048576K
2018-01-03T22:05:08.408-0200: 5881,699: [GC (Allocation Failure) 2018-01-03T22:05:08.408-0200: 5881,699: [ParNew
Desired survivor size 120795952 bytes, new threshold 8 (max 8)
- age   1:   26108736 bytes,   26108736 total
- age   2:   17038776 bytes,   43147512 total
- age   3:   15042456 bytes,   58189968 total
- age   4:   14891760 bytes,   73081728 total
- age   5:    7947424 bytes,   81029152 total
- age   6:    4813136 bytes,   85842288 total
- age   7:    4571112 bytes,   90413400 total
- age   8:    4160816 bytes,   94574216 total
: 613177K->127856K(655360K), 0,1092586 secs] 889874K->405659K(3014656K), 0,1093038 secs] [Times: user=0,11 sys=0,00, real=0,11 secs] 
Heap after GC invocations=109 (full 2):
 par new generation   total 655360K, used 127856K [0x0000000700000000, 0x0000000730000000, 0x0000000730000000)
  eden space 524288K,   0% used [0x0000000700000000, 0x0000000700000000, 0x0000000720000000)
  from space 131072K,  97% used [0x0000000728000000, 0x000000072fcdc380, 0x0000000730000000)
  to   space 131072K,   0% used [0x0000000720000000, 0x0000000720000000, 0x0000000728000000)
 concurrent mark-sweep generation total 2359296K, used 277802K [0x0000000730000000, 0x00000007c0000000, 0x00000007c0000000)
 Metaspace       used 82676K, capacity 86951K, committed 87136K, reserved 1126400K
  class space    used 8700K, capacity 9619K, committed 9712K, reserved 1048576K
}
2018-01-03T22:05:08.517-0200: 5881,809: Total time for which application threads were stopped: 0,1094726 seconds, Stopping threads took: 0,0000224 seconds
{Heap before GC invocations=109 (full 2):
 par new generation   total 655360K, used 652144K [0x0000000700000000, 0x0000000730000000, 0x0000000730000000)
  eden space 524288K, 100% used [0x0000000700000000, 0x0000000720000000, 0x0000000720000000)
  from space 131072K,  97% used [0x0000000728000000, 0x000000072fcdc380, 0x0000000730000000)
  to   space 131072K,   0% used [0x0000000720000000, 0x0000000720000000, 0x0000000728000000)
 concurrent mark-sweep generation total 2359296K, used 277802K [0x0000000730000000, 0x00000007c0000000, 0x00000007c0000000)
 Metaspace       used 82676K, capacity 86951K, committed 87136K, reserved 1126400K
  class space    used 8700K, capacity 9619K, committed 9712K, reserved 1048576K
2018-01-03T22:05:09.717-0200: 5883,008: [GC (Allocation Failure) 2018-01-03T22:05:09.717-0200: 5883,008: [ParNew
Desired survivor size 120795952 bytes, new threshold 8 (max 8)
- age   1:   29237624 bytes,   29237624 total
- age   2:   16866808 bytes,   46104432 total
- age   3:   15952336 bytes,   62056768 total
- age   4:   14518152 bytes,   76574920 total
- age   5:   14891760 bytes,   91466680 total
- age   6:    7947424 bytes,   99414104 total
- age   7:    4813136 bytes,  104227240 total
- age   8:    4571112 bytes,  108798352 total
: 652144K->126540K(655360K), 0,1317003 secs] 929947K->408406K(3014656K), 0,1317512 secs] [Times: user=0,12 sys=0,00, real=0,13 secs] 
Heap after GC invocations=110 (full 2):
 par new generation   total 655360K, used 126540K [0x0000000700000000, 0x0000000730000000, 0x0000000730000000)
  eden space 524288K,   0% used [0x0000000700000000, 0x0000000700000000, 0x0000000720000000)
  from space 131072K,  96% used [0x0000000720000000, 0x0000000727b93230, 0x0000000728000000)
  to   space 131072K,   0% used [0x0000000728000000, 0x0000000728000000, 0x0000000730000000)
 concurrent mark-sweep generation total 2359296K, used 281866K [0x0000000730000000, 0x00000007c0000000, 0x00000007c0000000)
 Metaspace       used 82676K, capacity 86951K, committed 87136K, reserved 1126400K
  class space    used 8700K, capacity 9619K, committed 9712K, reserved 1048576K
}
2018-01-03T22:05:09.848-0200: 5883,140: Total time for which application threads were stopped: 0,1319140 seconds, Stopping threads took: 0,0000332 seconds
{Heap before GC invocations=110 (full 2):
 par new generation   total 655360K, used 650828K [0x0000000700000000, 0x0000000730000000, 0x0000000730000000)
  eden space 524288K, 100% used [0x0000000700000000, 0x0000000720000000, 0x0000000720000000)
  from space 131072K,  96% used [0x0000000720000000, 0x0000000727b93230, 0x0000000728000000)
  to   space 131072K,   0% used [0x0000000728000000, 0x0000000728000000, 0x0000000730000000)
 concurrent mark-sweep generation total 2359296K, used 281866K [0x0000000730000000, 0x00000007c0000000, 0x00000007c0000000)
 Metaspace       used 82676K, capacity 86951K, committed 87136K, reserved 1126400K
  class space    used 8700K, capacity 9619K, committed 9712K, reserved 1048576K
2018-01-03T22:05:11.014-0200: 5884,305: [GC (Allocation Failure) 2018-01-03T22:05:11.014-0200: 5884,306: [ParNew
Desired survivor size 120795952 bytes, new threshold 8 (max 8)
- age   1:   30066928 bytes,   30066928 total
- age   2:   17304448 bytes,   47371376 total
- age   3:   16618496 bytes,   63989872 total
- age   4:   14654960 bytes,   78644832 total
- age   5:   14270424 bytes,   92915256 total
- age   6:   14644752 bytes,  107560008 total
- age   7:    7851272 bytes,  115411280 total
- age   8:    4809088 bytes,  120220368 total
: 650828K->131072K(655360K), 0,1318106 secs] 932694K->419185K(3014656K), 0,1319335 secs] [Times: user=0,13 sys=0,00, real=0,14 secs] 
Heap after GC invocations=111 (full 2):
 par new generation   total 655360K, used 131072K [0x0000000700000000, 0x0000000730000000, 0x0000000730000000)
  eden space 524288K,   0% used [0x0000000700000000, 0x0000000700000000, 0x0000000720000000)
  from space 131072K, 100% used [0x0000000728000000, 0x0000000730000000, 0x0000000730000000)
  to   space 131072K,   0% used [0x0000000720000000, 0x0000000720000000, 0x0000000728000000)
 concurrent mark-sweep generation total 2359296K, used 288113K [0x0000000730000000, 0x00000007c0000000, 0x00000007c0000000)
 Metaspace       used 82676K, capacity 86951K, committed 87136K, reserved 1126400K
  class space    used 8700K, capacity 9619K, committed 9712K, reserved 1048576K
}
2018-01-03T22:05:11.146-0200: 5884,437: Total time for which application threads were stopped: 0,1320960 seconds, Stopping threads took: 0,0000231 seconds
{Heap before GC invocations=111 (full 2):
 par new generation   total 655360K, used 655360K [0x0000000700000000, 0x0000000730000000, 0x0000000730000000)
  eden space 524288K, 100% used [0x0000000700000000, 0x0000000720000000, 0x0000000720000000)
  from space 131072K, 100% used [0x0000000728000000, 0x0000000730000000, 0x0000000730000000)
  to   space 131072K,   0% used [0x0000000720000000, 0x0000000720000000, 0x0000000728000000)
 concurrent mark-sweep generation total 2359296K, used 288113K [0x0000000730000000, 0x00000007c0000000, 0x00000007c0000000)
 Metaspace       used 82676K, capacity 86951K, committed 87136K, reserved 1126400K
  class space    used 8700K, capacity 9619K, committed 9712K, reserved 1048576K
2018-01-03T22:05:13.048-0200: 5886,340: [GC (Allocation Failure) 2018-01-03T22:05:13.048-0200: 5886,340: [ParNew
Desired survivor size 120795952 bytes, new threshold 8 (max 8)
- age   1:   26130528 bytes,   26130528 total
- age   2:   14220384 bytes,   40350912 total
- age   3:   15152680 bytes,   55503592 total
- age   4:   13178784 bytes,   68682376 total
- age   5:   12147400 bytes,   80829776 total
- age   6:   12151048 bytes,   92980824 total
- age   7:   12241072 bytes,  105221896 total
- age   8:    6746496 bytes,  111968392 total
: 655360K->131072K(655360K), 0,1058619 secs] 943473K->424488K(3014656K), 0,1059150 secs] [Times: user=0,10 sys=0,00, real=0,10 secs] 
Heap after GC invocations=112 (full 2):
 par new generation   total 655360K, used 131072K [0x0000000700000000, 0x0000000730000000, 0x0000000730000000)
  eden space 524288K,   0% used [0x0000000700000000, 0x0000000700000000, 0x0000000720000000)
  from space 131072K, 100% used [0x0000000720000000, 0x0000000728000000, 0x0000000728000000)
  to   space 131072K,   0% used [0x0000000728000000, 0x0000000728000000, 0x0000000730000000)
 concurrent mark-sweep generation total 2359296K, used 293416K [0x0000000730000000, 0x00000007c0000000, 0x00000007c0000000)
 Metaspace       used 82676K, capacity 86951K, committed 87136K, reserved 1126400K
  class space    used 8700K, capacity 9619K, committed 9712K, reserved 1048576K
}
2018-01-03T22:05:13.154-0200: 5886,446: Total time for which application threads were stopped: 0,1061017 seconds, Stopping threads took: 0,0000328 seconds
{Heap before GC invocations=112 (full 2):
 par new generation   total 655360K, used 655360K [0x0000000700000000, 0x0000000730000000, 0x0000000730000000)
  eden space 524288K, 100% used [0x0000000700000000, 0x0000000720000000, 0x0000000720000000)
  from space 131072K, 100% used [0x0000000720000000, 0x0000000728000000, 0x0000000728000000)
  to   space 131072K,   0% used [0x0000000728000000, 0x0000000728000000, 0x0000000730000000)
 concurrent mark-sweep generation total 2359296K, used 293416K [0x0000000730000000, 0x00000007c0000000, 0x00000007c0000000)
 Metaspace       used 82676K, capacity 86951K, committed 87136K, reserved 1126400K
  class space    used 8700K, capacity 9619K, committed 9712K, reserved 1048576K
2018-01-03T22:05:13.938-0200: 5887,229: [GC (Allocation Failure) 2018-01-03T22:05:13.938-0200: 5887,229: [ParNew
Desired survivor size 120795952 bytes, new threshold 8 (max 8)
- age   1:    7160448 bytes,    7160448 total
- age   2:    4802136 bytes,   11962584 total
- age   3:    7000896 bytes,   18963480 total
- age   4:    9036016 bytes,   27999496 total
- age   5:    6981616 bytes,   34981112 total
- age   6:    6984416 bytes,   41965528 total
- age   7:    6928296 bytes,   48893824 total
- age   8:    6943064 bytes,   55836888 total
: 655360K->109792K(655360K), 0,0802353 secs] 948776K->407798K(3014656K), 0,0802977 secs] [Times: user=0,08 sys=0,00, real=0,08 secs] 
Heap after GC invocations=113 (full 2):
 par new generation   total 655360K, used 109792K [0x0000000700000000, 0x0000000730000000, 0x0000000730000000)
  eden space 524288K,   0% used [0x0000000700000000, 0x0000000700000000, 0x0000000720000000)
  from space 131072K,  83% used [0x0000000728000000, 0x000000072eb381a0, 0x0000000730000000)
  to   space 131072K,   0% used [0x0000000720000000, 0x0000000720000000, 0x0000000728000000)
 concurrent mark-sweep generation total 2359296K, used 298006K [0x0000000730000000, 0x00000007c0000000, 0x00000007c0000000)
 Metaspace       used 82676K, capacity 86951K, committed 87136K, reserved 1126400K
  class space    used 8700K, capacity 9619K, committed 9712K, reserved 1048576K
}
2018-01-03T22:05:14.018-0200: 5887,309: Total time for which application threads were stopped: 0,0804782 seconds, Stopping threads took: 0,0000296 seconds
{Heap before GC invocations=113 (full 2):
 par new generation   total 655360K, used 634080K [0x0000000700000000, 0x0000000730000000, 0x0000000730000000)
  eden space 524288K, 100% used [0x0000000700000000, 0x0000000720000000, 0x0000000720000000)
  from space 131072K,  83% used [0x0000000728000000, 0x000000072eb381a0, 0x0000000730000000)
  to   space 131072K,   0% used [0x0000000720000000, 0x0000000720000000, 0x0000000728000000)
 concurrent mark-sweep generation total 2359296K, used 298006K [0x0000000730000000, 0x00000007c0000000, 0x00000007c0000000)
 Metaspace       used 82676K, capacity 86951K, committed 87136K, reserved 1126400K
  class space    used 8700K, capacity 9619K, committed 9712K, reserved 1048576K
2018-01-03T22:05:15.139-0200: 5888,430: [GC (Allocation Failure) 2018-01-03T22:05:15.139-0200: 5888,430: [ParNew
Desired survivor size 120795952 bytes, new threshold 8 (max 8)
- age   1:   19435464 bytes,   19435464 total
- age   2:    5886408 bytes,   25321872 total
- age   3:    4802136 bytes,   30124008 total
- age   4:    7000776 bytes,   37124784 total
- age   5:    9036016 bytes,   46160800 total
- age   6:    6981616 bytes,   53142416 total
- age   7:    6984416 bytes,   60126832 total
- age   8:    6928296 bytes,   67055128 total
: 634080K->84762K(655360K), 0,1041626 secs] 932086K->389548K(3014656K), 0,1042097 secs] [Times: user=0,10 sys=0,00, real=0,11 secs] 
Heap after GC invocations=114 (full 2):
 par new generation   total 655360K, used 84762K [0x0000000700000000, 0x0000000730000000, 0x0000000730000000)
  eden space 524288K,   0% used [0x0000000700000000, 0x0000000700000000, 0x0000000720000000)
  from space 131072K,  64% used [0x0000000720000000, 0x00000007252c6920, 0x0000000728000000)
  to   space 131072K,   0% used [0x0000000728000000, 0x0000000728000000, 0x0000000730000000)
 concurrent mark-sweep generation total 2359296K, used 304786K [0x0000000730000000, 0x00000007c0000000, 0x00000007c0000000)
 Metaspace       used 82676K, capacity 86951K, committed 87136K, reserved 1126400K
  class space    used 8700K, capacity 9619K, committed 9712K, reserved 1048576K
}
2018-01-03T22:05:15.243-0200: 5888,534: Total time for which application threads were stopped: 0,1043767 seconds, Stopping threads took: 0,0000230 seconds
{Heap before GC invocations=114 (full 2):
 par new generation   total 655360K, used 609050K [0x0000000700000000, 0x0000000730000000, 0x0000000730000000)
  eden space 524288K, 100% used [0x0000000700000000, 0x0000000720000000, 0x0000000720000000)
  from space 131072K,  64% used [0x0000000720000000, 0x00000007252c6920, 0x0000000728000000)
  to   space 131072K,   0% used [0x0000000728000000, 0x0000000728000000, 0x0000000730000000)
 concurrent mark-sweep generation total 2359296K, used 304786K [0x0000000730000000, 0x00000007c0000000, 0x00000007c0000000)
 Metaspace       used 82676K, capacity 86951K, committed 87136K, reserved 1126400K
  class space    used 8700K, capacity 9619K, committed 9712K, reserved 1048576K
2018-01-03T22:05:16.400-0200: 5889,692: [GC (Allocation Failure) 2018-01-03T22:05:16.400-0200: 5889,692: [ParNew
Desired survivor size 120795952 bytes, new threshold 8 (max 8)
- age   1:   21120080 bytes,   21120080 total
- age   2:   15666240 bytes,   36786320 total
- age   3:    5844704 bytes,   42631024 total
- age   4:    4802136 bytes,   47433160 total
- age   5:    7000776 bytes,   54433936 total
- age   6:    9036016 bytes,   63469952 total
- age   7:    6981616 bytes,   70451568 total
- age   8:    6984416 bytes,   77435984 total
: 609050K->102947K(655360K), 0,1040827 secs] 913836K->414499K(3014656K), 0,1041397 secs] [Times: user=0,10 sys=0,00, real=0,11 secs] 
Heap after GC invocations=115 (full 2):
 par new generation   total 655360K, used 102947K [0x0000000700000000, 0x0000000730000000, 0x0000000730000000)
  eden space 524288K,   0% used [0x0000000700000000, 0x0000000700000000, 0x0000000720000000)
  from space 131072K,  78% used [0x0000000728000000, 0x000000072e488c90, 0x0000000730000000)
  to   space 131072K,   0% used [0x0000000720000000, 0x0000000720000000, 0x0000000728000000)
 concurrent mark-sweep generation total 2359296K, used 311552K [0x0000000730000000, 0x00000007c0000000, 0x00000007c0000000)
 Metaspace       used 82676K, capacity 86951K, committed 87136K, reserved 1126400K
  class space    used 8700K, capacity 9619K, committed 9712K, reserved 1048576K
}
2018-01-03T22:05:16.504-0200: 5889,796: Total time for which application threads were stopped: 0,1043270 seconds, Stopping threads took: 0,0000400 seconds
2018-01-03T22:05:16.504-0200: 5889,796: Total time for which application threads were stopped: 0,0001203 seconds, Stopping threads took: 0,0000092 seconds
2018-01-03T22:05:16.612-0200: 5889,904: Total time for which application threads were stopped: 0,0026616 seconds, Stopping threads took: 0,0024979 seconds
2018-01-03T22:05:16.739-0200: 5890,031: Total time for which application threads were stopped: 0,0026521 seconds, Stopping threads took: 0,0025054 seconds
2018-01-03T22:05:16.740-0200: 5890,031: Total time for which application threads were stopped: 0,0000789 seconds, Stopping threads took: 0,0000062 seconds
2018-01-03T22:05:17.217-0200: 5890,509: Total time for which application threads were stopped: 0,0001468 seconds, Stopping threads took: 0,0000266 seconds
2018-01-03T22:05:17.226-0200: 5890,518: Total time for which application threads were stopped: 0,0022275 seconds, Stopping threads took: 0,0021033 seconds
2018-01-03T22:05:17.227-0200: 5890,518: Total time for which application threads were stopped: 0,0000723 seconds, Stopping threads took: 0,0000082 seconds
{Heap before GC invocations=115 (full 2):
 par new generation   total 655360K, used 627235K [0x0000000700000000, 0x0000000730000000, 0x0000000730000000)
  eden space 524288K, 100% used [0x0000000700000000, 0x0000000720000000, 0x0000000720000000)
  from space 131072K,  78% used [0x0000000728000000, 0x000000072e488c90, 0x0000000730000000)
  to   space 131072K,   0% used [0x0000000720000000, 0x0000000720000000, 0x0000000728000000)
 concurrent mark-sweep generation total 2359296K, used 311552K [0x0000000730000000, 0x00000007c0000000, 0x00000007c0000000)
 Metaspace       used 82677K, capacity 86951K, committed 87136K, reserved 1126400K
  class space    used 8700K, capacity 9619K, committed 9712K, reserved 1048576K
2018-01-03T22:05:18.471-0200: 5891,763: [GC (Allocation Failure) 2018-01-03T22:05:18.482-0200: 5891,774: [ParNew
Desired survivor size 120795952 bytes, new threshold 8 (max 8)
- age   1:   14559672 bytes,   14559672 total
- age   2:    4579904 bytes,   19139576 total
- age   3:    4559928 bytes,   23699504 total
- age   4:    1669672 bytes,   25369176 total
- age   5:    4802136 bytes,   30171312 total
- age   6:    7000776 bytes,   37172088 total
- age   7:    9036016 bytes,   46208104 total
- age   8:    6981616 bytes,   53189720 total
: 627235K->63818K(655360K), 0,1023505 secs] 938787K->382191K(3014656K), 0,1132573 secs] [Times: user=0,10 sys=0,00, real=0,12 secs] 
Heap after GC invocations=116 (full 2):
 par new generation   total 655360K, used 63818K [0x0000000700000000, 0x0000000730000000, 0x0000000730000000)
  eden space 524288K,   0% used [0x0000000700000000, 0x0000000700000000, 0x0000000720000000)
  from space 131072K,  48% used [0x0000000720000000, 0x0000000723e52880, 0x0000000728000000)
  to   space 131072K,   0% used [0x0000000728000000, 0x0000000728000000, 0x0000000730000000)
 concurrent mark-sweep generation total 2359296K, used 318373K [0x0000000730000000, 0x00000007c0000000, 0x00000007c0000000)
 Metaspace       used 82677K, capacity 86951K, committed 87136K, reserved 1126400K
  class space    used 8700K, capacity 9619K, committed 9712K, reserved 1048576K
}
2018-01-03T22:05:18.584-0200: 5891,876: Total time for which application threads were stopped: 0,1134492 seconds, Stopping threads took: 0,0000335 seconds
2018-01-03T22:05:18.730-0200: 5892,021: Total time for which application threads were stopped: 0,0001660 seconds, Stopping threads took: 0,0000253 seconds
2018-01-03T22:05:18.781-0200: 5892,072: Total time for which application threads were stopped: 0,0027272 seconds, Stopping threads took: 0,0025928 seconds
2018-01-03T22:05:18.781-0200: 5892,072: Total time for which application threads were stopped: 0,0001041 seconds, Stopping threads took: 0,0000069 seconds
2018-01-03T22:05:19.035-0200: 5892,327: Total time for which application threads were stopped: 0,0098573 seconds, Stopping threads took: 0,0096549 seconds
2018-01-03T22:05:19.036-0200: 5892,327: Total time for which application threads were stopped: 0,0001097 seconds, Stopping threads took: 0,0000098 seconds
2018-01-03T22:05:19.036-0200: 5892,327: Total time for which application threads were stopped: 0,0000746 seconds, Stopping threads took: 0,0000050 seconds
2018-01-03T22:05:19.036-0200: 5892,328: Total time for which application threads were stopped: 0,0000839 seconds, Stopping threads took: 0,0000088 seconds
2018-01-03T22:05:19.036-0200: 5892,328: Total time for which application threads were stopped: 0,0000614 seconds, Stopping threads took: 0,0000057 seconds
2018-01-03T22:05:19.038-0200: 5892,329: Total time for which application threads were stopped: 0,0000782 seconds, Stopping threads took: 0,0000167 seconds
{Heap before GC invocations=116 (full 2):
 par new generation   total 655360K, used 588106K [0x0000000700000000, 0x0000000730000000, 0x0000000730000000)
  eden space 524288K, 100% used [0x0000000700000000, 0x0000000720000000, 0x0000000720000000)
  from space 131072K,  48% used [0x0000000720000000, 0x0000000723e52880, 0x0000000728000000)
  to   space 131072K,   0% used [0x0000000728000000, 0x0000000728000000, 0x0000000730000000)
 concurrent mark-sweep generation total 2359296K, used 318373K [0x0000000730000000, 0x00000007c0000000, 0x00000007c0000000)
 Metaspace       used 82679K, capacity 86951K, committed 87136K, reserved 1126400K
  class space    used 8700K, capacity 9619K, committed 9712K, reserved 1048576K
2018-01-03T22:05:19.830-0200: 5893,122: [GC (Allocation Failure) 2018-01-03T22:05:19.830-0200: 5893,122: [ParNew
Desired survivor size 120795952 bytes, new threshold 8 (max 8)
- age   1:   16391264 bytes,   16391264 total
- age   2:    5091032 bytes,   21482296 total
- age   3:    4579784 bytes,   26062080 total
- age   4:    4559928 bytes,   30622008 total
- age   5:    1669672 bytes,   32291680 total
- age   6:    4802136 bytes,   37093816 total
- age   7:    7000776 bytes,   44094592 total
- age   8:    9036016 bytes,   53130608 total
: 588106K->72111K(655360K), 0,0881531 secs] 906479K->397302K(3014656K), 0,0882267 secs] [Times: user=0,09 sys=0,00, real=0,09 secs] 
Heap after GC invocations=117 (full 2):
 par new generation   total 655360K, used 72111K [0x0000000700000000, 0x0000000730000000, 0x0000000730000000)
  eden space 524288K,   0% used [0x0000000700000000, 0x0000000700000000, 0x0000000720000000)
  from space 131072K,  55% used [0x0000000728000000, 0x000000072c66bd50, 0x0000000730000000)
  to   space 131072K,   0% used [0x0000000720000000, 0x0000000720000000, 0x0000000728000000)
 concurrent mark-sweep generation total 2359296K, used 325191K [0x0000000730000000, 0x00000007c0000000, 0x00000007c0000000)
 Metaspace       used 82679K, capacity 86951K, committed 87136K, reserved 1126400K
  class space    used 8700K, capacity 9619K, committed 9712K, reserved 1048576K
}
2018-01-03T22:05:19.918-0200: 5893,210: Total time for which application threads were stopped: 0,0884070 seconds, Stopping threads took: 0,0000230 seconds
{Heap before GC invocations=117 (full 2):
 par new generation   total 655360K, used 596399K [0x0000000700000000, 0x0000000730000000, 0x0000000730000000)
  eden space 524288K, 100% used [0x0000000700000000, 0x0000000720000000, 0x0000000720000000)
  from space 131072K,  55% used [0x0000000728000000, 0x000000072c66bd50, 0x0000000730000000)
  to   space 131072K,   0% used [0x0000000720000000, 0x0000000720000000, 0x0000000728000000)
 concurrent mark-sweep generation total 2359296K, used 325191K [0x0000000730000000, 0x00000007c0000000, 0x00000007c0000000)
 Metaspace       used 82679K, capacity 86951K, committed 87136K, reserved 1126400K
  class space    used 8700K, capacity 9619K, committed 9712K, reserved 1048576K
2018-01-03T22:05:21.143-0200: 5894,435: [GC (Allocation Failure) 2018-01-03T22:05:21.143-0200: 5894,435: [ParNew
Desired survivor size 120795952 bytes, new threshold 8 (max 8)
- age   1:   21650728 bytes,   21650728 total
- age   2:   13297512 bytes,   34948240 total
- age   3:    5090912 bytes,   40039152 total
- age   4:    4579784 bytes,   44618936 total
- age   5:    4559928 bytes,   49178864 total
- age   6:    1669672 bytes,   50848536 total
- age   7:    4802136 bytes,   55650672 total
- age   8:    7000776 bytes,   62651448 total
: 596399K->78688K(655360K), 0,1055637 secs] 921590K->412704K(3014656K), 0,1056200 secs] [Times: user=0,10 sys=0,00, real=0,10 secs] 
Heap after GC invocations=118 (full 2):
 par new generation   total 655360K, used 78688K [0x0000000700000000, 0x0000000730000000, 0x0000000730000000)
  eden space 524288K,   0% used [0x0000000700000000, 0x0000000700000000, 0x0000000720000000)
  from space 131072K,  60% used [0x0000000720000000, 0x0000000724cd83a0, 0x0000000728000000)
  to   space 131072K,   0% used [0x0000000728000000, 0x0000000728000000, 0x0000000730000000)
 concurrent mark-sweep generation total 2359296K, used 334015K [0x0000000730000000, 0x00000007c0000000, 0x00000007c0000000)
 Metaspace       used 82679K, capacity 86951K, committed 87136K, reserved 1126400K
  class space    used 8700K, capacity 9619K, committed 9712K, reserved 1048576K
}
2018-01-03T22:05:21.249-0200: 5894,541: Total time for which application threads were stopped: 0,1057980 seconds, Stopping threads took: 0,0000317 seconds
{Heap before GC invocations=118 (full 2):
 par new generation   total 655360K, used 602976K [0x0000000700000000, 0x0000000730000000, 0x0000000730000000)
  eden space 524288K, 100% used [0x0000000700000000, 0x0000000720000000, 0x0000000720000000)
  from space 131072K,  60% used [0x0000000720000000, 0x0000000724cd83a0, 0x0000000728000000)
  to   space 131072K,   0% used [0x0000000728000000, 0x0000000728000000, 0x0000000730000000)
 concurrent mark-sweep generation total 2359296K, used 334015K [0x0000000730000000, 0x00000007c0000000, 0x00000007c0000000)
 Metaspace       used 82679K, capacity 86951K, committed 87136K, reserved 1126400K
  class space    used 8700K, capacity 9619K, committed 9712K, reserved 1048576K
2018-01-03T22:05:22.405-0200: 5895,697: [GC (Allocation Failure) 2018-01-03T22:05:22.405-0200: 5895,697: [ParNew
Desired survivor size 120795952 bytes, new threshold 8 (max 8)
- age   1:   23157672 bytes,   23157672 total
- age   2:   16423304 bytes,   39580976 total
- age   3:   13288616 bytes,   52869592 total
- age   4:    5090912 bytes,   57960504 total
- age   5:    4579784 bytes,   62540288 total
- age   6:    4559928 bytes,   67100216 total
- age   7:    1669672 bytes,   68769888 total
- age   8:    4802136 bytes,   73572024 total
: 602976K->94073K(655360K), 0,1128378 secs] 936992K->434925K(3014656K), 0,1128953 secs] [Times: user=0,11 sys=0,00, real=0,11 secs] 
Heap after GC invocations=119 (full 2):
 par new generation   total 655360K, used 94073K [0x0000000700000000, 0x0000000730000000, 0x0000000730000000)
  eden space 524288K,   0% used [0x0000000700000000, 0x0000000700000000, 0x0000000720000000)
  from space 131072K,  71% used [0x0000000728000000, 0x000000072dbde550, 0x0000000730000000)
  to   space 131072K,   0% used [0x0000000720000000, 0x0000000720000000, 0x0000000728000000)
 concurrent mark-sweep generation total 2359296K, used 340852K [0x0000000730000000, 0x00000007c0000000, 0x00000007c0000000)
 Metaspace       used 82679K, capacity 86951K, committed 87136K, reserved 1126400K
  class space    used 8700K, capacity 9619K, committed 9712K, reserved 1048576K
}
2018-01-03T22:05:22.518-0200: 5895,810: Total time for which application threads were stopped: 0,1130859 seconds, Stopping threads took: 0,0000485 seconds
{Heap before GC invocations=119 (full 2):
 par new generation   total 655360K, used 618361K [0x0000000700000000, 0x0000000730000000, 0x0000000730000000)
  eden space 524288K, 100% used [0x0000000700000000, 0x0000000720000000, 0x0000000720000000)
  from space 131072K,  71% used [0x0000000728000000, 0x000000072dbde550, 0x0000000730000000)
  to   space 131072K,   0% used [0x0000000720000000, 0x0000000720000000, 0x0000000728000000)
 concurrent mark-sweep generation total 2359296K, used 340852K [0x0000000730000000, 0x00000007c0000000, 0x00000007c0000000)
 Metaspace       used 82679K, capacity 86951K, committed 87136K, reserved 1126400K
  class space    used 8700K, capacity 9619K, committed 9712K, reserved 1048576K
2018-01-03T22:05:23.684-0200: 5896,976: [GC (Allocation Failure) 2018-01-03T22:05:23.684-0200: 5896,976: [ParNew
Desired survivor size 120795952 bytes, new threshold 8 (max 8)
- age   1:   24852880 bytes,   24852880 total
- age   2:   16994096 bytes,   41846976 total
- age   3:   15374696 bytes,   57221672 total
- age   4:   13288496 bytes,   70510168 total
- age   5:    5090912 bytes,   75601080 total
- age   6:    4579784 bytes,   80180864 total
- age   7:    4559928 bytes,   84740792 total
- age   8:    1669672 bytes,   86410464 total
: 618361K->111050K(655360K), 0,1083443 secs] 959213K->456601K(3014656K), 0,1088391 secs] [Times: user=0,11 sys=0,00, real=0,10 secs] 
Heap after GC invocations=120 (full 2):
 par new generation   total 655360K, used 111050K [0x0000000700000000, 0x0000000730000000, 0x0000000730000000)
  eden space 524288K,   0% used [0x0000000700000000, 0x0000000700000000, 0x0000000720000000)
  from space 131072K,  84% used [0x0000000720000000, 0x0000000726c72950, 0x0000000728000000)
  to   space 131072K,   0% used [0x0000000728000000, 0x0000000728000000, 0x0000000730000000)
 concurrent mark-sweep generation total 2359296K, used 345551K [0x0000000730000000, 0x00000007c0000000, 0x00000007c0000000)
 Metaspace       used 82679K, capacity 86951K, committed 87136K, reserved 1126400K
  class space    used 8700K, capacity 9619K, committed 9712K, reserved 1048576K
}
2018-01-03T22:05:23.793-0200: 5897,085: Total time for which application threads were stopped: 0,1090288 seconds, Stopping threads took: 0,0000240 seconds
{Heap before GC invocations=120 (full 2):
 par new generation   total 655360K, used 635338K [0x0000000700000000, 0x0000000730000000, 0x0000000730000000)
  eden space 524288K, 100% used [0x0000000700000000, 0x0000000720000000, 0x0000000720000000)
  from space 131072K,  84% used [0x0000000720000000, 0x0000000726c72950, 0x0000000728000000)
  to   space 131072K,   0% used [0x0000000728000000, 0x0000000728000000, 0x0000000730000000)
 concurrent mark-sweep generation total 2359296K, used 345551K [0x0000000730000000, 0x00000007c0000000, 0x00000007c0000000)
 Metaspace       used 82679K, capacity 86951K, committed 87136K, reserved 1126400K
  class space    used 8700K, capacity 9619K, committed 9712K, reserved 1048576K
2018-01-03T22:05:25.134-0200: 5898,426: [GC (Allocation Failure) 2018-01-03T22:05:25.134-0200: 5898,426: [ParNew
Desired survivor size 120795952 bytes, new threshold 8 (max 8)
- age   1:   26183584 bytes,   26183584 total
- age   2:   16635440 bytes,   42819024 total
- age   3:   16993976 bytes,   59813000 total
- age   4:   14850392 bytes,   74663392 total
- age   5:   13288496 bytes,   87951888 total
- age   6:    5090912 bytes,   93042800 total
- age   7:    4579784 bytes,   97622584 total
- age   8:    4559928 bytes,  102182512 total
: 635338K->125219K(655360K), 0,1208356 secs] 980889K->472401K(3014656K), 0,1209168 secs] [Times: user=0,12 sys=0,00, real=0,12 secs] 
Heap after GC invocations=121 (full 2):
 par new generation   total 655360K, used 125219K [0x0000000700000000, 0x0000000730000000, 0x0000000730000000)
  eden space 524288K,   0% used [0x0000000700000000, 0x0000000700000000, 0x0000000720000000)
  from space 131072K,  95% used [0x0000000728000000, 0x000000072fa48f40, 0x0000000730000000)
  to   space 131072K,   0% used [0x0000000720000000, 0x0000000720000000, 0x0000000728000000)
 concurrent mark-sweep generation total 2359296K, used 347182K [0x0000000730000000, 0x00000007c0000000, 0x00000007c0000000)
 Metaspace       used 82679K, capacity 86951K, committed 87136K, reserved 1126400K
  class space    used 8700K, capacity 9619K, committed 9712K, reserved 1048576K
}
2018-01-03T22:05:25.255-0200: 5898,547: Total time for which application threads were stopped: 0,1211760 seconds, Stopping threads took: 0,0000570 seconds
{Heap before GC invocations=121 (full 2):
 par new generation   total 655360K, used 649507K [0x0000000700000000, 0x0000000730000000, 0x0000000730000000)
  eden space 524288K, 100% used [0x0000000700000000, 0x0000000720000000, 0x0000000720000000)
  from space 131072K,  95% used [0x0000000728000000, 0x000000072fa48f40, 0x0000000730000000)
  to   space 131072K,   0% used [0x0000000720000000, 0x0000000720000000, 0x0000000728000000)
 concurrent mark-sweep generation total 2359296K, used 347182K [0x0000000730000000, 0x00000007c0000000, 0x00000007c0000000)
 Metaspace       used 82679K, capacity 86951K, committed 87136K, reserved 1126400K
  class space    used 8700K, capacity 9619K, committed 9712K, reserved 1048576K
2018-01-03T22:05:26.451-0200: 5899,742: [GC (Allocation Failure) 2018-01-03T22:05:26.451-0200: 5899,743: [ParNew
Desired survivor size 120795952 bytes, new threshold 8 (max 8)
- age   1:   30708696 bytes,   30708696 total
- age   2:   15534928 bytes,   46243624 total
- age   3:   16338232 bytes,   62581856 total
- age   4:   14656152 bytes,   77238008 total
- age   5:   14601096 bytes,   91839104 total
- age   6:   13072032 bytes,  104911136 total
- age   7:    4997312 bytes,  109908448 total
- age   8:    4579576 bytes,  114488024 total
: 649507K->131072K(655360K), 0,1344528 secs] 996689K->484267K(3014656K), 0,1345187 secs] [Times: user=0,14 sys=0,00, real=0,14 secs] 
Heap after GC invocations=122 (full 2):
 par new generation   total 655360K, used 131072K [0x0000000700000000, 0x0000000730000000, 0x0000000730000000)
  eden space 524288K,   0% used [0x0000000700000000, 0x0000000700000000, 0x0000000720000000)
  from space 131072K, 100% used [0x0000000720000000, 0x0000000728000000, 0x0000000728000000)
  to   space 131072K,   0% used [0x0000000728000000, 0x0000000728000000, 0x0000000730000000)
 concurrent mark-sweep generation total 2359296K, used 353195K [0x0000000730000000, 0x00000007c0000000, 0x00000007c0000000)
 Metaspace       used 82679K, capacity 86951K, committed 87136K, reserved 1126400K
  class space    used 8700K, capacity 9619K, committed 9712K, reserved 1048576K
}
2018-01-03T22:05:26.585-0200: 5899,877: Total time for which application threads were stopped: 0,1347267 seconds, Stopping threads took: 0,0000227 seconds
{Heap before GC invocations=122 (full 2):
 par new generation   total 655360K, used 655360K [0x0000000700000000, 0x0000000730000000, 0x0000000730000000)
  eden space 524288K, 100% used [0x0000000700000000, 0x0000000720000000, 0x0000000720000000)
  from space 131072K, 100% used [0x0000000720000000, 0x0000000728000000, 0x0000000728000000)
  to   space 131072K,   0% used [0x0000000728000000, 0x0000000728000000, 0x0000000730000000)
 concurrent mark-sweep generation total 2359296K, used 353195K [0x0000000730000000, 0x00000007c0000000, 0x00000007c0000000)
 Metaspace       used 82679K, capacity 86951K, committed 87136K, reserved 1126400K
  class space    used 8700K, capacity 9619K, committed 9712K, reserved 1048576K
2018-01-03T22:05:27.726-0200: 5901,018: [GC (Allocation Failure) 2018-01-03T22:05:27.726-0200: 5901,018: [ParNew
Desired survivor size 120795952 bytes, new threshold 8 (max 8)
- age   1:   27847776 bytes,   27847776 total
- age   2:   17619728 bytes,   45467504 total
- age   3:   14356400 bytes,   59823904 total
- age   4:   15188720 bytes,   75012624 total
- age   5:   13495432 bytes,   88508056 total
- age   6:   13459352 bytes,  101967408 total
- age   7:   12035336 bytes,  114002744 total
- age   8:    4148600 bytes,  118151344 total
: 655360K->131072K(655360K), 0,1331402 secs] 1008555K->497435K(3014656K), 0,1332122 secs] [Times: user=0,13 sys=0,00, real=0,13 secs] 
Heap after GC invocations=123 (full 2):
 par new generation   total 655360K, used 131072K [0x0000000700000000, 0x0000000730000000, 0x0000000730000000)
  eden space 524288K,   0% used [0x0000000700000000, 0x0000000700000000, 0x0000000720000000)
  from space 131072K, 100% used [0x0000000728000000, 0x0000000730000000, 0x0000000730000000)
  to   space 131072K,   0% used [0x0000000720000000, 0x0000000720000000, 0x0000000728000000)
 concurrent mark-sweep generation total 2359296K, used 366363K [0x0000000730000000, 0x00000007c0000000, 0x00000007c0000000)
 Metaspace       used 82679K, capacity 86951K, committed 87136K, reserved 1126400K
  class space    used 8700K, capacity 9619K, committed 9712K, reserved 1048576K
}
2018-01-03T22:05:27.859-0200: 5901,151: Total time for which application threads were stopped: 0,1333759 seconds, Stopping threads took: 0,0000318 seconds
2018-01-03T22:05:28.862-0200: 5902,153: Total time for which application threads were stopped: 0,0021005 seconds, Stopping threads took: 0,0020143 seconds
{Heap before GC invocations=123 (full 2):
 par new generation   total 655360K, used 655360K [0x0000000700000000, 0x0000000730000000, 0x0000000730000000)
  eden space 524288K, 100% used [0x0000000700000000, 0x0000000720000000, 0x0000000720000000)
  from space 131072K, 100% used [0x0000000728000000, 0x0000000730000000, 0x0000000730000000)
  to   space 131072K,   0% used [0x0000000720000000, 0x0000000720000000, 0x0000000728000000)
 concurrent mark-sweep generation total 2359296K, used 366363K [0x0000000730000000, 0x00000007c0000000, 0x00000007c0000000)
 Metaspace       used 82681K, capacity 86951K, committed 87136K, reserved 1126400K
  class space    used 8700K, capacity 9619K, committed 9712K, reserved 1048576K
2018-01-03T22:05:29.318-0200: 5902,610: [GC (Allocation Failure) 2018-01-03T22:05:29.318-0200: 5902,610: [ParNew
Desired survivor size 120795952 bytes, new threshold 8 (max 8)
- age   1:   12699056 bytes,   12699056 total
- age   2:   18274792 bytes,   30973848 total
- age   3:   15109080 bytes,   46082928 total
- age   4:   11870032 bytes,   57952960 total
- age   5:   11900720 bytes,   69853680 total
- age   6:   11007224 bytes,   80860904 total
- age   7:   10955616 bytes,   91816520 total
- age   8:    9826544 bytes,  101643064 total
: 655360K->131072K(655360K), 0,0929489 secs] 1021723K->501487K(3014656K), 0,0930207 secs] [Times: user=0,09 sys=0,00, real=0,09 secs] 
Heap after GC invocations=124 (full 2):
 par new generation   total 655360K, used 131072K [0x0000000700000000, 0x0000000730000000, 0x0000000730000000)
  eden space 524288K,   0% used [0x0000000700000000, 0x0000000700000000, 0x0000000720000000)
  from space 131072K, 100% used [0x0000000720000000, 0x0000000728000000, 0x0000000728000000)
  to   space 131072K,   0% used [0x0000000728000000, 0x0000000728000000, 0x0000000730000000)
 concurrent mark-sweep generation total 2359296K, used 370415K [0x0000000730000000, 0x00000007c0000000, 0x00000007c0000000)
 Metaspace       used 82681K, capacity 86951K, committed 87136K, reserved 1126400K
  class space    used 8700K, capacity 9619K, committed 9712K, reserved 1048576K
}
2018-01-03T22:05:29.411-0200: 5902,703: Total time for which application threads were stopped: 0,0934210 seconds, Stopping threads took: 0,0000294 seconds
{Heap before GC invocations=124 (full 2):
 par new generation   total 655360K, used 655360K [0x0000000700000000, 0x0000000730000000, 0x0000000730000000)
  eden space 524288K, 100% used [0x0000000700000000, 0x0000000720000000, 0x0000000720000000)
  from space 131072K, 100% used [0x0000000720000000, 0x0000000728000000, 0x0000000728000000)
  to   space 131072K,   0% used [0x0000000728000000, 0x0000000728000000, 0x0000000730000000)
 concurrent mark-sweep generation total 2359296K, used 370415K [0x0000000730000000, 0x00000007c0000000, 0x00000007c0000000)
 Metaspace       used 82681K, capacity 86951K, committed 87136K, reserved 1126400K
  class space    used 8700K, capacity 9619K, committed 9712K, reserved 1048576K
2018-01-03T22:05:30.569-0200: 5903,861: [GC (Allocation Failure) 2018-01-03T22:05:30.570-0200: 5903,861: [ParNew
Desired survivor size 120795952 bytes, new threshold 8 (max 8)
- age   1:   15778936 bytes,   15778936 total
- age   2:    1475608 bytes,   17254544 total
- age   3:    5416408 bytes,   22670952 total
- age   4:    6477992 bytes,   29148944 total
- age   5:    6341136 bytes,   35490080 total
- age   6:    5324496 bytes,   40814576 total
- age   7:    5308120 bytes,   46122696 total
- age   8:    5295936 bytes,   51418632 total
: 655360K->81787K(655360K), 0,0843426 secs] 1025775K->456926K(3014656K), 0,0843951 secs] [Times: user=0,08 sys=0,00, real=0,08 secs] 
Heap after GC invocations=125 (full 2):
 par new generation   total 655360K, used 81787K [0x0000000700000000, 0x0000000730000000, 0x0000000730000000)
  eden space 524288K,   0% used [0x0000000700000000, 0x0000000700000000, 0x0000000720000000)
  from space 131072K,  62% used [0x0000000728000000, 0x000000072cfdef18, 0x0000000730000000)
  to   space 131072K,   0% used [0x0000000720000000, 0x0000000720000000, 0x0000000728000000)
 concurrent mark-sweep generation total 2359296K, used 375138K [0x0000000730000000, 0x00000007c0000000, 0x00000007c0000000)
 Metaspace       used 82681K, capacity 86951K, committed 87136K, reserved 1126400K
  class space    used 8700K, capacity 9619K, committed 9712K, reserved 1048576K
}
2018-01-03T22:05:30.654-0200: 5903,946: Total time for which application threads were stopped: 0,0845671 seconds, Stopping threads took: 0,0000296 seconds
2018-01-03T22:05:31.515-0200: 5904,806: Total time for which application threads were stopped: 0,0021960 seconds, Stopping threads took: 0,0020529 seconds
2018-01-03T22:05:31.612-0200: 5904,904: Total time for which application threads were stopped: 0,0063242 seconds, Stopping threads took: 0,0061785 seconds
2018-01-03T22:05:31.719-0200: 5905,011: Total time for which application threads were stopped: 0,0061576 seconds, Stopping threads took: 0,0060016 seconds
2018-01-03T22:05:31.721-0200: 5905,012: Total time for which application threads were stopped: 0,0001579 seconds, Stopping threads took: 0,0000154 seconds
{Heap before GC invocations=125 (full 2):
 par new generation   total 655360K, used 606075K [0x0000000700000000, 0x0000000730000000, 0x0000000730000000)
  eden space 524288K, 100% used [0x0000000700000000, 0x0000000720000000, 0x0000000720000000)
  from space 131072K,  62% used [0x0000000728000000, 0x000000072cfdef18, 0x0000000730000000)
  to   space 131072K,   0% used [0x0000000720000000, 0x0000000720000000, 0x0000000728000000)
 concurrent mark-sweep generation total 2359296K, used 375138K [0x0000000730000000, 0x00000007c0000000, 0x00000007c0000000)
 Metaspace       used 82682K, capacity 86951K, committed 87136K, reserved 1126400K
  class space    used 8700K, capacity 9619K, committed 9712K, reserved 1048576K
2018-01-03T22:05:31.949-0200: 5905,240: [GC (Allocation Failure) 2018-01-03T22:05:31.949-0200: 5905,240: [ParNew
Desired survivor size 120795952 bytes, new threshold 8 (max 8)
- age   1:   18133552 bytes,   18133552 total
- age   2:   10807040 bytes,   28940592 total
- age   3:    1475608 bytes,   30416200 total
- age   4:    5416288 bytes,   35832488 total
- age   5:    6477992 bytes,   42310480 total
- age   6:    6341136 bytes,   48651616 total
- age   7:    5324496 bytes,   53976112 total
- age   8:    5308120 bytes,   59284232 total
: 606075K->73301K(655360K), 0,0836637 secs] 981214K->453611K(3014656K), 0,0837222 secs] [Times: user=0,08 sys=0,00, real=0,08 secs] 
Heap after GC invocations=126 (full 2):
 par new generation   total 655360K, used 73301K [0x0000000700000000, 0x0000000730000000, 0x0000000730000000)
  eden space 524288K,   0% used [0x0000000700000000, 0x0000000700000000, 0x0000000720000000)
  from space 131072K,  55% used [0x0000000720000000, 0x0000000724795570, 0x0000000728000000)
  to   space 131072K,   0% used [0x0000000728000000, 0x0000000728000000, 0x0000000730000000)
 concurrent mark-sweep generation total 2359296K, used 380310K [0x0000000730000000, 0x00000007c0000000, 0x00000007c0000000)
 Metaspace       used 82682K, capacity 86951K, committed 87136K, reserved 1126400K
  class space    used 8700K, capacity 9619K, committed 9712K, reserved 1048576K
}
2018-01-03T22:05:32.032-0200: 5905,324: Total time for which application threads were stopped: 0,0893194 seconds, Stopping threads took: 0,0054435 seconds
2018-01-03T22:05:32.151-0200: 5905,443: Total time for which application threads were stopped: 0,0031517 seconds, Stopping threads took: 0,0030219 seconds
2018-01-03T22:05:32.155-0200: 5905,446: Total time for which application threads were stopped: 0,0004844 seconds, Stopping threads took: 0,0003555 seconds
2018-01-03T22:05:32.155-0200: 5905,447: Total time for which application threads were stopped: 0,0000845 seconds, Stopping threads took: 0,0000070 seconds
2018-01-03T22:05:32.483-0200: 5905,775: Total time for which application threads were stopped: 0,0047962 seconds, Stopping threads took: 0,0046244 seconds
2018-01-03T22:05:32.514-0200: 5905,806: Total time for which application threads were stopped: 0,0024858 seconds, Stopping threads took: 0,0023161 seconds
2018-01-03T22:05:32.633-0200: 5905,925: Total time for which application threads were stopped: 0,0034553 seconds, Stopping threads took: 0,0033154 seconds
2018-01-03T22:05:32.634-0200: 5905,926: Total time for which application threads were stopped: 0,0001236 seconds, Stopping threads took: 0,0000081 seconds
2018-01-03T22:05:32.634-0200: 5905,926: Total time for which application threads were stopped: 0,0000738 seconds, Stopping threads took: 0,0000052 seconds
2018-01-03T22:05:32.634-0200: 5905,926: Total time for which application threads were stopped: 0,0000733 seconds, Stopping threads took: 0,0000056 seconds
2018-01-03T22:05:32.634-0200: 5905,926: Total time for which application threads were stopped: 0,0000808 seconds, Stopping threads took: 0,0000054 seconds
{Heap before GC invocations=126 (full 2):
 par new generation   total 655360K, used 597589K [0x0000000700000000, 0x0000000730000000, 0x0000000730000000)
  eden space 524288K, 100% used [0x0000000700000000, 0x0000000720000000, 0x0000000720000000)
  from space 131072K,  55% used [0x0000000720000000, 0x0000000724795570, 0x0000000728000000)
  to   space 131072K,   0% used [0x0000000728000000, 0x0000000728000000, 0x0000000730000000)
 concurrent mark-sweep generation total 2359296K, used 380310K [0x0000000730000000, 0x00000007c0000000, 0x00000007c0000000)
 Metaspace       used 82689K, capacity 86951K, committed 87136K, reserved 1126400K
  class space    used 8700K, capacity 9619K, committed 9712K, reserved 1048576K
2018-01-03T22:05:33.241-0200: 5906,532: [GC (Allocation Failure) 2018-01-03T22:05:33.241-0200: 5906,532: [ParNew
Desired survivor size 120795952 bytes, new threshold 8 (max 8)
- age   1:   13426752 bytes,   13426752 total
- age   2:    4626784 bytes,   18053536 total
- age   3:    3899552 bytes,   21953088 total
- age   4:    1475608 bytes,   23428696 total
- age   5:    5416288 bytes,   28844984 total
- age   6:    6477992 bytes,   35322976 total
- age   7:    6341136 bytes,   41664112 total
- age   8:    5324496 bytes,   46988608 total
: 597589K->74821K(655360K), 0,0869130 secs] 977899K->460315K(3014656K), 0,0869725 secs] [Times: user=0,08 sys=0,00, real=0,09 secs] 
Heap after GC invocations=127 (full 2):
 par new generation   total 655360K, used 74821K [0x0000000700000000, 0x0000000730000000, 0x0000000730000000)
  eden space 524288K,   0% used [0x0000000700000000, 0x0000000700000000, 0x0000000720000000)
  from space 131072K,  57% used [0x0000000728000000, 0x000000072c9114e0, 0x0000000730000000)
  to   space 131072K,   0% used [0x0000000720000000, 0x0000000720000000, 0x0000000728000000)
 concurrent mark-sweep generation total 2359296K, used 385493K [0x0000000730000000, 0x00000007c0000000, 0x00000007c0000000)
 Metaspace       used 82689K, capacity 86951K, committed 87136K, reserved 1126400K
  class space    used 8700K, capacity 9619K, committed 9712K, reserved 1048576K
}
2018-01-03T22:05:33.328-0200: 5906,619: Total time for which application threads were stopped: 0,0871360 seconds, Stopping threads took: 0,0000237 seconds
{Heap before GC invocations=127 (full 2):
 par new generation   total 655360K, used 599109K [0x0000000700000000, 0x0000000730000000, 0x0000000730000000)
  eden space 524288K, 100% used [0x0000000700000000, 0x0000000720000000, 0x0000000720000000)
  from space 131072K,  57% used [0x0000000728000000, 0x000000072c9114e0, 0x0000000730000000)
  to   space 131072K,   0% used [0x0000000720000000, 0x0000000720000000, 0x0000000728000000)
 concurrent mark-sweep generation total 2359296K, used 385493K [0x0000000730000000, 0x00000007c0000000, 0x00000007c0000000)
 Metaspace       used 82689K, capacity 86951K, committed 87136K, reserved 1126400K
  class space    used 8700K, capacity 9619K, committed 9712K, reserved 1048576K
2018-01-03T22:05:34.450-0200: 5907,742: [GC (Allocation Failure) 2018-01-03T22:05:34.450-0200: 5907,742: [ParNew
Desired survivor size 120795952 bytes, new threshold 8 (max 8)
- age   1:   20463944 bytes,   20463944 total
- age   2:   11083928 bytes,   31547872 total
- age   3:    4626784 bytes,   36174656 total
- age   4:    3899432 bytes,   40074088 total
- age   5:    1475608 bytes,   41549696 total
- age   6:    5416288 bytes,   46965984 total
- age   7:    6477992 bytes,   53443976 total
- age   8:    6341136 bytes,   59785112 total
: 599109K->71826K(655360K), 0,0916508 secs] 984603K->462519K(3014656K), 0,0916964 secs] [Times: user=0,09 sys=0,00, real=0,09 secs] 
Heap after GC invocations=128 (full 2):
 par new generation   total 655360K, used 71826K [0x0000000700000000, 0x0000000730000000, 0x0000000730000000)
  eden space 524288K,   0% used [0x0000000700000000, 0x0000000700000000, 0x0000000720000000)
  from space 131072K,  54% used [0x0000000720000000, 0x0000000724624860, 0x0000000728000000)
  to   space 131072K,   0% used [0x0000000728000000, 0x0000000728000000, 0x0000000730000000)
 concurrent mark-sweep generation total 2359296K, used 390693K [0x0000000730000000, 0x00000007c0000000, 0x00000007c0000000)
 Metaspace       used 82689K, capacity 86951K, committed 87136K, reserved 1126400K
  class space    used 8700K, capacity 9619K, committed 9712K, reserved 1048576K
}
2018-01-03T22:05:34.542-0200: 5907,834: Total time for which application threads were stopped: 0,0919450 seconds, Stopping threads took: 0,0000231 seconds
{Heap before GC invocations=128 (full 2):
 par new generation   total 655360K, used 596114K [0x0000000700000000, 0x0000000730000000, 0x0000000730000000)
  eden space 524288K, 100% used [0x0000000700000000, 0x0000000720000000, 0x0000000720000000)
  from space 131072K,  54% used [0x0000000720000000, 0x0000000724624860, 0x0000000728000000)
  to   space 131072K,   0% used [0x0000000728000000, 0x0000000728000000, 0x0000000730000000)
 concurrent mark-sweep generation total 2359296K, used 390693K [0x0000000730000000, 0x00000007c0000000, 0x00000007c0000000)
 Metaspace       used 82689K, capacity 86951K, committed 87136K, reserved 1126400K
  class space    used 8700K, capacity 9619K, committed 9712K, reserved 1048576K
2018-01-03T22:05:35.661-0200: 5908,953: [GC (Allocation Failure) 2018-01-03T22:05:35.661-0200: 5908,953: [ParNew
Desired survivor size 120795952 bytes, new threshold 8 (max 8)
- age   1:   23074176 bytes,   23074176 total
- age   2:   15506776 bytes,   38580952 total
- age   3:   11050120 bytes,   49631072 total
- age   4:    4626784 bytes,   54257856 total
- age   5:    3899432 bytes,   58157288 total
- age   6:    1475608 bytes,   59632896 total
- age   7:    5416288 bytes,   65049184 total
- age   8:    6477992 bytes,   71527176 total
: 596114K->99546K(655360K), 0,0986460 secs] 986807K->496432K(3014656K), 0,0987181 secs] [Times: user=0,09 sys=0,00, real=0,10 secs] 
Heap after GC invocations=129 (full 2):
 par new generation   total 655360K, used 99546K [0x0000000700000000, 0x0000000730000000, 0x0000000730000000)
  eden space 524288K,   0% used [0x0000000700000000, 0x0000000700000000, 0x0000000720000000)
  from space 131072K,  75% used [0x0000000728000000, 0x000000072e136b80, 0x0000000730000000)
  to   space 131072K,   0% used [0x0000000720000000, 0x0000000720000000, 0x0000000728000000)
 concurrent mark-sweep generation total 2359296K, used 396886K [0x0000000730000000, 0x00000007c0000000, 0x00000007c0000000)
 Metaspace       used 82689K, capacity 86951K, committed 87136K, reserved 1126400K
  class space    used 8700K, capacity 9619K, committed 9712K, reserved 1048576K
}
2018-01-03T22:05:35.760-0200: 5909,052: Total time for which application threads were stopped: 0,0988882 seconds, Stopping threads took: 0,0000328 seconds
{Heap before GC invocations=129 (full 2):
 par new generation   total 655360K, used 623834K [0x0000000700000000, 0x0000000730000000, 0x0000000730000000)
  eden space 524288K, 100% used [0x0000000700000000, 0x0000000720000000, 0x0000000720000000)
  from space 131072K,  75% used [0x0000000728000000, 0x000000072e136b80, 0x0000000730000000)
  to   space 131072K,   0% used [0x0000000720000000, 0x0000000720000000, 0x0000000728000000)
 concurrent mark-sweep generation total 2359296K, used 396886K [0x0000000730000000, 0x00000007c0000000, 0x00000007c0000000)
 Metaspace       used 82689K, capacity 86951K, committed 87136K, reserved 1126400K
  class space    used 8700K, capacity 9619K, committed 9712K, reserved 1048576K
2018-01-03T22:05:36.902-0200: 5910,194: [GC (Allocation Failure) 2018-01-03T22:05:36.902-0200: 5910,194: [ParNew
Desired survivor size 120795952 bytes, new threshold 8 (max 8)
- age   1:   25521664 bytes,   25521664 total
- age   2:   16433928 bytes,   41955592 total
- age   3:   14894144 bytes,   56849736 total
- age   4:   11050120 bytes,   67899856 total
- age   5:    4626784 bytes,   72526640 total
- age   6:    3899432 bytes,   76426072 total
- age   7:    1475608 bytes,   77901680 total
- age   8:    5416288 bytes,   83317968 total
: 623834K->96593K(655360K), 0,1068888 secs] 1020720K->499805K(3014656K), 0,1069383 secs] [Times: user=0,11 sys=0,00, real=0,11 secs] 
Heap after GC invocations=130 (full 2):
 par new generation   total 655360K, used 96593K [0x0000000700000000, 0x0000000730000000, 0x0000000730000000)
  eden space 524288K,   0% used [0x0000000700000000, 0x0000000700000000, 0x0000000720000000)
  from space 131072K,  73% used [0x0000000720000000, 0x0000000725e54610, 0x0000000728000000)
  to   space 131072K,   0% used [0x0000000728000000, 0x0000000728000000, 0x0000000730000000)
 concurrent mark-sweep generation total 2359296K, used 403212K [0x0000000730000000, 0x00000007c0000000, 0x00000007c0000000)
 Metaspace       used 82689K, capacity 86951K, committed 87136K, reserved 1126400K
  class space    used 8700K, capacity 9619K, committed 9712K, reserved 1048576K
}
2018-01-03T22:05:37.009-0200: 5910,301: Total time for which application threads were stopped: 0,1071059 seconds, Stopping threads took: 0,0000298 seconds
{Heap before GC invocations=130 (full 2):
 par new generation   total 655360K, used 620881K [0x0000000700000000, 0x0000000730000000, 0x0000000730000000)
  eden space 524288K, 100% used [0x0000000700000000, 0x0000000720000000, 0x0000000720000000)
  from space 131072K,  73% used [0x0000000720000000, 0x0000000725e54610, 0x0000000728000000)
  to   space 131072K,   0% used [0x0000000728000000, 0x0000000728000000, 0x0000000730000000)
 concurrent mark-sweep generation total 2359296K, used 403212K [0x0000000730000000, 0x00000007c0000000, 0x00000007c0000000)
 Metaspace       used 82689K, capacity 86951K, committed 87136K, reserved 1126400K
  class space    used 8700K, capacity 9619K, committed 9712K, reserved 1048576K
2018-01-03T22:05:38.109-0200: 5911,401: [GC (Allocation Failure) 2018-01-03T22:05:38.109-0200: 5911,401: [ParNew
Desired survivor size 120795952 bytes, new threshold 8 (max 8)
- age   1:   24577528 bytes,   24577528 total
- age   2:   17765696 bytes,   42343224 total
- age   3:   16425480 bytes,   58768704 total
- age   4:   14894144 bytes,   73662848 total
- age   5:   11050080 bytes,   84712928 total
- age   6:    4626784 bytes,   89339712 total
- age   7:    3899432 bytes,   93239144 total
- age   8:    1475608 bytes,   94714752 total
: 620881K->123695K(655360K), 0,1117973 secs] 1024093K->532199K(3014656K), 0,1118534 secs] [Times: user=0,11 sys=0,00, real=0,11 secs] 
Heap after GC invocations=131 (full 2):
 par new generation   total 655360K, used 123695K [0x0000000700000000, 0x0000000730000000, 0x0000000730000000)
  eden space 524288K,   0% used [0x0000000700000000, 0x0000000700000000, 0x0000000720000000)
  from space 131072K,  94% used [0x0000000728000000, 0x000000072f8cbef8, 0x0000000730000000)
  to   space 131072K,   0% used [0x0000000720000000, 0x0000000720000000, 0x0000000728000000)
 concurrent mark-sweep generation total 2359296K, used 408503K [0x0000000730000000, 0x00000007c0000000, 0x00000007c0000000)
 Metaspace       used 82689K, capacity 86951K, committed 87136K, reserved 1126400K
  class space    used 8700K, capacity 9619K, committed 9712K, reserved 1048576K
}
2018-01-03T22:05:38.221-0200: 5911,513: Total time for which application threads were stopped: 0,1120103 seconds, Stopping threads took: 0,0000244 seconds
{Heap before GC invocations=131 (full 2):
 par new generation   total 655360K, used 647983K [0x0000000700000000, 0x0000000730000000, 0x0000000730000000)
  eden space 524288K, 100% used [0x0000000700000000, 0x0000000720000000, 0x0000000720000000)
  from space 131072K,  94% used [0x0000000728000000, 0x000000072f8cbef8, 0x0000000730000000)
  to   space 131072K,   0% used [0x0000000720000000, 0x0000000720000000, 0x0000000728000000)
 concurrent mark-sweep generation total 2359296K, used 408503K [0x0000000730000000, 0x00000007c0000000, 0x00000007c0000000)
 Metaspace       used 82689K, capacity 86951K, committed 87136K, reserved 1126400K
  class space    used 8700K, capacity 9619K, committed 9712K, reserved 1048576K
2018-01-03T22:05:39.369-0200: 5912,660: [GC (Allocation Failure) 2018-01-03T22:05:39.369-0200: 5912,661: [ParNew
Desired survivor size 120795952 bytes, new threshold 8 (max 8)
- age   1:   29851464 bytes,   29851464 total
- age   2:   14753192 bytes,   44604656 total
- age   3:   17727984 bytes,   62332640 total
- age   4:   14852448 bytes,   77185088 total
- age   5:   14894144 bytes,   92079232 total
- age   6:   11048472 bytes,  103127704 total
- age   7:    4626784 bytes,  107754488 total
- age   8:    3899432 bytes,  111653920 total
: 647983K->130891K(655360K), 0,1258198 secs] 1056487K->540836K(3014656K), 0,1258699 secs] [Times: user=0,13 sys=0,00, real=0,13 secs] 
Heap after GC invocations=132 (full 2):
 par new generation   total 655360K, used 130891K [0x0000000700000000, 0x0000000730000000, 0x0000000730000000)
  eden space 524288K,   0% used [0x0000000700000000, 0x0000000700000000, 0x0000000720000000)
  from space 131072K,  99% used [0x0000000720000000, 0x0000000727fd2c10, 0x0000000728000000)
  to   space 131072K,   0% used [0x0000000728000000, 0x0000000728000000, 0x0000000730000000)
 concurrent mark-sweep generation total 2359296K, used 409945K [0x0000000730000000, 0x00000007c0000000, 0x00000007c0000000)
 Metaspace       used 82689K, capacity 86951K, committed 87136K, reserved 1126400K
  class space    used 8700K, capacity 9619K, committed 9712K, reserved 1048576K
}
2018-01-03T22:05:39.495-0200: 5912,786: Total time for which application threads were stopped: 0,1260392 seconds, Stopping threads took: 0,0000287 seconds
{Heap before GC invocations=132 (full 2):
 par new generation   total 655360K, used 655179K [0x0000000700000000, 0x0000000730000000, 0x0000000730000000)
  eden space 524288K, 100% used [0x0000000700000000, 0x0000000720000000, 0x0000000720000000)
  from space 131072K,  99% used [0x0000000720000000, 0x0000000727fd2c10, 0x0000000728000000)
  to   space 131072K,   0% used [0x0000000728000000, 0x0000000728000000, 0x0000000730000000)
 concurrent mark-sweep generation total 2359296K, used 409945K [0x0000000730000000, 0x00000007c0000000, 0x00000007c0000000)
 Metaspace       used 82689K, capacity 86951K, committed 87136K, reserved 1126400K
  class space    used 8700K, capacity 9619K, committed 9712K, reserved 1048576K
2018-01-03T22:05:40.634-0200: 5913,926: [GC (Allocation Failure) 2018-01-03T22:05:40.634-0200: 5913,926: [ParNew
Desired survivor size 120795952 bytes, new threshold 8 (max 8)
- age   1:   29139016 bytes,   29139016 total
- age   2:   16956896 bytes,   46095912 total
- age   3:   13802704 bytes,   59898616 total
- age   4:   15756736 bytes,   75655352 total
- age   5:   13889536 bytes,   89544888 total
- age   6:   13954848 bytes,  103499736 total
- age   7:   10377528 bytes,  113877264 total
- age   8:    4543024 bytes,  118420288 total
: 655179K->131072K(655360K), 0,1315185 secs] 1065124K->551239K(3014656K), 0,1315713 secs] [Times: user=0,14 sys=0,00, real=0,14 secs] 
Heap after GC invocations=133 (full 2):
 par new generation   total 655360K, used 131072K [0x0000000700000000, 0x0000000730000000, 0x0000000730000000)
  eden space 524288K,   0% used [0x0000000700000000, 0x0000000700000000, 0x0000000720000000)
  from space 131072K, 100% used [0x0000000728000000, 0x0000000730000000, 0x0000000730000000)
  to   space 131072K,   0% used [0x0000000720000000, 0x0000000720000000, 0x0000000728000000)
 concurrent mark-sweep generation total 2359296K, used 420167K [0x0000000730000000, 0x00000007c0000000, 0x00000007c0000000)
 Metaspace       used 82689K, capacity 86951K, committed 87136K, reserved 1126400K
  class space    used 8700K, capacity 9619K, committed 9712K, reserved 1048576K
}
2018-01-03T22:05:40.766-0200: 5914,057: Total time for which application threads were stopped: 0,1317400 seconds, Stopping threads took: 0,0000227 seconds
2018-01-03T22:05:41.768-0200: 5915,060: Total time for which application threads were stopped: 0,0021058 seconds, Stopping threads took: 0,0020178 seconds
{Heap before GC invocations=133 (full 2):
 par new generation   total 655360K, used 655360K [0x0000000700000000, 0x0000000730000000, 0x0000000730000000)
  eden space 524288K, 100% used [0x0000000700000000, 0x0000000720000000, 0x0000000720000000)
  from space 131072K, 100% used [0x0000000728000000, 0x0000000730000000, 0x0000000730000000)
  to   space 131072K,   0% used [0x0000000720000000, 0x0000000720000000, 0x0000000728000000)
 concurrent mark-sweep generation total 2359296K, used 420167K [0x0000000730000000, 0x00000007c0000000, 0x00000007c0000000)
 Metaspace       used 82707K, capacity 87015K, committed 87136K, reserved 1126400K
  class space    used 8700K, capacity 9619K, committed 9712K, reserved 1048576K
2018-01-03T22:05:42.366-0200: 5915,658: [GC (Allocation Failure) 2018-01-03T22:05:42.366-0200: 5915,658: [ParNew
Desired survivor size 120795952 bytes, new threshold 8 (max 8)
- age   1:   22669744 bytes,   22669744 total
- age   2:   13529456 bytes,   36199200 total
- age   3:   14532800 bytes,   50732000 total
- age   4:   11394744 bytes,   62126744 total
- age   5:   12550016 bytes,   74676760 total
- age   6:   11484208 bytes,   86160968 total
- age   7:   11537088 bytes,   97698056 total
- age   8:    8736672 bytes,  106434728 total
: 655360K->131072K(655360K), 0,1050199 secs] 1075527K->555697K(3014656K), 0,1053682 secs] [Times: user=0,10 sys=0,00, real=0,10 secs] 
Heap after GC invocations=134 (full 2):
 par new generation   total 655360K, used 131072K [0x0000000700000000, 0x0000000730000000, 0x0000000730000000)
  eden space 524288K,   0% used [0x0000000700000000, 0x0000000700000000, 0x0000000720000000)
  from space 131072K, 100% used [0x0000000720000000, 0x0000000728000000, 0x0000000728000000)
  to   space 131072K,   0% used [0x0000000728000000, 0x0000000728000000, 0x0000000730000000)
 concurrent mark-sweep generation total 2359296K, used 424625K [0x0000000730000000, 0x00000007c0000000, 0x00000007c0000000)
 Metaspace       used 82707K, capacity 87015K, committed 87136K, reserved 1126400K
  class space    used 8700K, capacity 9619K, committed 9712K, reserved 1048576K
}
2018-01-03T22:05:42.471-0200: 5915,763: Total time for which application threads were stopped: 0,1055607 seconds, Stopping threads took: 0,0000241 seconds
2018-01-03T22:05:43.474-0200: 5916,766: Total time for which application threads were stopped: 0,0021086 seconds, Stopping threads took: 0,0020174 seconds
{Heap before GC invocations=134 (full 2):
 par new generation   total 655360K, used 655360K [0x0000000700000000, 0x0000000730000000, 0x0000000730000000)
  eden space 524288K, 100% used [0x0000000700000000, 0x0000000720000000, 0x0000000720000000)
  from space 131072K, 100% used [0x0000000720000000, 0x0000000728000000, 0x0000000728000000)
  to   space 131072K,   0% used [0x0000000728000000, 0x0000000728000000, 0x0000000730000000)
 concurrent mark-sweep generation total 2359296K, used 424625K [0x0000000730000000, 0x00000007c0000000, 0x00000007c0000000)
 Metaspace       used 82708K, capacity 87015K, committed 87136K, reserved 1126400K
  class space    used 8700K, capacity 9619K, committed 9712K, reserved 1048576K
2018-01-03T22:05:43.493-0200: 5916,785: [GC (Allocation Failure) 2018-01-03T22:05:43.493-0200: 5916,785: [ParNew
Desired survivor size 120795952 bytes, new threshold 8 (max 8)
- age   1:   11952552 bytes,   11952552 total
- age   2:    2863640 bytes,   14816192 total
- age   3:    6109384 bytes,   20925576 total
- age   4:    8170504 bytes,   29096080 total
- age   5:    6070552 bytes,   35166632 total
- age   6:    6031400 bytes,   41198032 total
- age   7:    6039280 bytes,   47237312 total
- age   8:    6034816 bytes,   53272128 total
: 655360K->105567K(655360K), 0,0883336 secs] 1079985K->535234K(3014656K), 0,0883844 secs] [Times: user=0,09 sys=0,00, real=0,09 secs] 
Heap after GC invocations=135 (full 2):
 par new generation   total 655360K, used 105567K [0x0000000700000000, 0x0000000730000000, 0x0000000730000000)
  eden space 524288K,   0% used [0x0000000700000000, 0x0000000700000000, 0x0000000720000000)
  from space 131072K,  80% used [0x0000000728000000, 0x000000072e717ee0, 0x0000000730000000)
  to   space 131072K,   0% used [0x0000000720000000, 0x0000000720000000, 0x0000000728000000)
 concurrent mark-sweep generation total 2359296K, used 429666K [0x0000000730000000, 0x00000007c0000000, 0x00000007c0000000)
 Metaspace       used 82708K, capacity 87015K, committed 87136K, reserved 1126400K
  class space    used 8700K, capacity 9619K, committed 9712K, reserved 1048576K
}
2018-01-03T22:05:43.582-0200: 5916,873: Total time for which application threads were stopped: 0,0885373 seconds, Stopping threads took: 0,0000222 seconds
{Heap before GC invocations=135 (full 2):
 par new generation   total 655360K, used 629855K [0x0000000700000000, 0x0000000730000000, 0x0000000730000000)
  eden space 524288K, 100% used [0x0000000700000000, 0x0000000720000000, 0x0000000720000000)
  from space 131072K,  80% used [0x0000000728000000, 0x000000072e717ee0, 0x0000000730000000)
  to   space 131072K,   0% used [0x0000000720000000, 0x0000000720000000, 0x0000000728000000)
 concurrent mark-sweep generation total 2359296K, used 429666K [0x0000000730000000, 0x00000007c0000000, 0x00000007c0000000)
 Metaspace       used 82708K, capacity 87015K, committed 87136K, reserved 1126400K
  class space    used 8700K, capacity 9619K, committed 9712K, reserved 1048576K
2018-01-03T22:05:44.685-0200: 5917,977: [GC (Allocation Failure) 2018-01-03T22:05:44.685-0200: 5917,977: [ParNew
Desired survivor size 120795952 bytes, new threshold 8 (max 8)
- age   1:   19920392 bytes,   19920392 total
- age   2:    9806008 bytes,   29726400 total
- age   3:    2863640 bytes,   32590040 total
- age   4:    6109264 bytes,   38699304 total
- age   5:    8170504 bytes,   46869808 total
- age   6:    6070552 bytes,   52940360 total
- age   7:    6031400 bytes,   58971760 total
- age   8:    6039280 bytes,   65011040 total
: 629855K->81329K(655360K), 0,0949307 secs] 1059522K->516889K(3014656K), 0,0949908 secs] [Times: user=0,09 sys=0,00, real=0,09 secs] 
Heap after GC invocations=136 (full 2):
 par new generation   total 655360K, used 81329K [0x0000000700000000, 0x0000000730000000, 0x0000000730000000)
  eden space 524288K,   0% used [0x0000000700000000, 0x0000000700000000, 0x0000000720000000)
  from space 131072K,  62% used [0x0000000720000000, 0x0000000724f6c518, 0x0000000728000000)
  to   space 131072K,   0% used [0x0000000728000000, 0x0000000728000000, 0x0000000730000000)
 concurrent mark-sweep generation total 2359296K, used 435559K [0x0000000730000000, 0x00000007c0000000, 0x00000007c0000000)
 Metaspace       used 82708K, capacity 87015K, committed 87136K, reserved 1126400K
  class space    used 8700K, capacity 9619K, committed 9712K, reserved 1048576K
}
2018-01-03T22:05:44.781-0200: 5918,072: Total time for which application threads were stopped: 0,0951901 seconds, Stopping threads took: 0,0000320 seconds
{Heap before GC invocations=136 (full 2):
 par new generation   total 655360K, used 605617K [0x0000000700000000, 0x0000000730000000, 0x0000000730000000)
  eden space 524288K, 100% used [0x0000000700000000, 0x0000000720000000, 0x0000000720000000)
  from space 131072K,  62% used [0x0000000720000000, 0x0000000724f6c518, 0x0000000728000000)
  to   space 131072K,   0% used [0x0000000728000000, 0x0000000728000000, 0x0000000730000000)
 concurrent mark-sweep generation total 2359296K, used 435559K [0x0000000730000000, 0x00000007c0000000, 0x00000007c0000000)
 Metaspace       used 82708K, capacity 87015K, committed 87136K, reserved 1126400K
  class space    used 8700K, capacity 9619K, committed 9712K, reserved 1048576K
2018-01-03T22:05:45.925-0200: 5919,216: [GC (Allocation Failure) 2018-01-03T22:05:45.925-0200: 5919,216: [ParNew
Desired survivor size 120795952 bytes, new threshold 8 (max 8)
- age   1:   23231192 bytes,   23231192 total
- age   2:   14962288 bytes,   38193480 total
- age   3:    9772656 bytes,   47966136 total
- age   4:    2863640 bytes,   50829776 total
- age   5:    6109264 bytes,   56939040 total
- age   6:    8170504 bytes,   65109544 total
- age   7:    6070552 bytes,   71180096 total
- age   8:    6031400 bytes,   77211496 total
: 605617K->99141K(655360K), 0,0950611 secs] 1041177K->540598K(3014656K), 0,0951089 secs] [Times: user=0,09 sys=0,00, real=0,09 secs] 
Heap after GC invocations=137 (full 2):
 par new generation   total 655360K, used 99141K [0x0000000700000000, 0x0000000730000000, 0x0000000730000000)
  eden space 524288K,   0% used [0x0000000700000000, 0x0000000700000000, 0x0000000720000000)
  from space 131072K,  75% used [0x0000000728000000, 0x000000072e0d14e0, 0x0000000730000000)
  to   space 131072K,   0% used [0x0000000720000000, 0x0000000720000000, 0x0000000728000000)
 concurrent mark-sweep generation total 2359296K, used 441457K [0x0000000730000000, 0x00000007c0000000, 0x00000007c0000000)
 Metaspace       used 82708K, capacity 87015K, committed 87136K, reserved 1126400K
  class space    used 8700K, capacity 9619K, committed 9712K, reserved 1048576K
}
2018-01-03T22:05:46.020-0200: 5919,311: Total time for which application threads were stopped: 0,0952734 seconds, Stopping threads took: 0,0000215 seconds
2018-01-03T22:05:46.522-0200: 5919,813: Total time for which application threads were stopped: 0,0021572 seconds, Stopping threads took: 0,0020165 seconds
2018-01-03T22:05:46.671-0200: 5919,963: Total time for which application threads were stopped: 0,0048977 seconds, Stopping threads took: 0,0047798 seconds
2018-01-03T22:05:46.843-0200: 5920,134: Total time for which application threads were stopped: 0,0042924 seconds, Stopping threads took: 0,0041502 seconds
2018-01-03T22:05:46.843-0200: 5920,135: Total time for which application threads were stopped: 0,0001009 seconds, Stopping threads took: 0,0000068 seconds
{Heap before GC invocations=137 (full 2):
 par new generation   total 655360K, used 623429K [0x0000000700000000, 0x0000000730000000, 0x0000000730000000)
  eden space 524288K, 100% used [0x0000000700000000, 0x0000000720000000, 0x0000000720000000)
  from space 131072K,  75% used [0x0000000728000000, 0x000000072e0d14e0, 0x0000000730000000)
  to   space 131072K,   0% used [0x0000000720000000, 0x0000000720000000, 0x0000000728000000)
 concurrent mark-sweep generation total 2359296K, used 441457K [0x0000000730000000, 0x00000007c0000000, 0x00000007c0000000)
 Metaspace       used 82715K, capacity 87015K, committed 87136K, reserved 1126400K
  class space    used 8700K, capacity 9619K, committed 9712K, reserved 1048576K
2018-01-03T22:05:47.393-0200: 5920,685: [GC (Allocation Failure) 2018-01-03T22:05:47.393-0200: 5920,685: [ParNew
Desired survivor size 120795952 bytes, new threshold 8 (max 8)
- age   1:   21877144 bytes,   21877144 total
- age   2:   14934832 bytes,   36811976 total
- age   3:   12326792 bytes,   49138768 total
- age   4:    8037008 bytes,   57175776 total
- age   5:    2863640 bytes,   60039416 total
- age   6:    6109264 bytes,   66148680 total
- age   7:    7121912 bytes,   73270592 total
- age   8:    6070552 bytes,   79341144 total
: 623429K->95487K(655360K), 0,0993724 secs] 1064886K->542834K(3014656K), 0,0998620 secs] [Times: user=0,10 sys=0,00, real=0,10 secs] 
Heap after GC invocations=138 (full 2):
 par new generation   total 655360K, used 95487K [0x0000000700000000, 0x0000000730000000, 0x0000000730000000)
  eden space 524288K,   0% used [0x0000000700000000, 0x0000000700000000, 0x0000000720000000)
  from space 131072K,  72% used [0x0000000720000000, 0x0000000725d3fc78, 0x0000000728000000)
  to   space 131072K,   0% used [0x0000000728000000, 0x0000000728000000, 0x0000000730000000)
 concurrent mark-sweep generation total 2359296K, used 447347K [0x0000000730000000, 0x00000007c0000000, 0x00000007c0000000)
 Metaspace       used 82715K, capacity 87015K, committed 87136K, reserved 1126400K
  class space    used 8700K, capacity 9619K, committed 9712K, reserved 1048576K
}
2018-01-03T22:05:47.493-0200: 5920,785: Total time for which application threads were stopped: 0,1065400 seconds, Stopping threads took: 0,0065187 seconds
2018-01-03T22:05:47.624-0200: 5920,916: Total time for which application threads were stopped: 0,0069794 seconds, Stopping threads took: 0,0068522 seconds
2018-01-03T22:05:47.625-0200: 5920,917: Total time for which application threads were stopped: 0,0001459 seconds, Stopping threads took: 0,0000108 seconds
2018-01-03T22:05:47.625-0200: 5920,917: Total time for which application threads were stopped: 0,0000765 seconds, Stopping threads took: 0,0000062 seconds
2018-01-03T22:05:48.048-0200: 5921,340: Total time for which application threads were stopped: 0,0001574 seconds, Stopping threads took: 0,0000309 seconds
2018-01-03T22:05:48.084-0200: 5921,375: Total time for which application threads were stopped: 0,0030842 seconds, Stopping threads took: 0,0029716 seconds
2018-01-03T22:05:48.084-0200: 5921,375: Total time for which application threads were stopped: 0,0000638 seconds, Stopping threads took: 0,0000059 seconds
2018-01-03T22:05:48.307-0200: 5921,599: Total time for which application threads were stopped: 0,0037588 seconds, Stopping threads took: 0,0035737 seconds
2018-01-03T22:05:48.308-0200: 5921,599: Total time for which application threads were stopped: 0,0000915 seconds, Stopping threads took: 0,0000082 seconds
2018-01-03T22:05:48.308-0200: 5921,599: Total time for which application threads were stopped: 0,0000688 seconds, Stopping threads took: 0,0000055 seconds
2018-01-03T22:05:48.308-0200: 5921,599: Total time for which application threads were stopped: 0,0000659 seconds, Stopping threads took: 0,0000053 seconds
2018-01-03T22:05:48.308-0200: 5921,599: Total time for which application threads were stopped: 0,0000673 seconds, Stopping threads took: 0,0000053 seconds
{Heap before GC invocations=138 (full 2):
 par new generation   total 655360K, used 619775K [0x0000000700000000, 0x0000000730000000, 0x0000000730000000)
  eden space 524288K, 100% used [0x0000000700000000, 0x0000000720000000, 0x0000000720000000)
  from space 131072K,  72% used [0x0000000720000000, 0x0000000725d3fc78, 0x0000000728000000)
  to   space 131072K,   0% used [0x0000000728000000, 0x0000000728000000, 0x0000000730000000)
 concurrent mark-sweep generation total 2359296K, used 447347K [0x0000000730000000, 0x00000007c0000000, 0x00000007c0000000)
 Metaspace       used 82718K, capacity 87015K, committed 87136K, reserved 1126400K
  class space    used 8700K, capacity 9619K, committed 9712K, reserved 1048576K
2018-01-03T22:05:48.774-0200: 5922,066: [GC (Allocation Failure) 2018-01-03T22:05:48.774-0200: 5922,066: [ParNew
Desired survivor size 120795952 bytes, new threshold 8 (max 8)
- age   1:   12239712 bytes,   12239712 total
- age   2:    6611336 bytes,   18851048 total
- age   3:    4564584 bytes,   23415632 total
- age   4:    4572024 bytes,   27987656 total
- age   5:    2899208 bytes,   30886864 total
- age   6:    2863640 bytes,   33750504 total
- age   7:    6109264 bytes,   39859768 total
- age   8:    7121912 bytes,   46981680 total
: 619775K->68720K(655360K), 0,0844134 secs] 1067122K->521996K(3014656K), 0,0844696 secs] [Times: user=0,08 sys=0,00, real=0,09 secs] 
Heap after GC invocations=139 (full 2):
 par new generation   total 655360K, used 68720K [0x0000000700000000, 0x0000000730000000, 0x0000000730000000)
  eden space 524288K,   0% used [0x0000000700000000, 0x0000000700000000, 0x0000000720000000)
  from space 131072K,  52% used [0x0000000728000000, 0x000000072c31c3a0, 0x0000000730000000)
  to   space 131072K,   0% used [0x0000000720000000, 0x0000000720000000, 0x0000000728000000)
 concurrent mark-sweep generation total 2359296K, used 453275K [0x0000000730000000, 0x00000007c0000000, 0x00000007c0000000)
 Metaspace       used 82718K, capacity 87015K, committed 87136K, reserved 1126400K
  class space    used 8700K, capacity 9619K, committed 9712K, reserved 1048576K
}
2018-01-03T22:05:48.858-0200: 5922,150: Total time for which application threads were stopped: 0,0846387 seconds, Stopping threads took: 0,0000234 seconds
{Heap before GC invocations=139 (full 2):
 par new generation   total 655360K, used 593008K [0x0000000700000000, 0x0000000730000000, 0x0000000730000000)
  eden space 524288K, 100% used [0x0000000700000000, 0x0000000720000000, 0x0000000720000000)
  from space 131072K,  52% used [0x0000000728000000, 0x000000072c31c3a0, 0x0000000730000000)
  to   space 131072K,   0% used [0x0000000720000000, 0x0000000720000000, 0x0000000728000000)
 concurrent mark-sweep generation total 2359296K, used 453275K [0x0000000730000000, 0x00000007c0000000, 0x00000007c0000000)
 Metaspace       used 82718K, capacity 87015K, committed 87136K, reserved 1126400K
  class space    used 8700K, capacity 9619K, committed 9712K, reserved 1048576K
2018-01-03T22:05:49.968-0200: 5923,259: [GC (Allocation Failure) 2018-01-03T22:05:49.968-0200: 5923,259: [ParNew
Desired survivor size 120795952 bytes, new threshold 8 (max 8)
- age   1:   20204488 bytes,   20204488 total
- age   2:   10272200 bytes,   30476688 total
- age   3:    6611336 bytes,   37088024 total
- age   4:    4564464 bytes,   41652488 total
- age   5:    4572024 bytes,   46224512 total
- age   6:    2899208 bytes,   49123720 total
- age   7:    2863640 bytes,   51987360 total
- age   8:    6109264 bytes,   58096624 total
: 593008K->68770K(655360K), 0,0944461 secs] 1046284K->529001K(3014656K), 0,0945063 secs] [Times: user=0,09 sys=0,00, real=0,09 secs] 
Heap after GC invocations=140 (full 2):
 par new generation   total 655360K, used 68770K [0x0000000700000000, 0x0000000730000000, 0x0000000730000000)
  eden space 524288K,   0% used [0x0000000700000000, 0x0000000700000000, 0x0000000720000000)
  from space 131072K,  52% used [0x0000000720000000, 0x0000000724328b80, 0x0000000728000000)
  to   space 131072K,   0% used [0x0000000728000000, 0x0000000728000000, 0x0000000730000000)
 concurrent mark-sweep generation total 2359296K, used 460230K [0x0000000730000000, 0x00000007c0000000, 0x00000007c0000000)
 Metaspace       used 82718K, capacity 87015K, committed 87136K, reserved 1126400K
  class space    used 8700K, capacity 9619K, committed 9712K, reserved 1048576K
}
2018-01-03T22:05:50.062-0200: 5923,354: Total time for which application threads were stopped: 0,0946721 seconds, Stopping threads took: 0,0000238 seconds
{Heap before GC invocations=140 (full 2):
 par new generation   total 655360K, used 593058K [0x0000000700000000, 0x0000000730000000, 0x0000000730000000)
  eden space 524288K, 100% used [0x0000000700000000, 0x0000000720000000, 0x0000000720000000)
  from space 131072K,  52% used [0x0000000720000000, 0x0000000724328b80, 0x0000000728000000)
  to   space 131072K,   0% used [0x0000000728000000, 0x0000000728000000, 0x0000000730000000)
 concurrent mark-sweep generation total 2359296K, used 460230K [0x0000000730000000, 0x00000007c0000000, 0x00000007c0000000)
 Metaspace       used 82718K, capacity 87015K, committed 87136K, reserved 1126400K
  class space    used 8700K, capacity 9619K, committed 9712K, reserved 1048576K
2018-01-03T22:05:51.196-0200: 5924,488: [GC (Allocation Failure) 2018-01-03T22:05:51.196-0200: 5924,488: [ParNew
Desired survivor size 120795952 bytes, new threshold 8 (max 8)
- age   1:   21700280 bytes,   21700280 total
- age   2:   15989032 bytes,   37689312 total
- age   3:   10238848 bytes,   47928160 total
- age   4:    6611336 bytes,   54539496 total
- age   5:    4564464 bytes,   59103960 total
- age   6:    4572024 bytes,   63675984 total
- age   7:    2899208 bytes,   66575192 total
- age   8:    2863640 bytes,   69438832 total
: 593058K->102295K(655360K), 0,1034945 secs] 1053289K->568492K(3014656K), 0,1035498 secs] [Times: user=0,10 sys=0,00, real=0,10 secs] 
Heap after GC invocations=141 (full 2):
 par new generation   total 655360K, used 102295K [0x0000000700000000, 0x0000000730000000, 0x0000000730000000)
  eden space 524288K,   0% used [0x0000000700000000, 0x0000000700000000, 0x0000000720000000)
  from space 131072K,  78% used [0x0000000728000000, 0x000000072e3e5d00, 0x0000000730000000)
  to   space 131072K,   0% used [0x0000000720000000, 0x0000000720000000, 0x0000000728000000)
 concurrent mark-sweep generation total 2359296K, used 466197K [0x0000000730000000, 0x00000007c0000000, 0x00000007c0000000)
 Metaspace       used 82718K, capacity 87015K, committed 87136K, reserved 1126400K
  class space    used 8700K, capacity 9619K, committed 9712K, reserved 1048576K
}
2018-01-03T22:05:51.300-0200: 5924,591: Total time for which application threads were stopped: 0,1037564 seconds, Stopping threads took: 0,0000349 seconds
{Heap before GC invocations=141 (full 2):
 par new generation   total 655360K, used 626583K [0x0000000700000000, 0x0000000730000000, 0x0000000730000000)
  eden space 524288K, 100% used [0x0000000700000000, 0x0000000720000000, 0x0000000720000000)
  from space 131072K,  78% used [0x0000000728000000, 0x000000072e3e5d00, 0x0000000730000000)
  to   space 131072K,   0% used [0x0000000720000000, 0x0000000720000000, 0x0000000728000000)
 concurrent mark-sweep generation total 2359296K, used 466197K [0x0000000730000000, 0x00000007c0000000, 0x00000007c0000000)
 Metaspace       used 82718K, capacity 87015K, committed 87136K, reserved 1126400K
  class space    used 8700K, capacity 9619K, committed 9712K, reserved 1048576K
2018-01-03T22:05:52.424-0200: 5925,716: [GC (Allocation Failure) 2018-01-03T22:05:52.424-0200: 5925,716: [ParNew
Desired survivor size 120795952 bytes, new threshold 8 (max 8)
- age   1:   25712752 bytes,   25712752 total
- age   2:   15700560 bytes,   41413312 total
- age   3:   14852080 bytes,   56265392 total
- age   4:   10238848 bytes,   66504240 total
- age   5:    6611336 bytes,   73115576 total
- age   6:    4564464 bytes,   77680040 total
- age   7:    4572024 bytes,   82252064 total
- age   8:    2899208 bytes,   85151272 total
: 626583K->89219K(655360K), 0,1061544 secs] 1092780K->558215K(3014656K), 0,1062109 secs] [Times: user=0,10 sys=0,00, real=0,10 secs] 
Heap after GC invocations=142 (full 2):
 par new generation   total 655360K, used 89219K [0x0000000700000000, 0x0000000730000000, 0x0000000730000000)
  eden space 524288K,   0% used [0x0000000700000000, 0x0000000700000000, 0x0000000720000000)
  from space 131072K,  68% used [0x0000000720000000, 0x0000000725720ca0, 0x0000000728000000)
  to   space 131072K,   0% used [0x0000000728000000, 0x0000000728000000, 0x0000000730000000)
 concurrent mark-sweep generation total 2359296K, used 468996K [0x0000000730000000, 0x00000007c0000000, 0x00000007c0000000)
 Metaspace       used 82718K, capacity 87015K, committed 87136K, reserved 1126400K
  class space    used 8700K, capacity 9619K, committed 9712K, reserved 1048576K
}
2018-01-03T22:05:52.530-0200: 5925,822: Total time for which application threads were stopped: 0,1063810 seconds, Stopping threads took: 0,0000317 seconds
{Heap before GC invocations=142 (full 2):
 par new generation   total 655360K, used 613507K [0x0000000700000000, 0x0000000730000000, 0x0000000730000000)
  eden space 524288K, 100% used [0x0000000700000000, 0x0000000720000000, 0x0000000720000000)
  from space 131072K,  68% used [0x0000000720000000, 0x0000000725720ca0, 0x0000000728000000)
  to   space 131072K,   0% used [0x0000000728000000, 0x0000000728000000, 0x0000000730000000)
 concurrent mark-sweep generation total 2359296K, used 468996K [0x0000000730000000, 0x00000007c0000000, 0x00000007c0000000)
 Metaspace       used 82718K, capacity 87015K, committed 87136K, reserved 1126400K
  class space    used 8700K, capacity 9619K, committed 9712K, reserved 1048576K
2018-01-03T22:05:53.648-0200: 5926,940: [GC (Allocation Failure) 2018-01-03T22:05:53.648-0200: 5926,940: [ParNew
Desired survivor size 120795952 bytes, new threshold 8 (max 8)
- age   1:   25656544 bytes,   25656544 total
- age   2:   17957088 bytes,   43613632 total
- age   3:   15167808 bytes,   58781440 total
- age   4:   14852080 bytes,   73633520 total
- age   5:   10238848 bytes,   83872368 total
- age   6:    6611336 bytes,   90483704 total
- age   7:    4564464 bytes,   95048168 total
- age   8:    4572024 bytes,   99620192 total
: 613507K->122152K(655360K), 0,1076682 secs] 1082503K->593980K(3014656K), 0,1077172 secs] [Times: user=0,11 sys=0,00, real=0,11 secs] 
Heap after GC invocations=143 (full 2):
 par new generation   total 655360K, used 122152K [0x0000000700000000, 0x0000000730000000, 0x0000000730000000)
  eden space 524288K,   0% used [0x0000000700000000, 0x0000000700000000, 0x0000000720000000)
  from space 131072K,  93% used [0x0000000728000000, 0x000000072f74a360, 0x0000000730000000)
  to   space 131072K,   0% used [0x0000000720000000, 0x0000000720000000, 0x0000000728000000)
 concurrent mark-sweep generation total 2359296K, used 471828K [0x0000000730000000, 0x00000007c0000000, 0x00000007c0000000)
 Metaspace       used 82718K, capacity 87015K, committed 87136K, reserved 1126400K
  class space    used 8700K, capacity 9619K, committed 9712K, reserved 1048576K
}
2018-01-03T22:05:53.756-0200: 5927,047: Total time for which application threads were stopped: 0,1078781 seconds, Stopping threads took: 0,0000230 seconds
{Heap before GC invocations=143 (full 2):
 par new generation   total 655360K, used 646440K [0x0000000700000000, 0x0000000730000000, 0x0000000730000000)
  eden space 524288K, 100% used [0x0000000700000000, 0x0000000720000000, 0x0000000720000000)
  from space 131072K,  93% used [0x0000000728000000, 0x000000072f74a360, 0x0000000730000000)
  to   space 131072K,   0% used [0x0000000720000000, 0x0000000720000000, 0x0000000728000000)
 concurrent mark-sweep generation total 2359296K, used 471828K [0x0000000730000000, 0x00000007c0000000, 0x00000007c0000000)
 Metaspace       used 82718K, capacity 87015K, committed 87136K, reserved 1126400K
  class space    used 8700K, capacity 9619K, committed 9712K, reserved 1048576K
2018-01-03T22:05:54.905-0200: 5928,196: [GC (Allocation Failure) 2018-01-03T22:05:54.905-0200: 5928,196: [ParNew
Desired survivor size 120795952 bytes, new threshold 8 (max 8)
- age   1:   28289088 bytes,   28289088 total
- age   2:   15137256 bytes,   43426344 total
- age   3:   16178416 bytes,   59604760 total
- age   4:   14015352 bytes,   73620112 total
- age   5:   14318648 bytes,   87938760 total
- age   6:    9830104 bytes,   97768864 total
- age   7:    6572728 bytes,  104341592 total
- age   8:    4563840 bytes,  108905432 total
: 646440K->131072K(655360K), 0,1300015 secs] 1118268K->611560K(3014656K), 0,1300572 secs] [Times: user=0,13 sys=0,00, real=0,13 secs] 
Heap after GC invocations=144 (full 2):
 par new generation   total 655360K, used 131072K [0x0000000700000000, 0x0000000730000000, 0x0000000730000000)
  eden space 524288K,   0% used [0x0000000700000000, 0x0000000700000000, 0x0000000720000000)
  from space 131072K, 100% used [0x0000000720000000, 0x0000000728000000, 0x0000000728000000)
  to   space 131072K,   0% used [0x0000000728000000, 0x0000000728000000, 0x0000000730000000)
 concurrent mark-sweep generation total 2359296K, used 480488K [0x0000000730000000, 0x00000007c0000000, 0x00000007c0000000)
 Metaspace       used 82718K, capacity 87015K, committed 87136K, reserved 1126400K
  class space    used 8700K, capacity 9619K, committed 9712K, reserved 1048576K
}
2018-01-03T22:05:55.035-0200: 5928,326: Total time for which application threads were stopped: 0,1302504 seconds, Stopping threads took: 0,0000284 seconds
{Heap before GC invocations=144 (full 2):
 par new generation   total 655360K, used 655360K [0x0000000700000000, 0x0000000730000000, 0x0000000730000000)
  eden space 524288K, 100% used [0x0000000700000000, 0x0000000720000000, 0x0000000720000000)
  from space 131072K, 100% used [0x0000000720000000, 0x0000000728000000, 0x0000000728000000)
  to   space 131072K,   0% used [0x0000000728000000, 0x0000000728000000, 0x0000000730000000)
 concurrent mark-sweep generation total 2359296K, used 480488K [0x0000000730000000, 0x00000007c0000000, 0x00000007c0000000)
 Metaspace       used 82718K, capacity 87015K, committed 87136K, reserved 1126400K
  class space    used 8700K, capacity 9619K, committed 9712K, reserved 1048576K
2018-01-03T22:05:56.157-0200: 5929,449: [GC (Allocation Failure) 2018-01-03T22:05:56.157-0200: 5929,449: [ParNew
Desired survivor size 120795952 bytes, new threshold 8 (max 8)
- age   1:   27128648 bytes,   27128648 total
- age   2:   15730928 bytes,   42859576 total
- age   3:   13724432 bytes,   56584008 total
- age   4:   13710640 bytes,   70294648 total
- age   5:   12811360 bytes,   83106008 total
- age   6:   12896000 bytes,   96002008 total
- age   7:    8830568 bytes,  104832576 total
- age   8:    6303416 bytes,  111135992 total
: 655360K->131072K(655360K), 0,1304919 secs] 1135848K->627079K(3014656K), 0,1305420 secs] [Times: user=0,13 sys=0,00, real=0,13 secs] 
Heap after GC invocations=145 (full 2):
 par new generation   total 655360K, used 131072K [0x0000000700000000, 0x0000000730000000, 0x0000000730000000)
  eden space 524288K,   0% used [0x0000000700000000, 0x0000000700000000, 0x0000000720000000)
  from space 131072K, 100% used [0x0000000728000000, 0x0000000730000000, 0x0000000730000000)
  to   space 131072K,   0% used [0x0000000720000000, 0x0000000720000000, 0x0000000728000000)
 concurrent mark-sweep generation total 2359296K, used 496007K [0x0000000730000000, 0x00000007c0000000, 0x00000007c0000000)
 Metaspace       used 82718K, capacity 87015K, committed 87136K, reserved 1126400K
  class space    used 8700K, capacity 9619K, committed 9712K, reserved 1048576K
}
2018-01-03T22:05:56.288-0200: 5929,579: Total time for which application threads were stopped: 0,1307315 seconds, Stopping threads took: 0,0000238 seconds
{Heap before GC invocations=145 (full 2):
 par new generation   total 655360K, used 655360K [0x0000000700000000, 0x0000000730000000, 0x0000000730000000)
  eden space 524288K, 100% used [0x0000000700000000, 0x0000000720000000, 0x0000000720000000)
  from space 131072K, 100% used [0x0000000728000000, 0x0000000730000000, 0x0000000730000000)
  to   space 131072K,   0% used [0x0000000720000000, 0x0000000720000000, 0x0000000728000000)
 concurrent mark-sweep generation total 2359296K, used 496007K [0x0000000730000000, 0x00000007c0000000, 0x00000007c0000000)
 Metaspace       used 82718K, capacity 87015K, committed 87136K, reserved 1126400K
  class space    used 8700K, capacity 9619K, committed 9712K, reserved 1048576K
2018-01-03T22:05:57.974-0200: 5931,266: [GC (Allocation Failure) 2018-01-03T22:05:57.974-0200: 5931,266: [ParNew
Desired survivor size 120795952 bytes, new threshold 8 (max 8)
- age   1:   26421960 bytes,   26421960 total
- age   2:   13668648 bytes,   40090608 total
- age   3:   14298024 bytes,   54388632 total
- age   4:   12182016 bytes,   66570648 total
- age   5:   11139968 bytes,   77710616 total
- age   6:   11268496 bytes,   88979112 total
- age   7:   11194736 bytes,  100173848 total
- age   8:    7836840 bytes,  108010688 total
: 655360K->131072K(655360K), 0,1032440 secs] 1151367K->633234K(3014656K), 0,1037157 secs] [Times: user=0,10 sys=0,00, real=0,10 secs] 
Heap after GC invocations=146 (full 2):
 par new generation   total 655360K, used 131072K [0x0000000700000000, 0x0000000730000000, 0x0000000730000000)
  eden space 524288K,   0% used [0x0000000700000000, 0x0000000700000000, 0x0000000720000000)
  from space 131072K, 100% used [0x0000000720000000, 0x0000000728000000, 0x0000000728000000)
  to   space 131072K,   0% used [0x0000000728000000, 0x0000000728000000, 0x0000000730000000)
 concurrent mark-sweep generation total 2359296K, used 502162K [0x0000000730000000, 0x00000007c0000000, 0x00000007c0000000)
 Metaspace       used 82718K, capacity 87015K, committed 87136K, reserved 1126400K
  class space    used 8700K, capacity 9619K, committed 9712K, reserved 1048576K
}
2018-01-03T22:05:58.078-0200: 5931,370: Total time for which application threads were stopped: 0,1039233 seconds, Stopping threads took: 0,0000315 seconds
{Heap before GC invocations=146 (full 2):
 par new generation   total 655360K, used 655360K [0x0000000700000000, 0x0000000730000000, 0x0000000730000000)
  eden space 524288K, 100% used [0x0000000700000000, 0x0000000720000000, 0x0000000720000000)
  from space 131072K, 100% used [0x0000000720000000, 0x0000000728000000, 0x0000000728000000)
  to   space 131072K,   0% used [0x0000000728000000, 0x0000000728000000, 0x0000000730000000)
 concurrent mark-sweep generation total 2359296K, used 502162K [0x0000000730000000, 0x00000007c0000000, 0x00000007c0000000)
 Metaspace       used 82721K, capacity 87015K, committed 87136K, reserved 1126400K
  class space    used 8700K, capacity 9619K, committed 9712K, reserved 1048576K
2018-01-03T22:05:59.023-0200: 5932,314: [GC (Allocation Failure) 2018-01-03T22:05:59.023-0200: 5932,314: [ParNew
Desired survivor size 120795952 bytes, new threshold 8 (max 8)
- age   1:   10558248 bytes,   10558248 total
- age   2:    6240408 bytes,   16798656 total
- age   3:    6467992 bytes,   23266648 total
- age   4:    8631192 bytes,   31897840 total
- age   5:    6481048 bytes,   38378888 total
- age   6:    6407312 bytes,   44786200 total
- age   7:    6491240 bytes,   51277440 total
- age   8:    6425912 bytes,   57703352 total
: 655360K->105857K(655360K), 0,0860297 secs] 1157522K->612993K(3014656K), 0,0860996 secs] [Times: user=0,09 sys=0,00, real=0,09 secs] 
Heap after GC invocations=147 (full 2):
 par new generation   total 655360K, used 105857K [0x0000000700000000, 0x0000000730000000, 0x0000000730000000)
  eden space 524288K,   0% used [0x0000000700000000, 0x0000000700000000, 0x0000000720000000)
  from space 131072K,  80% used [0x0000000728000000, 0x000000072e760440, 0x0000000730000000)
  to   space 131072K,   0% used [0x0000000720000000, 0x0000000720000000, 0x0000000728000000)
 concurrent mark-sweep generation total 2359296K, used 507136K [0x0000000730000000, 0x00000007c0000000, 0x00000007c0000000)
 Metaspace       used 82721K, capacity 87015K, committed 87136K, reserved 1126400K
  class space    used 8700K, capacity 9619K, committed 9712K, reserved 1048576K
}
2018-01-03T22:05:59.109-0200: 5932,400: Total time for which application threads were stopped: 0,0862751 seconds, Stopping threads took: 0,0000310 seconds
{Heap before GC invocations=147 (full 2):
 par new generation   total 655360K, used 630145K [0x0000000700000000, 0x0000000730000000, 0x0000000730000000)
  eden space 524288K, 100% used [0x0000000700000000, 0x0000000720000000, 0x0000000720000000)
  from space 131072K,  80% used [0x0000000728000000, 0x000000072e760440, 0x0000000730000000)
  to   space 131072K,   0% used [0x0000000720000000, 0x0000000720000000, 0x0000000728000000)
 concurrent mark-sweep generation total 2359296K, used 507136K [0x0000000730000000, 0x00000007c0000000, 0x00000007c0000000)
 Metaspace       used 82721K, capacity 87015K, committed 87136K, reserved 1126400K
  class space    used 8700K, capacity 9619K, committed 9712K, reserved 1048576K
2018-01-03T22:06:00.326-0200: 5933,617: [GC (Allocation Failure) 2018-01-03T22:06:00.326-0200: 5933,617: [ParNew
Desired survivor size 120795952 bytes, new threshold 8 (max 8)
- age   1:   20648944 bytes,   20648944 total
- age   2:    8575240 bytes,   29224184 total
- age   3:    6240408 bytes,   35464592 total
- age   4:    6467872 bytes,   41932464 total
- age   5:    8631192 bytes,   50563656 total
- age   6:    6481048 bytes,   57044704 total
- age   7:    6407312 bytes,   63452016 total
- age   8:    6491240 bytes,   69943256 total
: 630145K->83317K(655360K), 0,1045413 secs] 1137281K->596729K(3014656K), 0,1045959 secs] [Times: user=0,10 sys=0,00, real=0,10 secs] 
Heap after GC invocations=148 (full 2):
 par new generation   total 655360K, used 83317K [0x0000000700000000, 0x0000000730000000, 0x0000000730000000)
  eden space 524288K,   0% used [0x0000000700000000, 0x0000000700000000, 0x0000000720000000)
  from space 131072K,  63% used [0x0000000720000000, 0x000000072515d648, 0x0000000728000000)
  to   space 131072K,   0% used [0x0000000728000000, 0x0000000728000000, 0x0000000730000000)
 concurrent mark-sweep generation total 2359296K, used 513412K [0x0000000730000000, 0x00000007c0000000, 0x00000007c0000000)
 Metaspace       used 82721K, capacity 87015K, committed 87136K, reserved 1126400K
  class space    used 8700K, capacity 9619K, committed 9712K, reserved 1048576K
}
2018-01-03T22:06:00.430-0200: 5933,722: Total time for which application threads were stopped: 0,1047816 seconds, Stopping threads took: 0,0000230 seconds
2018-01-03T22:06:01.529-0200: 5934,820: Total time for which application threads were stopped: 0,0021718 seconds, Stopping threads took: 0,0020235 seconds
{Heap before GC invocations=148 (full 2):
 par new generation   total 655360K, used 607605K [0x0000000700000000, 0x0000000730000000, 0x0000000730000000)
  eden space 524288K, 100% used [0x0000000700000000, 0x0000000720000000, 0x0000000720000000)
  from space 131072K,  63% used [0x0000000720000000, 0x000000072515d648, 0x0000000728000000)
  to   space 131072K,   0% used [0x0000000728000000, 0x0000000728000000, 0x0000000730000000)
 concurrent mark-sweep generation total 2359296K, used 513412K [0x0000000730000000, 0x00000007c0000000, 0x00000007c0000000)
 Metaspace       used 82721K, capacity 87015K, committed 87136K, reserved 1126400K
  class space    used 8700K, capacity 9619K, committed 9712K, reserved 1048576K
2018-01-03T22:06:01.602-0200: 5934,893: [GC (Allocation Failure) 2018-01-03T22:06:01.602-0200: 5934,893: [ParNew
Desired survivor size 120795952 bytes, new threshold 8 (max 8)
- age   1:   22043920 bytes,   22043920 total
- age   2:   15772200 bytes,   37816120 total
- age   3:    8541320 bytes,   46357440 total
- age   4:    6240408 bytes,   52597848 total
- age   5:    6467872 bytes,   59065720 total
- age   6:    8631192 bytes,   67696912 total
- age   7:    6481048 bytes,   74177960 total
- age   8:    6407312 bytes,   80585272 total
: 607605K->105849K(655360K), 0,1067572 secs] 1121017K->625600K(3014656K), 0,1068068 secs] [Times: user=0,11 sys=0,00, real=0,11 secs] 
Heap after GC invocations=149 (full 2):
 par new generation   total 655360K, used 105849K [0x0000000700000000, 0x0000000730000000, 0x0000000730000000)
  eden space 524288K,   0% used [0x0000000700000000, 0x0000000700000000, 0x0000000720000000)
  from space 131072K,  80% used [0x0000000728000000, 0x000000072e75e680, 0x0000000730000000)
  to   space 131072K,   0% used [0x0000000720000000, 0x0000000720000000, 0x0000000728000000)
 concurrent mark-sweep generation total 2359296K, used 519751K [0x0000000730000000, 0x00000007c0000000, 0x00000007c0000000)
 Metaspace       used 82721K, capacity 87015K, committed 87136K, reserved 1126400K
  class space    used 8700K, capacity 9619K, committed 9712K, reserved 1048576K
}
2018-01-03T22:06:01.709-0200: 5935,000: Total time for which application threads were stopped: 0,1090287 seconds, Stopping threads took: 0,0020761 seconds
2018-01-03T22:06:01.759-0200: 5935,051: Total time for which application threads were stopped: 0,0042334 seconds, Stopping threads took: 0,0040810 seconds
2018-01-03T22:06:01.887-0200: 5935,178: Total time for which application threads were stopped: 0,0039237 seconds, Stopping threads took: 0,0037777 seconds
2018-01-03T22:06:01.887-0200: 5935,179: Total time for which application threads were stopped: 0,0000973 seconds, Stopping threads took: 0,0000084 seconds
2018-01-03T22:06:02.404-0200: 5935,696: Total time for which application threads were stopped: 0,0052781 seconds, Stopping threads took: 0,0051289 seconds
2018-01-03T22:06:02.408-0200: 5935,700: Total time for which application threads were stopped: 0,0003383 seconds, Stopping threads took: 0,0002223 seconds
2018-01-03T22:06:02.409-0200: 5935,700: Total time for which application threads were stopped: 0,0000817 seconds, Stopping threads took: 0,0000084 seconds
2018-01-03T22:06:02.994-0200: 5936,286: Total time for which application threads were stopped: 0,0079302 seconds, Stopping threads took: 0,0077942 seconds
2018-01-03T22:06:03.026-0200: 5936,317: Total time for which application threads were stopped: 0,0036559 seconds, Stopping threads took: 0,0034890 seconds
2018-01-03T22:06:03.027-0200: 5936,318: Total time for which application threads were stopped: 0,0003244 seconds, Stopping threads took: 0,0002009 seconds
2018-01-03T22:06:03.245-0200: 5936,536: Total time for which application threads were stopped: 0,0071977 seconds, Stopping threads took: 0,0070480 seconds
2018-01-03T22:06:03.245-0200: 5936,537: Total time for which application threads were stopped: 0,0000933 seconds, Stopping threads took: 0,0000084 seconds
2018-01-03T22:06:03.247-0200: 5936,538: Total time for which application threads were stopped: 0,0001162 seconds, Stopping threads took: 0,0000130 seconds
2018-01-03T22:06:03.247-0200: 5936,539: Total time for which application threads were stopped: 0,0001403 seconds, Stopping threads took: 0,0000055 seconds
2018-01-03T22:06:03.247-0200: 5936,539: Total time for which application threads were stopped: 0,0001044 seconds, Stopping threads took: 0,0000195 seconds
2018-01-03T22:06:03.248-0200: 5936,539: Total time for which application threads were stopped: 0,0000684 seconds, Stopping threads took: 0,0000066 seconds
2018-01-03T22:06:03.252-0200: 5936,544: Total time for which application threads were stopped: 0,0003153 seconds, Stopping threads took: 0,0002217 seconds
{Heap before GC invocations=149 (full 2):
 par new generation   total 655360K, used 630137K [0x0000000700000000, 0x0000000730000000, 0x0000000730000000)
  eden space 524288K, 100% used [0x0000000700000000, 0x0000000720000000, 0x0000000720000000)
  from space 131072K,  80% used [0x0000000728000000, 0x000000072e75e680, 0x0000000730000000)
  to   space 131072K,   0% used [0x0000000720000000, 0x0000000720000000, 0x0000000728000000)
 concurrent mark-sweep generation total 2359296K, used 519751K [0x0000000730000000, 0x00000007c0000000, 0x00000007c0000000)
 Metaspace       used 82802K, capacity 87079K, committed 87392K, reserved 1126400K
  class space    used 8711K, capacity 9619K, committed 9712K, reserved 1048576K
2018-01-03T22:06:03.256-0200: 5936,547: [GC (Allocation Failure) 2018-01-03T22:06:03.256-0200: 5936,547: [ParNew
Desired survivor size 120795952 bytes, new threshold 8 (max 8)
- age   1:    6529960 bytes,    6529960 total
- age   2:    6653360 bytes,   13183320 total
- age   3:    6570600 bytes,   19753920 total
- age   4:    3554632 bytes,   23308552 total
- age   5:    6240408 bytes,   29548960 total
- age   6:    6467872 bytes,   36016832 total
- age   7:    8631192 bytes,   44648024 total
- age   8:    6481048 bytes,   51129072 total
: 630137K->78106K(655360K), 0,0857871 secs] 1149888K->604115K(3014656K), 0,0859184 secs] [Times: user=0,09 sys=0,00, real=0,08 secs] 
Heap after GC invocations=150 (full 2):
 par new generation   total 655360K, used 78106K [0x0000000700000000, 0x0000000730000000, 0x0000000730000000)
  eden space 524288K,   0% used [0x0000000700000000, 0x0000000700000000, 0x0000000720000000)
  from space 131072K,  59% used [0x0000000720000000, 0x0000000724c46bf0, 0x0000000728000000)
  to   space 131072K,   0% used [0x0000000728000000, 0x0000000728000000, 0x0000000730000000)
 concurrent mark-sweep generation total 2359296K, used 526008K [0x0000000730000000, 0x00000007c0000000, 0x00000007c0000000)
 Metaspace       used 82802K, capacity 87079K, committed 87392K, reserved 1126400K
  class space    used 8711K, capacity 9619K, committed 9712K, reserved 1048576K
}
2018-01-03T22:06:03.342-0200: 5936,633: Total time for which application threads were stopped: 0,0865725 seconds, Stopping threads took: 0,0004301 seconds
2018-01-03T22:06:03.363-0200: 5936,655: Total time for which application threads were stopped: 0,0021216 seconds, Stopping threads took: 0,0020302 seconds
2018-01-03T22:06:04.364-0200: 5937,656: Total time for which application threads were stopped: 0,0001327 seconds, Stopping threads took: 0,0000257 seconds
{Heap before GC invocations=150 (full 2):
 par new generation   total 655360K, used 602394K [0x0000000700000000, 0x0000000730000000, 0x0000000730000000)
  eden space 524288K, 100% used [0x0000000700000000, 0x0000000720000000, 0x0000000720000000)
  from space 131072K,  59% used [0x0000000720000000, 0x0000000724c46bf0, 0x0000000728000000)
  to   space 131072K,   0% used [0x0000000728000000, 0x0000000728000000, 0x0000000730000000)
 concurrent mark-sweep generation total 2359296K, used 526008K [0x0000000730000000, 0x00000007c0000000, 0x00000007c0000000)
 Metaspace       used 82814K, capacity 87119K, committed 87392K, reserved 1126400K
  class space    used 8713K, capacity 9653K, committed 9712K, reserved 1048576K
2018-01-03T22:06:04.585-0200: 5937,877: [GC (Allocation Failure) 2018-01-03T22:06:04.585-0200: 5937,877: [ParNew
Desired survivor size 120795952 bytes, new threshold 8 (max 8)
- age   1:   18817312 bytes,   18817312 total
- age   2:    5876120 bytes,   24693432 total
- age   3:    6653360 bytes,   31346792 total
- age   4:    6570480 bytes,   37917272 total
- age   5:    3554632 bytes,   41471904 total
- age   6:    6240408 bytes,   47712312 total
- age   7:    6467872 bytes,   54180184 total
- age   8:    8631192 bytes,   62811376 total
: 602394K->76832K(655360K), 0,0996754 secs] 1128403K->609170K(3014656K), 0,0997285 secs] [Times: user=0,10 sys=0,00, real=0,10 secs] 
Heap after GC invocations=151 (full 2):
 par new generation   total 655360K, used 76832K [0x0000000700000000, 0x0000000730000000, 0x0000000730000000)
  eden space 524288K,   0% used [0x0000000700000000, 0x0000000700000000, 0x0000000720000000)
  from space 131072K,  58% used [0x0000000728000000, 0x000000072cb082f8, 0x0000000730000000)
  to   space 131072K,   0% used [0x0000000720000000, 0x0000000720000000, 0x0000000728000000)
 concurrent mark-sweep generation total 2359296K, used 532337K [0x0000000730000000, 0x00000007c0000000, 0x00000007c0000000)
 Metaspace       used 82814K, capacity 87119K, committed 87392K, reserved 1126400K
  class space    used 8713K, capacity 9653K, committed 9712K, reserved 1048576K
}
2018-01-03T22:06:04.685-0200: 5937,976: Total time for which application threads were stopped: 0,0999063 seconds, Stopping threads took: 0,0000301 seconds
2018-01-03T22:06:05.688-0200: 5938,979: Total time for which application threads were stopped: 0,0020795 seconds, Stopping threads took: 0,0019898 seconds
{Heap before GC invocations=151 (full 2):
 par new generation   total 655360K, used 601120K [0x0000000700000000, 0x0000000730000000, 0x0000000730000000)
  eden space 524288K, 100% used [0x0000000700000000, 0x0000000720000000, 0x0000000720000000)
  from space 131072K,  58% used [0x0000000728000000, 0x000000072cb082f8, 0x0000000730000000)
  to   space 131072K,   0% used [0x0000000720000000, 0x0000000720000000, 0x0000000728000000)
 concurrent mark-sweep generation total 2359296K, used 532337K [0x0000000730000000, 0x00000007c0000000, 0x00000007c0000000)
 Metaspace       used 82814K, capacity 87119K, committed 87392K, reserved 1126400K
  class space    used 8713K, capacity 9653K, committed 9712K, reserved 1048576K
2018-01-03T22:06:05.883-0200: 5939,174: [GC (Allocation Failure) 2018-01-03T22:06:05.883-0200: 5939,175: [ParNew
Desired survivor size 120795952 bytes, new threshold 8 (max 8)
- age   1:   21971504 bytes,   21971504 total
- age   2:   14828032 bytes,   36799536 total
- age   3:    5876000 bytes,   42675536 total
- age   4:    6653360 bytes,   49328896 total
- age   5:    6570480 bytes,   55899376 total
- age   6:    3554632 bytes,   59454008 total
- age   7:    6240408 bytes,   65694416 total
- age   8:    6467872 bytes,   72162288 total
: 601120K->103829K(655360K), 0,1092303 secs] 1133458K->644595K(3014656K), 0,1096478 secs] [Times: user=0,10 sys=0,00, real=0,10 secs] 
Heap after GC invocations=152 (full 2):
 par new generation   total 655360K, used 103829K [0x0000000700000000, 0x0000000730000000, 0x0000000730000000)
  eden space 524288K,   0% used [0x0000000700000000, 0x0000000700000000, 0x0000000720000000)
  from space 131072K,  79% used [0x0000000720000000, 0x0000000726565540, 0x0000000728000000)
  to   space 131072K,   0% used [0x0000000728000000, 0x0000000728000000, 0x0000000730000000)
 concurrent mark-sweep generation total 2359296K, used 540766K [0x0000000730000000, 0x00000007c0000000, 0x00000007c0000000)
 Metaspace       used 82814K, capacity 87119K, committed 87392K, reserved 1126400K
  class space    used 8713K, capacity 9653K, committed 9712K, reserved 1048576K
}
2018-01-03T22:06:05.992-0200: 5939,284: Total time for which application threads were stopped: 0,1098389 seconds, Stopping threads took: 0,0000233 seconds
{Heap before GC invocations=152 (full 2):
 par new generation   total 655360K, used 628117K [0x0000000700000000, 0x0000000730000000, 0x0000000730000000)
  eden space 524288K, 100% used [0x0000000700000000, 0x0000000720000000, 0x0000000720000000)
  from space 131072K,  79% used [0x0000000720000000, 0x0000000726565540, 0x0000000728000000)
  to   space 131072K,   0% used [0x0000000728000000, 0x0000000728000000, 0x0000000730000000)
 concurrent mark-sweep generation total 2359296K, used 540766K [0x0000000730000000, 0x00000007c0000000, 0x00000007c0000000)
 Metaspace       used 82818K, capacity 87127K, committed 87392K, reserved 1126400K
  class space    used 8713K, capacity 9653K, committed 9712K, reserved 1048576K
2018-01-03T22:06:07.437-0200: 5940,729: [GC (Allocation Failure) 2018-01-03T22:06:07.437-0200: 5940,729: [ParNew
Desired survivor size 120795952 bytes, new threshold 8 (max 8)
- age   1:   23658432 bytes,   23658432 total
- age   2:   16075984 bytes,   39734416 total
- age   3:   14826304 bytes,   54560720 total
- age   4:    5875552 bytes,   60436272 total
- age   5:    6653360 bytes,   67089632 total
- age   6:    6570480 bytes,   73660112 total
- age   7:    3554632 bytes,   77214744 total
- age   8:    6240408 bytes,   83455152 total
: 628117K->98513K(655360K), 0,1266268 secs] 1168883K->645609K(3014656K), 0,1266791 secs] [Times: user=0,11 sys=0,00, real=0,13 secs] 
Heap after GC invocations=153 (full 2):
 par new generation   total 655360K, used 98513K [0x0000000700000000, 0x0000000730000000, 0x0000000730000000)
  eden space 524288K,   0% used [0x0000000700000000, 0x0000000700000000, 0x0000000720000000)
  from space 131072K,  75% used [0x0000000728000000, 0x000000072e0344d0, 0x0000000730000000)
  to   space 131072K,   0% used [0x0000000720000000, 0x0000000720000000, 0x0000000728000000)
 concurrent mark-sweep generation total 2359296K, used 547096K [0x0000000730000000, 0x00000007c0000000, 0x00000007c0000000)
 Metaspace       used 82818K, capacity 87127K, committed 87392K, reserved 1126400K
  class space    used 8713K, capacity 9653K, committed 9712K, reserved 1048576K
}
2018-01-03T22:06:07.564-0200: 5940,856: Total time for which application threads were stopped: 0,1268554 seconds, Stopping threads took: 0,0000294 seconds
2018-01-03T22:06:09.216-0200: 5942,508: Total time for which application threads were stopped: 0,0075841 seconds, Stopping threads took: 0,0074389 seconds
{Heap before GC invocations=153 (full 2):
 par new generation   total 655360K, used 622801K [0x0000000700000000, 0x0000000730000000, 0x0000000730000000)
  eden space 524288K, 100% used [0x0000000700000000, 0x0000000720000000, 0x0000000720000000)
  from space 131072K,  75% used [0x0000000728000000, 0x000000072e0344d0, 0x0000000730000000)
  to   space 131072K,   0% used [0x0000000720000000, 0x0000000720000000, 0x0000000728000000)
 concurrent mark-sweep generation total 2359296K, used 547096K [0x0000000730000000, 0x00000007c0000000, 0x00000007c0000000)
 Metaspace       used 82824K, capacity 87127K, committed 87392K, reserved 1126400K
  class space    used 8713K, capacity 9653K, committed 9712K, reserved 1048576K
2018-01-03T22:06:09.479-0200: 5942,771: [GC (Allocation Failure) 2018-01-03T22:06:09.480-0200: 5942,771: [ParNew
Desired survivor size 120795952 bytes, new threshold 8 (max 8)
- age   1:   25513056 bytes,   25513056 total
- age   2:   16886104 bytes,   42399160 total
- age   3:   15018928 bytes,   57418088 total
- age   4:   14826304 bytes,   72244392 total
- age   5:    5875480 bytes,   78119872 total
- age   6:    6653360 bytes,   84773232 total
- age   7:    6570480 bytes,   91343712 total
- age   8:    3554632 bytes,   94898344 total
: 622801K->106463K(655360K), 0,2566390 secs] 1169897K->659664K(3014656K), 0,2570623 secs] [Times: user=0,12 sys=0,00, real=0,26 secs] 
Heap after GC invocations=154 (full 2):
 par new generation   total 655360K, used 106463K [0x0000000700000000, 0x0000000730000000, 0x0000000730000000)
  eden space 524288K,   0% used [0x0000000700000000, 0x0000000700000000, 0x0000000720000000)
  from space 131072K,  81% used [0x0000000720000000, 0x00000007267f7e50, 0x0000000728000000)
  to   space 131072K,   0% used [0x0000000728000000, 0x0000000728000000, 0x0000000730000000)
 concurrent mark-sweep generation total 2359296K, used 553201K [0x0000000730000000, 0x00000007c0000000, 0x00000007c0000000)
 Metaspace       used 82824K, capacity 87127K, committed 87392K, reserved 1126400K
  class space    used 8713K, capacity 9653K, committed 9712K, reserved 1048576K
}
2018-01-03T22:06:09.736-0200: 5943,028: Total time for which application threads were stopped: 0,2671428 seconds, Stopping threads took: 0,0098935 seconds
2018-01-03T22:06:09.747-0200: 5943,038: Total time for which application threads were stopped: 0,0036190 seconds, Stopping threads took: 0,0034195 seconds
2018-01-03T22:06:10.120-0200: 5943,412: Total time for which application threads were stopped: 0,0074987 seconds, Stopping threads took: 0,0059603 seconds
2018-01-03T22:06:10.248-0200: 5943,539: Total time for which application threads were stopped: 0,0091538 seconds, Stopping threads took: 0,0078301 seconds
2018-01-03T22:06:10.879-0200: 5944,171: Total time for which application threads were stopped: 0,0001910 seconds, Stopping threads took: 0,0000536 seconds
2018-01-03T22:06:11.660-0200: 5944,952: Total time for which application threads were stopped: 0,0095786 seconds, Stopping threads took: 0,0093628 seconds
2018-01-03T22:06:12.623-0200: 5945,915: Total time for which application threads were stopped: 0,0342793 seconds, Stopping threads took: 0,0340779 seconds
2018-01-03T22:06:12.630-0200: 5945,921: Total time for which application threads were stopped: 0,0016600 seconds, Stopping threads took: 0,0015122 seconds
{Heap before GC invocations=154 (full 2):
 par new generation   total 655360K, used 630751K [0x0000000700000000, 0x0000000730000000, 0x0000000730000000)
  eden space 524288K, 100% used [0x0000000700000000, 0x0000000720000000, 0x0000000720000000)
  from space 131072K,  81% used [0x0000000720000000, 0x00000007267f7e50, 0x0000000728000000)
  to   space 131072K,   0% used [0x0000000728000000, 0x0000000728000000, 0x0000000730000000)
 concurrent mark-sweep generation total 2359296K, used 553201K [0x0000000730000000, 0x00000007c0000000, 0x00000007c0000000)
 Metaspace       used 82953K, capacity 87269K, committed 87392K, reserved 1126400K
  class space    used 8732K, capacity 9658K, committed 9712K, reserved 1048576K
2018-01-03T22:06:13.665-0200: 5946,957: [GC (Allocation Failure) 2018-01-03T22:06:13.666-0200: 5946,957: [ParNew
Desired survivor size 120795952 bytes, new threshold 8 (max 8)
- age   1:   13420976 bytes,   13420976 total
- age   2:   18940664 bytes,   32361640 total
- age   3:   14342176 bytes,   46703816 total
- age   4:   12758504 bytes,   59462320 total
- age   5:   12261424 bytes,   71723744 total
- age   6:    5269392 bytes,   76993136 total
- age   7:    6653360 bytes,   83646496 total
- age   8:    6570480 bytes,   90216976 total
: 630751K->130874K(655360K), 0,2037866 secs] 1183952K->687547K(3014656K), 0,2042056 secs] [Times: user=0,09 sys=0,00, real=0,20 secs] 
Heap after GC invocations=155 (full 2):
 par new generation   total 655360K, used 130874K [0x0000000700000000, 0x0000000730000000, 0x0000000730000000)
  eden space 524288K,   0% used [0x0000000700000000, 0x0000000700000000, 0x0000000720000000)
  from space 131072K,  99% used [0x0000000728000000, 0x000000072ffce960, 0x0000000730000000)
  to   space 131072K,   0% used [0x0000000720000000, 0x0000000720000000, 0x0000000728000000)
 concurrent mark-sweep generation total 2359296K, used 556672K [0x0000000730000000, 0x00000007c0000000, 0x00000007c0000000)
 Metaspace       used 82953K, capacity 87269K, committed 87392K, reserved 1126400K
  class space    used 8732K, capacity 9658K, committed 9712K, reserved 1048576K
}
2018-01-03T22:06:13.870-0200: 5947,161: Total time for which application threads were stopped: 0,2194317 seconds, Stopping threads took: 0,0150584 seconds
2018-01-03T22:06:13.888-0200: 5947,180: Total time for which application threads were stopped: 0,0035798 seconds, Stopping threads took: 0,0034326 seconds
2018-01-03T22:06:15.901-0200: 5949,193: Total time for which application threads were stopped: 0,0104248 seconds, Stopping threads took: 0,0103281 seconds
{Heap before GC invocations=155 (full 2):
 par new generation   total 655360K, used 655162K [0x0000000700000000, 0x0000000730000000, 0x0000000730000000)
  eden space 524288K, 100% used [0x0000000700000000, 0x0000000720000000, 0x0000000720000000)
  from space 131072K,  99% used [0x0000000728000000, 0x000000072ffce960, 0x0000000730000000)
  to   space 131072K,   0% used [0x0000000720000000, 0x0000000720000000, 0x0000000728000000)
 concurrent mark-sweep generation total 2359296K, used 556672K [0x0000000730000000, 0x00000007c0000000, 0x00000007c0000000)
 Metaspace       used 82953K, capacity 87269K, committed 87392K, reserved 1126400K
  class space    used 8732K, capacity 9658K, committed 9712K, reserved 1048576K
2018-01-03T22:06:16.371-0200: 5949,663: [GC (Allocation Failure) 2018-01-03T22:06:16.371-0200: 5949,663: [ParNew
Desired survivor size 120795952 bytes, new threshold 8 (max 8)
- age   1:    6563240 bytes,    6563240 total
- age   2:   12288104 bytes,   18851344 total
- age   3:   18930800 bytes,   37782144 total
- age   4:   14342176 bytes,   52124320 total
- age   5:   12234200 bytes,   64358520 total
- age   6:   12261424 bytes,   76619944 total
- age   7:    5269392 bytes,   81889336 total
- age   8:    6653360 bytes,   88542696 total
: 655162K->109701K(655360K), 0,2947415 secs] 1211835K->672790K(3014656K), 0,2947977 secs] [Times: user=0,13 sys=0,00, real=0,30 secs] 
Heap after GC invocations=156 (full 2):
 par new generation   total 655360K, used 109701K [0x0000000700000000, 0x0000000730000000, 0x0000000730000000)
  eden space 524288K,   0% used [0x0000000700000000, 0x0000000700000000, 0x0000000720000000)
  from space 131072K,  83% used [0x0000000720000000, 0x0000000726b216c0, 0x0000000728000000)
  to   space 131072K,   0% used [0x0000000728000000, 0x0000000728000000, 0x0000000730000000)
 concurrent mark-sweep generation total 2359296K, used 563089K [0x0000000730000000, 0x00000007c0000000, 0x00000007c0000000)
 Metaspace       used 82953K, capacity 87269K, committed 87392K, reserved 1126400K
  class space    used 8732K, capacity 9658K, committed 9712K, reserved 1048576K
}
2018-01-03T22:06:16.666-0200: 5949,958: Total time for which application threads were stopped: 0,3088814 seconds, Stopping threads took: 0,0139234 seconds
2018-01-03T22:06:16.673-0200: 5949,965: Total time for which application threads were stopped: 0,0013881 seconds, Stopping threads took: 0,0012604 seconds
2018-01-03T22:06:16.686-0200: 5949,977: Total time for which application threads were stopped: 0,0010239 seconds, Stopping threads took: 0,0008769 seconds
2018-01-03T22:06:16.706-0200: 5949,998: Total time for which application threads were stopped: 0,0086336 seconds, Stopping threads took: 0,0084928 seconds
2018-01-03T22:06:16.719-0200: 5950,010: Total time for which application threads were stopped: 0,0001856 seconds, Stopping threads took: 0,0000590 seconds
2018-01-03T22:06:16.719-0200: 5950,011: Total time for which application threads were stopped: 0,0000696 seconds, Stopping threads took: 0,0000063 seconds
2018-01-03T22:06:16.719-0200: 5950,011: Total time for which application threads were stopped: 0,0000647 seconds, Stopping threads took: 0,0000049 seconds
2018-01-03T22:06:16.719-0200: 5950,011: Total time for which application threads were stopped: 0,0000819 seconds, Stopping threads took: 0,0000047 seconds
2018-01-03T22:06:16.719-0200: 5950,011: Total time for which application threads were stopped: 0,0000626 seconds, Stopping threads took: 0,0000050 seconds
2018-01-03T22:06:16.719-0200: 5950,011: Total time for which application threads were stopped: 0,0000623 seconds, Stopping threads took: 0,0000048 seconds
2018-01-03T22:06:16.719-0200: 5950,011: Total time for which application threads were stopped: 0,0000620 seconds, Stopping threads took: 0,0000045 seconds
2018-01-03T22:06:16.719-0200: 5950,011: Total time for which application threads were stopped: 0,0000618 seconds, Stopping threads took: 0,0000047 seconds
2018-01-03T22:06:16.720-0200: 5950,011: Total time for which application threads were stopped: 0,0000617 seconds, Stopping threads took: 0,0000045 seconds
2018-01-03T22:06:16.720-0200: 5950,011: Total time for which application threads were stopped: 0,0000705 seconds, Stopping threads took: 0,0000047 seconds
2018-01-03T22:06:16.720-0200: 5950,011: Total time for which application threads were stopped: 0,0000622 seconds, Stopping threads took: 0,0000050 seconds
2018-01-03T22:06:16.747-0200: 5950,039: Total time for which application threads were stopped: 0,0138112 seconds, Stopping threads took: 0,0136806 seconds
2018-01-03T22:06:16.756-0200: 5950,048: Total time for which application threads were stopped: 0,0018328 seconds, Stopping threads took: 0,0017066 seconds
2018-01-03T22:06:16.756-0200: 5950,048: Total time for which application threads were stopped: 0,0001199 seconds, Stopping threads took: 0,0000092 seconds
2018-01-03T22:06:16.756-0200: 5950,048: Total time for which application threads were stopped: 0,0000783 seconds, Stopping threads took: 0,0000064 seconds
2018-01-03T22:06:16.756-0200: 5950,048: Total time for which application threads were stopped: 0,0000622 seconds, Stopping threads took: 0,0000051 seconds
2018-01-03T22:06:16.757-0200: 5950,048: Total time for which application threads were stopped: 0,0001338 seconds, Stopping threads took: 0,0000048 seconds
2018-01-03T22:06:17.772-0200: 5951,064: Total time for which application threads were stopped: 0,0150149 seconds, Stopping threads took: 0,0148978 seconds
2018-01-03T22:06:18.588-0200: 5951,880: Total time for which application threads were stopped: 0,0129009 seconds, Stopping threads took: 0,0127573 seconds
2018-01-03T22:06:18.588-0200: 5951,880: Total time for which application threads were stopped: 0,0000602 seconds, Stopping threads took: 0,0000076 seconds
2018-01-03T22:06:18.588-0200: 5951,880: Total time for which application threads were stopped: 0,0000445 seconds, Stopping threads took: 0,0000050 seconds
2018-01-03T22:06:18.588-0200: 5951,880: Total time for which application threads were stopped: 0,0000433 seconds, Stopping threads took: 0,0000047 seconds
2018-01-03T22:06:18.588-0200: 5951,880: Total time for which application threads were stopped: 0,0000427 seconds, Stopping threads took: 0,0000045 seconds
2018-01-03T22:06:18.588-0200: 5951,880: Total time for which application threads were stopped: 0,0000420 seconds, Stopping threads took: 0,0000045 seconds
2018-01-03T22:06:18.588-0200: 5951,880: Total time for which application threads were stopped: 0,0000423 seconds, Stopping threads took: 0,0000045 seconds
2018-01-03T22:06:18.588-0200: 5951,880: Total time for which application threads were stopped: 0,0000423 seconds, Stopping threads took: 0,0000048 seconds
2018-01-03T22:06:18.588-0200: 5951,880: Total time for which application threads were stopped: 0,0000560 seconds, Stopping threads took: 0,0000047 seconds
2018-01-03T22:06:18.596-0200: 5951,887: Total time for which application threads were stopped: 0,0038695 seconds, Stopping threads took: 0,0037595 seconds
2018-01-03T22:06:18.604-0200: 5951,896: Total time for which application threads were stopped: 0,0058479 seconds, Stopping threads took: 0,0056207 seconds
2018-01-03T22:06:18.828-0200: 5952,119: Total time for which application threads were stopped: 0,0165194 seconds, Stopping threads took: 0,0163685 seconds
2018-01-03T22:06:18.833-0200: 5952,125: Total time for which application threads were stopped: 0,0045290 seconds, Stopping threads took: 0,0043761 seconds
2018-01-03T22:06:18.833-0200: 5952,125: Total time for which application threads were stopped: 0,0000748 seconds, Stopping threads took: 0,0000076 seconds
2018-01-03T22:06:18.835-0200: 5952,127: Total time for which application threads were stopped: 0,0001717 seconds, Stopping threads took: 0,0000242 seconds
2018-01-03T22:06:18.835-0200: 5952,127: Total time for which application threads were stopped: 0,0000723 seconds, Stopping threads took: 0,0000069 seconds
2018-01-03T22:06:18.964-0200: 5952,255: Total time for which application threads were stopped: 0,0159210 seconds, Stopping threads took: 0,0157784 seconds
2018-01-03T22:06:18.964-0200: 5952,255: Total time for which application threads were stopped: 0,0000788 seconds, Stopping threads took: 0,0000089 seconds
{Heap before GC invocations=156 (full 2):
 par new generation   total 655360K, used 633989K [0x0000000700000000, 0x0000000730000000, 0x0000000730000000)
  eden space 524288K, 100% used [0x0000000700000000, 0x0000000720000000, 0x0000000720000000)
  from space 131072K,  83% used [0x0000000720000000, 0x0000000726b216c0, 0x0000000728000000)
  to   space 131072K,   0% used [0x0000000728000000, 0x0000000728000000, 0x0000000730000000)
 concurrent mark-sweep generation total 2359296K, used 563089K [0x0000000730000000, 0x00000007c0000000, 0x00000007c0000000)
 Metaspace       used 83009K, capacity 87279K, committed 87392K, reserved 1126400K
  class space    used 8736K, capacity 9664K, committed 9712K, reserved 1048576K
2018-01-03T22:06:19.327-0200: 5952,619: [GC (Allocation Failure) 2018-01-03T22:06:19.327-0200: 5952,619: [ParNew
Desired survivor size 120795952 bytes, new threshold 8 (max 8)
- age   1:    6346504 bytes,    6346504 total
- age   2:    4452392 bytes,   10798896 total
- age   3:    5736424 bytes,   16535320 total
- age   4:    6896264 bytes,   23431584 total
- age   5:    6534664 bytes,   29966248 total
- age   6:    6504792 bytes,   36471040 total
- age   7:    6482936 bytes,   42953976 total
- age   8:    4434584 bytes,   47388560 total
: 633989K->78563K(655360K), 0,0871067 secs] 1197078K->648149K(3014656K), 0,0871821 secs] [Times: user=0,08 sys=0,00, real=0,08 secs] 
Heap after GC invocations=157 (full 2):
 par new generation   total 655360K, used 78563K [0x0000000700000000, 0x0000000730000000, 0x0000000730000000)
  eden space 524288K,   0% used [0x0000000700000000, 0x0000000700000000, 0x0000000720000000)
  from space 131072K,  59% used [0x0000000728000000, 0x000000072ccb8d60, 0x0000000730000000)
  to   space 131072K,   0% used [0x0000000720000000, 0x0000000720000000, 0x0000000728000000)
 concurrent mark-sweep generation total 2359296K, used 569586K [0x0000000730000000, 0x00000007c0000000, 0x00000007c0000000)
 Metaspace       used 83009K, capacity 87279K, committed 87392K, reserved 1126400K
  class space    used 8736K, capacity 9664K, committed 9712K, reserved 1048576K
}
2018-01-03T22:06:19.414-0200: 5952,706: Total time for which application threads were stopped: 0,0940597 seconds, Stopping threads took: 0,0066656 seconds
2018-01-03T22:06:19.426-0200: 5952,717: Total time for which application threads were stopped: 0,0035666 seconds, Stopping threads took: 0,0034283 seconds
2018-01-03T22:06:19.552-0200: 5952,844: Total time for which application threads were stopped: 0,0023240 seconds, Stopping threads took: 0,0020733 seconds
2018-01-03T22:06:19.812-0200: 5953,103: Total time for which application threads were stopped: 0,0022076 seconds, Stopping threads took: 0,0020340 seconds
2018-01-03T22:06:19.814-0200: 5953,105: Total time for which application threads were stopped: 0,0001126 seconds, Stopping threads took: 0,0000113 seconds
2018-01-03T22:06:19.814-0200: 5953,106: Total time for which application threads were stopped: 0,0000771 seconds, Stopping threads took: 0,0000066 seconds
2018-01-03T22:06:19.867-0200: 5953,158: Total time for which application threads were stopped: 0,0081420 seconds, Stopping threads took: 0,0080044 seconds
2018-01-03T22:06:20.288-0200: 5953,580: Total time for which application threads were stopped: 0,0001342 seconds, Stopping threads took: 0,0000249 seconds
2018-01-03T22:06:20.289-0200: 5953,580: Total time for which application threads were stopped: 0,0000680 seconds, Stopping threads took: 0,0000101 seconds
2018-01-03T22:06:20.289-0200: 5953,580: Total time for which application threads were stopped: 0,0000755 seconds, Stopping threads took: 0,0000092 seconds
2018-01-03T22:06:20.289-0200: 5953,580: Total time for which application threads were stopped: 0,0000582 seconds, Stopping threads took: 0,0000087 seconds
2018-01-03T22:06:20.289-0200: 5953,580: Total time for which application threads were stopped: 0,0000582 seconds, Stopping threads took: 0,0000091 seconds
2018-01-03T22:06:20.289-0200: 5953,581: Total time for which application threads were stopped: 0,0001592 seconds, Stopping threads took: 0,0000090 seconds
2018-01-03T22:06:20.333-0200: 5953,624: Total time for which application threads were stopped: 0,0155131 seconds, Stopping threads took: 0,0152993 seconds
2018-01-03T22:06:20.333-0200: 5953,625: Total time for which application threads were stopped: 0,0001085 seconds, Stopping threads took: 0,0000113 seconds
2018-01-03T22:06:20.393-0200: 5953,685: Total time for which application threads were stopped: 0,0050121 seconds, Stopping threads took: 0,0048923 seconds
2018-01-03T22:06:20.393-0200: 5953,685: Total time for which application threads were stopped: 0,0000522 seconds, Stopping threads took: 0,0000075 seconds
2018-01-03T22:06:21.307-0200: 5954,599: Total time for which application threads were stopped: 0,0117525 seconds, Stopping threads took: 0,0115828 seconds
2018-01-03T22:06:21.310-0200: 5954,602: Total time for which application threads were stopped: 0,0001202 seconds, Stopping threads took: 0,0000213 seconds
2018-01-03T22:06:21.310-0200: 5954,602: Total time for which application threads were stopped: 0,0000650 seconds, Stopping threads took: 0,0000063 seconds
2018-01-03T22:06:21.315-0200: 5954,606: Total time for which application threads were stopped: 0,0001380 seconds, Stopping threads took: 0,0000184 seconds
2018-01-03T22:06:21.315-0200: 5954,606: Total time for which application threads were stopped: 0,0000715 seconds, Stopping threads took: 0,0000070 seconds
2018-01-03T22:06:21.327-0200: 5954,618: Total time for which application threads were stopped: 0,0001226 seconds, Stopping threads took: 0,0000170 seconds
2018-01-03T22:06:21.327-0200: 5954,618: Total time for which application threads were stopped: 0,0000816 seconds, Stopping threads took: 0,0000066 seconds
2018-01-03T22:06:21.327-0200: 5954,618: Total time for which application threads were stopped: 0,0000557 seconds, Stopping threads took: 0,0000056 seconds
2018-01-03T22:06:21.328-0200: 5954,620: Total time for which application threads were stopped: 0,0000798 seconds, Stopping threads took: 0,0000105 seconds
2018-01-03T22:06:21.339-0200: 5954,631: Total time for which application threads were stopped: 0,0049832 seconds, Stopping threads took: 0,0048583 seconds
2018-01-03T22:06:21.343-0200: 5954,634: Total time for which application threads were stopped: 0,0002586 seconds, Stopping threads took: 0,0000260 seconds
2018-01-03T22:06:21.344-0200: 5954,635: Total time for which application threads were stopped: 0,0000889 seconds, Stopping threads took: 0,0000089 seconds
2018-01-03T22:06:21.349-0200: 5954,641: Total time for which application threads were stopped: 0,0001541 seconds, Stopping threads took: 0,0000167 seconds
2018-01-03T22:06:21.350-0200: 5954,642: Total time for which application threads were stopped: 0,0001203 seconds, Stopping threads took: 0,0000080 seconds
2018-01-03T22:06:21.350-0200: 5954,642: Total time for which application threads were stopped: 0,0000587 seconds, Stopping threads took: 0,0000056 seconds
2018-01-03T22:06:21.378-0200: 5954,670: Total time for which application threads were stopped: 0,0084106 seconds, Stopping threads took: 0,0081636 seconds
2018-01-03T22:06:21.378-0200: 5954,670: Total time for which application threads were stopped: 0,0000934 seconds, Stopping threads took: 0,0000086 seconds
2018-01-03T22:06:21.391-0200: 5954,682: Total time for which application threads were stopped: 0,0037860 seconds, Stopping threads took: 0,0036766 seconds
2018-01-03T22:06:21.391-0200: 5954,682: Total time for which application threads were stopped: 0,0000679 seconds, Stopping threads took: 0,0000085 seconds
2018-01-03T22:06:21.391-0200: 5954,683: Total time for which application threads were stopped: 0,0000545 seconds, Stopping threads took: 0,0000069 seconds
2018-01-03T22:06:21.391-0200: 5954,683: Total time for which application threads were stopped: 0,0000433 seconds, Stopping threads took: 0,0000052 seconds
{Heap before GC invocations=157 (full 2):
 par new generation   total 655360K, used 602851K [0x0000000700000000, 0x0000000730000000, 0x0000000730000000)
  eden space 524288K, 100% used [0x0000000700000000, 0x0000000720000000, 0x0000000720000000)
  from space 131072K,  59% used [0x0000000728000000, 0x000000072ccb8d60, 0x0000000730000000)
  to   space 131072K,   0% used [0x0000000720000000, 0x0000000720000000, 0x0000000728000000)
 concurrent mark-sweep generation total 2359296K, used 569586K [0x0000000730000000, 0x00000007c0000000, 0x00000007c0000000)
 Metaspace       used 83040K, capacity 87343K, committed 87392K, reserved 1126400K
  class space    used 8737K, capacity 9664K, committed 9712K, reserved 1048576K
2018-01-03T22:06:21.792-0200: 5955,083: [GC (Allocation Failure) 2018-01-03T22:06:21.792-0200: 5955,083: [ParNew
Desired survivor size 120795952 bytes, new threshold 8 (max 8)
- age   1:     669144 bytes,     669144 total
- age   2:    1529616 bytes,    2198760 total
- age   3:    2170400 bytes,    4369160 total
- age   4:    3052416 bytes,    7421576 total
- age   5:    6896072 bytes,   14317648 total
- age   6:    6534632 bytes,   20852280 total
- age   7:    6504792 bytes,   27357072 total
- age   8:    6482872 bytes,   33839944 total
: 602851K->46815K(655360K), 0,0695471 secs] 1172437K->620715K(3014656K), 0,0696010 secs] [Times: user=0,07 sys=0,00, real=0,07 secs] 
Heap after GC invocations=158 (full 2):
 par new generation   total 655360K, used 46815K [0x0000000700000000, 0x0000000730000000, 0x0000000730000000)
  eden space 524288K,   0% used [0x0000000700000000, 0x0000000700000000, 0x0000000720000000)
  from space 131072K,  35% used [0x0000000720000000, 0x0000000722db7de0, 0x0000000728000000)
  to   space 131072K,   0% used [0x0000000728000000, 0x0000000728000000, 0x0000000730000000)
 concurrent mark-sweep generation total 2359296K, used 573899K [0x0000000730000000, 0x00000007c0000000, 0x00000007c0000000)
 Metaspace       used 83040K, capacity 87343K, committed 87392K, reserved 1126400K
  class space    used 8737K, capacity 9664K, committed 9712K, reserved 1048576K
}
2018-01-03T22:06:21.861-0200: 5955,153: Total time for which application threads were stopped: 0,0698174 seconds, Stopping threads took: 0,0000248 seconds
2018-01-03T22:06:22.864-0200: 5956,155: Total time for which application threads were stopped: 0,0021149 seconds, Stopping threads took: 0,0020192 seconds
{Heap before GC invocations=158 (full 2):
 par new generation   total 655360K, used 571103K [0x0000000700000000, 0x0000000730000000, 0x0000000730000000)
  eden space 524288K, 100% used [0x0000000700000000, 0x0000000720000000, 0x0000000720000000)
  from space 131072K,  35% used [0x0000000720000000, 0x0000000722db7de0, 0x0000000728000000)
  to   space 131072K,   0% used [0x0000000728000000, 0x0000000728000000, 0x0000000730000000)
 concurrent mark-sweep generation total 2359296K, used 573899K [0x0000000730000000, 0x00000007c0000000, 0x00000007c0000000)
 Metaspace       used 83041K, capacity 87343K, committed 87392K, reserved 1126400K
  class space    used 8737K, capacity 9664K, committed 9712K, reserved 1048576K
2018-01-03T22:06:22.956-0200: 5956,248: [GC (Allocation Failure) 2018-01-03T22:06:22.956-0200: 5956,248: [ParNew
Desired survivor size 120795952 bytes, new threshold 8 (max 8)
- age   1:     494536 bytes,     494536 total
- age   2:     252720 bytes,     747256 total
- age   3:    1529616 bytes,    2276872 total
- age   4:    2170400 bytes,    4447272 total
- age   5:    3052416 bytes,    7499688 total
- age   6:    6896072 bytes,   14395760 total
- age   7:    6534632 bytes,   20930392 total
- age   8:    6504792 bytes,   27435184 total
: 571103K->30292K(655360K), 0,0714561 secs] 1145003K->610523K(3014656K), 0,0715067 secs] [Times: user=0,07 sys=0,00, real=0,07 secs] 
Heap after GC invocations=159 (full 2):
 par new generation   total 655360K, used 30292K [0x0000000700000000, 0x0000000730000000, 0x0000000730000000)
  eden space 524288K,   0% used [0x0000000700000000, 0x0000000700000000, 0x0000000720000000)
  from space 131072K,  23% used [0x0000000728000000, 0x0000000729d952f0, 0x0000000730000000)
  to   space 131072K,   0% used [0x0000000720000000, 0x0000000720000000, 0x0000000728000000)
 concurrent mark-sweep generation total 2359296K, used 580230K [0x0000000730000000, 0x00000007c0000000, 0x00000007c0000000)
 Metaspace       used 83041K, capacity 87343K, committed 87392K, reserved 1126400K
  class space    used 8737K, capacity 9664K, committed 9712K, reserved 1048576K
}
2018-01-03T22:06:23.028-0200: 5956,319: Total time for which application threads were stopped: 0,0716848 seconds, Stopping threads took: 0,0000250 seconds
{Heap before GC invocations=159 (full 2):
 par new generation   total 655360K, used 554580K [0x0000000700000000, 0x0000000730000000, 0x0000000730000000)
  eden space 524288K, 100% used [0x0000000700000000, 0x0000000720000000, 0x0000000720000000)
  from space 131072K,  23% used [0x0000000728000000, 0x0000000729d952f0, 0x0000000730000000)
  to   space 131072K,   0% used [0x0000000720000000, 0x0000000720000000, 0x0000000728000000)
 concurrent mark-sweep generation total 2359296K, used 580230K [0x0000000730000000, 0x00000007c0000000, 0x00000007c0000000)
 Metaspace       used 83041K, capacity 87343K, committed 87392K, reserved 1126400K
  class space    used 8737K, capacity 9664K, committed 9712K, reserved 1048576K
2018-01-03T22:06:23.972-0200: 5957,263: [GC (Allocation Failure) 2018-01-03T22:06:23.972-0200: 5957,263: [ParNew
Desired survivor size 120795952 bytes, new threshold 8 (max 8)
- age   1:     317952 bytes,     317952 total
- age   2:     389792 bytes,     707744 total
- age   3:     252720 bytes,     960464 total
- age   4:    1529616 bytes,    2490080 total
- age   5:    2170400 bytes,    4660480 total
- age   6:    3052416 bytes,    7712896 total
- age   7:    6896072 bytes,   14608968 total
- age   8:    6534632 bytes,   21143600 total
: 554580K->37714K(655360K), 0,1516423 secs] 1134811K->624297K(3014656K), 0,1516980 secs] [Times: user=0,06 sys=0,01, real=0,16 secs] 
Heap after GC invocations=160 (full 2):
 par new generation   total 655360K, used 37714K [0x0000000700000000, 0x0000000730000000, 0x0000000730000000)
  eden space 524288K,   0% used [0x0000000700000000, 0x0000000700000000, 0x0000000720000000)
  from space 131072K,  28% used [0x0000000720000000, 0x00000007224d49a0, 0x0000000728000000)
  to   space 131072K,   0% used [0x0000000728000000, 0x0000000728000000, 0x0000000730000000)
 concurrent mark-sweep generation total 2359296K, used 586583K [0x0000000730000000, 0x00000007c0000000, 0x00000007c0000000)
 Metaspace       used 83041K, capacity 87343K, committed 87392K, reserved 1126400K
  class space    used 8737K, capacity 9664K, committed 9712K, reserved 1048576K
}
2018-01-03T22:06:24.124-0200: 5957,415: Total time for which application threads were stopped: 0,1518824 seconds, Stopping threads took: 0,0000280 seconds
2018-01-03T22:06:24.652-0200: 5957,944: Total time for which application threads were stopped: 0,0018104 seconds, Stopping threads took: 0,0000212 seconds
2018-01-03T22:06:25.656-0200: 5958,948: Total time for which application threads were stopped: 0,0019102 seconds, Stopping threads took: 0,0017782 seconds
2018-01-03T22:06:26.658-0200: 5959,950: Total time for which application threads were stopped: 0,0001258 seconds, Stopping threads took: 0,0000204 seconds
2018-01-03T22:06:27.391-0200: 5960,683: Total time for which application threads were stopped: 0,0077154 seconds, Stopping threads took: 0,0075897 seconds
2018-01-03T22:06:27.392-0200: 5960,683: Total time for which application threads were stopped: 0,0000964 seconds, Stopping threads took: 0,0000095 seconds
2018-01-03T22:06:27.397-0200: 5960,688: Total time for which application threads were stopped: 0,0001666 seconds, Stopping threads took: 0,0000219 seconds
2018-01-03T22:06:27.397-0200: 5960,688: Total time for which application threads were stopped: 0,0000554 seconds, Stopping threads took: 0,0000061 seconds
2018-01-03T22:06:27.397-0200: 5960,689: Total time for which application threads were stopped: 0,0000612 seconds, Stopping threads took: 0,0000073 seconds
2018-01-03T22:06:27.404-0200: 5960,695: Total time for which application threads were stopped: 0,0011101 seconds, Stopping threads took: 0,0009437 seconds
2018-01-03T22:06:27.410-0200: 5960,702: Total time for which application threads were stopped: 0,0052279 seconds, Stopping threads took: 0,0050905 seconds
2018-01-03T22:06:27.413-0200: 5960,704: Total time for which application threads were stopped: 0,0006930 seconds, Stopping threads took: 0,0005905 seconds
2018-01-03T22:06:27.414-0200: 5960,706: Total time for which application threads were stopped: 0,0007843 seconds, Stopping threads took: 0,0006914 seconds
2018-01-03T22:06:28.444-0200: 5961,735: Total time for which application threads were stopped: 0,0263411 seconds, Stopping threads took: 0,0262158 seconds
2018-01-03T22:06:29.444-0200: 5962,735: Total time for which application threads were stopped: 0,0001347 seconds, Stopping threads took: 0,0000240 seconds
2018-01-03T22:06:30.682-0200: 5963,973: Total time for which application threads were stopped: 0,0001122 seconds, Stopping threads took: 0,0000233 seconds
2018-01-03T22:06:30.710-0200: 5964,002: Total time for which application threads were stopped: 0,0001368 seconds, Stopping threads took: 0,0000223 seconds
2018-01-03T22:06:30.711-0200: 5964,002: Total time for which application threads were stopped: 0,0001123 seconds, Stopping threads took: 0,0000115 seconds
2018-01-03T22:06:30.711-0200: 5964,003: Total time for which application threads were stopped: 0,0004673 seconds, Stopping threads took: 0,0003897 seconds
2018-01-03T22:06:30.712-0200: 5964,004: Total time for which application threads were stopped: 0,0006178 seconds, Stopping threads took: 0,0005488 seconds
2018-01-03T22:06:30.715-0200: 5964,006: Total time for which application threads were stopped: 0,0005760 seconds, Stopping threads took: 0,0004813 seconds
2018-01-03T22:06:30.873-0200: 5964,164: Total time for which application threads were stopped: 0,0022304 seconds, Stopping threads took: 0,0020433 seconds
2018-01-03T22:06:30.875-0200: 5964,167: Total time for which application threads were stopped: 0,0003570 seconds, Stopping threads took: 0,0000179 seconds
2018-01-03T22:06:30.876-0200: 5964,168: Total time for which application threads were stopped: 0,0000920 seconds, Stopping threads took: 0,0000405 seconds
2018-01-03T22:06:30.877-0200: 5964,169: Total time for which application threads were stopped: 0,0001352 seconds, Stopping threads took: 0,0000095 seconds
2018-01-03T22:06:30.882-0200: 5964,174: Total time for which application threads were stopped: 0,0001342 seconds, Stopping threads took: 0,0000166 seconds
2018-01-03T22:06:30.897-0200: 5964,189: Total time for which application threads were stopped: 0,0033284 seconds, Stopping threads took: 0,0032155 seconds
2018-01-03T22:06:30.914-0200: 5964,206: Total time for which application threads were stopped: 0,0001184 seconds, Stopping threads took: 0,0000237 seconds
2018-01-03T22:06:30.915-0200: 5964,206: Total time for which application threads were stopped: 0,0000617 seconds, Stopping threads took: 0,0000119 seconds
2018-01-03T22:06:30.937-0200: 5964,229: Total time for which application threads were stopped: 0,0025333 seconds, Stopping threads took: 0,0023752 seconds
2018-01-03T22:06:30.937-0200: 5964,229: Total time for which application threads were stopped: 0,0000542 seconds, Stopping threads took: 0,0000085 seconds
2018-01-03T22:06:30.937-0200: 5964,229: Total time for which application threads were stopped: 0,0000398 seconds, Stopping threads took: 0,0000054 seconds
2018-01-03T22:06:30.937-0200: 5964,229: Total time for which application threads were stopped: 0,0000385 seconds, Stopping threads took: 0,0000049 seconds
2018-01-03T22:06:30.937-0200: 5964,229: Total time for which application threads were stopped: 0,0000377 seconds, Stopping threads took: 0,0000048 seconds
2018-01-03T22:06:30.937-0200: 5964,229: Total time for which application threads were stopped: 0,0000550 seconds, Stopping threads took: 0,0000047 seconds
2018-01-03T22:06:30.937-0200: 5964,229: Total time for which application threads were stopped: 0,0000382 seconds, Stopping threads took: 0,0000048 seconds
2018-01-03T22:06:30.937-0200: 5964,229: Total time for which application threads were stopped: 0,0000376 seconds, Stopping threads took: 0,0000048 seconds
2018-01-03T22:06:30.937-0200: 5964,229: Total time for which application threads were stopped: 0,0000377 seconds, Stopping threads took: 0,0000047 seconds
2018-01-03T22:06:30.937-0200: 5964,229: Total time for which application threads were stopped: 0,0000378 seconds, Stopping threads took: 0,0000048 seconds
2018-01-03T22:06:30.938-0200: 5964,229: Total time for which application threads were stopped: 0,0000388 seconds, Stopping threads took: 0,0000049 seconds
2018-01-03T22:06:30.938-0200: 5964,229: Total time for which application threads were stopped: 0,0000375 seconds, Stopping threads took: 0,0000049 seconds
2018-01-03T22:06:30.938-0200: 5964,229: Total time for which application threads were stopped: 0,0000379 seconds, Stopping threads took: 0,0000050 seconds
2018-01-03T22:06:30.938-0200: 5964,229: Total time for which application threads were stopped: 0,0000378 seconds, Stopping threads took: 0,0000050 seconds
2018-01-03T22:06:30.938-0200: 5964,229: Total time for which application threads were stopped: 0,0000457 seconds, Stopping threads took: 0,0000048 seconds
2018-01-03T22:06:30.938-0200: 5964,229: Total time for which application threads were stopped: 0,0000384 seconds, Stopping threads took: 0,0000054 seconds
2018-01-03T22:06:30.949-0200: 5964,240: Total time for which application threads were stopped: 0,0021118 seconds, Stopping threads took: 0,0020185 seconds
2018-01-03T22:06:30.949-0200: 5964,241: Total time for which application threads were stopped: 0,0000584 seconds, Stopping threads took: 0,0000073 seconds
2018-01-03T22:06:30.949-0200: 5964,241: Total time for which application threads were stopped: 0,0001496 seconds, Stopping threads took: 0,0000052 seconds
2018-01-03T22:06:30.952-0200: 5964,244: Total time for which application threads were stopped: 0,0008734 seconds, Stopping threads took: 0,0006702 seconds
{Heap before GC invocations=160 (full 2):
 par new generation   total 655360K, used 562002K [0x0000000700000000, 0x0000000730000000, 0x0000000730000000)
  eden space 524288K, 100% used [0x0000000700000000, 0x0000000720000000, 0x0000000720000000)
  from space 131072K,  28% used [0x0000000720000000, 0x00000007224d49a0, 0x0000000728000000)
  to   space 131072K,   0% used [0x0000000728000000, 0x0000000728000000, 0x0000000730000000)
 concurrent mark-sweep generation total 2359296K, used 586583K [0x0000000730000000, 0x00000007c0000000, 0x00000007c0000000)
 Metaspace       used 84287K, capacity 88571K, committed 88800K, reserved 1128448K
  class space    used 8864K, capacity 9794K, committed 9840K, reserved 1048576K
2018-01-03T22:06:31.494-0200: 5964,786: [GC (Allocation Failure) 2018-01-03T22:06:31.494-0200: 5964,786: [ParNew
Desired survivor size 120795952 bytes, new threshold 8 (max 8)
- age   1:    9298080 bytes,    9298080 total
- age   4:      86584 bytes,    9384664 total
- age   5:    1278712 bytes,   10663376 total
- age   6:    2170256 bytes,   12833632 total
- age   7:    2950984 bytes,   15784616 total
- age   8:    6878160 bytes,   22662776 total
: 562002K->27932K(655360K), 0,0770766 secs] 1148585K->620896K(3014656K), 0,0771467 secs] [Times: user=0,08 sys=0,00, real=0,07 secs] 
Heap after GC invocations=161 (full 2):
 par new generation   total 655360K, used 27932K [0x0000000700000000, 0x0000000730000000, 0x0000000730000000)
  eden space 524288K,   0% used [0x0000000700000000, 0x0000000700000000, 0x0000000720000000)
  from space 131072K,  21% used [0x0000000728000000, 0x0000000729b47168, 0x0000000730000000)
  to   space 131072K,   0% used [0x0000000720000000, 0x0000000720000000, 0x0000000728000000)
 concurrent mark-sweep generation total 2359296K, used 592964K [0x0000000730000000, 0x00000007c0000000, 0x00000007c0000000)
 Metaspace       used 84287K, capacity 88571K, committed 88800K, reserved 1128448K
  class space    used 8864K, capacity 9794K, committed 9840K, reserved 1048576K
}
2018-01-03T22:06:31.572-0200: 5964,863: Total time for which application threads were stopped: 0,0773350 seconds, Stopping threads took: 0,0000285 seconds
2018-01-03T22:06:31.579-0200: 5964,870: Total time for which application threads were stopped: 0,0039850 seconds, Stopping threads took: 0,0038115 seconds
2018-01-03T22:06:31.736-0200: 5965,028: Total time for which application threads were stopped: 0,0055558 seconds, Stopping threads took: 0,0054207 seconds
2018-01-03T22:06:31.736-0200: 5965,028: Total time for which application threads were stopped: 0,0000779 seconds, Stopping threads took: 0,0000071 seconds
2018-01-03T22:06:31.839-0200: 5965,131: Total time for which application threads were stopped: 0,0001182 seconds, Stopping threads took: 0,0000244 seconds
2018-01-03T22:06:31.895-0200: 5965,186: Total time for which application threads were stopped: 0,0028582 seconds, Stopping threads took: 0,0027509 seconds
2018-01-03T22:06:31.900-0200: 5965,192: Total time for which application threads were stopped: 0,0018423 seconds, Stopping threads took: 0,0017486 seconds
2018-01-03T22:06:31.900-0200: 5965,192: Total time for which application threads were stopped: 0,0000699 seconds, Stopping threads took: 0,0000076 seconds
2018-01-03T22:06:31.900-0200: 5965,192: Total time for which application threads were stopped: 0,0000424 seconds, Stopping threads took: 0,0000060 seconds
2018-01-03T22:06:31.900-0200: 5965,192: Total time for which application threads were stopped: 0,0000421 seconds, Stopping threads took: 0,0000059 seconds
2018-01-03T22:06:31.900-0200: 5965,192: Total time for which application threads were stopped: 0,0000414 seconds, Stopping threads took: 0,0000059 seconds
2018-01-03T22:06:31.901-0200: 5965,192: Total time for which application threads were stopped: 0,0000542 seconds, Stopping threads took: 0,0000057 seconds
2018-01-03T22:06:31.901-0200: 5965,193: Total time for which application threads were stopped: 0,0000607 seconds, Stopping threads took: 0,0000066 seconds
2018-01-03T22:06:31.901-0200: 5965,193: Total time for which application threads were stopped: 0,0001445 seconds, Stopping threads took: 0,0000062 seconds
2018-01-03T22:06:31.984-0200: 5965,276: Total time for which application threads were stopped: 0,0024312 seconds, Stopping threads took: 0,0023453 seconds
2018-01-03T22:06:32.067-0200: 5965,358: Total time for which application threads were stopped: 0,0032852 seconds, Stopping threads took: 0,0030717 seconds
2018-01-03T22:06:32.885-0200: 5966,177: Total time for which application threads were stopped: 0,0002151 seconds, Stopping threads took: 0,0000203 seconds
2018-01-03T22:07:13.626-0200: 6006,918: Total time for which application threads were stopped: 0,0001285 seconds, Stopping threads took: 0,0000540 seconds
{Heap before GC invocations=161 (full 2):
 par new generation   total 655360K, used 552217K [0x0000000700000000, 0x0000000730000000, 0x0000000730000000)
  eden space 524288K,  99% used [0x0000000700000000, 0x000000071ffff3a0, 0x0000000720000000)
  from space 131072K,  21% used [0x0000000728000000, 0x0000000729b47168, 0x0000000730000000)
  to   space 131072K,   0% used [0x0000000720000000, 0x0000000720000000, 0x0000000728000000)
 concurrent mark-sweep generation total 2359296K, used 592964K [0x0000000730000000, 0x00000007c0000000, 0x00000007c0000000)
 Metaspace       used 84296K, capacity 88571K, committed 88800K, reserved 1128448K
  class space    used 8864K, capacity 9794K, committed 9840K, reserved 1048576K
2018-01-03T22:07:13.730-0200: 6007,021: [GC (Allocation Failure) 2018-01-03T22:07:13.730-0200: 6007,021: [ParNew
Desired survivor size 120795952 bytes, new threshold 8 (max 8)
- age   1:   15765344 bytes,   15765344 total
- age   2:    2204072 bytes,   17969416 total
- age   5:      71056 bytes,   18040472 total
- age   6:     363080 bytes,   18403552 total
- age   7:    2170144 bytes,   20573696 total
- age   8:    2941408 bytes,   23515104 total
: 552217K->33491K(655360K), 0,1690534 secs] 1145181K->633167K(3014656K), 0,1690995 secs] [Times: user=0,07 sys=0,00, real=0,17 secs] 
Heap after GC invocations=162 (full 2):
 par new generation   total 655360K, used 33491K [0x0000000700000000, 0x0000000730000000, 0x0000000730000000)
  eden space 524288K,   0% used [0x0000000700000000, 0x0000000700000000, 0x0000000720000000)
  from space 131072K,  25% used [0x0000000720000000, 0x00000007220b4e38, 0x0000000728000000)
  to   space 131072K,   0% used [0x0000000728000000, 0x0000000728000000, 0x0000000730000000)
 concurrent mark-sweep generation total 2359296K, used 599676K [0x0000000730000000, 0x00000007c0000000, 0x00000007c0000000)
 Metaspace       used 84296K, capacity 88571K, committed 88800K, reserved 1128448K
  class space    used 8864K, capacity 9794K, committed 9840K, reserved 1048576K
}
2018-01-03T22:07:13.899-0200: 6007,190: Total time for which application threads were stopped: 0,1693150 seconds, Stopping threads took: 0,0000248 seconds
2018-01-03T22:07:13.913-0200: 6007,204: Total time for which application threads were stopped: 0,0057952 seconds, Stopping threads took: 0,0056027 seconds
2018-01-03T22:07:14.150-0200: 6007,442: Total time for which application threads were stopped: 0,0001378 seconds, Stopping threads took: 0,0000235 seconds
2018-01-03T22:07:14.248-0200: 6007,540: Total time for which application threads were stopped: 0,0098145 seconds, Stopping threads took: 0,0096739 seconds
2018-01-03T22:07:14.873-0200: 6008,164: Total time for which application threads were stopped: 0,0001120 seconds, Stopping threads took: 0,0000232 seconds
2018-01-03T22:07:15.022-0200: 6008,314: Total time for which application threads were stopped: 0,0001014 seconds, Stopping threads took: 0,0000237 seconds
2018-01-03T22:07:15.105-0200: 6008,396: Total time for which application threads were stopped: 0,0001088 seconds, Stopping threads took: 0,0000208 seconds
2018-01-03T22:07:15.105-0200: 6008,396: Total time for which application threads were stopped: 0,0000454 seconds, Stopping threads took: 0,0000069 seconds
2018-01-03T22:07:15.105-0200: 6008,397: Total time for which application threads were stopped: 0,0000560 seconds, Stopping threads took: 0,0000062 seconds
2018-01-03T22:07:16.105-0200: 6009,397: Total time for which application threads were stopped: 0,0000787 seconds, Stopping threads took: 0,0000191 seconds
2018-01-03T22:07:16.301-0200: 6009,592: Total time for which application threads were stopped: 0,0001041 seconds, Stopping threads took: 0,0000175 seconds
2018-01-03T22:07:16.301-0200: 6009,593: Total time for which application threads were stopped: 0,0000683 seconds, Stopping threads took: 0,0000066 seconds
2018-01-03T22:07:16.306-0200: 6009,597: Total time for which application threads were stopped: 0,0001265 seconds, Stopping threads took: 0,0000264 seconds
2018-01-03T22:07:16.306-0200: 6009,597: Total time for which application threads were stopped: 0,0000497 seconds, Stopping threads took: 0,0000059 seconds
2018-01-03T22:07:16.309-0200: 6009,601: Total time for which application threads were stopped: 0,0000638 seconds, Stopping threads took: 0,0000145 seconds
2018-01-03T22:07:16.309-0200: 6009,601: Total time for which application threads were stopped: 0,0000292 seconds, Stopping threads took: 0,0000054 seconds
2018-01-03T22:07:18.046-0200: 6011,338: Total time for which application threads were stopped: 0,0000872 seconds, Stopping threads took: 0,0000144 seconds
2018-01-03T22:07:18.446-0200: 6011,737: Total time for which application threads were stopped: 0,0001745 seconds, Stopping threads took: 0,0000201 seconds
2018-01-03T22:07:18.446-0200: 6011,738: Total time for which application threads were stopped: 0,0000484 seconds, Stopping threads took: 0,0000104 seconds
2018-01-03T22:07:18.450-0200: 6011,742: Total time for which application threads were stopped: 0,0000967 seconds, Stopping threads took: 0,0000223 seconds
2018-01-03T22:07:18.450-0200: 6011,742: Total time for which application threads were stopped: 0,0000471 seconds, Stopping threads took: 0,0000095 seconds
2018-01-03T22:07:18.451-0200: 6011,742: Total time for which application threads were stopped: 0,0000394 seconds, Stopping threads took: 0,0000088 seconds
2018-01-03T22:07:18.451-0200: 6011,742: Total time for which application threads were stopped: 0,0000425 seconds, Stopping threads took: 0,0000099 seconds
2018-01-03T22:07:18.451-0200: 6011,743: Total time for which application threads were stopped: 0,0001126 seconds, Stopping threads took: 0,0000102 seconds
2018-01-03T22:07:18.451-0200: 6011,743: Total time for which application threads were stopped: 0,0000415 seconds, Stopping threads took: 0,0000090 seconds
2018-01-03T22:07:18.452-0200: 6011,743: Total time for which application threads were stopped: 0,0000656 seconds, Stopping threads took: 0,0000136 seconds
2018-01-03T22:07:18.455-0200: 6011,747: Total time for which application threads were stopped: 0,0001241 seconds, Stopping threads took: 0,0000296 seconds
2018-01-03T22:07:18.455-0200: 6011,747: Total time for which application threads were stopped: 0,0000513 seconds, Stopping threads took: 0,0000104 seconds
2018-01-03T22:07:18.455-0200: 6011,747: Total time for which application threads were stopped: 0,0000404 seconds, Stopping threads took: 0,0000087 seconds
2018-01-03T22:07:18.456-0200: 6011,748: Total time for which application threads were stopped: 0,0000925 seconds, Stopping threads took: 0,0000148 seconds
2018-01-03T22:07:18.457-0200: 6011,749: Total time for which application threads were stopped: 0,0000774 seconds, Stopping threads took: 0,0000164 seconds
2018-01-03T22:07:18.457-0200: 6011,749: Total time for which application threads were stopped: 0,0000481 seconds, Stopping threads took: 0,0000101 seconds
2018-01-03T22:07:18.457-0200: 6011,749: Total time for which application threads were stopped: 0,0000404 seconds, Stopping threads took: 0,0000087 seconds
2018-01-03T22:07:18.459-0200: 6011,751: Total time for which application threads were stopped: 0,0000877 seconds, Stopping threads took: 0,0000201 seconds
2018-01-03T22:07:19.460-0200: 6012,751: Total time for which application threads were stopped: 0,0000955 seconds, Stopping threads took: 0,0000234 seconds
2018-01-03T22:07:21.391-0200: 6014,683: Total time for which application threads were stopped: 0,0001112 seconds, Stopping threads took: 0,0000368 seconds
2018-01-03T22:08:16.310-0200: 6069,601: Total time for which application threads were stopped: 0,0000904 seconds, Stopping threads took: 0,0000302 seconds
2018-01-03T22:08:17.310-0200: 6070,601: Total time for which application threads were stopped: 0,0001162 seconds, Stopping threads took: 0,0000221 seconds
2018-01-03T22:09:28.334-0200: 6141,625: Total time for which application threads were stopped: 0,0000967 seconds, Stopping threads took: 0,0000201 seconds
2018-01-03T22:09:28.684-0200: 6141,976: Total time for which application threads were stopped: 0,0000817 seconds, Stopping threads took: 0,0000187 seconds
2018-01-03T22:09:28.684-0200: 6141,976: Total time for which application threads were stopped: 0,0000638 seconds, Stopping threads took: 0,0000239 seconds
2018-01-03T22:09:28.684-0200: 6141,976: Total time for which application threads were stopped: 0,0000380 seconds, Stopping threads took: 0,0000098 seconds
2018-01-03T22:09:28.684-0200: 6141,976: Total time for which application threads were stopped: 0,0000363 seconds, Stopping threads took: 0,0000091 seconds
2018-01-03T22:09:28.684-0200: 6141,976: Total time for which application threads were stopped: 0,0000364 seconds, Stopping threads took: 0,0000090 seconds
2018-01-03T22:09:28.685-0200: 6141,976: Total time for which application threads were stopped: 0,0000438 seconds, Stopping threads took: 0,0000105 seconds
2018-01-03T22:09:28.685-0200: 6141,976: Total time for which application threads were stopped: 0,0000373 seconds, Stopping threads took: 0,0000093 seconds
2018-01-03T22:09:28.685-0200: 6141,977: Total time for which application threads were stopped: 0,0000359 seconds, Stopping threads took: 0,0000089 seconds
2018-01-03T22:09:28.685-0200: 6141,977: Total time for which application threads were stopped: 0,0000358 seconds, Stopping threads took: 0,0000089 seconds
2018-01-03T22:09:28.685-0200: 6141,977: Total time for which application threads were stopped: 0,0000586 seconds, Stopping threads took: 0,0000090 seconds
2018-01-03T22:09:28.685-0200: 6141,977: Total time for which application threads were stopped: 0,0000363 seconds, Stopping threads took: 0,0000091 seconds
2018-01-03T22:09:28.685-0200: 6141,977: Total time for which application threads were stopped: 0,0000477 seconds, Stopping threads took: 0,0000090 seconds
2018-01-03T22:09:28.685-0200: 6141,977: Total time for which application threads were stopped: 0,0000367 seconds, Stopping threads took: 0,0000093 seconds
2018-01-03T22:09:28.686-0200: 6141,977: Total time for which application threads were stopped: 0,0000576 seconds, Stopping threads took: 0,0000109 seconds
2018-01-03T22:09:28.686-0200: 6141,977: Total time for which application threads were stopped: 0,0000908 seconds, Stopping threads took: 0,0000098 seconds
2018-01-03T22:09:28.689-0200: 6141,980: Total time for which application threads were stopped: 0,0001024 seconds, Stopping threads took: 0,0000192 seconds
2018-01-03T22:09:28.689-0200: 6141,981: Total time for which application threads were stopped: 0,0000516 seconds, Stopping threads took: 0,0000097 seconds
2018-01-03T22:09:28.711-0200: 6142,002: Total time for which application threads were stopped: 0,0001206 seconds, Stopping threads took: 0,0000215 seconds
2018-01-03T22:09:28.711-0200: 6142,002: Total time for which application threads were stopped: 0,0000653 seconds, Stopping threads took: 0,0000099 seconds
2018-01-03T22:09:28.711-0200: 6142,002: Total time for which application threads were stopped: 0,0000547 seconds, Stopping threads took: 0,0000089 seconds
2018-01-03T22:10:28.711-0200: 6202,003: Total time for which application threads were stopped: 0,0000881 seconds, Stopping threads took: 0,0000302 seconds
{Heap before GC invocations=162 (full 2):
 par new generation   total 655360K, used 557762K [0x0000000700000000, 0x0000000730000000, 0x0000000730000000)
  eden space 524288K,  99% used [0x0000000700000000, 0x000000071fffbd30, 0x0000000720000000)
  from space 131072K,  25% used [0x0000000720000000, 0x00000007220b4e38, 0x0000000728000000)
  to   space 131072K,   0% used [0x0000000728000000, 0x0000000728000000, 0x0000000730000000)
 concurrent mark-sweep generation total 2359296K, used 599676K [0x0000000730000000, 0x00000007c0000000, 0x00000007c0000000)
 Metaspace       used 85566K, capacity 89887K, committed 89952K, reserved 1130496K
  class space    used 8992K, capacity 9935K, committed 9968K, reserved 1048576K
2018-01-03T22:11:16.846-0200: 6250,138: [GC (Allocation Failure) 2018-01-03T22:11:16.847-0200: 6250,138: [ParNew
Desired survivor size 120795952 bytes, new threshold 8 (max 8)
- age   1:   11657216 bytes,   11657216 total
- age   2:    4386840 bytes,   16044056 total
- age   3:    1007624 bytes,   17051680 total
- age   6:      12256 bytes,   17063936 total
- age   7:     353640 bytes,   17417576 total
- age   8:    2170112 bytes,   19587688 total
: 557762K->25610K(655360K), 0,1126343 secs] 1157438K->628160K(3014656K), 0,1126990 secs] [Times: user=0,06 sys=0,00, real=0,11 secs] 
Heap after GC invocations=163 (full 2):
 par new generation   total 655360K, used 25610K [0x0000000700000000, 0x0000000730000000, 0x0000000730000000)
  eden space 524288K,   0% used [0x0000000700000000, 0x0000000700000000, 0x0000000720000000)
  from space 131072K,  19% used [0x0000000728000000, 0x00000007299029a8, 0x0000000730000000)
  to   space 131072K,   0% used [0x0000000720000000, 0x0000000720000000, 0x0000000728000000)
 concurrent mark-sweep generation total 2359296K, used 602550K [0x0000000730000000, 0x00000007c0000000, 0x00000007c0000000)
 Metaspace       used 85566K, capacity 89887K, committed 89952K, reserved 1130496K
  class space    used 8992K, capacity 9935K, committed 9968K, reserved 1048576K
}
2018-01-03T22:11:16.959-0200: 6250,251: Total time for which application threads were stopped: 0,1128492 seconds, Stopping threads took: 0,0000230 seconds
2018-01-03T22:11:16.965-0200: 6250,257: Total time for which application threads were stopped: 0,0022751 seconds, Stopping threads took: 0,0022065 seconds
2018-01-03T22:11:16.965-0200: 6250,257: Total time for which application threads were stopped: 0,0000574 seconds, Stopping threads took: 0,0000057 seconds
2018-01-03T22:11:16.965-0200: 6250,257: Total time for which application threads were stopped: 0,0000323 seconds, Stopping threads took: 0,0000044 seconds
2018-01-03T22:11:16.965-0200: 6250,257: Total time for which application threads were stopped: 0,0000608 seconds, Stopping threads took: 0,0000043 seconds
2018-01-03T22:11:17.093-0200: 6250,385: Total time for which application threads were stopped: 0,0024526 seconds, Stopping threads took: 0,0022525 seconds
2018-01-03T22:11:17.161-0200: 6250,453: Total time for which application threads were stopped: 0,0021103 seconds, Stopping threads took: 0,0020370 seconds
2018-01-03T22:11:17.161-0200: 6250,453: Total time for which application threads were stopped: 0,0000493 seconds, Stopping threads took: 0,0000070 seconds
2018-01-03T22:11:17.161-0200: 6250,453: Total time for which application threads were stopped: 0,0000308 seconds, Stopping threads took: 0,0000049 seconds
2018-01-03T22:11:17.161-0200: 6250,453: Total time for which application threads were stopped: 0,0000289 seconds, Stopping threads took: 0,0000043 seconds
2018-01-03T22:11:17.161-0200: 6250,453: Total time for which application threads were stopped: 0,0000285 seconds, Stopping threads took: 0,0000040 seconds
2018-01-03T22:11:17.161-0200: 6250,453: Total time for which application threads were stopped: 0,0000277 seconds, Stopping threads took: 0,0000042 seconds
2018-01-03T22:11:17.170-0200: 6250,462: Total time for which application threads were stopped: 0,0034548 seconds, Stopping threads took: 0,0033599 seconds
2018-01-03T22:11:17.224-0200: 6250,516: Total time for which application threads were stopped: 0,0000926 seconds, Stopping threads took: 0,0000211 seconds
2018-01-03T22:11:17.226-0200: 6250,518: Total time for which application threads were stopped: 0,0000636 seconds, Stopping threads took: 0,0000146 seconds
2018-01-03T22:11:17.283-0200: 6250,574: Total time for which application threads were stopped: 0,0000895 seconds, Stopping threads took: 0,0000189 seconds
2018-01-03T22:11:17.283-0200: 6250,574: Total time for which application threads were stopped: 0,0000506 seconds, Stopping threads took: 0,0000104 seconds
2018-01-03T22:11:17.283-0200: 6250,575: Total time for which application threads were stopped: 0,0000374 seconds, Stopping threads took: 0,0000097 seconds
2018-01-03T22:11:17.283-0200: 6250,575: Total time for which application threads were stopped: 0,0000354 seconds, Stopping threads took: 0,0000093 seconds
2018-01-03T22:11:17.283-0200: 6250,575: Total time for which application threads were stopped: 0,0000344 seconds, Stopping threads took: 0,0000086 seconds
2018-01-03T22:11:17.283-0200: 6250,575: Total time for which application threads were stopped: 0,0000342 seconds, Stopping threads took: 0,0000089 seconds
2018-01-03T22:11:17.284-0200: 6250,575: Total time for which application threads were stopped: 0,0000362 seconds, Stopping threads took: 0,0000091 seconds
2018-01-03T22:11:17.284-0200: 6250,575: Total time for which application threads were stopped: 0,0000362 seconds, Stopping threads took: 0,0000089 seconds
2018-01-03T22:11:17.284-0200: 6250,575: Total time for which application threads were stopped: 0,0000346 seconds, Stopping threads took: 0,0000088 seconds
2018-01-03T22:11:17.291-0200: 6250,582: Total time for which application threads were stopped: 0,0000924 seconds, Stopping threads took: 0,0000195 seconds
2018-01-03T22:11:17.291-0200: 6250,582: Total time for which application threads were stopped: 0,0000434 seconds, Stopping threads took: 0,0000099 seconds
2018-01-03T22:11:17.291-0200: 6250,583: Total time for which application threads were stopped: 0,0000494 seconds, Stopping threads took: 0,0000090 seconds
2018-01-03T22:11:17.291-0200: 6250,583: Total time for which application threads were stopped: 0,0000349 seconds, Stopping threads took: 0,0000089 seconds
2018-01-03T22:11:17.291-0200: 6250,583: Total time for which application threads were stopped: 0,0000347 seconds, Stopping threads took: 0,0000086 seconds
2018-01-03T22:11:17.291-0200: 6250,583: Total time for which application threads were stopped: 0,0000346 seconds, Stopping threads took: 0,0000086 seconds
2018-01-03T22:11:17.291-0200: 6250,583: Total time for which application threads were stopped: 0,0000437 seconds, Stopping threads took: 0,0000088 seconds
2018-01-03T22:11:17.292-0200: 6250,583: Total time for which application threads were stopped: 0,0000916 seconds, Stopping threads took: 0,0000088 seconds
2018-01-03T22:11:18.375-0200: 6251,666: Total time for which application threads were stopped: 0,0041773 seconds, Stopping threads took: 0,0040929 seconds
2018-01-03T22:11:18.375-0200: 6251,666: Total time for which application threads were stopped: 0,0000430 seconds, Stopping threads took: 0,0000073 seconds
2018-01-03T22:11:18.376-0200: 6251,668: Total time for which application threads were stopped: 0,0000857 seconds, Stopping threads took: 0,0000129 seconds
2018-01-03T22:11:18.376-0200: 6251,668: Total time for which application threads were stopped: 0,0000445 seconds, Stopping threads took: 0,0000050 seconds
2018-01-03T22:11:18.398-0200: 6251,690: Total time for which application threads were stopped: 0,0000897 seconds, Stopping threads took: 0,0000214 seconds
2018-01-03T22:11:18.398-0200: 6251,690: Total time for which application threads were stopped: 0,0000315 seconds, Stopping threads took: 0,0000056 seconds
2018-01-03T22:11:25.768-0200: 6259,059: Total time for which application threads were stopped: 0,0000756 seconds, Stopping threads took: 0,0000121 seconds
2018-01-03T22:11:25.774-0200: 6259,066: Total time for which application threads were stopped: 0,0001038 seconds, Stopping threads took: 0,0000301 seconds
2018-01-03T22:11:25.774-0200: 6259,066: Total time for which application threads were stopped: 0,0000539 seconds, Stopping threads took: 0,0000099 seconds
2018-01-03T22:11:25.776-0200: 6259,068: Total time for which application threads were stopped: 0,0001160 seconds, Stopping threads took: 0,0000125 seconds
2018-01-03T22:11:25.776-0200: 6259,068: Total time for which application threads were stopped: 0,0000378 seconds, Stopping threads took: 0,0000084 seconds
2018-01-03T22:11:25.776-0200: 6259,068: Total time for which application threads were stopped: 0,0000345 seconds, Stopping threads took: 0,0000079 seconds
2018-01-03T22:11:25.776-0200: 6259,068: Total time for which application threads were stopped: 0,0000361 seconds, Stopping threads took: 0,0000087 seconds
2018-01-03T22:11:25.777-0200: 6259,068: Total time for which application threads were stopped: 0,0000382 seconds, Stopping threads took: 0,0000086 seconds
2018-01-03T22:11:25.777-0200: 6259,068: Total time for which application threads were stopped: 0,0000339 seconds, Stopping threads took: 0,0000077 seconds
2018-01-03T22:11:25.777-0200: 6259,069: Total time for which application threads were stopped: 0,0000420 seconds, Stopping threads took: 0,0000091 seconds
2018-01-03T22:11:25.777-0200: 6259,069: Total time for which application threads were stopped: 0,0001007 seconds, Stopping threads took: 0,0000094 seconds
2018-01-03T22:11:25.778-0200: 6259,069: Total time for which application threads were stopped: 0,0000361 seconds, Stopping threads took: 0,0000084 seconds
2018-01-03T22:11:25.780-0200: 6259,071: Total time for which application threads were stopped: 0,0000925 seconds, Stopping threads took: 0,0000219 seconds
2018-01-03T22:11:25.781-0200: 6259,072: Total time for which application threads were stopped: 0,0000607 seconds, Stopping threads took: 0,0000129 seconds
2018-01-03T22:11:25.781-0200: 6259,072: Total time for which application threads were stopped: 0,0000416 seconds, Stopping threads took: 0,0000097 seconds
2018-01-03T22:11:25.781-0200: 6259,072: Total time for which application threads were stopped: 0,0000406 seconds, Stopping threads took: 0,0000095 seconds
2018-01-03T22:11:26.781-0200: 6260,073: Total time for which application threads were stopped: 0,0001023 seconds, Stopping threads took: 0,0000200 seconds
2018-01-03T22:11:50.284-0200: 6283,576: Total time for which application threads were stopped: 0,0052758 seconds, Stopping threads took: 0,0051512 seconds
2018-01-03T22:11:50.340-0200: 6283,631: Total time for which application threads were stopped: 0,0021862 seconds, Stopping threads took: 0,0021189 seconds
2018-01-03T22:11:50.340-0200: 6283,631: Total time for which application threads were stopped: 0,0000429 seconds, Stopping threads took: 0,0000076 seconds
2018-01-03T22:11:50.340-0200: 6283,631: Total time for which application threads were stopped: 0,0000306 seconds, Stopping threads took: 0,0000044 seconds
2018-01-03T22:11:50.340-0200: 6283,631: Total time for which application threads were stopped: 0,0000298 seconds, Stopping threads took: 0,0000043 seconds
2018-01-03T22:11:50.340-0200: 6283,631: Total time for which application threads were stopped: 0,0000297 seconds, Stopping threads took: 0,0000042 seconds
2018-01-03T22:11:50.340-0200: 6283,631: Total time for which application threads were stopped: 0,0000283 seconds, Stopping threads took: 0,0000043 seconds
2018-01-03T22:11:50.345-0200: 6283,637: Total time for which application threads were stopped: 0,0002026 seconds, Stopping threads took: 0,0000654 seconds
2018-01-03T22:11:50.426-0200: 6283,718: Total time for which application threads were stopped: 0,0001058 seconds, Stopping threads took: 0,0000259 seconds
2018-01-03T22:11:50.426-0200: 6283,718: Total time for which application threads were stopped: 0,0000460 seconds, Stopping threads took: 0,0000104 seconds
2018-01-03T22:11:51.426-0200: 6284,718: Total time for which application threads were stopped: 0,0000733 seconds, Stopping threads took: 0,0000194 seconds
2018-01-03T22:11:51.695-0200: 6284,986: Total time for which application threads were stopped: 0,0000755 seconds, Stopping threads took: 0,0000174 seconds
2018-01-03T22:11:51.695-0200: 6284,986: Total time for which application threads were stopped: 0,0000435 seconds, Stopping threads took: 0,0000103 seconds
2018-01-03T22:11:51.695-0200: 6284,986: Total time for which application threads were stopped: 0,0000362 seconds, Stopping threads took: 0,0000091 seconds
2018-01-03T22:11:51.695-0200: 6284,986: Total time for which application threads were stopped: 0,0000331 seconds, Stopping threads took: 0,0000077 seconds
2018-01-03T22:11:51.695-0200: 6284,986: Total time for which application threads were stopped: 0,0000295 seconds, Stopping threads took: 0,0000043 seconds
2018-01-03T22:11:51.695-0200: 6284,987: Total time for which application threads were stopped: 0,0000641 seconds, Stopping threads took: 0,0000099 seconds
2018-01-03T22:11:51.695-0200: 6284,987: Total time for which application threads were stopped: 0,0000376 seconds, Stopping threads took: 0,0000094 seconds
2018-01-03T22:11:51.695-0200: 6284,987: Total time for which application threads were stopped: 0,0000343 seconds, Stopping threads took: 0,0000084 seconds
2018-01-03T22:11:51.695-0200: 6284,987: Total time for which application threads were stopped: 0,0000337 seconds, Stopping threads took: 0,0000085 seconds
2018-01-03T22:11:51.695-0200: 6284,987: Total time for which application threads were stopped: 0,0000346 seconds, Stopping threads took: 0,0000087 seconds
2018-01-03T22:11:51.695-0200: 6284,987: Total time for which application threads were stopped: 0,0000337 seconds, Stopping threads took: 0,0000084 seconds
2018-01-03T22:11:51.695-0200: 6284,987: Total time for which application threads were stopped: 0,0000292 seconds, Stopping threads took: 0,0000044 seconds
2018-01-03T22:11:51.696-0200: 6284,987: Total time for which application threads were stopped: 0,0000290 seconds, Stopping threads took: 0,0000043 seconds
2018-01-03T22:11:51.696-0200: 6284,988: Total time for which application threads were stopped: 0,0000403 seconds, Stopping threads took: 0,0000101 seconds
2018-01-03T22:11:51.696-0200: 6284,988: Total time for which application threads were stopped: 0,0000354 seconds, Stopping threads took: 0,0000087 seconds
2018-01-03T22:11:51.698-0200: 6284,990: Total time for which application threads were stopped: 0,0001071 seconds, Stopping threads took: 0,0000130 seconds
2018-01-03T22:11:51.698-0200: 6284,990: Total time for which application threads were stopped: 0,0000471 seconds, Stopping threads took: 0,0000056 seconds
2018-01-03T22:11:51.703-0200: 6284,994: Total time for which application threads were stopped: 0,0000593 seconds, Stopping threads took: 0,0000119 seconds
2018-01-03T22:11:51.703-0200: 6284,994: Total time for which application threads were stopped: 0,0000284 seconds, Stopping threads took: 0,0000053 seconds
2018-01-03T22:11:51.708-0200: 6285,000: Total time for which application threads were stopped: 0,0000768 seconds, Stopping threads took: 0,0000135 seconds
2018-01-03T22:11:51.708-0200: 6285,000: Total time for which application threads were stopped: 0,0000376 seconds, Stopping threads took: 0,0000055 seconds
2018-01-03T22:11:53.175-0200: 6286,467: Total time for which application threads were stopped: 0,0001360 seconds, Stopping threads took: 0,0000129 seconds
2018-01-03T22:11:53.176-0200: 6286,468: Total time for which application threads were stopped: 0,0000562 seconds, Stopping threads took: 0,0000084 seconds
2018-01-03T22:11:53.176-0200: 6286,468: Total time for which application threads were stopped: 0,0000386 seconds, Stopping threads took: 0,0000054 seconds
2018-01-03T22:11:53.178-0200: 6286,469: Total time for which application threads were stopped: 0,0000495 seconds, Stopping threads took: 0,0000110 seconds
2018-01-03T22:11:53.178-0200: 6286,469: Total time for which application threads were stopped: 0,0000365 seconds, Stopping threads took: 0,0000080 seconds
2018-01-03T22:11:53.178-0200: 6286,469: Total time for which application threads were stopped: 0,0000347 seconds, Stopping threads took: 0,0000081 seconds
2018-01-03T22:11:53.178-0200: 6286,469: Total time for which application threads were stopped: 0,0000376 seconds, Stopping threads took: 0,0000091 seconds
2018-01-03T22:11:53.178-0200: 6286,470: Total time for which application threads were stopped: 0,0000395 seconds, Stopping threads took: 0,0000091 seconds
2018-01-03T22:11:53.178-0200: 6286,470: Total time for which application threads were stopped: 0,0000905 seconds, Stopping threads took: 0,0000079 seconds
2018-01-03T22:11:53.183-0200: 6286,474: Total time for which application threads were stopped: 0,0000912 seconds, Stopping threads took: 0,0000190 seconds
2018-01-03T22:11:53.183-0200: 6286,475: Total time for which application threads were stopped: 0,0000585 seconds, Stopping threads took: 0,0000115 seconds
2018-01-03T22:11:53.183-0200: 6286,475: Total time for which application threads were stopped: 0,0000352 seconds, Stopping threads took: 0,0000077 seconds
2018-01-03T22:11:53.183-0200: 6286,475: Total time for which application threads were stopped: 0,0000337 seconds, Stopping threads took: 0,0000076 seconds
2018-01-03T22:11:53.184-0200: 6286,476: Total time for which application threads were stopped: 0,0001043 seconds, Stopping threads took: 0,0000306 seconds
2018-01-03T22:11:53.184-0200: 6286,476: Total time for which application threads were stopped: 0,0000559 seconds, Stopping threads took: 0,0000083 seconds
2018-01-03T22:11:53.184-0200: 6286,476: Total time for which application threads were stopped: 0,0000354 seconds, Stopping threads took: 0,0000082 seconds
2018-01-03T22:11:53.849-0200: 6287,141: Total time for which application threads were stopped: 0,0001359 seconds, Stopping threads took: 0,0000175 seconds
2018-01-03T22:12:22.857-0200: 6316,149: Total time for which application threads were stopped: 0,0000712 seconds, Stopping threads took: 0,0000183 seconds
2018-01-03T22:12:28.798-0200: 6322,090: Total time for which application threads were stopped: 0,0071037 seconds, Stopping threads took: 0,0069800 seconds
2018-01-03T22:12:28.891-0200: 6322,183: Total time for which application threads were stopped: 0,0001191 seconds, Stopping threads took: 0,0000170 seconds
2018-01-03T22:12:28.891-0200: 6322,183: Total time for which application threads were stopped: 0,0000490 seconds, Stopping threads took: 0,0000110 seconds
2018-01-03T22:12:28.891-0200: 6322,183: Total time for which application threads were stopped: 0,0000369 seconds, Stopping threads took: 0,0000082 seconds
2018-01-03T22:12:28.892-0200: 6322,183: Total time for which application threads were stopped: 0,0002016 seconds, Stopping threads took: 0,0000083 seconds
2018-01-03T22:12:28.892-0200: 6322,183: Total time for which application threads were stopped: 0,0000507 seconds, Stopping threads took: 0,0000088 seconds
2018-01-03T22:12:28.892-0200: 6322,183: Total time for which application threads were stopped: 0,0000371 seconds, Stopping threads took: 0,0000090 seconds
2018-01-03T22:12:29.011-0200: 6322,302: Total time for which application threads were stopped: 0,0001092 seconds, Stopping threads took: 0,0000240 seconds
2018-01-03T22:12:29.011-0200: 6322,302: Total time for which application threads were stopped: 0,0000475 seconds, Stopping threads took: 0,0000102 seconds
2018-01-03T22:12:29.098-0200: 6322,390: Total time for which application threads were stopped: 0,0000987 seconds, Stopping threads took: 0,0000191 seconds
2018-01-03T22:12:29.099-0200: 6322,390: Total time for which application threads were stopped: 0,0000531 seconds, Stopping threads took: 0,0000105 seconds
2018-01-03T22:12:29.099-0200: 6322,390: Total time for which application threads were stopped: 0,0000397 seconds, Stopping threads took: 0,0000092 seconds
2018-01-03T22:12:29.099-0200: 6322,390: Total time for which application threads were stopped: 0,0000414 seconds, Stopping threads took: 0,0000095 seconds
2018-01-03T22:12:29.106-0200: 6322,398: Total time for which application threads were stopped: 0,0000921 seconds, Stopping threads took: 0,0000189 seconds
2018-01-03T22:12:29.107-0200: 6322,398: Total time for which application threads were stopped: 0,0000511 seconds, Stopping threads took: 0,0000100 seconds
2018-01-03T22:12:29.107-0200: 6322,398: Total time for which application threads were stopped: 0,0000546 seconds, Stopping threads took: 0,0000090 seconds
2018-01-03T22:12:29.107-0200: 6322,398: Total time for which application threads were stopped: 0,0000397 seconds, Stopping threads took: 0,0000094 seconds
2018-01-03T22:12:29.107-0200: 6322,399: Total time for which application threads were stopped: 0,0000371 seconds, Stopping threads took: 0,0000086 seconds
2018-01-03T22:12:29.107-0200: 6322,399: Total time for which application threads were stopped: 0,0000370 seconds, Stopping threads took: 0,0000087 seconds
2018-01-03T22:12:29.107-0200: 6322,399: Total time for which application threads were stopped: 0,0000374 seconds, Stopping threads took: 0,0000088 seconds
2018-01-03T22:12:29.107-0200: 6322,399: Total time for which application threads were stopped: 0,0000386 seconds, Stopping threads took: 0,0000088 seconds
2018-01-03T22:12:29.107-0200: 6322,399: Total time for which application threads were stopped: 0,0000366 seconds, Stopping threads took: 0,0000082 seconds
2018-01-03T22:12:29.108-0200: 6322,399: Total time for which application threads were stopped: 0,0000365 seconds, Stopping threads took: 0,0000087 seconds
2018-01-03T22:12:29.110-0200: 6322,402: Total time for which application threads were stopped: 0,0000588 seconds, Stopping threads took: 0,0000127 seconds
2018-01-03T22:12:29.111-0200: 6322,402: Total time for which application threads were stopped: 0,0000425 seconds, Stopping threads took: 0,0000097 seconds
2018-01-03T22:12:29.111-0200: 6322,402: Total time for which application threads were stopped: 0,0000366 seconds, Stopping threads took: 0,0000084 seconds
2018-01-03T22:12:29.111-0200: 6322,402: Total time for which application threads were stopped: 0,0000500 seconds, Stopping threads took: 0,0000086 seconds
2018-01-03T22:12:29.111-0200: 6322,402: Total time for which application threads were stopped: 0,0000367 seconds, Stopping threads took: 0,0000087 seconds
2018-01-03T22:12:29.111-0200: 6322,403: Total time for which application threads were stopped: 0,0000889 seconds, Stopping threads took: 0,0000085 seconds
2018-01-03T22:12:30.226-0200: 6323,517: Total time for which application threads were stopped: 0,0000756 seconds, Stopping threads took: 0,0000107 seconds
2018-01-03T22:12:30.226-0200: 6323,517: Total time for which application threads were stopped: 0,0000880 seconds, Stopping threads took: 0,0000049 seconds
2018-01-03T22:12:30.229-0200: 6323,520: Total time for which application threads were stopped: 0,0000796 seconds, Stopping threads took: 0,0000138 seconds
2018-01-03T22:12:30.229-0200: 6323,520: Total time for which application threads were stopped: 0,0000780 seconds, Stopping threads took: 0,0000351 seconds
2018-01-03T22:12:30.233-0200: 6323,525: Total time for which application threads were stopped: 0,0000574 seconds, Stopping threads took: 0,0000114 seconds
2018-01-03T22:12:30.233-0200: 6323,525: Total time for which application threads were stopped: 0,0000267 seconds, Stopping threads took: 0,0000045 seconds
2018-01-03T22:12:31.308-0200: 6324,600: Total time for which application threads were stopped: 0,0000789 seconds, Stopping threads took: 0,0000129 seconds
{Heap before GC invocations=163 (full 2):
 par new generation   total 655360K, used 547746K [0x0000000700000000, 0x0000000730000000, 0x0000000730000000)
  eden space 524288K,  99% used [0x0000000700000000, 0x000000071fde6070, 0x0000000720000000)
  from space 131072K,  19% used [0x0000000728000000, 0x00000007299029a8, 0x0000000730000000)
  to   space 131072K,   0% used [0x0000000720000000, 0x0000000720000000, 0x0000000728000000)
 concurrent mark-sweep generation total 2359296K, used 602550K [0x0000000730000000, 0x00000007c0000000, 0x00000007c0000000)
 Metaspace       used 88193K, capacity 92745K, committed 93152K, reserved 1132544K
  class space    used 9254K, capacity 10229K, committed 10352K, reserved 1048576K
2018-01-03T22:12:31.492-0200: 6324,783: [GC (Allocation Failure) 2018-01-03T22:12:31.492-0200: 6324,783: [ParNew
Desired survivor size 120795952 bytes, new threshold 8 (max 8)
- age   1:   12515744 bytes,   12515744 total
- age   2:    3381360 bytes,   15897104 total
- age   3:    4376776 bytes,   20273880 total
- age   4:    1007440 bytes,   21281320 total
- age   7:      11896 bytes,   21293216 total
- age   8:     353640 bytes,   21646856 total
: 547746K->27423K(655360K), 0,1744543 secs] 1150296K->632092K(3014656K), 0,1748365 secs] [Times: user=0,07 sys=0,00, real=0,18 secs] 
Heap after GC invocations=164 (full 2):
 par new generation   total 655360K, used 27423K [0x0000000700000000, 0x0000000730000000, 0x0000000730000000)
  eden space 524288K,   0% used [0x0000000700000000, 0x0000000700000000, 0x0000000720000000)
  from space 131072K,  20% used [0x0000000720000000, 0x0000000721ac7e18, 0x0000000728000000)
  to   space 131072K,   0% used [0x0000000728000000, 0x0000000728000000, 0x0000000730000000)
 concurrent mark-sweep generation total 2359296K, used 604669K [0x0000000730000000, 0x00000007c0000000, 0x00000007c0000000)
 Metaspace       used 88193K, capacity 92745K, committed 93152K, reserved 1132544K
  class space    used 9254K, capacity 10229K, committed 10352K, reserved 1048576K
}
2018-01-03T22:12:31.666-0200: 6324,958: Total time for which application threads were stopped: 0,1751184 seconds, Stopping threads took: 0,0000235 seconds
2018-01-03T22:12:31.668-0200: 6324,960: Total time for which application threads were stopped: 0,0010205 seconds, Stopping threads took: 0,0008544 seconds
2018-01-03T22:12:31.670-0200: 6324,961: Total time for which application threads were stopped: 0,0001724 seconds, Stopping threads took: 0,0000241 seconds
2018-01-03T22:12:31.670-0200: 6324,961: Total time for which application threads were stopped: 0,0000399 seconds, Stopping threads took: 0,0000059 seconds
2018-01-03T22:12:31.670-0200: 6324,962: Total time for which application threads were stopped: 0,0000333 seconds, Stopping threads took: 0,0000043 seconds
2018-01-03T22:12:31.670-0200: 6324,962: Total time for which application threads were stopped: 0,0000326 seconds, Stopping threads took: 0,0000044 seconds
2018-01-03T22:12:31.670-0200: 6324,962: Total time for which application threads were stopped: 0,0000312 seconds, Stopping threads took: 0,0000041 seconds
2018-01-03T22:12:31.670-0200: 6324,962: Total time for which application threads were stopped: 0,0000311 seconds, Stopping threads took: 0,0000041 seconds
2018-01-03T22:12:31.670-0200: 6324,962: Total time for which application threads were stopped: 0,0000309 seconds, Stopping threads took: 0,0000040 seconds
2018-01-03T22:12:31.670-0200: 6324,962: Total time for which application threads were stopped: 0,0000306 seconds, Stopping threads took: 0,0000039 seconds
2018-01-03T22:12:31.670-0200: 6324,962: Total time for which application threads were stopped: 0,0000309 seconds, Stopping threads took: 0,0000041 seconds
2018-01-03T22:12:31.674-0200: 6324,966: Total time for which application threads were stopped: 0,0041168 seconds, Stopping threads took: 0,0000039 seconds
2018-01-03T22:12:31.674-0200: 6324,966: Total time for which application threads were stopped: 0,0000704 seconds, Stopping threads took: 0,0000102 seconds
2018-01-03T22:12:31.674-0200: 6324,966: Total time for which application threads were stopped: 0,0000333 seconds, Stopping threads took: 0,0000044 seconds
2018-01-03T22:12:31.675-0200: 6324,966: Total time for which application threads were stopped: 0,0001023 seconds, Stopping threads took: 0,0000040 seconds
2018-01-03T22:12:31.690-0200: 6324,982: Total time for which application threads were stopped: 0,0103505 seconds, Stopping threads took: 0,0102520 seconds
2018-01-03T22:12:32.314-0200: 6325,606: Total time for which application threads were stopped: 0,0001234 seconds, Stopping threads took: 0,0000249 seconds
2018-01-03T22:12:32.315-0200: 6325,606: Total time for which application threads were stopped: 0,0000727 seconds, Stopping threads took: 0,0000106 seconds
2018-01-03T22:12:32.316-0200: 6325,608: Total time for which application threads were stopped: 0,0000527 seconds, Stopping threads took: 0,0000110 seconds
2018-01-03T22:12:32.316-0200: 6325,608: Total time for which application threads were stopped: 0,0000385 seconds, Stopping threads took: 0,0000082 seconds
2018-01-03T22:12:32.316-0200: 6325,608: Total time for which application threads were stopped: 0,0000367 seconds, Stopping threads took: 0,0000085 seconds
2018-01-03T22:12:32.316-0200: 6325,608: Total time for which application threads were stopped: 0,0000400 seconds, Stopping threads took: 0,0000094 seconds
2018-01-03T22:12:32.316-0200: 6325,608: Total time for which application threads were stopped: 0,0000355 seconds, Stopping threads took: 0,0000081 seconds
2018-01-03T22:12:32.317-0200: 6325,609: Total time for which application threads were stopped: 0,0000590 seconds, Stopping threads took: 0,0000098 seconds
2018-01-03T22:12:32.322-0200: 6325,614: Total time for which application threads were stopped: 0,0001239 seconds, Stopping threads took: 0,0000300 seconds
2018-01-03T22:12:32.322-0200: 6325,614: Total time for which application threads were stopped: 0,0000495 seconds, Stopping threads took: 0,0000097 seconds
2018-01-03T22:12:32.323-0200: 6325,614: Total time for which application threads were stopped: 0,0000581 seconds, Stopping threads took: 0,0000241 seconds
2018-01-03T22:12:32.330-0200: 6325,622: Total time for which application threads were stopped: 0,0001240 seconds, Stopping threads took: 0,0000416 seconds
2018-01-03T22:12:32.330-0200: 6325,622: Total time for which application threads were stopped: 0,0000480 seconds, Stopping threads took: 0,0000095 seconds
2018-01-03T22:12:32.331-0200: 6325,622: Total time for which application threads were stopped: 0,0000417 seconds, Stopping threads took: 0,0000098 seconds
2018-01-03T22:12:33.337-0200: 6326,628: Total time for which application threads were stopped: 0,0001120 seconds, Stopping threads took: 0,0000182 seconds
2018-01-03T22:13:30.234-0200: 6383,525: Total time for which application threads were stopped: 0,0000841 seconds, Stopping threads took: 0,0000292 seconds
2018-01-03T22:14:01.326-0200: 6414,618: Total time for which application threads were stopped: 0,0000852 seconds, Stopping threads took: 0,0000165 seconds
2018-01-03T22:14:01.326-0200: 6414,618: Total time for which application threads were stopped: 0,0000476 seconds, Stopping threads took: 0,0000094 seconds
2018-01-03T22:14:01.331-0200: 6414,623: Total time for which application threads were stopped: 0,0000662 seconds, Stopping threads took: 0,0000185 seconds
2018-01-03T22:14:01.331-0200: 6414,623: Total time for which application threads were stopped: 0,0000315 seconds, Stopping threads took: 0,0000075 seconds
2018-01-03T22:14:02.508-0200: 6415,799: Total time for which application threads were stopped: 0,0000793 seconds, Stopping threads took: 0,0000126 seconds
2018-01-03T22:14:02.518-0200: 6415,810: Total time for which application threads were stopped: 0,0000851 seconds, Stopping threads took: 0,0000184 seconds
2018-01-03T22:14:03.519-0200: 6416,810: Total time for which application threads were stopped: 0,0000934 seconds, Stopping threads took: 0,0000156 seconds
2018-01-03T22:14:23.522-0200: 6436,814: Total time for which application threads were stopped: 0,0000794 seconds, Stopping threads took: 0,0000257 seconds
2018-01-03T22:14:23.575-0200: 6436,867: Total time for which application threads were stopped: 0,0000764 seconds, Stopping threads took: 0,0000177 seconds
2018-01-03T22:14:23.576-0200: 6436,867: Total time for which application threads were stopped: 0,0000377 seconds, Stopping threads took: 0,0000056 seconds
2018-01-03T22:14:23.576-0200: 6436,867: Total time for which application threads were stopped: 0,0000306 seconds, Stopping threads took: 0,0000047 seconds
2018-01-03T22:14:23.576-0200: 6436,867: Total time for which application threads were stopped: 0,0000299 seconds, Stopping threads took: 0,0000044 seconds
2018-01-03T22:14:23.576-0200: 6436,867: Total time for which application threads were stopped: 0,0000872 seconds, Stopping threads took: 0,0000046 seconds
2018-01-03T22:14:23.581-0200: 6436,873: Total time for which application threads were stopped: 0,0001041 seconds, Stopping threads took: 0,0000103 seconds
2018-01-03T22:14:23.581-0200: 6436,873: Total time for which application threads were stopped: 0,0000433 seconds, Stopping threads took: 0,0000053 seconds
2018-01-03T22:14:23.607-0200: 6436,899: Total time for which application threads were stopped: 0,0000807 seconds, Stopping threads took: 0,0000245 seconds
2018-01-03T22:14:23.607-0200: 6436,899: Total time for which application threads were stopped: 0,0000512 seconds, Stopping threads took: 0,0000049 seconds
2018-01-03T22:14:23.818-0200: 6437,110: Total time for which application threads were stopped: 0,0000922 seconds, Stopping threads took: 0,0000188 seconds
2018-01-03T22:14:23.819-0200: 6437,110: Total time for which application threads were stopped: 0,0000727 seconds, Stopping threads took: 0,0000145 seconds
2018-01-03T22:14:23.819-0200: 6437,110: Total time for which application threads were stopped: 0,0000361 seconds, Stopping threads took: 0,0000090 seconds
2018-01-03T22:14:23.819-0200: 6437,111: Total time for which application threads were stopped: 0,0000346 seconds, Stopping threads took: 0,0000087 seconds
2018-01-03T22:14:23.819-0200: 6437,111: Total time for which application threads were stopped: 0,0000339 seconds, Stopping threads took: 0,0000084 seconds
2018-01-03T22:14:23.819-0200: 6437,111: Total time for which application threads were stopped: 0,0000486 seconds, Stopping threads took: 0,0000085 seconds
2018-01-03T22:14:23.819-0200: 6437,111: Total time for which application threads were stopped: 0,0000341 seconds, Stopping threads took: 0,0000085 seconds
2018-01-03T22:14:23.819-0200: 6437,111: Total time for which application threads were stopped: 0,0000335 seconds, Stopping threads took: 0,0000083 seconds
2018-01-03T22:14:23.819-0200: 6437,111: Total time for which application threads were stopped: 0,0000342 seconds, Stopping threads took: 0,0000085 seconds
2018-01-03T22:14:23.820-0200: 6437,111: Total time for which application threads were stopped: 0,0000422 seconds, Stopping threads took: 0,0000105 seconds
2018-01-03T22:14:23.820-0200: 6437,111: Total time for which application threads were stopped: 0,0000362 seconds, Stopping threads took: 0,0000091 seconds
2018-01-03T22:14:23.822-0200: 6437,113: Total time for which application threads were stopped: 0,0000883 seconds, Stopping threads took: 0,0000102 seconds
2018-01-03T22:14:23.822-0200: 6437,113: Total time for which application threads were stopped: 0,0000677 seconds, Stopping threads took: 0,0000091 seconds
2018-01-03T22:14:23.827-0200: 6437,119: Total time for which application threads were stopped: 0,0000634 seconds, Stopping threads took: 0,0000140 seconds
2018-01-03T22:14:23.827-0200: 6437,119: Total time for which application threads were stopped: 0,0000321 seconds, Stopping threads took: 0,0000056 seconds
2018-01-03T22:14:23.833-0200: 6437,124: Total time for which application threads were stopped: 0,0000787 seconds, Stopping threads took: 0,0000180 seconds
2018-01-03T22:14:23.833-0200: 6437,124: Total time for which application threads were stopped: 0,0000383 seconds, Stopping threads took: 0,0000049 seconds
2018-01-03T22:14:23.833-0200: 6437,125: Total time for which application threads were stopped: 0,0000367 seconds, Stopping threads took: 0,0000086 seconds
2018-01-03T22:14:25.463-0200: 6438,754: Total time for which application threads were stopped: 0,0000820 seconds, Stopping threads took: 0,0000170 seconds
2018-01-03T22:14:25.505-0200: 6438,797: Total time for which application threads were stopped: 0,0000696 seconds, Stopping threads took: 0,0000188 seconds
2018-01-03T22:14:25.523-0200: 6438,814: Total time for which application threads were stopped: 0,0000660 seconds, Stopping threads took: 0,0000164 seconds
2018-01-03T22:14:25.523-0200: 6438,815: Total time for which application threads were stopped: 0,0000399 seconds, Stopping threads took: 0,0000105 seconds
2018-01-03T22:14:25.523-0200: 6438,815: Total time for which application threads were stopped: 0,0000299 seconds, Stopping threads took: 0,0000083 seconds
2018-01-03T22:14:25.523-0200: 6438,815: Total time for which application threads were stopped: 0,0000333 seconds, Stopping threads took: 0,0000090 seconds
2018-01-03T22:14:25.523-0200: 6438,815: Total time for which application threads were stopped: 0,0000297 seconds, Stopping threads took: 0,0000084 seconds
2018-01-03T22:14:25.523-0200: 6438,815: Total time for which application threads were stopped: 0,0000285 seconds, Stopping threads took: 0,0000080 seconds
2018-01-03T22:14:25.523-0200: 6438,815: Total time for which application threads were stopped: 0,0000344 seconds, Stopping threads took: 0,0000090 seconds
2018-01-03T22:14:25.535-0200: 6438,827: Total time for which application threads were stopped: 0,0001145 seconds, Stopping threads took: 0,0000337 seconds
2018-01-03T22:14:25.733-0200: 6439,025: Total time for which application threads were stopped: 0,0000691 seconds, Stopping threads took: 0,0000171 seconds
2018-01-03T22:14:25.734-0200: 6439,025: Total time for which application threads were stopped: 0,0000501 seconds, Stopping threads took: 0,0000117 seconds
2018-01-03T22:14:25.738-0200: 6439,030: Total time for which application threads were stopped: 0,0000744 seconds, Stopping threads took: 0,0000199 seconds
2018-01-03T22:14:25.743-0200: 6439,035: Total time for which application threads were stopped: 0,0000971 seconds, Stopping threads took: 0,0000339 seconds
2018-01-03T22:14:25.773-0200: 6439,065: Total time for which application threads were stopped: 0,0000798 seconds, Stopping threads took: 0,0000239 seconds
2018-01-03T22:14:27.897-0200: 6441,188: Total time for which application threads were stopped: 0,0000897 seconds, Stopping threads took: 0,0000144 seconds
2018-01-03T22:14:27.897-0200: 6441,188: Total time for which application threads were stopped: 0,0000734 seconds, Stopping threads took: 0,0000050 seconds
2018-01-03T22:14:27.903-0200: 6441,195: Total time for which application threads were stopped: 0,0000612 seconds, Stopping threads took: 0,0000135 seconds
2018-01-03T22:14:27.903-0200: 6441,195: Total time for which application threads were stopped: 0,0000280 seconds, Stopping threads took: 0,0000051 seconds
2018-01-03T22:14:27.910-0200: 6441,202: Total time for which application threads were stopped: 0,0000911 seconds, Stopping threads took: 0,0000131 seconds
2018-01-03T22:14:27.910-0200: 6441,202: Total time for which application threads were stopped: 0,0000471 seconds, Stopping threads took: 0,0000052 seconds
2018-01-03T22:14:27.916-0200: 6441,207: Total time for which application threads were stopped: 0,0000659 seconds, Stopping threads took: 0,0000125 seconds
2018-01-03T22:14:27.916-0200: 6441,207: Total time for which application threads were stopped: 0,0000330 seconds, Stopping threads took: 0,0000065 seconds
2018-01-03T22:15:27.916-0200: 6501,208: Total time for which application threads were stopped: 0,0000962 seconds, Stopping threads took: 0,0000395 seconds
2018-01-03T22:15:35.943-0200: 6509,234: Total time for which application threads were stopped: 0,0249388 seconds, Stopping threads took: 0,0248037 seconds
2018-01-03T22:15:36.062-0200: 6509,354: Total time for which application threads were stopped: 0,0045881 seconds, Stopping threads took: 0,0044756 seconds
2018-01-03T22:15:36.158-0200: 6509,450: Total time for which application threads were stopped: 0,0103208 seconds, Stopping threads took: 0,0102029 seconds
2018-01-03T22:15:36.211-0200: 6509,503: Total time for which application threads were stopped: 0,0022116 seconds, Stopping threads took: 0,0021333 seconds
2018-01-03T22:15:36.219-0200: 6509,510: Total time for which application threads were stopped: 0,0070016 seconds, Stopping threads took: 0,0069164 seconds
2018-01-03T22:15:36.220-0200: 6509,512: Total time for which application threads were stopped: 0,0000702 seconds, Stopping threads took: 0,0000177 seconds
2018-01-03T22:15:36.220-0200: 6509,512: Total time for which application threads were stopped: 0,0000409 seconds, Stopping threads took: 0,0000109 seconds
2018-01-03T22:15:36.220-0200: 6509,512: Total time for which application threads were stopped: 0,0000363 seconds, Stopping threads took: 0,0000099 seconds
2018-01-03T22:15:37.363-0200: 6510,655: Total time for which application threads were stopped: 0,0000840 seconds, Stopping threads took: 0,0000161 seconds
2018-01-03T22:15:37.363-0200: 6510,655: Total time for which application threads were stopped: 0,0000467 seconds, Stopping threads took: 0,0000088 seconds
2018-01-03T22:15:37.367-0200: 6510,658: Total time for which application threads were stopped: 0,0000825 seconds, Stopping threads took: 0,0000174 seconds
2018-01-03T22:15:37.367-0200: 6510,658: Total time for which application threads were stopped: 0,0000326 seconds, Stopping threads took: 0,0000095 seconds
2018-01-03T22:15:37.368-0200: 6510,660: Total time for which application threads were stopped: 0,0000628 seconds, Stopping threads took: 0,0000094 seconds
2018-01-03T22:15:37.368-0200: 6510,660: Total time for which application threads were stopped: 0,0000353 seconds, Stopping threads took: 0,0000048 seconds
2018-01-03T22:15:38.955-0200: 6512,246: Total time for which application threads were stopped: 0,0001140 seconds, Stopping threads took: 0,0000465 seconds
2018-01-03T22:15:38.957-0200: 6512,249: Total time for which application threads were stopped: 0,0000812 seconds, Stopping threads took: 0,0000180 seconds
2018-01-03T22:15:38.957-0200: 6512,249: Total time for which application threads were stopped: 0,0000484 seconds, Stopping threads took: 0,0000101 seconds
2018-01-03T22:15:38.963-0200: 6512,254: Total time for which application threads were stopped: 0,0000932 seconds, Stopping threads took: 0,0000232 seconds
2018-01-03T22:15:38.963-0200: 6512,254: Total time for which application threads were stopped: 0,0000446 seconds, Stopping threads took: 0,0000090 seconds
2018-01-03T22:15:38.963-0200: 6512,255: Total time for which application threads were stopped: 0,0000972 seconds, Stopping threads took: 0,0000082 seconds
2018-01-03T22:15:38.963-0200: 6512,255: Total time for which application threads were stopped: 0,0000386 seconds, Stopping threads took: 0,0000091 seconds
2018-01-03T22:15:38.963-0200: 6512,255: Total time for which application threads were stopped: 0,0000409 seconds, Stopping threads took: 0,0000094 seconds
2018-01-03T22:15:38.963-0200: 6512,255: Total time for which application threads were stopped: 0,0000348 seconds, Stopping threads took: 0,0000076 seconds
2018-01-03T22:15:38.964-0200: 6512,255: Total time for which application threads were stopped: 0,0000427 seconds, Stopping threads took: 0,0000096 seconds
2018-01-03T22:15:38.964-0200: 6512,256: Total time for which application threads were stopped: 0,0000683 seconds, Stopping threads took: 0,0000332 seconds
2018-01-03T22:15:38.964-0200: 6512,256: Total time for which application threads were stopped: 0,0000359 seconds, Stopping threads took: 0,0000082 seconds
2018-01-03T22:15:38.974-0200: 6512,265: Total time for which application threads were stopped: 0,0001394 seconds, Stopping threads took: 0,0000258 seconds
2018-01-03T22:15:38.974-0200: 6512,266: Total time for which application threads were stopped: 0,0000663 seconds, Stopping threads took: 0,0000129 seconds
2018-01-03T22:15:38.974-0200: 6512,266: Total time for which application threads were stopped: 0,0000372 seconds, Stopping threads took: 0,0000082 seconds
2018-01-03T22:15:38.975-0200: 6512,266: Total time for which application threads were stopped: 0,0000424 seconds, Stopping threads took: 0,0000098 seconds
2018-01-03T22:15:39.975-0200: 6513,267: Total time for which application threads were stopped: 0,0001065 seconds, Stopping threads took: 0,0000197 seconds
2018-01-03T22:15:44.267-0200: 6517,559: Total time for which application threads were stopped: 0,0000747 seconds, Stopping threads took: 0,0000132 seconds
2018-01-03T22:15:44.268-0200: 6517,559: Total time for which application threads were stopped: 0,0000480 seconds, Stopping threads took: 0,0000059 seconds
2018-01-03T22:15:44.268-0200: 6517,560: Total time for which application threads were stopped: 0,0000458 seconds, Stopping threads took: 0,0000106 seconds
2018-01-03T22:15:44.268-0200: 6517,560: Total time for which application threads were stopped: 0,0000422 seconds, Stopping threads took: 0,0000102 seconds
2018-01-03T22:15:45.269-0200: 6518,560: Total time for which application threads were stopped: 0,0000711 seconds, Stopping threads took: 0,0000175 seconds
2018-01-03T22:15:55.271-0200: 6528,562: Total time for which application threads were stopped: 0,0000770 seconds, Stopping threads took: 0,0000175 seconds
2018-01-03T22:16:00.272-0200: 6533,564: Total time for which application threads were stopped: 0,0000931 seconds, Stopping threads took: 0,0000218 seconds
2018-01-03T22:16:13.363-0200: 6546,655: Total time for which application threads were stopped: 0,0001084 seconds, Stopping threads took: 0,0000191 seconds
2018-01-03T22:16:13.364-0200: 6546,655: Total time for which application threads were stopped: 0,0000623 seconds, Stopping threads took: 0,0000120 seconds
2018-01-03T22:16:13.364-0200: 6546,655: Total time for which application threads were stopped: 0,0000511 seconds, Stopping threads took: 0,0000125 seconds
2018-01-03T22:16:13.365-0200: 6546,657: Total time for which application threads were stopped: 0,0000867 seconds, Stopping threads took: 0,0000246 seconds
{Heap before GC invocations=164 (full 2):
 par new generation   total 655360K, used 551704K [0x0000000700000000, 0x0000000730000000, 0x0000000730000000)
  eden space 524288K,  99% used [0x0000000700000000, 0x000000071fffe338, 0x0000000720000000)
  from space 131072K,  20% used [0x0000000720000000, 0x0000000721ac7e18, 0x0000000728000000)
  to   space 131072K,   0% used [0x0000000728000000, 0x0000000728000000, 0x0000000730000000)
 concurrent mark-sweep generation total 2359296K, used 604669K [0x0000000730000000, 0x00000007c0000000, 0x00000007c0000000)
 Metaspace       used 91012K, capacity 95665K, committed 95968K, reserved 1134592K
  class space    used 9530K, capacity 10545K, committed 10608K, reserved 1048576K
2018-01-03T22:16:14.301-0200: 6547,593: [GC (Allocation Failure) 2018-01-03T22:16:14.302-0200: 6547,593: [ParNew
Desired survivor size 120795952 bytes, new threshold 8 (max 8)
- age   1:   16228160 bytes,   16228160 total
- age   2:    6915344 bytes,   23143504 total
- age   3:    3162704 bytes,   26306208 total
- age   4:     843984 bytes,   27150192 total
- age   5:    1007440 bytes,   28157632 total
- age   8:      11864 bytes,   28169496 total
: 551704K->32772K(655360K), 0,0871281 secs] 1156373K->637788K(3014656K), 0,0875238 secs] [Times: user=0,06 sys=0,00, real=0,09 secs] 
Heap after GC invocations=165 (full 2):
 par new generation   total 655360K, used 32772K [0x0000000700000000, 0x0000000730000000, 0x0000000730000000)
  eden space 524288K,   0% used [0x0000000700000000, 0x0000000700000000, 0x0000000720000000)
  from space 131072K,  25% used [0x0000000728000000, 0x000000072a0010c0, 0x0000000730000000)
  to   space 131072K,   0% used [0x0000000720000000, 0x0000000720000000, 0x0000000728000000)
 concurrent mark-sweep generation total 2359296K, used 605016K [0x0000000730000000, 0x00000007c0000000, 0x00000007c0000000)
 Metaspace       used 91012K, capacity 95665K, committed 95968K, reserved 1134592K
  class space    used 9530K, capacity 10545K, committed 10608K, reserved 1048576K
}
2018-01-03T22:16:14.389-0200: 6547,681: Total time for which application threads were stopped: 0,0880541 seconds, Stopping threads took: 0,0000893 seconds
2018-01-03T22:16:14.399-0200: 6547,691: Total time for which application threads were stopped: 0,0042755 seconds, Stopping threads took: 0,0041976 seconds
2018-01-03T22:16:14.756-0200: 6548,047: Total time for which application threads were stopped: 0,0001146 seconds, Stopping threads took: 0,0000289 seconds
2018-01-03T22:16:15.284-0200: 6548,576: Total time for which application threads were stopped: 0,0001412 seconds, Stopping threads took: 0,0000185 seconds
2018-01-03T22:16:16.287-0200: 6549,578: Total time for which application threads were stopped: 0,0021005 seconds, Stopping threads took: 0,0020328 seconds
2018-01-03T22:16:28.370-0200: 6561,661: Total time for which application threads were stopped: 0,0023038 seconds, Stopping threads took: 0,0021974 seconds
2018-01-03T22:16:28.370-0200: 6561,661: Total time for which application threads were stopped: 0,0000583 seconds, Stopping threads took: 0,0000061 seconds
2018-01-03T22:16:28.370-0200: 6561,662: Total time for which application threads were stopped: 0,0000354 seconds, Stopping threads took: 0,0000049 seconds
2018-01-03T22:16:28.370-0200: 6561,662: Total time for which application threads were stopped: 0,0000318 seconds, Stopping threads took: 0,0000050 seconds
2018-01-03T22:16:29.018-0200: 6562,310: Total time for which application threads were stopped: 0,0043458 seconds, Stopping threads took: 0,0042740 seconds
2018-01-03T22:16:29.088-0200: 6562,379: Total time for which application threads were stopped: 0,0020902 seconds, Stopping threads took: 0,0020244 seconds
2018-01-03T22:16:29.095-0200: 6562,386: Total time for which application threads were stopped: 0,0037271 seconds, Stopping threads took: 0,0035853 seconds
2018-01-03T22:16:29.095-0200: 6562,387: Total time for which application threads were stopped: 0,0000538 seconds, Stopping threads took: 0,0000074 seconds
2018-01-03T22:16:29.095-0200: 6562,387: Total time for which application threads were stopped: 0,0000432 seconds, Stopping threads took: 0,0000044 seconds
2018-01-03T22:16:29.095-0200: 6562,387: Total time for which application threads were stopped: 0,0000364 seconds, Stopping threads took: 0,0000051 seconds
2018-01-03T22:16:30.098-0200: 6563,389: Total time for which application threads were stopped: 0,0020924 seconds, Stopping threads took: 0,0020165 seconds
2018-01-03T22:16:37.369-0200: 6570,661: Total time for which application threads were stopped: 0,0021071 seconds, Stopping threads took: 0,0020296 seconds
2018-01-03T22:16:50.382-0200: 6583,674: Total time for which application threads were stopped: 0,0000908 seconds, Stopping threads took: 0,0000181 seconds
2018-01-03T22:16:54.383-0200: 6587,675: Total time for which application threads were stopped: 0,0001046 seconds, Stopping threads took: 0,0000207 seconds
{Heap before GC invocations=165 (full 2):
 par new generation   total 655360K, used 557060K [0x0000000700000000, 0x0000000730000000, 0x0000000730000000)
  eden space 524288K, 100% used [0x0000000700000000, 0x0000000720000000, 0x0000000720000000)
  from space 131072K,  25% used [0x0000000728000000, 0x000000072a0010c0, 0x0000000730000000)
  to   space 131072K,   0% used [0x0000000720000000, 0x0000000720000000, 0x0000000728000000)
 concurrent mark-sweep generation total 2359296K, used 605016K [0x0000000730000000, 0x00000007c0000000, 0x00000007c0000000)
 Metaspace       used 91040K, capacity 95729K, committed 95968K, reserved 1134592K
  class space    used 9530K, capacity 10545K, committed 10608K, reserved 1048576K
2018-01-03T22:16:56.919-0200: 6590,211: [GC (Allocation Failure) 2018-01-03T22:16:56.919-0200: 6590,211: [ParNew
Desired survivor size 120795952 bytes, new threshold 8 (max 8)
- age   1:    1153944 bytes,    1153944 total
- age   2:    2851312 bytes,    4005256 total
- age   3:    6188320 bytes,   10193576 total
- age   4:    3162704 bytes,   13356280 total
- age   5:     835536 bytes,   14191816 total
- age   6:    1007440 bytes,   15199256 total
: 557060K->28941K(655360K), 0,1410147 secs] 1162076K->633969K(3014656K), 0,1410643 secs] [Times: user=0,06 sys=0,00, real=0,14 secs] 
Heap after GC invocations=166 (full 2):
 par new generation   total 655360K, used 28941K [0x0000000700000000, 0x0000000730000000, 0x0000000730000000)
  eden space 524288K,   0% used [0x0000000700000000, 0x0000000700000000, 0x0000000720000000)
  from space 131072K,  22% used [0x0000000720000000, 0x0000000721c43488, 0x0000000728000000)
  to   space 131072K,   0% used [0x0000000728000000, 0x0000000728000000, 0x0000000730000000)
 concurrent mark-sweep generation total 2359296K, used 605027K [0x0000000730000000, 0x00000007c0000000, 0x00000007c0000000)
 Metaspace       used 91040K, capacity 95729K, committed 95968K, reserved 1134592K
  class space    used 9530K, capacity 10545K, committed 10608K, reserved 1048576K
}
2018-01-03T22:16:57.060-0200: 6590,352: Total time for which application threads were stopped: 0,1418713 seconds, Stopping threads took: 0,0000262 seconds
2018-01-03T22:16:57.067-0200: 6590,359: Total time for which application threads were stopped: 0,0001415 seconds, Stopping threads took: 0,0000375 seconds
2018-01-03T22:16:57.067-0200: 6590,359: Total time for which application threads were stopped: 0,0000502 seconds, Stopping threads took: 0,0000053 seconds
2018-01-03T22:16:57.067-0200: 6590,359: Total time for which application threads were stopped: 0,0000329 seconds, Stopping threads took: 0,0000042 seconds
2018-01-03T22:16:57.067-0200: 6590,359: Total time for which application threads were stopped: 0,0000462 seconds, Stopping threads took: 0,0000040 seconds
2018-01-03T22:16:57.067-0200: 6590,359: Total time for which application threads were stopped: 0,0000329 seconds, Stopping threads took: 0,0000043 seconds
2018-01-03T22:16:57.067-0200: 6590,359: Total time for which application threads were stopped: 0,0000314 seconds, Stopping threads took: 0,0000038 seconds
2018-01-03T22:16:57.067-0200: 6590,359: Total time for which application threads were stopped: 0,0000312 seconds, Stopping threads took: 0,0000038 seconds
2018-01-03T22:16:57.067-0200: 6590,359: Total time for which application threads were stopped: 0,0000309 seconds, Stopping threads took: 0,0000038 seconds
2018-01-03T22:16:57.068-0200: 6590,360: Total time for which application threads were stopped: 0,0000632 seconds, Stopping threads took: 0,0000239 seconds
2018-01-03T22:16:57.068-0200: 6590,360: Total time for which application threads were stopped: 0,0000338 seconds, Stopping threads took: 0,0000045 seconds
2018-01-03T22:16:57.068-0200: 6590,360: Total time for which application threads were stopped: 0,0000314 seconds, Stopping threads took: 0,0000040 seconds
2018-01-03T22:16:57.068-0200: 6590,360: Total time for which application threads were stopped: 0,0000311 seconds, Stopping threads took: 0,0000038 seconds
2018-01-03T22:16:57.069-0200: 6590,360: Total time for which application threads were stopped: 0,0000311 seconds, Stopping threads took: 0,0000039 seconds
2018-01-03T22:16:57.069-0200: 6590,360: Total time for which application threads were stopped: 0,0000313 seconds, Stopping threads took: 0,0000041 seconds
2018-01-03T22:16:57.069-0200: 6590,360: Total time for which application threads were stopped: 0,0000306 seconds, Stopping threads took: 0,0000038 seconds
2018-01-03T22:16:57.069-0200: 6590,360: Total time for which application threads were stopped: 0,0000306 seconds, Stopping threads took: 0,0000039 seconds
2018-01-03T22:16:57.069-0200: 6590,360: Total time for which application threads were stopped: 0,0001183 seconds, Stopping threads took: 0,0000039 seconds
2018-01-03T22:16:57.423-0200: 6590,714: Total time for which application threads were stopped: 0,0014618 seconds, Stopping threads took: 0,0000397 seconds
2018-01-03T22:16:57.510-0200: 6590,801: Total time for which application threads were stopped: 0,0061133 seconds, Stopping threads took: 0,0060098 seconds
2018-01-03T22:16:57.515-0200: 6590,807: Total time for which application threads were stopped: 0,0005004 seconds, Stopping threads took: 0,0000253 seconds
2018-01-03T22:16:57.579-0200: 6590,870: Total time for which application threads were stopped: 0,0018814 seconds, Stopping threads took: 0,0012314 seconds
2018-01-03T22:16:57.610-0200: 6590,901: Total time for which application threads were stopped: 0,0000944 seconds, Stopping threads took: 0,0000231 seconds
2018-01-03T22:16:57.614-0200: 6590,905: Total time for which application threads were stopped: 0,0000862 seconds, Stopping threads took: 0,0000187 seconds
2018-01-03T22:16:57.614-0200: 6590,905: Total time for which application threads were stopped: 0,0000525 seconds, Stopping threads took: 0,0000111 seconds
2018-01-03T22:16:57.636-0200: 6590,928: Total time for which application threads were stopped: 0,0000974 seconds, Stopping threads took: 0,0000185 seconds
2018-01-03T22:16:57.639-0200: 6590,930: Total time for which application threads were stopped: 0,0000947 seconds, Stopping threads took: 0,0000191 seconds
2018-01-03T22:16:58.639-0200: 6591,931: Total time for which application threads were stopped: 0,0000697 seconds, Stopping threads took: 0,0000171 seconds
2018-01-03T22:16:58.712-0200: 6592,003: Total time for which application threads were stopped: 0,0000795 seconds, Stopping threads took: 0,0000126 seconds
2018-01-03T22:16:58.712-0200: 6592,003: Total time for which application threads were stopped: 0,0000356 seconds, Stopping threads took: 0,0000049 seconds
2018-01-03T22:16:58.719-0200: 6592,011: Total time for which application threads were stopped: 0,0001094 seconds, Stopping threads took: 0,0000182 seconds
2018-01-03T22:16:58.719-0200: 6592,011: Total time for which application threads were stopped: 0,0000467 seconds, Stopping threads took: 0,0000086 seconds
2018-01-03T22:16:58.743-0200: 6592,035: Total time for which application threads were stopped: 0,0001087 seconds, Stopping threads took: 0,0000134 seconds
2018-01-03T22:16:58.743-0200: 6592,035: Total time for which application threads were stopped: 0,0000718 seconds, Stopping threads took: 0,0000057 seconds
2018-01-03T22:16:58.743-0200: 6592,035: Total time for which application threads were stopped: 0,0000511 seconds, Stopping threads took: 0,0000046 seconds
2018-01-03T22:17:01.449-0200: 6594,740: Total time for which application threads were stopped: 0,0000925 seconds, Stopping threads took: 0,0000242 seconds
2018-01-03T22:17:01.482-0200: 6594,774: Total time for which application threads were stopped: 0,0001282 seconds, Stopping threads took: 0,0000339 seconds
2018-01-03T22:17:01.482-0200: 6594,774: Total time for which application threads were stopped: 0,0000573 seconds, Stopping threads took: 0,0000106 seconds
2018-01-03T22:17:01.490-0200: 6594,782: Total time for which application threads were stopped: 0,0001011 seconds, Stopping threads took: 0,0000212 seconds
2018-01-03T22:17:01.490-0200: 6594,782: Total time for which application threads were stopped: 0,0000569 seconds, Stopping threads took: 0,0000096 seconds
2018-01-03T22:17:01.490-0200: 6594,782: Total time for which application threads were stopped: 0,0000417 seconds, Stopping threads took: 0,0000095 seconds
2018-01-03T22:17:01.491-0200: 6594,782: Total time for which application threads were stopped: 0,0000428 seconds, Stopping threads took: 0,0000091 seconds
2018-01-03T22:17:01.491-0200: 6594,782: Total time for which application threads were stopped: 0,0000365 seconds, Stopping threads took: 0,0000082 seconds
2018-01-03T22:17:01.491-0200: 6594,783: Total time for which application threads were stopped: 0,0000446 seconds, Stopping threads took: 0,0000099 seconds
2018-01-03T22:17:01.492-0200: 6594,783: Total time for which application threads were stopped: 0,0000458 seconds, Stopping threads took: 0,0000100 seconds
2018-01-03T22:17:01.492-0200: 6594,783: Total time for which application threads were stopped: 0,0000619 seconds, Stopping threads took: 0,0000315 seconds
2018-01-03T22:17:01.492-0200: 6594,784: Total time for which application threads were stopped: 0,0000696 seconds, Stopping threads took: 0,0000246 seconds
2018-01-03T22:17:01.493-0200: 6594,784: Total time for which application threads were stopped: 0,0000548 seconds, Stopping threads took: 0,0000117 seconds
2018-01-03T22:17:01.493-0200: 6594,785: Total time for which application threads were stopped: 0,0000591 seconds, Stopping threads took: 0,0000087 seconds
2018-01-03T22:17:01.498-0200: 6594,789: Total time for which application threads were stopped: 0,0001078 seconds, Stopping threads took: 0,0000313 seconds
2018-01-03T22:17:02.498-0200: 6595,790: Total time for which application threads were stopped: 0,0001123 seconds, Stopping threads took: 0,0000176 seconds
2018-01-03T22:17:03.503-0200: 6596,794: Total time for which application threads were stopped: 0,0000741 seconds, Stopping threads took: 0,0000188 seconds
2018-01-03T22:17:58.744-0200: 6652,035: Total time for which application threads were stopped: 0,0000833 seconds, Stopping threads took: 0,0000281 seconds
2018-01-03T22:18:57.740-0200: 6711,031: Total time for which application threads were stopped: 0,0001178 seconds, Stopping threads took: 0,0000354 seconds
2018-01-03T22:18:57.745-0200: 6711,036: Total time for which application threads were stopped: 0,0000949 seconds, Stopping threads took: 0,0000304 seconds
2018-01-03T22:18:57.745-0200: 6711,037: Total time for which application threads were stopped: 0,0000780 seconds, Stopping threads took: 0,0000255 seconds
2018-01-03T22:18:57.746-0200: 6711,037: Total time for which application threads were stopped: 0,0000444 seconds, Stopping threads took: 0,0000100 seconds
2018-01-03T22:18:57.822-0200: 6711,114: Total time for which application threads were stopped: 0,0001415 seconds, Stopping threads took: 0,0000197 seconds
2018-01-03T22:18:57.822-0200: 6711,114: Total time for which application threads were stopped: 0,0000637 seconds, Stopping threads took: 0,0000094 seconds
2018-01-03T22:18:58.822-0200: 6712,114: Total time for which application threads were stopped: 0,0001015 seconds, Stopping threads took: 0,0000308 seconds
2018-01-03T22:19:01.823-0200: 6715,115: Total time for which application threads were stopped: 0,0000944 seconds, Stopping threads took: 0,0000167 seconds
2018-01-03T22:19:07.824-0200: 6721,116: Total time for which application threads were stopped: 0,0000843 seconds, Stopping threads took: 0,0000199 seconds
2018-01-03T22:20:11.327-0200: 6784,619: Total time for which application threads were stopped: 0,0000895 seconds, Stopping threads took: 0,0000187 seconds
2018-01-03T22:20:11.712-0200: 6785,004: Total time for which application threads were stopped: 0,0001043 seconds, Stopping threads took: 0,0000138 seconds
2018-01-03T22:20:12.712-0200: 6786,004: Total time for which application threads were stopped: 0,0001113 seconds, Stopping threads took: 0,0000264 seconds
2018-01-03T22:20:13.712-0200: 6787,004: Total time for which application threads were stopped: 0,0001078 seconds, Stopping threads took: 0,0000293 seconds
2018-01-03T22:20:14.713-0200: 6788,005: Total time for which application threads were stopped: 0,0000923 seconds, Stopping threads took: 0,0000282 seconds
2018-01-03T22:20:14.937-0200: 6788,228: Total time for which application threads were stopped: 0,0000689 seconds, Stopping threads took: 0,0000117 seconds
2018-01-03T22:20:14.937-0200: 6788,229: Total time for which application threads were stopped: 0,0000600 seconds, Stopping threads took: 0,0000205 seconds
2018-01-03T22:20:15.937-0200: 6789,229: Total time for which application threads were stopped: 0,0001221 seconds, Stopping threads took: 0,0000361 seconds
2018-01-03T22:20:16.938-0200: 6790,229: Total time for which application threads were stopped: 0,0000760 seconds, Stopping threads took: 0,0000157 seconds
2018-01-03T22:20:39.951-0200: 6813,242: Total time for which application threads were stopped: 0,0001095 seconds, Stopping threads took: 0,0000379 seconds
2018-01-03T22:21:15.964-0200: 6849,255: Total time for which application threads were stopped: 0,0000742 seconds, Stopping threads took: 0,0000175 seconds
2018-01-03T22:21:38.451-0200: 6871,743: Total time for which application threads were stopped: 0,0004838 seconds, Stopping threads took: 0,0000218 seconds
2018-01-03T22:21:38.518-0200: 6871,810: Total time for which application threads were stopped: 0,0103145 seconds, Stopping threads took: 0,0101655 seconds
2018-01-03T22:21:38.518-0200: 6871,810: Total time for which application threads were stopped: 0,0000463 seconds, Stopping threads took: 0,0000072 seconds
2018-01-03T22:21:38.518-0200: 6871,810: Total time for which application threads were stopped: 0,0000315 seconds, Stopping threads took: 0,0000044 seconds
2018-01-03T22:21:38.519-0200: 6871,810: Total time for which application threads were stopped: 0,0000303 seconds, Stopping threads took: 0,0000044 seconds
2018-01-03T22:21:38.519-0200: 6871,810: Total time for which application threads were stopped: 0,0000299 seconds, Stopping threads took: 0,0000040 seconds
2018-01-03T22:21:38.519-0200: 6871,810: Total time for which application threads were stopped: 0,0000288 seconds, Stopping threads took: 0,0000042 seconds
2018-01-03T22:21:38.532-0200: 6871,824: Total time for which application threads were stopped: 0,0001562 seconds, Stopping threads took: 0,0000140 seconds
2018-01-03T22:21:38.635-0200: 6871,927: Total time for which application threads were stopped: 0,0121171 seconds, Stopping threads took: 0,0120115 seconds
2018-01-03T22:21:38.641-0200: 6871,932: Total time for which application threads were stopped: 0,0055757 seconds, Stopping threads took: 0,0055003 seconds
2018-01-03T22:21:38.654-0200: 6871,945: Total time for which application threads were stopped: 0,0000834 seconds, Stopping threads took: 0,0000137 seconds
2018-01-03T22:21:39.654-0200: 6872,946: Total time for which application threads were stopped: 0,0000922 seconds, Stopping threads took: 0,0000176 seconds
2018-01-03T22:21:39.814-0200: 6873,106: Total time for which application threads were stopped: 0,0000764 seconds, Stopping threads took: 0,0000174 seconds
2018-01-03T22:21:39.814-0200: 6873,106: Total time for which application threads were stopped: 0,0000442 seconds, Stopping threads took: 0,0000098 seconds
2018-01-03T22:21:39.814-0200: 6873,106: Total time for which application threads were stopped: 0,0001360 seconds, Stopping threads took: 0,0000086 seconds
2018-01-03T22:21:39.815-0200: 6873,106: Total time for which application threads were stopped: 0,0000704 seconds, Stopping threads took: 0,0000092 seconds
2018-01-03T22:21:39.815-0200: 6873,106: Total time for which application threads were stopped: 0,0000375 seconds, Stopping threads took: 0,0000086 seconds
2018-01-03T22:21:39.815-0200: 6873,107: Total time for which application threads were stopped: 0,0000526 seconds, Stopping threads took: 0,0000120 seconds
2018-01-03T22:21:39.815-0200: 6873,107: Total time for which application threads were stopped: 0,0000820 seconds, Stopping threads took: 0,0000096 seconds
2018-01-03T22:21:39.815-0200: 6873,107: Total time for which application threads were stopped: 0,0000508 seconds, Stopping threads took: 0,0000091 seconds
2018-01-03T22:21:39.816-0200: 6873,107: Total time for which application threads were stopped: 0,0000626 seconds, Stopping threads took: 0,0000221 seconds
2018-01-03T22:21:39.816-0200: 6873,107: Total time for which application threads were stopped: 0,0000350 seconds, Stopping threads took: 0,0000086 seconds
2018-01-03T22:21:39.816-0200: 6873,107: Total time for which application threads were stopped: 0,0000620 seconds, Stopping threads took: 0,0000223 seconds
2018-01-03T22:21:39.816-0200: 6873,107: Total time for which application threads were stopped: 0,0000339 seconds, Stopping threads took: 0,0000085 seconds
2018-01-03T22:21:39.816-0200: 6873,107: Total time for which application threads were stopped: 0,0000617 seconds, Stopping threads took: 0,0000088 seconds
2018-01-03T22:21:39.816-0200: 6873,108: Total time for which application threads were stopped: 0,0000690 seconds, Stopping threads took: 0,0000112 seconds
2018-01-03T22:21:39.816-0200: 6873,108: Total time for which application threads were stopped: 0,0000408 seconds, Stopping threads took: 0,0000093 seconds
2018-01-03T22:21:39.821-0200: 6873,113: Total time for which application threads were stopped: 0,0001072 seconds, Stopping threads took: 0,0000189 seconds
2018-01-03T22:21:39.821-0200: 6873,113: Total time for which application threads were stopped: 0,0001074 seconds, Stopping threads took: 0,0000098 seconds
2018-01-03T22:21:39.828-0200: 6873,120: Total time for which application threads were stopped: 0,0001449 seconds, Stopping threads took: 0,0000130 seconds
2018-01-03T22:21:39.828-0200: 6873,120: Total time for which application threads were stopped: 0,0000820 seconds, Stopping threads took: 0,0000068 seconds
2018-01-03T22:21:39.828-0200: 6873,120: Total time for which application threads were stopped: 0,0000486 seconds, Stopping threads took: 0,0000052 seconds
2018-01-03T22:21:39.835-0200: 6873,126: Total time for which application threads were stopped: 0,0000641 seconds, Stopping threads took: 0,0000128 seconds
2018-01-03T22:21:39.835-0200: 6873,126: Total time for which application threads were stopped: 0,0000274 seconds, Stopping threads took: 0,0000050 seconds
2018-01-03T22:21:42.555-0200: 6875,847: Total time for which application threads were stopped: 0,0000995 seconds, Stopping threads took: 0,0000133 seconds
2018-01-03T22:21:42.562-0200: 6875,854: Total time for which application threads were stopped: 0,0000975 seconds, Stopping threads took: 0,0000213 seconds
2018-01-03T22:21:42.562-0200: 6875,854: Total time for which application threads were stopped: 0,0000571 seconds, Stopping threads took: 0,0000104 seconds
2018-01-03T22:21:42.564-0200: 6875,855: Total time for which application threads were stopped: 0,0000547 seconds, Stopping threads took: 0,0000115 seconds
2018-01-03T22:21:42.564-0200: 6875,855: Total time for which application threads were stopped: 0,0000383 seconds, Stopping threads took: 0,0000083 seconds
2018-01-03T22:21:42.591-0200: 6875,882: Total time for which application threads were stopped: 0,0001008 seconds, Stopping threads took: 0,0000201 seconds
2018-01-03T22:21:42.591-0200: 6875,883: Total time for which application threads were stopped: 0,0000715 seconds, Stopping threads took: 0,0000114 seconds
2018-01-03T22:21:42.591-0200: 6875,883: Total time for which application threads were stopped: 0,0000374 seconds, Stopping threads took: 0,0000082 seconds
2018-01-03T22:21:42.592-0200: 6875,883: Total time for which application threads were stopped: 0,0000673 seconds, Stopping threads took: 0,0000111 seconds
2018-01-03T22:21:42.592-0200: 6875,884: Total time for which application threads were stopped: 0,0000548 seconds, Stopping threads took: 0,0000114 seconds
2018-01-03T22:21:42.592-0200: 6875,884: Total time for which application threads were stopped: 0,0000589 seconds, Stopping threads took: 0,0000082 seconds
2018-01-03T22:21:42.592-0200: 6875,884: Total time for which application threads were stopped: 0,0000702 seconds, Stopping threads took: 0,0000126 seconds
2018-01-03T22:21:42.593-0200: 6875,885: Total time for which application threads were stopped: 0,0000575 seconds, Stopping threads took: 0,0000130 seconds
2018-01-03T22:21:42.593-0200: 6875,885: Total time for which application threads were stopped: 0,0000377 seconds, Stopping threads took: 0,0000082 seconds
2018-01-03T22:21:42.593-0200: 6875,885: Total time for which application threads were stopped: 0,0000446 seconds, Stopping threads took: 0,0000107 seconds
{Heap before GC invocations=166 (full 2):
 par new generation   total 655360K, used 553221K [0x0000000700000000, 0x0000000730000000, 0x0000000730000000)
  eden space 524288K,  99% used [0x0000000700000000, 0x000000071fffdff8, 0x0000000720000000)
  from space 131072K,  22% used [0x0000000720000000, 0x0000000721c43488, 0x0000000728000000)
  to   space 131072K,   0% used [0x0000000728000000, 0x0000000728000000, 0x0000000730000000)
 concurrent mark-sweep generation total 2359296K, used 605027K [0x0000000730000000, 0x00000007c0000000, 0x00000007c0000000)
 Metaspace       used 93406K, capacity 98257K, committed 98528K, reserved 1136640K
  class space    used 9737K, capacity 10787K, committed 10864K, reserved 1048576K
2018-01-03T22:21:42.795-0200: 6876,086: [GC (Allocation Failure) 2018-01-03T22:21:42.795-0200: 6876,086: [ParNew
Desired survivor size 120795952 bytes, new threshold 8 (max 8)
- age   1:    6881064 bytes,    6881064 total
- age   2:     679256 bytes,    7560320 total
- age   3:    2621280 bytes,   10181600 total
- age   4:    6188064 bytes,   16369664 total
- age   5:    3162704 bytes,   19532368 total
- age   6:     835416 bytes,   20367784 total
- age   7:    1007440 bytes,   21375224 total
: 553221K->23571K(655360K), 0,1333959 secs] 1158249K->628599K(3014656K), 0,1334898 secs] [Times: user=0,06 sys=0,00, real=0,13 secs] 
Heap after GC invocations=167 (full 2):
 par new generation   total 655360K, used 23571K [0x0000000700000000, 0x0000000730000000, 0x0000000730000000)
  eden space 524288K,   0% used [0x0000000700000000, 0x0000000700000000, 0x0000000720000000)
  from space 131072K,  17% used [0x0000000728000000, 0x0000000729704c18, 0x0000000730000000)
  to   space 131072K,   0% used [0x0000000720000000, 0x0000000720000000, 0x0000000728000000)
 concurrent mark-sweep generation total 2359296K, used 605027K [0x0000000730000000, 0x00000007c0000000, 0x00000007c0000000)
 Metaspace       used 93406K, capacity 98257K, committed 98528K, reserved 1136640K
  class space    used 9737K, capacity 10787K, committed 10864K, reserved 1048576K
}
2018-01-03T22:21:42.928-0200: 6876,220: Total time for which application threads were stopped: 0,1336588 seconds, Stopping threads took: 0,0000257 seconds
2018-01-03T22:21:42.932-0200: 6876,224: Total time for which application threads were stopped: 0,0001526 seconds, Stopping threads took: 0,0000397 seconds
2018-01-03T22:21:42.933-0200: 6876,224: Total time for which application threads were stopped: 0,0000769 seconds, Stopping threads took: 0,0000080 seconds
2018-01-03T22:21:42.933-0200: 6876,224: Total time for which application threads were stopped: 0,0000553 seconds, Stopping threads took: 0,0000065 seconds
2018-01-03T22:21:43.933-0200: 6877,225: Total time for which application threads were stopped: 0,0001040 seconds, Stopping threads took: 0,0000169 seconds
2018-01-03T22:21:45.933-0200: 6879,225: Total time for which application threads were stopped: 0,0001207 seconds, Stopping threads took: 0,0000221 seconds
2018-01-03T22:21:47.596-0200: 6880,888: Total time for which application threads were stopped: 0,0000818 seconds, Stopping threads took: 0,0000111 seconds
2018-01-03T22:21:47.596-0200: 6880,888: Total time for which application threads were stopped: 0,0000462 seconds, Stopping threads took: 0,0000061 seconds
2018-01-03T22:21:47.597-0200: 6880,889: Total time for which application threads were stopped: 0,0000508 seconds, Stopping threads took: 0,0000069 seconds
2018-01-03T22:21:47.598-0200: 6880,889: Total time for which application threads were stopped: 0,0000746 seconds, Stopping threads took: 0,0000124 seconds
2018-01-03T22:21:47.624-0200: 6880,916: Total time for which application threads were stopped: 0,0001017 seconds, Stopping threads took: 0,0000273 seconds
2018-01-03T22:21:47.871-0200: 6881,162: Total time for which application threads were stopped: 0,0001246 seconds, Stopping threads took: 0,0000142 seconds
2018-01-03T22:21:48.871-0200: 6882,163: Total time for which application threads were stopped: 0,0001570 seconds, Stopping threads took: 0,0000310 seconds
2018-01-03T22:21:49.341-0200: 6882,633: Total time for which application threads were stopped: 0,0000921 seconds, Stopping threads took: 0,0000151 seconds
2018-01-03T22:21:49.342-0200: 6882,634: Total time for which application threads were stopped: 0,0000866 seconds, Stopping threads took: 0,0000155 seconds
2018-01-03T22:21:50.343-0200: 6883,634: Total time for which application threads were stopped: 0,0000903 seconds, Stopping threads took: 0,0000181 seconds
2018-01-03T22:21:51.343-0200: 6884,635: Total time for which application threads were stopped: 0,0000801 seconds, Stopping threads took: 0,0000183 seconds
2018-01-03T22:21:52.343-0200: 6885,635: Total time for which application threads were stopped: 0,0000710 seconds, Stopping threads took: 0,0000168 seconds
2018-01-03T22:21:53.118-0200: 6886,409: Total time for which application threads were stopped: 0,0001585 seconds, Stopping threads took: 0,0000653 seconds
2018-01-03T22:21:54.119-0200: 6887,410: Total time for which application threads were stopped: 0,0000733 seconds, Stopping threads took: 0,0000164 seconds
2018-01-03T22:21:58.127-0200: 6891,418: Total time for which application threads were stopped: 0,0001220 seconds, Stopping threads took: 0,0000187 seconds
2018-01-03T22:22:02.128-0200: 6895,419: Total time for which application threads were stopped: 0,0000905 seconds, Stopping threads took: 0,0000177 seconds
2018-01-03T22:22:04.129-0200: 6897,420: Total time for which application threads were stopped: 0,0000843 seconds, Stopping threads took: 0,0000177 seconds
2018-01-03T22:22:06.129-0200: 6899,421: Total time for which application threads were stopped: 0,0001106 seconds, Stopping threads took: 0,0000170 seconds
2018-01-03T22:22:08.130-0200: 6901,422: Total time for which application threads were stopped: 0,0001310 seconds, Stopping threads took: 0,0000190 seconds
2018-01-03T22:22:09.134-0200: 6902,426: Total time for which application threads were stopped: 0,0000866 seconds, Stopping threads took: 0,0000149 seconds
2018-01-03T22:22:11.135-0200: 6904,426: Total time for which application threads were stopped: 0,0000780 seconds, Stopping threads took: 0,0000190 seconds
2018-01-03T22:22:38.141-0200: 6931,433: Total time for which application threads were stopped: 0,0000724 seconds, Stopping threads took: 0,0000130 seconds
2018-01-03T22:22:39.141-0200: 6932,433: Total time for which application threads were stopped: 0,0001172 seconds, Stopping threads took: 0,0000172 seconds
2018-01-03T22:22:39.835-0200: 6933,127: Total time for which application threads were stopped: 0,0000760 seconds, Stopping threads took: 0,0000154 seconds
2018-01-03T22:22:59.976-0200: 6953,267: Total time for which application threads were stopped: 0,0001091 seconds, Stopping threads took: 0,0000293 seconds
2018-01-03T22:22:59.976-0200: 6953,267: Total time for which application threads were stopped: 0,0000503 seconds, Stopping threads took: 0,0000086 seconds
2018-01-03T22:22:59.980-0200: 6953,271: Total time for which application threads were stopped: 0,0000683 seconds, Stopping threads took: 0,0000181 seconds
2018-01-03T22:22:59.980-0200: 6953,271: Total time for which application threads were stopped: 0,0000309 seconds, Stopping threads took: 0,0000087 seconds
2018-01-03T22:23:01.980-0200: 6955,272: Total time for which application threads were stopped: 0,0000725 seconds, Stopping threads took: 0,0000162 seconds
2018-01-03T22:23:17.985-0200: 6971,276: Total time for which application threads were stopped: 0,0000740 seconds, Stopping threads took: 0,0000160 seconds
2018-01-03T22:23:32.987-0200: 6986,279: Total time for which application threads were stopped: 0,0000781 seconds, Stopping threads took: 0,0000160 seconds
2018-01-03T22:23:34.763-0200: 6988,055: Total time for which application threads were stopped: 0,0000854 seconds, Stopping threads took: 0,0000176 seconds
2018-01-03T22:23:34.764-0200: 6988,055: Total time for which application threads were stopped: 0,0000443 seconds, Stopping threads took: 0,0000094 seconds
2018-01-03T22:23:34.764-0200: 6988,055: Total time for which application threads were stopped: 0,0000356 seconds, Stopping threads took: 0,0000086 seconds
2018-01-03T22:23:34.764-0200: 6988,055: Total time for which application threads were stopped: 0,0000310 seconds, Stopping threads took: 0,0000047 seconds
2018-01-03T22:23:34.764-0200: 6988,055: Total time for which application threads were stopped: 0,0000896 seconds, Stopping threads took: 0,0000042 seconds
2018-01-03T22:23:34.766-0200: 6988,057: Total time for which application threads were stopped: 0,0000633 seconds, Stopping threads took: 0,0000072 seconds
2018-01-03T22:23:34.766-0200: 6988,057: Total time for which application threads were stopped: 0,0000519 seconds, Stopping threads took: 0,0000069 seconds
2018-01-03T22:23:34.771-0200: 6988,062: Total time for which application threads were stopped: 0,0000639 seconds, Stopping threads took: 0,0000119 seconds
2018-01-03T22:23:34.771-0200: 6988,062: Total time for which application threads were stopped: 0,0000295 seconds, Stopping threads took: 0,0000043 seconds
2018-01-03T22:23:34.774-0200: 6988,066: Total time for which application threads were stopped: 0,0000874 seconds, Stopping threads took: 0,0000127 seconds
2018-01-03T22:23:34.776-0200: 6988,068: Total time for which application threads were stopped: 0,0000816 seconds, Stopping threads took: 0,0000113 seconds
2018-01-03T22:23:34.776-0200: 6988,068: Total time for which application threads were stopped: 0,0000561 seconds, Stopping threads took: 0,0000049 seconds
2018-01-03T22:23:34.776-0200: 6988,068: Total time for which application threads were stopped: 0,0000346 seconds, Stopping threads took: 0,0000048 seconds
2018-01-03T22:23:34.776-0200: 6988,068: Total time for which application threads were stopped: 0,0000320 seconds, Stopping threads took: 0,0000044 seconds
2018-01-03T22:23:34.776-0200: 6988,068: Total time for which application threads were stopped: 0,0000307 seconds, Stopping threads took: 0,0000041 seconds
2018-01-03T22:23:34.776-0200: 6988,068: Total time for which application threads were stopped: 0,0000306 seconds, Stopping threads took: 0,0000041 seconds
2018-01-03T22:23:34.776-0200: 6988,068: Total time for which application threads were stopped: 0,0000303 seconds, Stopping threads took: 0,0000042 seconds
2018-01-03T22:23:34.776-0200: 6988,068: Total time for which application threads were stopped: 0,0000304 seconds, Stopping threads took: 0,0000044 seconds
2018-01-03T22:23:34.777-0200: 6988,068: Total time for which application threads were stopped: 0,0000374 seconds, Stopping threads took: 0,0000055 seconds
2018-01-03T22:23:34.782-0200: 6988,074: Total time for which application threads were stopped: 0,0001023 seconds, Stopping threads took: 0,0000225 seconds
2018-01-03T22:23:34.792-0200: 6988,084: Total time for which application threads were stopped: 0,0000961 seconds, Stopping threads took: 0,0000120 seconds
2018-01-03T22:23:34.792-0200: 6988,084: Total time for which application threads were stopped: 0,0000446 seconds, Stopping threads took: 0,0000049 seconds
2018-01-03T22:23:34.799-0200: 6988,091: Total time for which application threads were stopped: 0,0000624 seconds, Stopping threads took: 0,0000128 seconds
2018-01-03T22:23:34.799-0200: 6988,091: Total time for which application threads were stopped: 0,0000292 seconds, Stopping threads took: 0,0000050 seconds
2018-01-03T22:23:38.577-0200: 6991,869: Total time for which application threads were stopped: 0,0001015 seconds, Stopping threads took: 0,0000136 seconds
2018-01-03T22:23:38.578-0200: 6991,869: Total time for which application threads were stopped: 0,0000449 seconds, Stopping threads took: 0,0000050 seconds
2018-01-03T22:23:38.590-0200: 6991,882: Total time for which application threads were stopped: 0,0000718 seconds, Stopping threads took: 0,0000131 seconds
2018-01-03T22:23:38.591-0200: 6991,882: Total time for which application threads were stopped: 0,0000284 seconds, Stopping threads took: 0,0000048 seconds
2018-01-03T22:23:38.598-0200: 6991,890: Total time for which application threads were stopped: 0,0000838 seconds, Stopping threads took: 0,0000098 seconds
2018-01-03T22:23:38.598-0200: 6991,890: Total time for which application threads were stopped: 0,0000447 seconds, Stopping threads took: 0,0000049 seconds
2018-01-03T22:23:38.606-0200: 6991,898: Total time for which application threads were stopped: 0,0041814 seconds, Stopping threads took: 0,0041173 seconds
2018-01-03T22:23:38.606-0200: 6991,898: Total time for which application threads were stopped: 0,0000364 seconds, Stopping threads took: 0,0000065 seconds
2018-01-03T22:23:39.607-0200: 6992,898: Total time for which application threads were stopped: 0,0001215 seconds, Stopping threads took: 0,0000168 seconds
2018-01-03T22:23:41.011-0200: 6994,302: Total time for which application threads were stopped: 0,0001278 seconds, Stopping threads took: 0,0000110 seconds
2018-01-03T22:23:41.011-0200: 6994,302: Total time for which application threads were stopped: 0,0000495 seconds, Stopping threads took: 0,0000055 seconds
2018-01-03T22:23:41.014-0200: 6994,306: Total time for which application threads were stopped: 0,0000638 seconds, Stopping threads took: 0,0000118 seconds
2018-01-03T22:23:41.015-0200: 6994,306: Total time for which application threads were stopped: 0,0000276 seconds, Stopping threads took: 0,0000048 seconds
2018-01-03T22:24:10.021-0200: 7023,313: Total time for which application threads were stopped: 0,0000712 seconds, Stopping threads took: 0,0000149 seconds
2018-01-03T22:24:34.028-0200: 7047,319: Total time for which application threads were stopped: 0,0000822 seconds, Stopping threads took: 0,0000276 seconds
2018-01-03T22:24:41.015-0200: 7054,306: Total time for which application threads were stopped: 0,0000737 seconds, Stopping threads took: 0,0000141 seconds
2018-01-03T22:25:28.025-0200: 7101,317: Total time for which application threads were stopped: 0,0000717 seconds, Stopping threads took: 0,0000175 seconds
2018-01-03T22:27:40.413-0200: 7233,704: Total time for which application threads were stopped: 0,0001166 seconds, Stopping threads took: 0,0000187 seconds
2018-01-03T22:27:40.413-0200: 7233,705: Total time for which application threads were stopped: 0,0000515 seconds, Stopping threads took: 0,0000094 seconds
2018-01-03T22:27:40.417-0200: 7233,709: Total time for which application threads were stopped: 0,0000692 seconds, Stopping threads took: 0,0000187 seconds
2018-01-03T22:27:40.417-0200: 7233,709: Total time for which application threads were stopped: 0,0000337 seconds, Stopping threads took: 0,0000089 seconds
2018-01-03T22:27:40.628-0200: 7233,920: Total time for which application threads were stopped: 0,0000861 seconds, Stopping threads took: 0,0000109 seconds
2018-01-03T22:27:40.628-0200: 7233,920: Total time for which application threads were stopped: 0,0000442 seconds, Stopping threads took: 0,0000045 seconds
2018-01-03T22:27:40.639-0200: 7233,931: Total time for which application threads were stopped: 0,0000689 seconds, Stopping threads took: 0,0000139 seconds
2018-01-03T22:27:40.639-0200: 7233,931: Total time for which application threads were stopped: 0,0000335 seconds, Stopping threads took: 0,0000054 seconds
2018-01-03T22:27:40.642-0200: 7233,934: Total time for which application threads were stopped: 0,0000923 seconds, Stopping threads took: 0,0000189 seconds
2018-01-03T22:27:40.642-0200: 7233,934: Total time for which application threads were stopped: 0,0000914 seconds, Stopping threads took: 0,0000097 seconds
2018-01-03T22:27:40.642-0200: 7233,934: Total time for which application threads were stopped: 0,0000444 seconds, Stopping threads took: 0,0000094 seconds
2018-01-03T22:27:41.642-0200: 7234,934: Total time for which application threads were stopped: 0,0001635 seconds, Stopping threads took: 0,0000547 seconds
2018-01-03T22:27:42.592-0200: 7235,884: Total time for which application threads were stopped: 0,0000856 seconds, Stopping threads took: 0,0000194 seconds
2018-01-03T22:27:42.629-0200: 7235,920: Total time for which application threads were stopped: 0,0000927 seconds, Stopping threads took: 0,0000206 seconds
2018-01-03T22:27:42.639-0200: 7235,930: Total time for which application threads were stopped: 0,0001235 seconds, Stopping threads took: 0,0000380 seconds
2018-01-03T22:27:42.661-0200: 7235,953: Total time for which application threads were stopped: 0,0001035 seconds, Stopping threads took: 0,0000325 seconds
2018-01-03T22:27:42.663-0200: 7235,954: Total time for which application threads were stopped: 0,0000961 seconds, Stopping threads took: 0,0000158 seconds
2018-01-03T22:27:42.663-0200: 7235,954: Total time for which application threads were stopped: 0,0000380 seconds, Stopping threads took: 0,0000099 seconds
2018-01-03T22:27:42.663-0200: 7235,955: Total time for which application threads were stopped: 0,0000436 seconds, Stopping threads took: 0,0000107 seconds
2018-01-03T22:27:42.663-0200: 7235,955: Total time for which application threads were stopped: 0,0000494 seconds, Stopping threads took: 0,0000091 seconds
2018-01-03T22:27:42.663-0200: 7235,955: Total time for which application threads were stopped: 0,0000295 seconds, Stopping threads took: 0,0000079 seconds
2018-01-03T22:27:42.663-0200: 7235,955: Total time for which application threads were stopped: 0,0000313 seconds, Stopping threads took: 0,0000083 seconds
2018-01-03T22:27:42.678-0200: 7235,969: Total time for which application threads were stopped: 0,0000914 seconds, Stopping threads took: 0,0000191 seconds
2018-01-03T22:27:42.681-0200: 7235,973: Total time for which application threads were stopped: 0,0000915 seconds, Stopping threads took: 0,0000208 seconds
2018-01-03T22:27:42.683-0200: 7235,975: Total time for which application threads were stopped: 0,0000760 seconds, Stopping threads took: 0,0000184 seconds
2018-01-03T22:27:42.686-0200: 7235,978: Total time for which application threads were stopped: 0,0001221 seconds, Stopping threads took: 0,0000215 seconds
2018-01-03T22:27:45.510-0200: 7238,802: Total time for which application threads were stopped: 0,0000960 seconds, Stopping threads took: 0,0000128 seconds
2018-01-03T22:27:45.510-0200: 7238,802: Total time for which application threads were stopped: 0,0000488 seconds, Stopping threads took: 0,0000052 seconds
2018-01-03T22:27:45.524-0200: 7238,815: Total time for which application threads were stopped: 0,0003172 seconds, Stopping threads took: 0,0001728 seconds
2018-01-03T22:27:45.524-0200: 7238,816: Total time for which application threads were stopped: 0,0000889 seconds, Stopping threads took: 0,0000070 seconds
2018-01-03T22:27:45.524-0200: 7238,816: Total time for which application threads were stopped: 0,0000537 seconds, Stopping threads took: 0,0000050 seconds
2018-01-03T22:27:45.722-0200: 7239,014: Total time for which application threads were stopped: 0,0001060 seconds, Stopping threads took: 0,0000261 seconds
2018-01-03T22:27:45.722-0200: 7239,014: Total time for which application threads were stopped: 0,0000476 seconds, Stopping threads took: 0,0000054 seconds
2018-01-03T22:27:45.725-0200: 7239,017: Total time for which application threads were stopped: 0,0000668 seconds, Stopping threads took: 0,0000129 seconds
2018-01-03T22:27:45.725-0200: 7239,017: Total time for which application threads were stopped: 0,0000292 seconds, Stopping threads took: 0,0000051 seconds
2018-01-03T22:27:47.036-0200: 7240,328: Total time for which application threads were stopped: 0,0177776 seconds, Stopping threads took: 0,0176641 seconds
2018-01-03T22:27:47.103-0200: 7240,394: Total time for which application threads were stopped: 0,0001552 seconds, Stopping threads took: 0,0000299 seconds
2018-01-03T22:27:47.151-0200: 7240,443: Total time for which application threads were stopped: 0,0000974 seconds, Stopping threads took: 0,0000163 seconds
2018-01-03T22:27:47.151-0200: 7240,443: Total time for which application threads were stopped: 0,0000484 seconds, Stopping threads took: 0,0000100 seconds
2018-01-03T22:27:47.153-0200: 7240,444: Total time for which application threads were stopped: 0,0000614 seconds, Stopping threads took: 0,0000157 seconds
2018-01-03T22:27:47.167-0200: 7240,458: Total time for which application threads were stopped: 0,0000808 seconds, Stopping threads took: 0,0000200 seconds
2018-01-03T22:27:47.167-0200: 7240,459: Total time for which application threads were stopped: 0,0000462 seconds, Stopping threads took: 0,0000114 seconds
2018-01-03T22:27:48.200-0200: 7241,492: Total time for which application threads were stopped: 0,0001012 seconds, Stopping threads took: 0,0000123 seconds
2018-01-03T22:27:48.200-0200: 7241,492: Total time for which application threads were stopped: 0,0000453 seconds, Stopping threads took: 0,0000052 seconds
2018-01-03T22:27:48.204-0200: 7241,496: Total time for which application threads were stopped: 0,0000811 seconds, Stopping threads took: 0,0000135 seconds
2018-01-03T22:27:48.204-0200: 7241,496: Total time for which application threads were stopped: 0,0000277 seconds, Stopping threads took: 0,0000046 seconds
2018-01-03T22:27:48.205-0200: 7241,497: Total time for which application threads were stopped: 0,0000521 seconds, Stopping threads took: 0,0000066 seconds
2018-01-03T22:27:48.205-0200: 7241,497: Total time for which application threads were stopped: 0,0000341 seconds, Stopping threads took: 0,0000042 seconds
2018-01-03T22:27:55.373-0200: 7248,664: Total time for which application threads were stopped: 0,0020160 seconds, Stopping threads took: 0,0004333 seconds
2018-01-03T22:27:55.385-0200: 7248,677: Total time for which application threads were stopped: 0,0002500 seconds, Stopping threads took: 0,0001362 seconds
2018-01-03T22:27:55.387-0200: 7248,679: Total time for which application threads were stopped: 0,0000943 seconds, Stopping threads took: 0,0000193 seconds
2018-01-03T22:27:55.543-0200: 7248,835: Total time for which application threads were stopped: 0,0001221 seconds, Stopping threads took: 0,0000256 seconds
2018-01-03T22:27:55.543-0200: 7248,835: Total time for which application threads were stopped: 0,0000618 seconds, Stopping threads took: 0,0000053 seconds
2018-01-03T22:27:55.543-0200: 7248,835: Total time for which application threads were stopped: 0,0000421 seconds, Stopping threads took: 0,0000057 seconds
2018-01-03T22:27:55.546-0200: 7248,838: Total time for which application threads were stopped: 0,0001672 seconds, Stopping threads took: 0,0000741 seconds
{Heap before GC invocations=167 (full 2):
 par new generation   total 655360K, used 547859K [0x0000000700000000, 0x0000000730000000, 0x0000000730000000)
  eden space 524288K, 100% used [0x0000000700000000, 0x0000000720000000, 0x0000000720000000)
  from space 131072K,  17% used [0x0000000728000000, 0x0000000729704c18, 0x0000000730000000)
  to   space 131072K,   0% used [0x0000000720000000, 0x0000000720000000, 0x0000000728000000)
 concurrent mark-sweep generation total 2359296K, used 605027K [0x0000000730000000, 0x00000007c0000000, 0x00000007c0000000)
 Metaspace       used 94930K, capacity 100011K, committed 100192K, reserved 1138688K
  class space    used 9863K, capacity 10930K, committed 10992K, reserved 1048576K
2018-01-03T22:27:56.255-0200: 7249,547: [GC (Allocation Failure) 2018-01-03T22:27:56.255-0200: 7249,547: [ParNew
Desired survivor size 120795952 bytes, new threshold 8 (max 8)
- age   1:   10389056 bytes,   10389056 total
- age   2:    3713088 bytes,   14102144 total
- age   3:     669016 bytes,   14771160 total
- age   4:    2621280 bytes,   17392440 total
- age   5:    6188064 bytes,   23580504 total
- age   6:    3162704 bytes,   26743208 total
- age   7:     767672 bytes,   27510880 total
- age   8:    1007440 bytes,   28518320 total
: 547859K->35597K(655360K), 0,0824663 secs] 1152887K->640625K(3014656K), 0,0825264 secs] [Times: user=0,08 sys=0,00, real=0,08 secs] 
Heap after GC invocations=168 (full 2):
 par new generation   total 655360K, used 35597K [0x0000000700000000, 0x0000000730000000, 0x0000000730000000)
  eden space 524288K,   0% used [0x0000000700000000, 0x0000000700000000, 0x0000000720000000)
  from space 131072K,  27% used [0x0000000720000000, 0x00000007222c3440, 0x0000000728000000)
  to   space 131072K,   0% used [0x0000000728000000, 0x0000000728000000, 0x0000000730000000)
 concurrent mark-sweep generation total 2359296K, used 605027K [0x0000000730000000, 0x00000007c0000000, 0x00000007c0000000)
 Metaspace       used 94930K, capacity 100011K, committed 100192K, reserved 1138688K
  class space    used 9863K, capacity 10930K, committed 10992K, reserved 1048576K
}
2018-01-03T22:27:56.338-0200: 7249,630: Total time for which application threads were stopped: 0,0827833 seconds, Stopping threads took: 0,0000249 seconds
2018-01-03T22:27:56.346-0200: 7249,637: Total time for which application threads were stopped: 0,0031117 seconds, Stopping threads took: 0,0030074 seconds
2018-01-03T22:27:56.350-0200: 7249,641: Total time for which application threads were stopped: 0,0000924 seconds, Stopping threads took: 0,0000150 seconds
2018-01-03T22:27:56.350-0200: 7249,642: Total time for which application threads were stopped: 0,0000407 seconds, Stopping threads took: 0,0000053 seconds
2018-01-03T22:27:56.350-0200: 7249,642: Total time for which application threads were stopped: 0,0000361 seconds, Stopping threads took: 0,0000045 seconds
2018-01-03T22:27:56.350-0200: 7249,642: Total time for which application threads were stopped: 0,0000351 seconds, Stopping threads took: 0,0000040 seconds
2018-01-03T22:27:56.350-0200: 7249,642: Total time for which application threads were stopped: 0,0000653 seconds, Stopping threads took: 0,0000045 seconds
2018-01-03T22:27:56.350-0200: 7249,642: Total time for which application threads were stopped: 0,0000362 seconds, Stopping threads took: 0,0000047 seconds
2018-01-03T22:27:56.350-0200: 7249,642: Total time for which application threads were stopped: 0,0000350 seconds, Stopping threads took: 0,0000040 seconds
2018-01-03T22:27:56.350-0200: 7249,642: Total time for which application threads were stopped: 0,0000346 seconds, Stopping threads took: 0,0000041 seconds
2018-01-03T22:27:56.350-0200: 7249,642: Total time for which application threads were stopped: 0,0000345 seconds, Stopping threads took: 0,0000044 seconds
2018-01-03T22:27:56.350-0200: 7249,642: Total time for which application threads were stopped: 0,0000344 seconds, Stopping threads took: 0,0000042 seconds
2018-01-03T22:27:56.350-0200: 7249,642: Total time for which application threads were stopped: 0,0000342 seconds, Stopping threads took: 0,0000040 seconds
2018-01-03T22:27:56.350-0200: 7249,642: Total time for which application threads were stopped: 0,0000345 seconds, Stopping threads took: 0,0000041 seconds
2018-01-03T22:27:56.350-0200: 7249,642: Total time for which application threads were stopped: 0,0000347 seconds, Stopping threads took: 0,0000041 seconds
2018-01-03T22:27:56.351-0200: 7249,642: Total time for which application threads were stopped: 0,0001501 seconds, Stopping threads took: 0,0000040 seconds
2018-01-03T22:27:56.351-0200: 7249,642: Total time for which application threads were stopped: 0,0000389 seconds, Stopping threads took: 0,0000051 seconds
2018-01-03T22:27:56.352-0200: 7249,643: Total time for which application threads were stopped: 0,0000506 seconds, Stopping threads took: 0,0000069 seconds
2018-01-03T22:27:56.833-0200: 7250,125: Total time for which application threads were stopped: 0,0001173 seconds, Stopping threads took: 0,0000221 seconds
2018-01-03T22:28:10.553-0200: 7263,845: Total time for which application threads were stopped: 0,0021391 seconds, Stopping threads took: 0,0020310 seconds
2018-01-03T22:28:10.553-0200: 7263,845: Total time for which application threads were stopped: 0,0000787 seconds, Stopping threads took: 0,0000083 seconds
2018-01-03T22:28:10.553-0200: 7263,845: Total time for which application threads were stopped: 0,0000390 seconds, Stopping threads took: 0,0000055 seconds
2018-01-03T22:28:10.554-0200: 7263,846: Total time for which application threads were stopped: 0,0001875 seconds, Stopping threads took: 0,0000759 seconds
{Heap before GC invocations=168 (full 2):
 par new generation   total 655360K, used 559860K [0x0000000700000000, 0x0000000730000000, 0x0000000730000000)
  eden space 524288K,  99% used [0x0000000700000000, 0x000000071fff9f10, 0x0000000720000000)
  from space 131072K,  27% used [0x0000000720000000, 0x00000007222c3440, 0x0000000728000000)
  to   space 131072K,   0% used [0x0000000728000000, 0x0000000728000000, 0x0000000730000000)
 concurrent mark-sweep generation total 2359296K, used 605027K [0x0000000730000000, 0x00000007c0000000, 0x00000007c0000000)
 Metaspace       used 94932K, capacity 100011K, committed 100192K, reserved 1138688K
  class space    used 9864K, capacity 10930K, committed 10992K, reserved 1048576K
2018-01-03T22:28:11.084-0200: 7264,375: [GC (Allocation Failure) 2018-01-03T22:28:11.084-0200: 7264,375: [ParNew
Desired survivor size 120795952 bytes, new threshold 8 (max 8)
- age   1:   15389800 bytes,   15389800 total
- age   2:    6679904 bytes,   22069704 total
- age   3:    3350976 bytes,   25420680 total
- age   4:     660568 bytes,   26081248 total
- age   5:    2621280 bytes,   28702528 total
- age   6:    6188064 bytes,   34890592 total
- age   7:    3162704 bytes,   38053296 total
- age   8:     767672 bytes,   38820968 total
: 559860K->50674K(655360K), 0,1128345 secs] 1164888K->656698K(3014656K), 0,1129012 secs] [Times: user=0,11 sys=0,00, real=0,11 secs] 
Heap after GC invocations=169 (full 2):
 par new generation   total 655360K, used 50674K [0x0000000700000000, 0x0000000730000000, 0x0000000730000000)
  eden space 524288K,   0% used [0x0000000700000000, 0x0000000700000000, 0x0000000720000000)
  from space 131072K,  38% used [0x0000000728000000, 0x000000072b17c8c0, 0x0000000730000000)
  to   space 131072K,   0% used [0x0000000720000000, 0x0000000720000000, 0x0000000728000000)
 concurrent mark-sweep generation total 2359296K, used 606024K [0x0000000730000000, 0x00000007c0000000, 0x00000007c0000000)
 Metaspace       used 94932K, capacity 100011K, committed 100192K, reserved 1138688K
  class space    used 9864K, capacity 10930K, committed 10992K, reserved 1048576K
}
2018-01-03T22:28:11.197-0200: 7264,488: Total time for which application threads were stopped: 0,1181775 seconds, Stopping threads took: 0,0050481 seconds
2018-01-03T22:28:11.257-0200: 7264,549: Total time for which application threads were stopped: 0,0029376 seconds, Stopping threads took: 0,0028593 seconds
2018-01-03T22:28:11.316-0200: 7264,607: Total time for which application threads were stopped: 0,0024477 seconds, Stopping threads took: 0,0022025 seconds
2018-01-03T22:28:11.320-0200: 7264,612: Total time for which application threads were stopped: 0,0003350 seconds, Stopping threads took: 0,0001947 seconds
2018-01-03T22:28:11.320-0200: 7264,612: Total time for which application threads were stopped: 0,0000958 seconds, Stopping threads took: 0,0000078 seconds
2018-01-03T22:28:11.320-0200: 7264,612: Total time for which application threads were stopped: 0,0000479 seconds, Stopping threads took: 0,0000046 seconds
2018-01-03T22:28:11.320-0200: 7264,612: Total time for which application threads were stopped: 0,0000370 seconds, Stopping threads took: 0,0000050 seconds
2018-01-03T22:28:11.320-0200: 7264,612: Total time for which application threads were stopped: 0,0000332 seconds, Stopping threads took: 0,0000051 seconds
2018-01-03T22:28:59.750-0200: 7313,041: Total time for which application threads were stopped: 0,0017165 seconds, Stopping threads took: 0,0000266 seconds
2018-01-03T22:28:59.798-0200: 7313,090: Total time for which application threads were stopped: 0,0066035 seconds, Stopping threads took: 0,0064900 seconds
2018-01-03T22:28:59.800-0200: 7313,091: Total time for which application threads were stopped: 0,0001224 seconds, Stopping threads took: 0,0000127 seconds
2018-01-03T22:28:59.878-0200: 7313,170: Total time for which application threads were stopped: 0,0001215 seconds, Stopping threads took: 0,0000193 seconds
2018-01-03T22:28:59.878-0200: 7313,170: Total time for which application threads were stopped: 0,0000541 seconds, Stopping threads took: 0,0000118 seconds
2018-01-03T22:28:59.893-0200: 7313,184: Total time for which application threads were stopped: 0,0000827 seconds, Stopping threads took: 0,0000196 seconds
2018-01-03T22:28:59.898-0200: 7313,190: Total time for which application threads were stopped: 0,0000842 seconds, Stopping threads took: 0,0000193 seconds
2018-01-03T22:29:01.025-0200: 7314,316: Total time for which application threads were stopped: 0,0001365 seconds, Stopping threads took: 0,0000139 seconds
2018-01-03T22:29:01.026-0200: 7314,318: Total time for which application threads were stopped: 0,0000568 seconds, Stopping threads took: 0,0000091 seconds
2018-01-03T22:29:01.055-0200: 7314,346: Total time for which application threads were stopped: 0,0001047 seconds, Stopping threads took: 0,0000214 seconds
2018-01-03T22:29:01.055-0200: 7314,347: Total time for which application threads were stopped: 0,0000508 seconds, Stopping threads took: 0,0000097 seconds
2018-01-03T22:29:01.072-0200: 7314,364: Total time for which application threads were stopped: 0,0000678 seconds, Stopping threads took: 0,0000131 seconds
2018-01-03T22:29:01.072-0200: 7314,364: Total time for which application threads were stopped: 0,0000277 seconds, Stopping threads took: 0,0000049 seconds
2018-01-03T22:29:02.695-0200: 7315,987: Total time for which application threads were stopped: 0,0001643 seconds, Stopping threads took: 0,0000137 seconds
2018-01-03T22:29:02.697-0200: 7315,989: Total time for which application threads were stopped: 0,0000746 seconds, Stopping threads took: 0,0000151 seconds
2018-01-03T22:29:02.697-0200: 7315,989: Total time for which application threads were stopped: 0,0000446 seconds, Stopping threads took: 0,0000094 seconds
2018-01-03T22:29:02.701-0200: 7315,992: Total time for which application threads were stopped: 0,0001030 seconds, Stopping threads took: 0,0000204 seconds
2018-01-03T22:29:02.701-0200: 7315,992: Total time for which application threads were stopped: 0,0000580 seconds, Stopping threads took: 0,0000101 seconds
2018-01-03T22:29:02.701-0200: 7315,992: Total time for which application threads were stopped: 0,0000389 seconds, Stopping threads took: 0,0000083 seconds
2018-01-03T22:29:02.701-0200: 7315,993: Total time for which application threads were stopped: 0,0000409 seconds, Stopping threads took: 0,0000092 seconds
2018-01-03T22:29:02.701-0200: 7315,993: Total time for which application threads were stopped: 0,0000433 seconds, Stopping threads took: 0,0000093 seconds
2018-01-03T22:29:02.701-0200: 7315,993: Total time for which application threads were stopped: 0,0000511 seconds, Stopping threads took: 0,0000079 seconds
2018-01-03T22:29:02.702-0200: 7315,994: Total time for which application threads were stopped: 0,0001045 seconds, Stopping threads took: 0,0000223 seconds
2018-01-03T22:29:02.705-0200: 7315,997: Total time for which application threads were stopped: 0,0001429 seconds, Stopping threads took: 0,0000409 seconds
2018-01-03T22:29:02.705-0200: 7315,997: Total time for which application threads were stopped: 0,0000871 seconds, Stopping threads took: 0,0000373 seconds
2018-01-03T22:29:02.706-0200: 7315,997: Total time for which application threads were stopped: 0,0000579 seconds, Stopping threads took: 0,0000274 seconds
2018-01-03T22:29:02.707-0200: 7315,998: Total time for which application threads were stopped: 0,0001223 seconds, Stopping threads took: 0,0000172 seconds
2018-01-03T22:29:02.715-0200: 7316,006: Total time for which application threads were stopped: 0,0003224 seconds, Stopping threads took: 0,0000520 seconds
2018-01-03T22:29:02.715-0200: 7316,007: Total time for which application threads were stopped: 0,0001809 seconds, Stopping threads took: 0,0000599 seconds
2018-01-03T22:29:02.715-0200: 7316,007: Total time for which application threads were stopped: 0,0000552 seconds, Stopping threads took: 0,0000084 seconds
2018-01-03T22:29:02.716-0200: 7316,008: Total time for which application threads were stopped: 0,0000597 seconds, Stopping threads took: 0,0000126 seconds
2018-01-03T22:29:03.716-0200: 7317,008: Total time for which application threads were stopped: 0,0000893 seconds, Stopping threads took: 0,0000185 seconds
2018-01-03T22:29:05.664-0200: 7318,955: Total time for which application threads were stopped: 0,0001049 seconds, Stopping threads took: 0,0000140 seconds
2018-01-03T22:29:05.664-0200: 7318,956: Total time for which application threads were stopped: 0,0000519 seconds, Stopping threads took: 0,0000071 seconds
2018-01-03T22:29:05.665-0200: 7318,957: Total time for which application threads were stopped: 0,0000497 seconds, Stopping threads took: 0,0000112 seconds
2018-01-03T22:29:05.665-0200: 7318,957: Total time for which application threads were stopped: 0,0000430 seconds, Stopping threads took: 0,0000097 seconds
2018-01-03T22:29:06.666-0200: 7319,957: Total time for which application threads were stopped: 0,0000922 seconds, Stopping threads took: 0,0000174 seconds
2018-01-03T22:29:12.180-0200: 7325,472: Total time for which application threads were stopped: 0,0001163 seconds, Stopping threads took: 0,0000239 seconds
2018-01-03T22:29:12.180-0200: 7325,472: Total time for which application threads were stopped: 0,0001218 seconds, Stopping threads took: 0,0000100 seconds
2018-01-03T22:29:13.180-0200: 7326,472: Total time for which application threads were stopped: 0,0001024 seconds, Stopping threads took: 0,0000278 seconds
2018-01-03T22:29:20.182-0200: 7333,474: Total time for which application threads were stopped: 0,0001783 seconds, Stopping threads took: 0,0000190 seconds
2018-01-03T22:29:24.187-0200: 7337,478: Total time for which application threads were stopped: 0,0000952 seconds, Stopping threads took: 0,0000187 seconds
2018-01-03T22:29:32.189-0200: 7345,481: Total time for which application threads were stopped: 0,0000903 seconds, Stopping threads took: 0,0000178 seconds
2018-01-03T22:30:01.073-0200: 7374,364: Total time for which application threads were stopped: 0,0000874 seconds, Stopping threads took: 0,0000289 seconds
2018-01-03T22:30:06.074-0200: 7379,365: Total time for which application threads were stopped: 0,0000856 seconds, Stopping threads took: 0,0000181 seconds
2018-01-03T22:30:11.606-0200: 7384,898: Total time for which application threads were stopped: 0,0000732 seconds, Stopping threads took: 0,0000119 seconds
2018-01-03T22:30:11.606-0200: 7384,898: Total time for which application threads were stopped: 0,0000403 seconds, Stopping threads took: 0,0000054 seconds
2018-01-03T22:30:11.607-0200: 7384,898: Total time for which application threads were stopped: 0,0000315 seconds, Stopping threads took: 0,0000048 seconds
2018-01-03T22:30:11.607-0200: 7384,898: Total time for which application threads were stopped: 0,0000304 seconds, Stopping threads took: 0,0000046 seconds
2018-01-03T22:30:11.607-0200: 7384,898: Total time for which application threads were stopped: 0,0000570 seconds, Stopping threads took: 0,0000291 seconds
2018-01-03T22:30:11.607-0200: 7384,899: Total time for which application threads were stopped: 0,0000406 seconds, Stopping threads took: 0,0000095 seconds
2018-01-03T22:30:11.607-0200: 7384,899: Total time for which application threads were stopped: 0,0000317 seconds, Stopping threads took: 0,0000046 seconds
2018-01-03T22:30:11.607-0200: 7384,899: Total time for which application threads were stopped: 0,0000305 seconds, Stopping threads took: 0,0000045 seconds
2018-01-03T22:30:11.607-0200: 7384,899: Total time for which application threads were stopped: 0,0000508 seconds, Stopping threads took: 0,0000046 seconds
2018-01-03T22:30:11.607-0200: 7384,899: Total time for which application threads were stopped: 0,0000304 seconds, Stopping threads took: 0,0000044 seconds
2018-01-03T22:30:11.607-0200: 7384,899: Total time for which application threads were stopped: 0,0000303 seconds, Stopping threads took: 0,0000044 seconds
2018-01-03T22:30:11.607-0200: 7384,899: Total time for which application threads were stopped: 0,0000300 seconds, Stopping threads took: 0,0000045 seconds
2018-01-03T22:30:11.607-0200: 7384,899: Total time for which application threads were stopped: 0,0000303 seconds, Stopping threads took: 0,0000046 seconds
2018-01-03T22:30:11.608-0200: 7384,899: Total time for which application threads were stopped: 0,0000432 seconds, Stopping threads took: 0,0000105 seconds
2018-01-03T22:30:11.608-0200: 7384,899: Total time for which application threads were stopped: 0,0000365 seconds, Stopping threads took: 0,0000088 seconds
2018-01-03T22:30:11.610-0200: 7384,901: Total time for which application threads were stopped: 0,0001033 seconds, Stopping threads took: 0,0000152 seconds
2018-01-03T22:30:11.610-0200: 7384,901: Total time for which application threads were stopped: 0,0000545 seconds, Stopping threads took: 0,0000129 seconds
2018-01-03T22:30:11.614-0200: 7384,906: Total time for which application threads were stopped: 0,0001504 seconds, Stopping threads took: 0,0000973 seconds
2018-01-03T22:30:11.614-0200: 7384,906: Total time for which application threads were stopped: 0,0000324 seconds, Stopping threads took: 0,0000089 seconds
2018-01-03T22:30:11.616-0200: 7384,908: Total time for which application threads were stopped: 0,0000786 seconds, Stopping threads took: 0,0000121 seconds
2018-01-03T22:30:11.659-0200: 7384,951: Total time for which application threads were stopped: 0,0001300 seconds, Stopping threads took: 0,0000138 seconds
2018-01-03T22:30:11.659-0200: 7384,951: Total time for which application threads were stopped: 0,0000733 seconds, Stopping threads took: 0,0000054 seconds
2018-01-03T22:30:11.663-0200: 7384,954: Total time for which application threads were stopped: 0,0000684 seconds, Stopping threads took: 0,0000143 seconds
2018-01-03T22:30:11.663-0200: 7384,954: Total time for which application threads were stopped: 0,0000275 seconds, Stopping threads took: 0,0000049 seconds
2018-01-03T22:30:15.442-0200: 7388,734: Total time for which application threads were stopped: 0,0032285 seconds, Stopping threads took: 0,0031366 seconds
2018-01-03T22:30:15.447-0200: 7388,739: Total time for which application threads were stopped: 0,0041061 seconds, Stopping threads took: 0,0040292 seconds
2018-01-03T22:30:15.449-0200: 7388,741: Total time for which application threads were stopped: 0,0000807 seconds, Stopping threads took: 0,0000238 seconds
2018-01-03T22:30:15.449-0200: 7388,741: Total time for which application threads were stopped: 0,0000310 seconds, Stopping threads took: 0,0000054 seconds
2018-01-03T22:30:17.450-0200: 7390,741: Total time for which application threads were stopped: 0,0000796 seconds, Stopping threads took: 0,0000178 seconds
2018-01-03T22:31:15.448-0200: 7448,739: Total time for which application threads were stopped: 0,0000924 seconds, Stopping threads took: 0,0000308 seconds
2018-01-03T22:31:15.449-0200: 7448,741: Total time for which application threads were stopped: 0,0000478 seconds, Stopping threads took: 0,0000097 seconds
2018-01-03T22:31:28.424-0200: 7461,716: Total time for which application threads were stopped: 0,0001684 seconds, Stopping threads took: 0,0000660 seconds
2018-01-03T22:31:28.519-0200: 7461,811: Total time for which application threads were stopped: 0,0044642 seconds, Stopping threads took: 0,0043863 seconds
2018-01-03T22:31:28.519-0200: 7461,811: Total time for which application threads were stopped: 0,0000448 seconds, Stopping threads took: 0,0000078 seconds
2018-01-03T22:31:28.519-0200: 7461,811: Total time for which application threads were stopped: 0,0000313 seconds, Stopping threads took: 0,0000044 seconds
2018-01-03T22:31:28.519-0200: 7461,811: Total time for which application threads were stopped: 0,0000315 seconds, Stopping threads took: 0,0000047 seconds
2018-01-03T22:31:28.519-0200: 7461,811: Total time for which application threads were stopped: 0,0000307 seconds, Stopping threads took: 0,0000041 seconds
2018-01-03T22:31:28.519-0200: 7461,811: Total time for which application threads were stopped: 0,0000292 seconds, Stopping threads took: 0,0000044 seconds
2018-01-03T22:31:28.521-0200: 7461,812: Total time for which application threads were stopped: 0,0000873 seconds, Stopping threads took: 0,0000181 seconds
2018-01-03T22:31:28.620-0200: 7461,912: Total time for which application threads were stopped: 0,0001185 seconds, Stopping threads took: 0,0000233 seconds
2018-01-03T22:31:28.620-0200: 7461,912: Total time for which application threads were stopped: 0,0000466 seconds, Stopping threads took: 0,0000095 seconds
2018-01-03T22:31:28.627-0200: 7461,918: Total time for which application threads were stopped: 0,0000861 seconds, Stopping threads took: 0,0000177 seconds
2018-01-03T22:31:30.411-0200: 7463,703: Total time for which application threads were stopped: 0,0001046 seconds, Stopping threads took: 0,0000168 seconds
2018-01-03T22:31:30.411-0200: 7463,703: Total time for which application threads were stopped: 0,0000497 seconds, Stopping threads took: 0,0000092 seconds
2018-01-03T22:31:30.415-0200: 7463,706: Total time for which application threads were stopped: 0,0000720 seconds, Stopping threads took: 0,0000189 seconds
2018-01-03T22:31:30.415-0200: 7463,706: Total time for which application threads were stopped: 0,0000331 seconds, Stopping threads took: 0,0000093 seconds
2018-01-03T22:31:30.419-0200: 7463,710: Total time for which application threads were stopped: 0,0000817 seconds, Stopping threads took: 0,0000125 seconds
2018-01-03T22:31:30.419-0200: 7463,710: Total time for which application threads were stopped: 0,0001131 seconds, Stopping threads took: 0,0000050 seconds
2018-01-03T22:31:31.419-0200: 7464,711: Total time for which application threads were stopped: 0,0001601 seconds, Stopping threads took: 0,0000253 seconds
2018-01-03T22:31:32.587-0200: 7465,878: Total time for which application threads were stopped: 0,0001165 seconds, Stopping threads took: 0,0000143 seconds
2018-01-03T22:31:32.588-0200: 7465,880: Total time for which application threads were stopped: 0,0001225 seconds, Stopping threads took: 0,0000117 seconds
2018-01-03T22:31:32.593-0200: 7465,884: Total time for which application threads were stopped: 0,0000749 seconds, Stopping threads took: 0,0000216 seconds
2018-01-03T22:31:32.593-0200: 7465,884: Total time for which application threads were stopped: 0,0000325 seconds, Stopping threads took: 0,0000052 seconds
2018-01-03T22:31:32.884-0200: 7466,176: Total time for which application threads were stopped: 0,0001094 seconds, Stopping threads took: 0,0000158 seconds
2018-01-03T22:31:32.884-0200: 7466,176: Total time for which application threads were stopped: 0,0000826 seconds, Stopping threads took: 0,0000098 seconds
2018-01-03T22:31:32.899-0200: 7466,190: Total time for which application threads were stopped: 0,0000644 seconds, Stopping threads took: 0,0000122 seconds
2018-01-03T22:31:32.899-0200: 7466,190: Total time for which application threads were stopped: 0,0000302 seconds, Stopping threads took: 0,0000050 seconds
2018-01-03T22:31:32.901-0200: 7466,192: Total time for which application threads were stopped: 0,0000853 seconds, Stopping threads took: 0,0000231 seconds
2018-01-03T22:31:32.901-0200: 7466,193: Total time for which application threads were stopped: 0,0000438 seconds, Stopping threads took: 0,0000054 seconds
2018-01-03T22:31:32.901-0200: 7466,193: Total time for which application threads were stopped: 0,0000334 seconds, Stopping threads took: 0,0000045 seconds
2018-01-03T22:31:32.901-0200: 7466,193: Total time for which application threads were stopped: 0,0000309 seconds, Stopping threads took: 0,0000043 seconds
2018-01-03T22:31:32.901-0200: 7466,193: Total time for which application threads were stopped: 0,0000309 seconds, Stopping threads took: 0,0000041 seconds
2018-01-03T22:31:32.901-0200: 7466,193: Total time for which application threads were stopped: 0,0001062 seconds, Stopping threads took: 0,0000043 seconds
2018-01-03T22:31:32.901-0200: 7466,193: Total time for which application threads were stopped: 0,0000322 seconds, Stopping threads took: 0,0000043 seconds
2018-01-03T22:31:32.902-0200: 7466,193: Total time for which application threads were stopped: 0,0000357 seconds, Stopping threads took: 0,0000050 seconds
2018-01-03T22:31:34.423-0200: 7467,714: Total time for which application threads were stopped: 0,0001338 seconds, Stopping threads took: 0,0000290 seconds
2018-01-03T22:31:34.459-0200: 7467,751: Total time for which application threads were stopped: 0,0000818 seconds, Stopping threads took: 0,0000202 seconds
2018-01-03T22:31:34.469-0200: 7467,760: Total time for which application threads were stopped: 0,0001165 seconds, Stopping threads took: 0,0000438 seconds
2018-01-03T22:31:34.500-0200: 7467,792: Total time for which application threads were stopped: 0,0000852 seconds, Stopping threads took: 0,0000169 seconds
2018-01-03T22:31:34.500-0200: 7467,792: Total time for which application threads were stopped: 0,0000396 seconds, Stopping threads took: 0,0000096 seconds
2018-01-03T22:31:34.500-0200: 7467,792: Total time for which application threads were stopped: 0,0000341 seconds, Stopping threads took: 0,0000090 seconds
2018-01-03T22:31:34.500-0200: 7467,792: Total time for which application threads were stopped: 0,0000294 seconds, Stopping threads took: 0,0000080 seconds
2018-01-03T22:31:34.501-0200: 7467,792: Total time for which application threads were stopped: 0,0000372 seconds, Stopping threads took: 0,0000098 seconds
2018-01-03T22:31:34.501-0200: 7467,792: Total time for which application threads were stopped: 0,0000324 seconds, Stopping threads took: 0,0000087 seconds
2018-01-03T22:31:34.501-0200: 7467,793: Total time for which application threads were stopped: 0,0000293 seconds, Stopping threads took: 0,0000080 seconds
2018-01-03T22:31:34.501-0200: 7467,793: Total time for which application threads were stopped: 0,0000331 seconds, Stopping threads took: 0,0000090 seconds
2018-01-03T22:31:34.541-0200: 7467,833: Total time for which application threads were stopped: 0,0001312 seconds, Stopping threads took: 0,0000191 seconds
2018-01-03T22:31:34.548-0200: 7467,839: Total time for which application threads were stopped: 0,0000903 seconds, Stopping threads took: 0,0000240 seconds
2018-01-03T22:31:34.556-0200: 7467,848: Total time for which application threads were stopped: 0,0000820 seconds, Stopping threads took: 0,0000157 seconds
2018-01-03T22:31:34.556-0200: 7467,848: Total time for which application threads were stopped: 0,0000456 seconds, Stopping threads took: 0,0000068 seconds
2018-01-03T22:31:34.559-0200: 7467,850: Total time for which application threads were stopped: 0,0000743 seconds, Stopping threads took: 0,0000178 seconds
2018-01-03T22:31:35.855-0200: 7469,146: Total time for which application threads were stopped: 0,0000784 seconds, Stopping threads took: 0,0000162 seconds
2018-01-03T22:31:36.855-0200: 7470,146: Total time for which application threads were stopped: 0,0000797 seconds, Stopping threads took: 0,0000178 seconds
2018-01-03T22:31:38.153-0200: 7471,444: Total time for which application threads were stopped: 0,0001206 seconds, Stopping threads took: 0,0000120 seconds
2018-01-03T22:31:38.153-0200: 7471,444: Total time for which application threads were stopped: 0,0000495 seconds, Stopping threads took: 0,0000059 seconds
2018-01-03T22:31:38.157-0200: 7471,449: Total time for which application threads were stopped: 0,0000695 seconds, Stopping threads took: 0,0000140 seconds
2018-01-03T22:31:38.157-0200: 7471,449: Total time for which application threads were stopped: 0,0000290 seconds, Stopping threads took: 0,0000054 seconds
2018-01-03T22:31:38.184-0200: 7471,475: Total time for which application threads were stopped: 0,0001655 seconds, Stopping threads took: 0,0000133 seconds
2018-01-03T22:31:38.184-0200: 7471,476: Total time for which application threads were stopped: 0,0000537 seconds, Stopping threads took: 0,0000068 seconds
2018-01-03T22:31:38.189-0200: 7471,480: Total time for which application threads were stopped: 0,0000666 seconds, Stopping threads took: 0,0000132 seconds
2018-01-03T22:31:38.189-0200: 7471,480: Total time for which application threads were stopped: 0,0000282 seconds, Stopping threads took: 0,0000048 seconds
2018-01-03T22:31:47.548-0200: 7480,840: Total time for which application threads were stopped: 0,0001151 seconds, Stopping threads took: 0,0000213 seconds
2018-01-03T22:31:47.549-0200: 7480,840: Total time for which application threads were stopped: 0,0000632 seconds, Stopping threads took: 0,0000136 seconds
{Heap before GC invocations=169 (full 2):
 par new generation   total 655360K, used 574962K [0x0000000700000000, 0x0000000730000000, 0x0000000730000000)
  eden space 524288K, 100% used [0x0000000700000000, 0x0000000720000000, 0x0000000720000000)
  from space 131072K,  38% used [0x0000000728000000, 0x000000072b17c8c0, 0x0000000730000000)
  to   space 131072K,   0% used [0x0000000720000000, 0x0000000720000000, 0x0000000728000000)
 concurrent mark-sweep generation total 2359296K, used 606024K [0x0000000730000000, 0x00000007c0000000, 0x00000007c0000000)
 Metaspace       used 96908K, capacity 102161K, committed 102496K, reserved 1140736K
  class space    used 10038K, capacity 11164K, committed 11248K, reserved 1048576K
2018-01-03T22:31:47.604-0200: 7480,895: [GC (Allocation Failure) 2018-01-03T22:31:47.604-0200: 7480,895: [ParNew
Desired survivor size 120795952 bytes, new threshold 8 (max 8)
- age   1:    7693704 bytes,    7693704 total
- age   2:      40832 bytes,    7734536 total
- age   3:    2445424 bytes,   10179960 total
- age   4:    3350912 bytes,   13530872 total
- age   5:     660424 bytes,   14191296 total
- age   6:    2553536 bytes,   16744832 total
- age   7:    6188064 bytes,   22932896 total
- age   8:    3162704 bytes,   26095600 total
: 574962K->30826K(655360K), 0,0731088 secs] 1180986K->637604K(3014656K), 0,0732624 secs] [Times: user=0,07 sys=0,00, real=0,07 secs] 
Heap after GC invocations=170 (full 2):
 par new generation   total 655360K, used 30826K [0x0000000700000000, 0x0000000730000000, 0x0000000730000000)
  eden space 524288K,   0% used [0x0000000700000000, 0x0000000700000000, 0x0000000720000000)
  from space 131072K,  23% used [0x0000000720000000, 0x0000000721e1a9a0, 0x0000000728000000)
  to   space 131072K,   0% used [0x0000000728000000, 0x0000000728000000, 0x0000000730000000)
 concurrent mark-sweep generation total 2359296K, used 606778K [0x0000000730000000, 0x00000007c0000000, 0x00000007c0000000)
 Metaspace       used 96908K, capacity 102161K, committed 102496K, reserved 1140736K
  class space    used 10038K, capacity 11164K, committed 11248K, reserved 1048576K
}
2018-01-03T22:31:47.677-0200: 7480,969: Total time for which application threads were stopped: 0,0734580 seconds, Stopping threads took: 0,0000246 seconds
2018-01-03T22:31:47.683-0200: 7480,974: Total time for which application threads were stopped: 0,0014423 seconds, Stopping threads took: 0,0013585 seconds
2018-01-03T22:31:47.683-0200: 7480,974: Total time for which application threads were stopped: 0,0001703 seconds, Stopping threads took: 0,0000788 seconds
2018-01-03T22:31:47.683-0200: 7480,975: Total time for which application threads were stopped: 0,0000378 seconds, Stopping threads took: 0,0000055 seconds
2018-01-03T22:31:48.667-0200: 7481,958: Total time for which application threads were stopped: 0,0001137 seconds, Stopping threads took: 0,0000223 seconds
{Heap before GC invocations=170 (full 2):
 par new generation   total 655360K, used 555114K [0x0000000700000000, 0x0000000730000000, 0x0000000730000000)
  eden space 524288K, 100% used [0x0000000700000000, 0x0000000720000000, 0x0000000720000000)
  from space 131072K,  23% used [0x0000000720000000, 0x0000000721e1a9a0, 0x0000000728000000)
  to   space 131072K,   0% used [0x0000000728000000, 0x0000000728000000, 0x0000000730000000)
 concurrent mark-sweep generation total 2359296K, used 606778K [0x0000000730000000, 0x00000007c0000000, 0x00000007c0000000)
 Metaspace       used 96910K, capacity 102173K, committed 102496K, reserved 1140736K
  class space    used 10038K, capacity 11164K, committed 11248K, reserved 1048576K
2018-01-03T22:31:49.047-0200: 7482,338: [GC (Allocation Failure) 2018-01-03T22:31:49.047-0200: 7482,338: [ParNew
Desired survivor size 120795952 bytes, new threshold 8 (max 8)
- age   1:   19257464 bytes,   19257464 total
- age   2:    5594424 bytes,   24851888 total
- age   3:      32248 bytes,   24884136 total
- age   4:    2445424 bytes,   27329560 total
- age   5:    3350912 bytes,   30680472 total
- age   6:     660424 bytes,   31340896 total
- age   7:    2553536 bytes,   33894432 total
- age   8:    6188064 bytes,   40082496 total
: 555114K->60626K(655360K), 0,0923235 secs] 1161892K->670522K(3014656K), 0,0923771 secs] [Times: user=0,09 sys=0,00, real=0,09 secs] 
Heap after GC invocations=171 (full 2):
 par new generation   total 655360K, used 60626K [0x0000000700000000, 0x0000000730000000, 0x0000000730000000)
  eden space 524288K,   0% used [0x0000000700000000, 0x0000000700000000, 0x0000000720000000)
  from space 131072K,  46% used [0x0000000728000000, 0x000000072bb34b80, 0x0000000730000000)
  to   space 131072K,   0% used [0x0000000720000000, 0x0000000720000000, 0x0000000728000000)
 concurrent mark-sweep generation total 2359296K, used 609895K [0x0000000730000000, 0x00000007c0000000, 0x00000007c0000000)
 Metaspace       used 96910K, capacity 102173K, committed 102496K, reserved 1140736K
  class space    used 10038K, capacity 11164K, committed 11248K, reserved 1048576K
}
2018-01-03T22:31:49.139-0200: 7482,431: Total time for which application threads were stopped: 0,1012439 seconds, Stopping threads took: 0,0086988 seconds
2018-01-03T22:31:49.145-0200: 7482,436: Total time for which application threads were stopped: 0,0021213 seconds, Stopping threads took: 0,0019793 seconds
2018-01-03T22:31:49.145-0200: 7482,436: Total time for which application threads were stopped: 0,0000669 seconds, Stopping threads took: 0,0000078 seconds
2018-01-03T22:31:49.145-0200: 7482,436: Total time for which application threads were stopped: 0,0000522 seconds, Stopping threads took: 0,0000042 seconds
2018-01-03T22:31:49.145-0200: 7482,437: Total time for which application threads were stopped: 0,0000315 seconds, Stopping threads took: 0,0000041 seconds
2018-01-03T22:31:49.145-0200: 7482,437: Total time for which application threads were stopped: 0,0000454 seconds, Stopping threads took: 0,0000045 seconds
2018-01-03T22:31:49.145-0200: 7482,437: Total time for which application threads were stopped: 0,0000604 seconds, Stopping threads took: 0,0000131 seconds
2018-01-03T22:31:49.145-0200: 7482,437: Total time for which application threads were stopped: 0,0000445 seconds, Stopping threads took: 0,0000039 seconds
2018-01-03T22:31:49.145-0200: 7482,437: Total time for which application threads were stopped: 0,0000507 seconds, Stopping threads took: 0,0000042 seconds
2018-01-03T22:31:49.145-0200: 7482,437: Total time for which application threads were stopped: 0,0000441 seconds, Stopping threads took: 0,0000173 seconds
2018-01-03T22:31:49.145-0200: 7482,437: Total time for which application threads were stopped: 0,0000504 seconds, Stopping threads took: 0,0000038 seconds
2018-01-03T22:31:49.145-0200: 7482,437: Total time for which application threads were stopped: 0,0000307 seconds, Stopping threads took: 0,0000041 seconds
2018-01-03T22:31:49.145-0200: 7482,437: Total time for which application threads were stopped: 0,0000579 seconds, Stopping threads took: 0,0000040 seconds
2018-01-03T22:31:49.145-0200: 7482,437: Total time for which application threads were stopped: 0,0000303 seconds, Stopping threads took: 0,0000039 seconds
2018-01-03T22:31:49.146-0200: 7482,437: Total time for which application threads were stopped: 0,0000547 seconds, Stopping threads took: 0,0000040 seconds
2018-01-03T22:31:49.146-0200: 7482,437: Total time for which application threads were stopped: 0,0000449 seconds, Stopping threads took: 0,0000042 seconds
2018-01-03T22:31:49.146-0200: 7482,437: Total time for which application threads were stopped: 0,0001029 seconds, Stopping threads took: 0,0000040 seconds
2018-01-03T22:31:50.148-0200: 7483,440: Total time for which application threads were stopped: 0,0020933 seconds, Stopping threads took: 0,0020183 seconds
2018-01-03T22:32:02.552-0200: 7495,844: Total time for which application threads were stopped: 0,0030473 seconds, Stopping threads took: 0,0029416 seconds
2018-01-03T22:32:02.950-0200: 7496,241: Total time for which application threads were stopped: 0,0021012 seconds, Stopping threads took: 0,0020220 seconds
2018-01-03T22:32:02.997-0200: 7496,289: Total time for which application threads were stopped: 0,0020877 seconds, Stopping threads took: 0,0020205 seconds
2018-01-03T22:32:03.002-0200: 7496,294: Total time for which application threads were stopped: 0,0007489 seconds, Stopping threads took: 0,0006549 seconds
2018-01-03T22:32:03.004-0200: 7496,296: Total time for which application threads were stopped: 0,0001720 seconds, Stopping threads took: 0,0000124 seconds
2018-01-03T22:32:03.004-0200: 7496,296: Total time for which application threads were stopped: 0,0000537 seconds, Stopping threads took: 0,0000055 seconds
2018-01-03T22:32:03.005-0200: 7496,296: Total time for which application threads were stopped: 0,0000353 seconds, Stopping threads took: 0,0000047 seconds
2018-01-03T22:32:03.005-0200: 7496,296: Total time for which application threads were stopped: 0,0000316 seconds, Stopping threads took: 0,0000052 seconds
2018-01-03T22:32:03.005-0200: 7496,296: Total time for which application threads were stopped: 0,0000288 seconds, Stopping threads took: 0,0000044 seconds
2018-01-03T22:32:03.005-0200: 7496,296: Total time for which application threads were stopped: 0,0000285 seconds, Stopping threads took: 0,0000040 seconds
2018-01-03T22:32:38.192-0200: 7531,483: Total time for which application threads were stopped: 0,0021054 seconds, Stopping threads took: 0,0020198 seconds
2018-01-03T22:34:49.218-0200: 7662,510: Total time for which application threads were stopped: 0,0001027 seconds, Stopping threads took: 0,0000185 seconds
2018-01-03T22:34:50.168-0200: 7663,460: Total time for which application threads were stopped: 0,0001694 seconds, Stopping threads took: 0,0000184 seconds
2018-01-03T22:34:50.168-0200: 7663,460: Total time for which application threads were stopped: 0,0000525 seconds, Stopping threads took: 0,0000106 seconds
2018-01-03T22:34:50.186-0200: 7663,478: Total time for which application threads were stopped: 0,0001123 seconds, Stopping threads took: 0,0000119 seconds
2018-01-03T22:34:50.186-0200: 7663,478: Total time for which application threads were stopped: 0,0000811 seconds, Stopping threads took: 0,0000054 seconds
2018-01-03T22:34:50.186-0200: 7663,478: Total time for which application threads were stopped: 0,0000514 seconds, Stopping threads took: 0,0000044 seconds
2018-01-03T22:34:50.193-0200: 7663,485: Total time for which application threads were stopped: 0,0000840 seconds, Stopping threads took: 0,0000136 seconds
2018-01-03T22:34:50.193-0200: 7663,485: Total time for which application threads were stopped: 0,0000471 seconds, Stopping threads took: 0,0000062 seconds
2018-01-03T22:34:50.193-0200: 7663,485: Total time for which application threads were stopped: 0,0000335 seconds, Stopping threads took: 0,0000045 seconds
2018-01-03T22:34:50.193-0200: 7663,485: Total time for which application threads were stopped: 0,0000323 seconds, Stopping threads took: 0,0000045 seconds
2018-01-03T22:34:50.194-0200: 7663,485: Total time for which application threads were stopped: 0,0000894 seconds, Stopping threads took: 0,0000047 seconds
2018-01-03T22:34:50.197-0200: 7663,489: Total time for which application threads were stopped: 0,0000899 seconds, Stopping threads took: 0,0000110 seconds
2018-01-03T22:34:50.197-0200: 7663,489: Total time for which application threads were stopped: 0,0000454 seconds, Stopping threads took: 0,0000049 seconds
2018-01-03T22:34:50.203-0200: 7663,495: Total time for which application threads were stopped: 0,0000656 seconds, Stopping threads took: 0,0000123 seconds
2018-01-03T22:34:50.203-0200: 7663,495: Total time for which application threads were stopped: 0,0000407 seconds, Stopping threads took: 0,0000048 seconds
2018-01-03T22:34:51.203-0200: 7664,495: Total time for which application threads were stopped: 0,0000787 seconds, Stopping threads took: 0,0000172 seconds
2018-01-03T22:35:12.621-0200: 7685,913: Total time for which application threads were stopped: 0,0013333 seconds, Stopping threads took: 0,0012016 seconds
2018-01-03T22:35:12.720-0200: 7686,011: Total time for which application threads were stopped: 0,0001336 seconds, Stopping threads took: 0,0000246 seconds
2018-01-03T22:35:12.832-0200: 7686,124: Total time for which application threads were stopped: 0,0002706 seconds, Stopping threads took: 0,0001545 seconds
2018-01-03T22:35:12.849-0200: 7686,140: Total time for which application threads were stopped: 0,0000933 seconds, Stopping threads took: 0,0000190 seconds
2018-01-03T22:35:12.850-0200: 7686,142: Total time for which application threads were stopped: 0,0002324 seconds, Stopping threads took: 0,0000260 seconds
2018-01-03T22:35:12.857-0200: 7686,148: Total time for which application threads were stopped: 0,0000923 seconds, Stopping threads took: 0,0000245 seconds
2018-01-03T22:35:13.948-0200: 7687,239: Total time for which application threads were stopped: 0,0001006 seconds, Stopping threads took: 0,0000160 seconds
2018-01-03T22:35:13.948-0200: 7687,240: Total time for which application threads were stopped: 0,0000627 seconds, Stopping threads took: 0,0000120 seconds
2018-01-03T22:35:13.948-0200: 7687,240: Total time for which application threads were stopped: 0,0000362 seconds, Stopping threads took: 0,0000050 seconds
2018-01-03T22:35:13.948-0200: 7687,240: Total time for which application threads were stopped: 0,0000342 seconds, Stopping threads took: 0,0000046 seconds
2018-01-03T22:35:13.948-0200: 7687,240: Total time for which application threads were stopped: 0,0000340 seconds, Stopping threads took: 0,0000044 seconds
2018-01-03T22:35:13.948-0200: 7687,240: Total time for which application threads were stopped: 0,0000511 seconds, Stopping threads took: 0,0000046 seconds
2018-01-03T22:35:13.948-0200: 7687,240: Total time for which application threads were stopped: 0,0000340 seconds, Stopping threads took: 0,0000048 seconds
2018-01-03T22:35:13.948-0200: 7687,240: Total time for which application threads were stopped: 0,0000337 seconds, Stopping threads took: 0,0000046 seconds
2018-01-03T22:35:13.949-0200: 7687,240: Total time for which application threads were stopped: 0,0000333 seconds, Stopping threads took: 0,0000046 seconds
2018-01-03T22:35:13.949-0200: 7687,241: Total time for which application threads were stopped: 0,0000439 seconds, Stopping threads took: 0,0000100 seconds
2018-01-03T22:35:13.949-0200: 7687,241: Total time for which application threads were stopped: 0,0000387 seconds, Stopping threads took: 0,0000086 seconds
2018-01-03T22:35:13.951-0200: 7687,242: Total time for which application threads were stopped: 0,0000722 seconds, Stopping threads took: 0,0000089 seconds
2018-01-03T22:35:13.951-0200: 7687,242: Total time for which application threads were stopped: 0,0000469 seconds, Stopping threads took: 0,0000049 seconds
2018-01-03T22:35:13.959-0200: 7687,250: Total time for which application threads were stopped: 0,0000675 seconds, Stopping threads took: 0,0000133 seconds
2018-01-03T22:35:13.959-0200: 7687,250: Total time for which application threads were stopped: 0,0000289 seconds, Stopping threads took: 0,0000050 seconds
2018-01-03T22:35:13.960-0200: 7687,252: Total time for which application threads were stopped: 0,0000742 seconds, Stopping threads took: 0,0000114 seconds
2018-01-03T22:35:13.960-0200: 7687,252: Total time for which application threads were stopped: 0,0000394 seconds, Stopping threads took: 0,0000056 seconds
2018-01-03T22:35:16.762-0200: 7690,054: Total time for which application threads were stopped: 0,0000839 seconds, Stopping threads took: 0,0000134 seconds
2018-01-03T22:35:17.763-0200: 7691,054: Total time for which application threads were stopped: 0,0000776 seconds, Stopping threads took: 0,0000175 seconds
2018-01-03T22:35:18.058-0200: 7691,350: Total time for which application threads were stopped: 0,0000978 seconds, Stopping threads took: 0,0000117 seconds
2018-01-03T22:35:18.058-0200: 7691,350: Total time for which application threads were stopped: 0,0000595 seconds, Stopping threads took: 0,0000071 seconds
2018-01-03T22:35:19.451-0200: 7692,742: Total time for which application threads were stopped: 0,0000979 seconds, Stopping threads took: 0,0000125 seconds
2018-01-03T22:35:19.451-0200: 7692,742: Total time for which application threads were stopped: 0,0000478 seconds, Stopping threads took: 0,0000054 seconds
2018-01-03T22:35:19.460-0200: 7692,752: Total time for which application threads were stopped: 0,0000643 seconds, Stopping threads took: 0,0000134 seconds
2018-01-03T22:35:19.460-0200: 7692,752: Total time for which application threads were stopped: 0,0000305 seconds, Stopping threads took: 0,0000053 seconds
2018-01-03T22:35:19.743-0200: 7693,035: Total time for which application threads were stopped: 0,0000907 seconds, Stopping threads took: 0,0000116 seconds
2018-01-03T22:35:19.743-0200: 7693,035: Total time for which application threads were stopped: 0,0000466 seconds, Stopping threads took: 0,0000051 seconds
2018-01-03T22:35:19.747-0200: 7693,038: Total time for which application threads were stopped: 0,0000659 seconds, Stopping threads took: 0,0000124 seconds
2018-01-03T22:35:19.747-0200: 7693,038: Total time for which application threads were stopped: 0,0000295 seconds, Stopping threads took: 0,0000051 seconds
2018-01-03T22:35:19.751-0200: 7693,042: Total time for which application threads were stopped: 0,0000780 seconds, Stopping threads took: 0,0000113 seconds
2018-01-03T22:35:19.751-0200: 7693,043: Total time for which application threads were stopped: 0,0000488 seconds, Stopping threads took: 0,0000064 seconds
2018-01-03T22:35:19.751-0200: 7693,043: Total time for which application threads were stopped: 0,0000338 seconds, Stopping threads took: 0,0000044 seconds
2018-01-03T22:35:19.751-0200: 7693,043: Total time for which application threads were stopped: 0,0000314 seconds, Stopping threads took: 0,0000040 seconds
2018-01-03T22:35:19.751-0200: 7693,043: Total time for which application threads were stopped: 0,0000314 seconds, Stopping threads took: 0,0000041 seconds
2018-01-03T22:35:19.751-0200: 7693,043: Total time for which application threads were stopped: 0,0000336 seconds, Stopping threads took: 0,0000044 seconds
2018-01-03T22:35:19.751-0200: 7693,043: Total time for which application threads were stopped: 0,0000311 seconds, Stopping threads took: 0,0000041 seconds
2018-01-03T22:35:19.751-0200: 7693,043: Total time for which application threads were stopped: 0,0000368 seconds, Stopping threads took: 0,0000049 seconds
2018-01-03T22:35:21.454-0200: 7694,746: Total time for which application threads were stopped: 0,0000931 seconds, Stopping threads took: 0,0000244 seconds
2018-01-03T22:35:21.462-0200: 7694,754: Total time for which application threads were stopped: 0,0000736 seconds, Stopping threads took: 0,0000178 seconds
2018-01-03T22:35:21.474-0200: 7694,765: Total time for which application threads were stopped: 0,0001202 seconds, Stopping threads took: 0,0000229 seconds
2018-01-03T22:35:21.487-0200: 7694,778: Total time for which application threads were stopped: 0,0001145 seconds, Stopping threads took: 0,0000178 seconds
2018-01-03T22:35:21.487-0200: 7694,778: Total time for which application threads were stopped: 0,0000482 seconds, Stopping threads took: 0,0000113 seconds
2018-01-03T22:35:21.487-0200: 7694,778: Total time for which application threads were stopped: 0,0000687 seconds, Stopping threads took: 0,0000084 seconds
2018-01-03T22:35:21.487-0200: 7694,779: Total time for which application threads were stopped: 0,0001004 seconds, Stopping threads took: 0,0000098 seconds
2018-01-03T22:35:21.487-0200: 7694,779: Total time for which application threads were stopped: 0,0000664 seconds, Stopping threads took: 0,0000092 seconds
2018-01-03T22:35:21.487-0200: 7694,779: Total time for which application threads were stopped: 0,0000620 seconds, Stopping threads took: 0,0000088 seconds
2018-01-03T22:35:21.487-0200: 7694,779: Total time for which application threads were stopped: 0,0000645 seconds, Stopping threads took: 0,0000091 seconds
2018-01-03T22:35:21.500-0200: 7694,792: Total time for which application threads were stopped: 0,0000845 seconds, Stopping threads took: 0,0000191 seconds
2018-01-03T22:35:21.504-0200: 7694,796: Total time for which application threads were stopped: 0,0000850 seconds, Stopping threads took: 0,0000208 seconds
2018-01-03T22:35:21.509-0200: 7694,800: Total time for which application threads were stopped: 0,0001117 seconds, Stopping threads took: 0,0000400 seconds
2018-01-03T22:35:21.513-0200: 7694,805: Total time for which application threads were stopped: 0,0000880 seconds, Stopping threads took: 0,0000198 seconds
2018-01-03T22:35:27.448-0200: 7700,740: Total time for which application threads were stopped: 0,0001220 seconds, Stopping threads took: 0,0000129 seconds
2018-01-03T22:35:27.449-0200: 7700,740: Total time for which application threads were stopped: 0,0000501 seconds, Stopping threads took: 0,0000057 seconds
2018-01-03T22:35:27.457-0200: 7700,749: Total time for which application threads were stopped: 0,0000650 seconds, Stopping threads took: 0,0000124 seconds
2018-01-03T22:35:27.457-0200: 7700,749: Total time for which application threads were stopped: 0,0000339 seconds, Stopping threads took: 0,0000047 seconds
2018-01-03T22:35:27.467-0200: 7700,759: Total time for which application threads were stopped: 0,0000982 seconds, Stopping threads took: 0,0000130 seconds
2018-01-03T22:35:27.467-0200: 7700,759: Total time for which application threads were stopped: 0,0000750 seconds, Stopping threads took: 0,0000052 seconds
2018-01-03T22:35:27.471-0200: 7700,763: Total time for which application threads were stopped: 0,0000651 seconds, Stopping threads took: 0,0000122 seconds
2018-01-03T22:35:27.471-0200: 7700,763: Total time for which application threads were stopped: 0,0000286 seconds, Stopping threads took: 0,0000048 seconds
2018-01-03T22:35:36.438-0200: 7709,730: Total time for which application threads were stopped: 0,0010091 seconds, Stopping threads took: 0,0000160 seconds
2018-01-03T22:35:36.442-0200: 7709,734: Total time for which application threads were stopped: 0,0000995 seconds, Stopping threads took: 0,0000348 seconds
2018-01-03T22:35:36.446-0200: 7709,737: Total time for which application threads were stopped: 0,0000979 seconds, Stopping threads took: 0,0000127 seconds
2018-01-03T22:35:37.448-0200: 7710,740: Total time for which application threads were stopped: 0,0020961 seconds, Stopping threads took: 0,0020253 seconds
2018-01-03T22:36:19.467-0200: 7752,758: Total time for which application threads were stopped: 0,0001060 seconds, Stopping threads took: 0,0000216 seconds
2018-01-03T22:36:21.940-0200: 7755,232: Total time for which application threads were stopped: 0,0001192 seconds, Stopping threads took: 0,0000147 seconds
2018-01-03T22:36:21.940-0200: 7755,232: Total time for which application threads were stopped: 0,0000608 seconds, Stopping threads took: 0,0000066 seconds
2018-01-03T22:36:21.963-0200: 7755,255: Total time for which application threads were stopped: 0,0003143 seconds, Stopping threads took: 0,0001290 seconds
2018-01-03T22:36:21.963-0200: 7755,255: Total time for which application threads were stopped: 0,0000483 seconds, Stopping threads took: 0,0000077 seconds
2018-01-03T22:36:22.327-0200: 7755,619: Total time for which application threads were stopped: 0,0001396 seconds, Stopping threads took: 0,0000138 seconds
2018-01-03T22:36:22.327-0200: 7755,619: Total time for which application threads were stopped: 0,0000655 seconds, Stopping threads took: 0,0000074 seconds
2018-01-03T22:36:22.335-0200: 7755,626: Total time for which application threads were stopped: 0,0000842 seconds, Stopping threads took: 0,0000164 seconds
2018-01-03T22:36:22.335-0200: 7755,626: Total time for which application threads were stopped: 0,0000429 seconds, Stopping threads took: 0,0000069 seconds
{Heap before GC invocations=171 (full 2):
 par new generation   total 655360K, used 584914K [0x0000000700000000, 0x0000000730000000, 0x0000000730000000)
  eden space 524288K, 100% used [0x0000000700000000, 0x0000000720000000, 0x0000000720000000)
  from space 131072K,  46% used [0x0000000728000000, 0x000000072bb34b80, 0x0000000730000000)
  to   space 131072K,   0% used [0x0000000720000000, 0x0000000720000000, 0x0000000728000000)
 concurrent mark-sweep generation total 2359296K, used 609895K [0x0000000730000000, 0x00000007c0000000, 0x00000007c0000000)
 Metaspace       used 97328K, capacity 102707K, committed 102752K, reserved 1140736K
  class space    used 10074K, capacity 11211K, committed 11248K, reserved 1048576K
2018-01-03T22:36:23.783-0200: 7757,074: [GC (Allocation Failure) 2018-01-03T22:36:23.783-0200: 7757,074: [ParNew
Desired survivor size 120795952 bytes, new threshold 8 (max 8)
- age   1:    6246680 bytes,    6246680 total
- age   2:       8616 bytes,    6255296 total
- age   3:    4304664 bytes,   10559960 total
- age   4:      32128 bytes,   10592088 total
- age   5:    2361952 bytes,   12954040 total
- age   6:    3343008 bytes,   16297048 total
- age   7:     659400 bytes,   16956448 total
- age   8:    2547272 bytes,   19503720 total
: 584914K->27734K(655360K), 0,1986035 secs] 1194810K->643727K(3014656K), 0,1986783 secs] [Times: user=0,09 sys=0,01, real=0,19 secs] 
Heap after GC invocations=172 (full 2):
 par new generation   total 655360K, used 27734K [0x0000000700000000, 0x0000000730000000, 0x0000000730000000)
  eden space 524288K,   0% used [0x0000000700000000, 0x0000000700000000, 0x0000000720000000)
  from space 131072K,  21% used [0x0000000720000000, 0x0000000721b15b10, 0x0000000728000000)
  to   space 131072K,   0% used [0x0000000728000000, 0x0000000728000000, 0x0000000730000000)
 concurrent mark-sweep generation total 2359296K, used 615992K [0x0000000730000000, 0x00000007c0000000, 0x00000007c0000000)
 Metaspace       used 97328K, capacity 102707K, committed 102752K, reserved 1140736K
  class space    used 10074K, capacity 11211K, committed 11248K, reserved 1048576K
}
2018-01-03T22:36:23.982-0200: 7757,273: Total time for which application threads were stopped: 0,2009381 seconds, Stopping threads took: 0,0000230 seconds
2018-01-03T22:36:24.001-0200: 7757,293: Total time for which application threads were stopped: 0,0023312 seconds, Stopping threads took: 0,0022022 seconds
2018-01-03T22:36:24.001-0200: 7757,293: Total time for which application threads were stopped: 0,0000723 seconds, Stopping threads took: 0,0000070 seconds
2018-01-03T22:36:24.001-0200: 7757,293: Total time for which application threads were stopped: 0,0000465 seconds, Stopping threads took: 0,0000059 seconds
2018-01-03T22:36:24.203-0200: 7757,495: Total time for which application threads were stopped: 0,0061281 seconds, Stopping threads took: 0,0000490 seconds
2018-01-03T22:36:24.316-0200: 7757,608: Total time for which application threads were stopped: 0,0061412 seconds, Stopping threads took: 0,0060514 seconds
2018-01-03T22:36:24.317-0200: 7757,608: Total time for which application threads were stopped: 0,0000549 seconds, Stopping threads took: 0,0000093 seconds
2018-01-03T22:36:24.317-0200: 7757,608: Total time for which application threads were stopped: 0,0000367 seconds, Stopping threads took: 0,0000058 seconds
2018-01-03T22:36:24.318-0200: 7757,610: Total time for which application threads were stopped: 0,0001436 seconds, Stopping threads took: 0,0000568 seconds
2018-01-03T22:36:24.318-0200: 7757,610: Total time for which application threads were stopped: 0,0000498 seconds, Stopping threads took: 0,0000122 seconds
2018-01-03T22:36:24.335-0200: 7757,627: Total time for which application threads were stopped: 0,0002989 seconds, Stopping threads took: 0,0002046 seconds
2018-01-03T22:36:24.432-0200: 7757,724: Total time for which application threads were stopped: 0,0001221 seconds, Stopping threads took: 0,0000210 seconds
2018-01-03T22:36:24.432-0200: 7757,724: Total time for which application threads were stopped: 0,0000587 seconds, Stopping threads took: 0,0000124 seconds
2018-01-03T22:36:24.484-0200: 7757,775: Total time for which application threads were stopped: 0,0000959 seconds, Stopping threads took: 0,0000157 seconds
2018-01-03T22:36:24.494-0200: 7757,786: Total time for which application threads were stopped: 0,0001456 seconds, Stopping threads took: 0,0000609 seconds
2018-01-03T22:36:24.495-0200: 7757,786: Total time for which application threads were stopped: 0,0000658 seconds, Stopping threads took: 0,0000137 seconds
2018-01-03T22:36:24.495-0200: 7757,786: Total time for which application threads were stopped: 0,0000467 seconds, Stopping threads took: 0,0000122 seconds
2018-01-03T22:36:25.558-0200: 7758,850: Total time for which application threads were stopped: 0,0001016 seconds, Stopping threads took: 0,0000139 seconds
2018-01-03T22:36:25.558-0200: 7758,850: Total time for which application threads were stopped: 0,0000690 seconds, Stopping threads took: 0,0000070 seconds
2018-01-03T22:36:25.563-0200: 7758,855: Total time for which application threads were stopped: 0,0001142 seconds, Stopping threads took: 0,0000184 seconds
2018-01-03T22:36:25.563-0200: 7758,855: Total time for which application threads were stopped: 0,0000664 seconds, Stopping threads took: 0,0000082 seconds
2018-01-03T22:36:25.563-0200: 7758,855: Total time for which application threads were stopped: 0,0000428 seconds, Stopping threads took: 0,0000059 seconds
2018-01-03T22:36:26.639-0200: 7759,930: Total time for which application threads were stopped: 0,0000761 seconds, Stopping threads took: 0,0000116 seconds
2018-01-03T22:36:26.639-0200: 7759,930: Total time for which application threads were stopped: 0,0000402 seconds, Stopping threads took: 0,0000056 seconds
2018-01-03T22:36:26.639-0200: 7759,931: Total time for which application threads were stopped: 0,0000329 seconds, Stopping threads took: 0,0000047 seconds
2018-01-03T22:36:26.639-0200: 7759,931: Total time for which application threads were stopped: 0,0000446 seconds, Stopping threads took: 0,0000044 seconds
2018-01-03T22:36:26.639-0200: 7759,931: Total time for which application threads were stopped: 0,0000326 seconds, Stopping threads took: 0,0000050 seconds
2018-01-03T22:36:26.639-0200: 7759,931: Total time for which application threads were stopped: 0,0000374 seconds, Stopping threads took: 0,0000054 seconds
2018-01-03T22:36:26.639-0200: 7759,931: Total time for which application threads were stopped: 0,0000320 seconds, Stopping threads took: 0,0000044 seconds
2018-01-03T22:36:26.639-0200: 7759,931: Total time for which application threads were stopped: 0,0000318 seconds, Stopping threads took: 0,0000045 seconds
2018-01-03T22:36:26.639-0200: 7759,931: Total time for which application threads were stopped: 0,0000442 seconds, Stopping threads took: 0,0000163 seconds
2018-01-03T22:36:26.640-0200: 7759,931: Total time for which application threads were stopped: 0,0000313 seconds, Stopping threads took: 0,0000044 seconds
2018-01-03T22:36:26.640-0200: 7759,931: Total time for which application threads were stopped: 0,0000311 seconds, Stopping threads took: 0,0000044 seconds
2018-01-03T22:36:26.640-0200: 7759,931: Total time for which application threads were stopped: 0,0000308 seconds, Stopping threads took: 0,0000044 seconds
2018-01-03T22:36:26.640-0200: 7759,931: Total time for which application threads were stopped: 0,0000311 seconds, Stopping threads took: 0,0000045 seconds
2018-01-03T22:36:26.640-0200: 7759,932: Total time for which application threads were stopped: 0,0000371 seconds, Stopping threads took: 0,0000053 seconds
2018-01-03T22:36:26.640-0200: 7759,932: Total time for which application threads were stopped: 0,0000317 seconds, Stopping threads took: 0,0000043 seconds
2018-01-03T22:36:26.642-0200: 7759,933: Total time for which application threads were stopped: 0,0000783 seconds, Stopping threads took: 0,0000103 seconds
2018-01-03T22:36:26.642-0200: 7759,934: Total time for which application threads were stopped: 0,0000462 seconds, Stopping threads took: 0,0000050 seconds
2018-01-03T22:36:26.644-0200: 7759,936: Total time for which application threads were stopped: 0,0000874 seconds, Stopping threads took: 0,0000136 seconds
2018-01-03T22:36:26.655-0200: 7759,946: Total time for which application threads were stopped: 0,0000703 seconds, Stopping threads took: 0,0000156 seconds
2018-01-03T22:36:26.655-0200: 7759,946: Total time for which application threads were stopped: 0,0000305 seconds, Stopping threads took: 0,0000051 seconds
2018-01-03T22:36:26.666-0200: 7759,958: Total time for which application threads were stopped: 0,0001005 seconds, Stopping threads took: 0,0000124 seconds
2018-01-03T22:36:26.666-0200: 7759,958: Total time for which application threads were stopped: 0,0000509 seconds, Stopping threads took: 0,0000061 seconds
2018-01-03T22:36:26.671-0200: 7759,963: Total time for which application threads were stopped: 0,0000729 seconds, Stopping threads took: 0,0000149 seconds
2018-01-03T22:36:26.671-0200: 7759,963: Total time for which application threads were stopped: 0,0000322 seconds, Stopping threads took: 0,0000056 seconds
2018-01-03T22:36:28.817-0200: 7762,109: Total time for which application threads were stopped: 0,0000822 seconds, Stopping threads took: 0,0000102 seconds
2018-01-03T22:36:28.817-0200: 7762,109: Total time for which application threads were stopped: 0,0000456 seconds, Stopping threads took: 0,0000050 seconds
2018-01-03T22:36:28.821-0200: 7762,112: Total time for which application threads were stopped: 0,0001279 seconds, Stopping threads took: 0,0000131 seconds
2018-01-03T22:36:28.821-0200: 7762,112: Total time for which application threads were stopped: 0,0000791 seconds, Stopping threads took: 0,0000055 seconds
2018-01-03T22:36:28.821-0200: 7762,112: Total time for which application threads were stopped: 0,0000551 seconds, Stopping threads took: 0,0000041 seconds
2018-01-03T22:36:28.964-0200: 7762,255: Total time for which application threads were stopped: 0,0004905 seconds, Stopping threads took: 0,0004117 seconds
2018-01-03T22:36:28.964-0200: 7762,256: Total time for which application threads were stopped: 0,0000959 seconds, Stopping threads took: 0,0000237 seconds
2018-01-03T22:36:28.964-0200: 7762,256: Total time for which application threads were stopped: 0,0000524 seconds, Stopping threads took: 0,0000051 seconds
2018-01-03T22:36:28.964-0200: 7762,256: Total time for which application threads were stopped: 0,0000387 seconds, Stopping threads took: 0,0000046 seconds
2018-01-03T22:36:28.964-0200: 7762,256: Total time for which application threads were stopped: 0,0000363 seconds, Stopping threads took: 0,0000042 seconds
2018-01-03T22:36:28.964-0200: 7762,256: Total time for which application threads were stopped: 0,0000382 seconds, Stopping threads took: 0,0000046 seconds
2018-01-03T22:36:28.965-0200: 7762,256: Total time for which application threads were stopped: 0,0001035 seconds, Stopping threads took: 0,0000043 seconds
2018-01-03T22:36:28.965-0200: 7762,256: Total time for which application threads were stopped: 0,0000487 seconds, Stopping threads took: 0,0000056 seconds
2018-01-03T22:36:28.980-0200: 7762,272: Total time for which application threads were stopped: 0,0000820 seconds, Stopping threads took: 0,0000274 seconds
2018-01-03T22:36:28.980-0200: 7762,272: Total time for which application threads were stopped: 0,0000330 seconds, Stopping threads took: 0,0000057 seconds
2018-01-03T22:36:29.887-0200: 7763,179: Total time for which application threads were stopped: 0,0000884 seconds, Stopping threads took: 0,0000120 seconds
2018-01-03T22:36:29.887-0200: 7763,179: Total time for which application threads were stopped: 0,0000500 seconds, Stopping threads took: 0,0000054 seconds
2018-01-03T22:36:29.902-0200: 7763,194: Total time for which application threads were stopped: 0,0000853 seconds, Stopping threads took: 0,0000129 seconds
2018-01-03T22:36:29.902-0200: 7763,194: Total time for which application threads were stopped: 0,0000637 seconds, Stopping threads took: 0,0000080 seconds
2018-01-03T22:36:29.913-0200: 7763,205: Total time for which application threads were stopped: 0,0014357 seconds, Stopping threads took: 0,0000343 seconds
2018-01-03T22:36:30.927-0200: 7764,219: Total time for which application threads were stopped: 0,0001518 seconds, Stopping threads took: 0,0000259 seconds
2018-01-03T22:36:32.077-0200: 7765,369: Total time for which application threads were stopped: 0,0000892 seconds, Stopping threads took: 0,0000117 seconds
2018-01-03T22:36:32.077-0200: 7765,369: Total time for which application threads were stopped: 0,0000504 seconds, Stopping threads took: 0,0000057 seconds
2018-01-03T22:36:32.090-0200: 7765,381: Total time for which application threads were stopped: 0,0000774 seconds, Stopping threads took: 0,0000158 seconds
2018-01-03T22:36:32.090-0200: 7765,382: Total time for which application threads were stopped: 0,0000397 seconds, Stopping threads took: 0,0000063 seconds
2018-01-03T22:36:34.090-0200: 7767,382: Total time for which application threads were stopped: 0,0001068 seconds, Stopping threads took: 0,0000167 seconds
2018-01-03T22:36:44.355-0200: 7777,647: Total time for which application threads were stopped: 0,0053404 seconds, Stopping threads took: 0,0045567 seconds
2018-01-03T22:36:45.358-0200: 7778,649: Total time for which application threads were stopped: 0,0021037 seconds, Stopping threads took: 0,0020179 seconds
2018-01-03T22:36:45.602-0200: 7778,893: Total time for which application threads were stopped: 0,0005399 seconds, Stopping threads took: 0,0000383 seconds
{Heap before GC invocations=172 (full 2):
 par new generation   total 655360K, used 552022K [0x0000000700000000, 0x0000000730000000, 0x0000000730000000)
  eden space 524288K, 100% used [0x0000000700000000, 0x0000000720000000, 0x0000000720000000)
  from space 131072K,  21% used [0x0000000720000000, 0x0000000721b15b10, 0x0000000728000000)
  to   space 131072K,   0% used [0x0000000728000000, 0x0000000728000000, 0x0000000730000000)
 concurrent mark-sweep generation total 2359296K, used 615992K [0x0000000730000000, 0x00000007c0000000, 0x00000007c0000000)
 Metaspace       used 97489K, capacity 103063K, committed 103392K, reserved 1140736K
  class space    used 10089K, capacity 11259K, committed 11376K, reserved 1048576K
2018-01-03T22:36:45.718-0200: 7779,010: [GC (Allocation Failure) 2018-01-03T22:36:45.718-0200: 7779,010: [ParNew
Desired survivor size 120795952 bytes, new threshold 8 (max 8)
- age   1:   17646640 bytes,   17646640 total
- age   2:    3871896 bytes,   21518536 total
- age   3:        168 bytes,   21518704 total
- age   4:    4304544 bytes,   25823248 total
- age   5:      32128 bytes,   25855376 total
- age   6:    2361952 bytes,   28217328 total
- age   7:    3343008 bytes,   31560336 total
- age   8:     659400 bytes,   32219736 total
: 552022K->36089K(655360K), 0,1270404 secs] 1168015K->654593K(3014656K), 0,1271517 secs] [Times: user=0,10 sys=0,01, real=0,13 secs] 
Heap after GC invocations=173 (full 2):
 par new generation   total 655360K, used 36089K [0x0000000700000000, 0x0000000730000000, 0x0000000730000000)
  eden space 524288K,   0% used [0x0000000700000000, 0x0000000700000000, 0x0000000720000000)
  from space 131072K,  27% used [0x0000000728000000, 0x000000072a33e7b8, 0x0000000730000000)
  to   space 131072K,   0% used [0x0000000720000000, 0x0000000720000000, 0x0000000728000000)
 concurrent mark-sweep generation total 2359296K, used 618503K [0x0000000730000000, 0x00000007c0000000, 0x00000007c0000000)
 Metaspace       used 97489K, capacity 103063K, committed 103392K, reserved 1140736K
  class space    used 10089K, capacity 11259K, committed 11376K, reserved 1048576K
}
2018-01-03T22:36:45.845-0200: 7779,137: Total time for which application threads were stopped: 0,1273958 seconds, Stopping threads took: 0,0000216 seconds
2018-01-03T22:36:45.861-0200: 7779,152: Total time for which application threads were stopped: 0,0062222 seconds, Stopping threads took: 0,0061186 seconds
2018-01-03T22:36:45.861-0200: 7779,152: Total time for which application threads were stopped: 0,0000702 seconds, Stopping threads took: 0,0000095 seconds
2018-01-03T22:36:45.861-0200: 7779,153: Total time for which application threads were stopped: 0,0000666 seconds, Stopping threads took: 0,0000053 seconds
2018-01-03T22:36:45.861-0200: 7779,153: Total time for which application threads were stopped: 0,0000441 seconds, Stopping threads took: 0,0000052 seconds
2018-01-03T22:36:45.861-0200: 7779,153: Total time for which application threads were stopped: 0,0000432 seconds, Stopping threads took: 0,0000050 seconds
2018-01-03T22:36:45.861-0200: 7779,153: Total time for which application threads were stopped: 0,0000427 seconds, Stopping threads took: 0,0000049 seconds
2018-01-03T22:36:45.861-0200: 7779,153: Total time for which application threads were stopped: 0,0001055 seconds, Stopping threads took: 0,0000050 seconds
2018-01-03T22:36:45.861-0200: 7779,153: Total time for which application threads were stopped: 0,0000453 seconds, Stopping threads took: 0,0000054 seconds
2018-01-03T22:36:45.861-0200: 7779,153: Total time for which application threads were stopped: 0,0000439 seconds, Stopping threads took: 0,0000050 seconds
2018-01-03T22:36:45.861-0200: 7779,153: Total time for which application threads were stopped: 0,0000698 seconds, Stopping threads took: 0,0000049 seconds
2018-01-03T22:36:45.863-0200: 7779,155: Total time for which application threads were stopped: 0,0002018 seconds, Stopping threads took: 0,0000147 seconds
2018-01-03T22:36:45.863-0200: 7779,155: Total time for which application threads were stopped: 0,0000844 seconds, Stopping threads took: 0,0000075 seconds
2018-01-03T22:36:45.863-0200: 7779,155: Total time for which application threads were stopped: 0,0001188 seconds, Stopping threads took: 0,0000351 seconds
2018-01-03T22:36:45.864-0200: 7779,155: Total time for which application threads were stopped: 0,0000628 seconds, Stopping threads took: 0,0000080 seconds
2018-01-03T22:36:45.864-0200: 7779,155: Total time for which application threads were stopped: 0,0000429 seconds, Stopping threads took: 0,0000052 seconds
2018-01-03T22:36:45.880-0200: 7779,172: Total time for which application threads were stopped: 0,0097902 seconds, Stopping threads took: 0,0096845 seconds
2018-01-03T22:36:45.881-0200: 7779,172: Total time for which application threads were stopped: 0,0000812 seconds, Stopping threads took: 0,0000119 seconds
2018-01-03T22:36:45.881-0200: 7779,172: Total time for which application threads were stopped: 0,0001456 seconds, Stopping threads took: 0,0000054 seconds
{Heap before GC invocations=173 (full 2):
 par new generation   total 655360K, used 560377K [0x0000000700000000, 0x0000000730000000, 0x0000000730000000)
  eden space 524288K, 100% used [0x0000000700000000, 0x0000000720000000, 0x0000000720000000)
  from space 131072K,  27% used [0x0000000728000000, 0x000000072a33e7b8, 0x0000000730000000)
  to   space 131072K,   0% used [0x0000000720000000, 0x0000000720000000, 0x0000000728000000)
 concurrent mark-sweep generation total 2359296K, used 618503K [0x0000000730000000, 0x00000007c0000000, 0x00000007c0000000)
 Metaspace       used 97489K, capacity 103063K, committed 103392K, reserved 1140736K
  class space    used 10089K, capacity 11259K, committed 11376K, reserved 1048576K
2018-01-03T22:36:47.311-0200: 7780,603: [GC (Allocation Failure) 2018-01-03T22:36:47.311-0200: 7780,603: [ParNew
Desired survivor size 120795952 bytes, new threshold 8 (max 8)
- age   1:   22350984 bytes,   22350984 total
- age   2:   14411880 bytes,   36762864 total
- age   3:    3680360 bytes,   40443224 total
- age   4:         48 bytes,   40443272 total
- age   5:    4304544 bytes,   44747816 total
- age   6:      32128 bytes,   44779944 total
- age   7:    2361952 bytes,   47141896 total
- age   8:    3343008 bytes,   50484904 total
: 560377K->59342K(655360K), 0,1030959 secs] 1178881K->678492K(3014656K), 0,1031715 secs] [Times: user=0,09 sys=0,00, real=0,11 secs] 
Heap after GC invocations=174 (full 2):
 par new generation   total 655360K, used 59342K [0x0000000700000000, 0x0000000730000000, 0x0000000730000000)
  eden space 524288K,   0% used [0x0000000700000000, 0x0000000700000000, 0x0000000720000000)
  from space 131072K,  45% used [0x0000000720000000, 0x00000007239f3b58, 0x0000000728000000)
  to   space 131072K,   0% used [0x0000000728000000, 0x0000000728000000, 0x0000000730000000)
 concurrent mark-sweep generation total 2359296K, used 619149K [0x0000000730000000, 0x00000007c0000000, 0x00000007c0000000)
 Metaspace       used 97489K, capacity 103063K, committed 103392K, reserved 1140736K
  class space    used 10089K, capacity 11259K, committed 11376K, reserved 1048576K
}
2018-01-03T22:36:47.414-0200: 7780,706: Total time for which application threads were stopped: 0,1035243 seconds, Stopping threads took: 0,0000293 seconds
{Heap before GC invocations=174 (full 2):
 par new generation   total 655360K, used 583630K [0x0000000700000000, 0x0000000730000000, 0x0000000730000000)
  eden space 524288K, 100% used [0x0000000700000000, 0x0000000720000000, 0x0000000720000000)
  from space 131072K,  45% used [0x0000000720000000, 0x00000007239f3b58, 0x0000000728000000)
  to   space 131072K,   0% used [0x0000000728000000, 0x0000000728000000, 0x0000000730000000)
 concurrent mark-sweep generation total 2359296K, used 619149K [0x0000000730000000, 0x00000007c0000000, 0x00000007c0000000)
 Metaspace       used 97489K, capacity 103063K, committed 103392K, reserved 1140736K
  class space    used 10089K, capacity 11259K, committed 11376K, reserved 1048576K
2018-01-03T22:36:48.956-0200: 7782,247: [GC (Allocation Failure) 2018-01-03T22:36:48.956-0200: 7782,247: [ParNew
Desired survivor size 120795952 bytes, new threshold 8 (max 8)
- age   1:   24847576 bytes,   24847576 total
- age   2:   16460984 bytes,   41308560 total
- age   3:   14067272 bytes,   55375832 total
- age   4:    3680216 bytes,   59056048 total
- age   5:         48 bytes,   59056096 total
- age   6:    4304544 bytes,   63360640 total
- age   7:      32128 bytes,   63392768 total
- age   8:    2361952 bytes,   65754720 total
: 583630K->98032K(655360K), 0,1204756 secs] 1202780K->720478K(3014656K), 0,1205552 secs] [Times: user=0,12 sys=0,00, real=0,12 secs] 
Heap after GC invocations=175 (full 2):
 par new generation   total 655360K, used 98032K [0x0000000700000000, 0x0000000730000000, 0x0000000730000000)
  eden space 524288K,   0% used [0x0000000700000000, 0x0000000700000000, 0x0000000720000000)
  from space 131072K,  74% used [0x0000000728000000, 0x000000072dfbc170, 0x0000000730000000)
  to   space 131072K,   0% used [0x0000000720000000, 0x0000000720000000, 0x0000000728000000)
 concurrent mark-sweep generation total 2359296K, used 622445K [0x0000000730000000, 0x00000007c0000000, 0x00000007c0000000)
 Metaspace       used 97489K, capacity 103063K, committed 103392K, reserved 1140736K
  class space    used 10089K, capacity 11259K, committed 11376K, reserved 1048576K
}
2018-01-03T22:36:49.076-0200: 7782,368: Total time for which application threads were stopped: 0,1208286 seconds, Stopping threads took: 0,0000679 seconds
{Heap before GC invocations=175 (full 2):
 par new generation   total 655360K, used 622320K [0x0000000700000000, 0x0000000730000000, 0x0000000730000000)
  eden space 524288K, 100% used [0x0000000700000000, 0x0000000720000000, 0x0000000720000000)
  from space 131072K,  74% used [0x0000000728000000, 0x000000072dfbc170, 0x0000000730000000)
  to   space 131072K,   0% used [0x0000000720000000, 0x0000000720000000, 0x0000000728000000)
 concurrent mark-sweep generation total 2359296K, used 622445K [0x0000000730000000, 0x00000007c0000000, 0x00000007c0000000)
 Metaspace       used 97489K, capacity 103063K, committed 103392K, reserved 1140736K
  class space    used 10089K, capacity 11259K, committed 11376K, reserved 1048576K
2018-01-03T22:36:50.783-0200: 7784,075: [GC (Allocation Failure) 2018-01-03T22:36:50.783-0200: 7784,075: [ParNew
Desired survivor size 120795952 bytes, new threshold 8 (max 8)
- age   1:   26306296 bytes,   26306296 total
- age   2:   18175864 bytes,   44482160 total
- age   3:   15412376 bytes,   59894536 total
- age   4:   14067032 bytes,   73961568 total
- age   5:    3680216 bytes,   77641784 total
- age   6:         48 bytes,   77641832 total
- age   7:    4304544 bytes,   81946376 total
- age   8:      32128 bytes,   81978504 total
: 622320K->94310K(655360K), 0,1263285 secs] 1244766K->719082K(3014656K), 0,1263812 secs] [Times: user=0,13 sys=0,00, real=0,12 secs] 
Heap after GC invocations=176 (full 2):
 par new generation   total 655360K, used 94310K [0x0000000700000000, 0x0000000730000000, 0x0000000730000000)
  eden space 524288K,   0% used [0x0000000700000000, 0x0000000700000000, 0x0000000720000000)
  from space 131072K,  71% used [0x0000000720000000, 0x0000000725c19a40, 0x0000000728000000)
  to   space 131072K,   0% used [0x0000000728000000, 0x0000000728000000, 0x0000000730000000)
 concurrent mark-sweep generation total 2359296K, used 624772K [0x0000000730000000, 0x00000007c0000000, 0x00000007c0000000)
 Metaspace       used 97489K, capacity 103063K, committed 103392K, reserved 1140736K
  class space    used 10089K, capacity 11259K, committed 11376K, reserved 1048576K
}
2018-01-03T22:36:50.910-0200: 7784,201: Total time for which application threads were stopped: 0,1265506 seconds, Stopping threads took: 0,0000277 seconds
{Heap before GC invocations=176 (full 2):
 par new generation   total 655360K, used 618598K [0x0000000700000000, 0x0000000730000000, 0x0000000730000000)
  eden space 524288K, 100% used [0x0000000700000000, 0x0000000720000000, 0x0000000720000000)
  from space 131072K,  71% used [0x0000000720000000, 0x0000000725c19a40, 0x0000000728000000)
  to   space 131072K,   0% used [0x0000000728000000, 0x0000000728000000, 0x0000000730000000)
 concurrent mark-sweep generation total 2359296K, used 624772K [0x0000000730000000, 0x00000007c0000000, 0x00000007c0000000)
 Metaspace       used 97489K, capacity 103063K, committed 103392K, reserved 1140736K
  class space    used 10089K, capacity 11259K, committed 11376K, reserved 1048576K
2018-01-03T22:36:52.349-0200: 7785,641: [GC (Allocation Failure) 2018-01-03T22:36:52.349-0200: 7785,641: [ParNew
Desired survivor size 120795952 bytes, new threshold 8 (max 8)
- age   1:   26484712 bytes,   26484712 total
- age   2:   17409240 bytes,   43893952 total
- age   3:   18175528 bytes,   62069480 total
- age   4:   15412376 bytes,   77481856 total
- age   5:   14067032 bytes,   91548888 total
- age   6:    3680216 bytes,   95229104 total
- age   7:         48 bytes,   95229152 total
- age   8:    4304544 bytes,   99533696 total
: 618598K->116863K(655360K), 0,1355059 secs] 1243370K->741667K(3014656K), 0,1355715 secs] [Times: user=0,13 sys=0,00, real=0,14 secs] 
Heap after GC invocations=177 (full 2):
 par new generation   total 655360K, used 116863K [0x0000000700000000, 0x0000000730000000, 0x0000000730000000)
  eden space 524288K,   0% used [0x0000000700000000, 0x0000000700000000, 0x0000000720000000)
  from space 131072K,  89% used [0x0000000728000000, 0x000000072f21ff68, 0x0000000730000000)
  to   space 131072K,   0% used [0x0000000720000000, 0x0000000720000000, 0x0000000728000000)
 concurrent mark-sweep generation total 2359296K, used 624803K [0x0000000730000000, 0x00000007c0000000, 0x00000007c0000000)
 Metaspace       used 97489K, capacity 103063K, committed 103392K, reserved 1140736K
  class space    used 10089K, capacity 11259K, committed 11376K, reserved 1048576K
}
2018-01-03T22:36:52.485-0200: 7785,776: Total time for which application threads were stopped: 0,1357818 seconds, Stopping threads took: 0,0000475 seconds
{Heap before GC invocations=177 (full 2):
 par new generation   total 655360K, used 641151K [0x0000000700000000, 0x0000000730000000, 0x0000000730000000)
  eden space 524288K, 100% used [0x0000000700000000, 0x0000000720000000, 0x0000000720000000)
  from space 131072K,  89% used [0x0000000728000000, 0x000000072f21ff68, 0x0000000730000000)
  to   space 131072K,   0% used [0x0000000720000000, 0x0000000720000000, 0x0000000728000000)
 concurrent mark-sweep generation total 2359296K, used 624803K [0x0000000730000000, 0x00000007c0000000, 0x00000007c0000000)
 Metaspace       used 97489K, capacity 103063K, committed 103392K, reserved 1140736K
  class space    used 10089K, capacity 11259K, committed 11376K, reserved 1048576K
2018-01-03T22:36:53.819-0200: 7787,111: [GC (Allocation Failure) 2018-01-03T22:36:53.819-0200: 7787,111: [ParNew
Desired survivor size 120795952 bytes, new threshold 8 (max 8)
- age   1:   33028192 bytes,   33028192 total
- age   2:   15368016 bytes,   48396208 total
- age   3:   17409120 bytes,   65805328 total
- age   4:   15554024 bytes,   81359352 total
- age   5:   15412376 bytes,   96771728 total
- age   6:   14067056 bytes,  110838784 total
- age   7:    3680216 bytes,  114519000 total
- age   8:         48 bytes,  114519048 total
: 641151K->131072K(655360K), 0,1328101 secs] 1265955K->760112K(3014656K), 0,1328599 secs] [Times: user=0,13 sys=0,00, real=0,13 secs] 
Heap after GC invocations=178 (full 2):
 par new generation   total 655360K, used 131072K [0x0000000700000000, 0x0000000730000000, 0x0000000730000000)
  eden space 524288K,   0% used [0x0000000700000000, 0x0000000700000000, 0x0000000720000000)
  from space 131072K, 100% used [0x0000000720000000, 0x0000000728000000, 0x0000000728000000)
  to   space 131072K,   0% used [0x0000000728000000, 0x0000000728000000, 0x0000000730000000)
 concurrent mark-sweep generation total 2359296K, used 629040K [0x0000000730000000, 0x00000007c0000000, 0x00000007c0000000)
 Metaspace       used 97489K, capacity 103063K, committed 103392K, reserved 1140736K
  class space    used 10089K, capacity 11259K, committed 11376K, reserved 1048576K
}
2018-01-03T22:36:53.952-0200: 7787,244: Total time for which application threads were stopped: 0,1330207 seconds, Stopping threads took: 0,0000214 seconds
{Heap before GC invocations=178 (full 2):
 par new generation   total 655360K, used 655360K [0x0000000700000000, 0x0000000730000000, 0x0000000730000000)
  eden space 524288K, 100% used [0x0000000700000000, 0x0000000720000000, 0x0000000720000000)
  from space 131072K, 100% used [0x0000000720000000, 0x0000000728000000, 0x0000000728000000)
  to   space 131072K,   0% used [0x0000000728000000, 0x0000000728000000, 0x0000000730000000)
 concurrent mark-sweep generation total 2359296K, used 629040K [0x0000000730000000, 0x00000007c0000000, 0x00000007c0000000)
 Metaspace       used 97490K, capacity 103063K, committed 103392K, reserved 1140736K
  class space    used 10089K, capacity 11259K, committed 11376K, reserved 1048576K
2018-01-03T22:36:55.177-0200: 7788,468: [GC (Allocation Failure) 2018-01-03T22:36:55.177-0200: 7788,468: [ParNew
Desired survivor size 120795952 bytes, new threshold 7 (max 8)
- age   1:   30030984 bytes,   30030984 total
- age   2:   19432560 bytes,   49463544 total
- age   3:   14480992 bytes,   63944536 total
- age   4:   16577752 bytes,   80522288 total
- age   5:   14746328 bytes,   95268616 total
- age   6:   14598840 bytes,  109867456 total
- age   7:   13377888 bytes,  123245344 total
- age   8:    3680216 bytes,  126925560 total
: 655360K->131072K(655360K), 0,1363249 secs] 1284400K->766239K(3014656K), 0,1363764 secs] [Times: user=0,13 sys=0,01, real=0,13 secs] 
Heap after GC invocations=179 (full 2):
 par new generation   total 655360K, used 131072K [0x0000000700000000, 0x0000000730000000, 0x0000000730000000)
  eden space 524288K,   0% used [0x0000000700000000, 0x0000000700000000, 0x0000000720000000)
  from space 131072K, 100% used [0x0000000728000000, 0x0000000730000000, 0x0000000730000000)
  to   space 131072K,   0% used [0x0000000720000000, 0x0000000720000000, 0x0000000728000000)
 concurrent mark-sweep generation total 2359296K, used 635167K [0x0000000730000000, 0x00000007c0000000, 0x00000007c0000000)
 Metaspace       used 97490K, capacity 103063K, committed 103392K, reserved 1140736K
  class space    used 10089K, capacity 11259K, committed 11376K, reserved 1048576K
}
2018-01-03T22:36:55.313-0200: 7788,605: Total time for which application threads were stopped: 0,1365780 seconds, Stopping threads took: 0,0000396 seconds
2018-01-03T22:36:56.317-0200: 7789,609: Total time for which application threads were stopped: 0,0021153 seconds, Stopping threads took: 0,0020138 seconds
{Heap before GC invocations=179 (full 2):
 par new generation   total 655360K, used 655360K [0x0000000700000000, 0x0000000730000000, 0x0000000730000000)
  eden space 524288K, 100% used [0x0000000700000000, 0x0000000720000000, 0x0000000720000000)
  from space 131072K, 100% used [0x0000000728000000, 0x0000000730000000, 0x0000000730000000)
  to   space 131072K,   0% used [0x0000000720000000, 0x0000000720000000, 0x0000000728000000)
 concurrent mark-sweep generation total 2359296K, used 635167K [0x0000000730000000, 0x00000007c0000000, 0x00000007c0000000)
 Metaspace       used 97491K, capacity 103063K, committed 103392K, reserved 1140736K
  class space    used 10089K, capacity 11259K, committed 11376K, reserved 1048576K
2018-01-03T22:36:56.855-0200: 7790,147: [GC (Allocation Failure) 2018-01-03T22:36:56.855-0200: 7790,147: [ParNew
Desired survivor size 120795952 bytes, new threshold 8 (max 8)
- age   1:    5791840 bytes,    5791840 total
- age   2:   23054328 bytes,   28846168 total
- age   3:   17311832 bytes,   46158000 total
- age   4:   12085584 bytes,   58243584 total
- age   5:   14185224 bytes,   72428808 total
- age   6:   12627192 bytes,   85056000 total
- age   7:   12207704 bytes,   97263704 total
: 655360K->131072K(655360K), 0,1446801 secs] 1290527K->781056K(3014656K), 0,1447325 secs] [Times: user=0,11 sys=0,01, real=0,14 secs] 
Heap after GC invocations=180 (full 2):
 par new generation   total 655360K, used 131072K [0x0000000700000000, 0x0000000730000000, 0x0000000730000000)
  eden space 524288K,   0% used [0x0000000700000000, 0x0000000700000000, 0x0000000720000000)
  from space 131072K, 100% used [0x0000000720000000, 0x0000000728000000, 0x0000000728000000)
  to   space 131072K,   0% used [0x0000000728000000, 0x0000000728000000, 0x0000000730000000)
 concurrent mark-sweep generation total 2359296K, used 649984K [0x0000000730000000, 0x00000007c0000000, 0x00000007c0000000)
 Metaspace       used 97491K, capacity 103063K, committed 103392K, reserved 1140736K
  class space    used 10089K, capacity 11259K, committed 11376K, reserved 1048576K
}
2018-01-03T22:36:57.000-0200: 7790,292: Total time for which application threads were stopped: 0,1449454 seconds, Stopping threads took: 0,0000444 seconds
{Heap before GC invocations=180 (full 2):
 par new generation   total 655360K, used 655360K [0x0000000700000000, 0x0000000730000000, 0x0000000730000000)
  eden space 524288K, 100% used [0x0000000700000000, 0x0000000720000000, 0x0000000720000000)
  from space 131072K, 100% used [0x0000000720000000, 0x0000000728000000, 0x0000000728000000)
  to   space 131072K,   0% used [0x0000000728000000, 0x0000000728000000, 0x0000000730000000)
 concurrent mark-sweep generation total 2359296K, used 649984K [0x0000000730000000, 0x00000007c0000000, 0x00000007c0000000)
 Metaspace       used 97491K, capacity 103063K, committed 103392K, reserved 1140736K
  class space    used 10089K, capacity 11259K, committed 11376K, reserved 1048576K
2018-01-03T22:36:58.146-0200: 7791,437: [GC (Allocation Failure) 2018-01-03T22:36:58.146-0200: 7791,437: [ParNew
Desired survivor size 120795952 bytes, new threshold 8 (max 8)
- age   1:   19416336 bytes,   19416336 total
- age   2:     807648 bytes,   20223984 total
- age   3:   21612968 bytes,   41836952 total
- age   4:   15850536 bytes,   57687488 total
- age   5:   10625096 bytes,   68312584 total
- age   6:   12726592 bytes,   81039176 total
- age   7:   11178384 bytes,   92217560 total
- age   8:   10775536 bytes,  102993096 total
: 655360K->131072K(655360K), 0,0959225 secs] 1305344K->781063K(3014656K), 0,0959741 secs] [Times: user=0,09 sys=0,00, real=0,09 secs] 
Heap after GC invocations=181 (full 2):
 par new generation   total 655360K, used 131072K [0x0000000700000000, 0x0000000730000000, 0x0000000730000000)
  eden space 524288K,   0% used [0x0000000700000000, 0x0000000700000000, 0x0000000720000000)
  from space 131072K, 100% used [0x0000000728000000, 0x0000000730000000, 0x0000000730000000)
  to   space 131072K,   0% used [0x0000000720000000, 0x0000000720000000, 0x0000000728000000)
 concurrent mark-sweep generation total 2359296K, used 649991K [0x0000000730000000, 0x00000007c0000000, 0x00000007c0000000)
 Metaspace       used 97491K, capacity 103063K, committed 103392K, reserved 1140736K
  class space    used 10089K, capacity 11259K, committed 11376K, reserved 1048576K
}
2018-01-03T22:36:58.242-0200: 7791,533: Total time for which application threads were stopped: 0,0961400 seconds, Stopping threads took: 0,0000303 seconds
2018-01-03T22:36:59.429-0200: 7792,721: Total time for which application threads were stopped: 0,0021460 seconds, Stopping threads took: 0,0020195 seconds
2018-01-03T22:36:59.429-0200: 7792,721: Total time for which application threads were stopped: 0,0000840 seconds, Stopping threads took: 0,0000058 seconds
2018-01-03T22:36:59.429-0200: 7792,721: Total time for which application threads were stopped: 0,0000853 seconds, Stopping threads took: 0,0000056 seconds
2018-01-03T22:36:59.429-0200: 7792,721: Total time for which application threads were stopped: 0,0000640 seconds, Stopping threads took: 0,0000043 seconds
2018-01-03T22:36:59.429-0200: 7792,721: Total time for which application threads were stopped: 0,0000576 seconds, Stopping threads took: 0,0000087 seconds
2018-01-03T22:36:59.430-0200: 7792,721: Total time for which application threads were stopped: 0,0000503 seconds, Stopping threads took: 0,0000046 seconds
{Heap before GC invocations=181 (full 2):
 par new generation   total 655360K, used 655360K [0x0000000700000000, 0x0000000730000000, 0x0000000730000000)
  eden space 524288K, 100% used [0x0000000700000000, 0x0000000720000000, 0x0000000720000000)
  from space 131072K, 100% used [0x0000000728000000, 0x0000000730000000, 0x0000000730000000)
  to   space 131072K,   0% used [0x0000000720000000, 0x0000000720000000, 0x0000000728000000)
 concurrent mark-sweep generation total 2359296K, used 649991K [0x0000000730000000, 0x00000007c0000000, 0x00000007c0000000)
 Metaspace       used 97491K, capacity 103063K, committed 103392K, reserved 1140736K
  class space    used 10089K, capacity 11259K, committed 11376K, reserved 1048576K
2018-01-03T22:36:59.493-0200: 7792,784: [GC (Allocation Failure) 2018-01-03T22:36:59.493-0200: 7792,784: [ParNew
Desired survivor size 120795952 bytes, new threshold 8 (max 8)
- age   1:   23268480 bytes,   23268480 total
- age   2:   15876200 bytes,   39144680 total
- age   3:     807648 bytes,   39952328 total
- age   4:   21604520 bytes,   61556848 total
- age   5:   15850536 bytes,   77407384 total
- age   6:   10625096 bytes,   88032480 total
- age   7:   12726592 bytes,  100759072 total
- age   8:   11178384 bytes,  111937456 total
: 655360K->121708K(655360K), 0,1375703 secs] 1305351K->782228K(3014656K), 0,1376509 secs] [Times: user=0,13 sys=0,00, real=0,14 secs] 
Heap after GC invocations=182 (full 2):
 par new generation   total 655360K, used 121708K [0x0000000700000000, 0x0000000730000000, 0x0000000730000000)
  eden space 524288K,   0% used [0x0000000700000000, 0x0000000700000000, 0x0000000720000000)
  from space 131072K,  92% used [0x0000000720000000, 0x00000007276db230, 0x0000000728000000)
  to   space 131072K,   0% used [0x0000000728000000, 0x0000000728000000, 0x0000000730000000)
 concurrent mark-sweep generation total 2359296K, used 660519K [0x0000000730000000, 0x00000007c0000000, 0x00000007c0000000)
 Metaspace       used 97491K, capacity 103063K, committed 103392K, reserved 1140736K
  class space    used 10089K, capacity 11259K, committed 11376K, reserved 1048576K
}
2018-01-03T22:36:59.631-0200: 7792,922: Total time for which application threads were stopped: 0,1437842 seconds, Stopping threads took: 0,0059920 seconds
2018-01-03T22:36:59.671-0200: 7792,962: Total time for which application threads were stopped: 0,0081384 seconds, Stopping threads took: 0,0080325 seconds
2018-01-03T22:37:00.244-0200: 7793,536: Total time for which application threads were stopped: 0,0048438 seconds, Stopping threads took: 0,0047000 seconds
2018-01-03T22:37:00.244-0200: 7793,536: Total time for which application threads were stopped: 0,0000876 seconds, Stopping threads took: 0,0000072 seconds
2018-01-03T22:37:00.379-0200: 7793,670: Total time for which application threads were stopped: 0,0001710 seconds, Stopping threads took: 0,0000218 seconds
2018-01-03T22:37:00.379-0200: 7793,670: Total time for which application threads were stopped: 0,0000660 seconds, Stopping threads took: 0,0000056 seconds
2018-01-03T22:37:00.506-0200: 7793,798: Total time for which application threads were stopped: 0,0021703 seconds, Stopping threads took: 0,0020206 seconds
2018-01-03T22:37:00.506-0200: 7793,798: Total time for which application threads were stopped: 0,0000802 seconds, Stopping threads took: 0,0000067 seconds
2018-01-03T22:37:00.506-0200: 7793,798: Total time for which application threads were stopped: 0,0000694 seconds, Stopping threads took: 0,0000052 seconds
2018-01-03T22:37:00.506-0200: 7793,798: Total time for which application threads were stopped: 0,0000646 seconds, Stopping threads took: 0,0000043 seconds
2018-01-03T22:37:00.507-0200: 7793,799: Total time for which application threads were stopped: 0,0000687 seconds, Stopping threads took: 0,0000066 seconds
{Heap before GC invocations=182 (full 2):
 par new generation   total 655360K, used 645996K [0x0000000700000000, 0x0000000730000000, 0x0000000730000000)
  eden space 524288K, 100% used [0x0000000700000000, 0x0000000720000000, 0x0000000720000000)
  from space 131072K,  92% used [0x0000000720000000, 0x00000007276db230, 0x0000000728000000)
  to   space 131072K,   0% used [0x0000000728000000, 0x0000000728000000, 0x0000000730000000)
 concurrent mark-sweep generation total 2359296K, used 660519K [0x0000000730000000, 0x00000007c0000000, 0x00000007c0000000)
 Metaspace       used 97492K, capacity 103063K, committed 103392K, reserved 1140736K
  class space    used 10089K, capacity 11259K, committed 11376K, reserved 1048576K
2018-01-03T22:37:00.935-0200: 7794,226: [GC (Allocation Failure) 2018-01-03T22:37:00.935-0200: 7794,227: [ParNew
Desired survivor size 120795952 bytes, new threshold 8 (max 8)
- age   1:   11071808 bytes,   11071808 total
- age   2:    7076048 bytes,   18147856 total
- age   3:    6680200 bytes,   24828056 total
- age   4:     807648 bytes,   25635704 total
- age   5:   21604400 bytes,   47240104 total
- age   6:   15850536 bytes,   63090640 total
- age   7:   10625096 bytes,   73715736 total
- age   8:   12726592 bytes,   86442328 total
: 645996K->119385K(655360K), 0,1065399 secs] 1306516K->790827K(3014656K), 0,1070303 secs] [Times: user=0,11 sys=0,00, real=0,10 secs] 
Heap after GC invocations=183 (full 2):
 par new generation   total 655360K, used 119385K [0x0000000700000000, 0x0000000730000000, 0x0000000730000000)
  eden space 524288K,   0% used [0x0000000700000000, 0x0000000700000000, 0x0000000720000000)
  from space 131072K,  91% used [0x0000000728000000, 0x000000072f496720, 0x0000000730000000)
  to   space 131072K,   0% used [0x0000000720000000, 0x0000000720000000, 0x0000000728000000)
 concurrent mark-sweep generation total 2359296K, used 671441K [0x0000000730000000, 0x00000007c0000000, 0x00000007c0000000)
 Metaspace       used 97492K, capacity 103063K, committed 103392K, reserved 1140736K
  class space    used 10089K, capacity 11259K, committed 11376K, reserved 1048576K
}
2018-01-03T22:37:01.042-0200: 7794,333: Total time for which application threads were stopped: 0,1071946 seconds, Stopping threads took: 0,0000216 seconds
{Heap before GC invocations=183 (full 2):
 par new generation   total 655360K, used 643673K [0x0000000700000000, 0x0000000730000000, 0x0000000730000000)
  eden space 524288K, 100% used [0x0000000700000000, 0x0000000720000000, 0x0000000720000000)
  from space 131072K,  91% used [0x0000000728000000, 0x000000072f496720, 0x0000000730000000)
  to   space 131072K,   0% used [0x0000000720000000, 0x0000000720000000, 0x0000000728000000)
 concurrent mark-sweep generation total 2359296K, used 671441K [0x0000000730000000, 0x00000007c0000000, 0x00000007c0000000)
 Metaspace       used 97493K, capacity 103063K, committed 103392K, reserved 1140736K
  class space    used 10089K, capacity 11259K, committed 11376K, reserved 1048576K
2018-01-03T22:37:02.274-0200: 7795,565: [GC (Allocation Failure) 2018-01-03T22:37:02.274-0200: 7795,565: [ParNew
Desired survivor size 120795952 bytes, new threshold 8 (max 8)
- age   1:   21108376 bytes,   21108376 total
- age   2:    9195168 bytes,   30303544 total
- age   3:    7075928 bytes,   37379472 total
- age   4:    6680200 bytes,   44059672 total
- age   5:     807648 bytes,   44867320 total
- age   6:   21604400 bytes,   66471720 total
- age   7:   15850536 bytes,   82322256 total
- age   8:   10625096 bytes,   92947352 total
: 643673K->111066K(655360K), 0,1580927 secs] 1315115K->794941K(3014656K), 0,1581413 secs] [Times: user=0,12 sys=0,00, real=0,16 secs] 
Heap after GC invocations=184 (full 2):
 par new generation   total 655360K, used 111066K [0x0000000700000000, 0x0000000730000000, 0x0000000730000000)
  eden space 524288K,   0% used [0x0000000700000000, 0x0000000700000000, 0x0000000720000000)
  from space 131072K,  84% used [0x0000000720000000, 0x0000000726c76a40, 0x0000000728000000)
  to   space 131072K,   0% used [0x0000000728000000, 0x0000000728000000, 0x0000000730000000)
 concurrent mark-sweep generation total 2359296K, used 683874K [0x0000000730000000, 0x00000007c0000000, 0x00000007c0000000)
 Metaspace       used 97493K, capacity 103063K, committed 103392K, reserved 1140736K
  class space    used 10089K, capacity 11259K, committed 11376K, reserved 1048576K
}
2018-01-03T22:37:02.432-0200: 7795,724: Total time for which application threads were stopped: 0,1583259 seconds, Stopping threads took: 0,0000298 seconds
{Heap before GC invocations=184 (full 2):
 par new generation   total 655360K, used 635354K [0x0000000700000000, 0x0000000730000000, 0x0000000730000000)
  eden space 524288K, 100% used [0x0000000700000000, 0x0000000720000000, 0x0000000720000000)
  from space 131072K,  84% used [0x0000000720000000, 0x0000000726c76a40, 0x0000000728000000)
  to   space 131072K,   0% used [0x0000000728000000, 0x0000000728000000, 0x0000000730000000)
 concurrent mark-sweep generation total 2359296K, used 683874K [0x0000000730000000, 0x00000007c0000000, 0x00000007c0000000)
 Metaspace       used 97493K, capacity 103063K, committed 103392K, reserved 1140736K
  class space    used 10089K, capacity 11259K, committed 11376K, reserved 1048576K
2018-01-03T22:37:03.616-0200: 7796,907: [GC (Allocation Failure) 2018-01-03T22:37:03.616-0200: 7796,907: [ParNew
Desired survivor size 120795952 bytes, new threshold 8 (max 8)
- age   1:   22950608 bytes,   22950608 total
- age   2:   16642192 bytes,   39592800 total
- age   3:    9161816 bytes,   48754616 total
- age   4:    7075928 bytes,   55830544 total
- age   5:    6680200 bytes,   62510744 total
- age   6:     807648 bytes,   63318392 total
- age   7:   21604400 bytes,   84922792 total
- age   8:   15850536 bytes,  100773328 total
: 635354K->131072K(655360K), 0,1514459 secs] 1319229K->825327K(3014656K), 0,1515014 secs] [Times: user=0,13 sys=0,00, real=0,15 secs] 
Heap after GC invocations=185 (full 2):
 par new generation   total 655360K, used 131072K [0x0000000700000000, 0x0000000730000000, 0x0000000730000000)
  eden space 524288K,   0% used [0x0000000700000000, 0x0000000700000000, 0x0000000720000000)
  from space 131072K, 100% used [0x0000000728000000, 0x0000000730000000, 0x0000000730000000)
  to   space 131072K,   0% used [0x0000000720000000, 0x0000000720000000, 0x0000000728000000)
 concurrent mark-sweep generation total 2359296K, used 694255K [0x0000000730000000, 0x00000007c0000000, 0x00000007c0000000)
 Metaspace       used 97493K, capacity 103063K, committed 103392K, reserved 1140736K
  class space    used 10089K, capacity 11259K, committed 11376K, reserved 1048576K
}
2018-01-03T22:37:03.767-0200: 7797,059: Total time for which application threads were stopped: 0,1516843 seconds, Stopping threads took: 0,0000294 seconds
{Heap before GC invocations=185 (full 2):
 par new generation   total 655360K, used 655360K [0x0000000700000000, 0x0000000730000000, 0x0000000730000000)
  eden space 524288K, 100% used [0x0000000700000000, 0x0000000720000000, 0x0000000720000000)
  from space 131072K, 100% used [0x0000000728000000, 0x0000000730000000, 0x0000000730000000)
  to   space 131072K,   0% used [0x0000000720000000, 0x0000000720000000, 0x0000000728000000)
 concurrent mark-sweep generation total 2359296K, used 694255K [0x0000000730000000, 0x00000007c0000000, 0x00000007c0000000)
 Metaspace       used 97493K, capacity 103063K, committed 103392K, reserved 1140736K
  class space    used 10089K, capacity 11259K, committed 11376K, reserved 1048576K
2018-01-03T22:37:04.970-0200: 7798,261: [GC (Allocation Failure) 2018-01-03T22:37:04.970-0200: 7798,261: [ParNew
Desired survivor size 120795952 bytes, new threshold 8 (max 8)
- age   1:   25449288 bytes,   25449288 total
- age   2:   17053752 bytes,   42503040 total
- age   3:   15462360 bytes,   57965400 total
- age   4:    9161816 bytes,   67127216 total
- age   5:    7075928 bytes,   74203144 total
- age   6:    6680200 bytes,   80883344 total
- age   7:     807648 bytes,   81690992 total
- age   8:   21604400 bytes,  103295392 total
: 655360K->129137K(655360K), 0,1528473 secs] 1349615K->838876K(3014656K), 0,1528944 secs] [Times: user=0,13 sys=0,00, real=0,16 secs] 
Heap after GC invocations=186 (full 2):
 par new generation   total 655360K, used 129137K [0x0000000700000000, 0x0000000730000000, 0x0000000730000000)
  eden space 524288K,   0% used [0x0000000700000000, 0x0000000700000000, 0x0000000720000000)
  from space 131072K,  98% used [0x0000000720000000, 0x0000000727e1c4d0, 0x0000000728000000)
  to   space 131072K,   0% used [0x0000000728000000, 0x0000000728000000, 0x0000000730000000)
 concurrent mark-sweep generation total 2359296K, used 709739K [0x0000000730000000, 0x00000007c0000000, 0x00000007c0000000)
 Metaspace       used 97493K, capacity 103063K, committed 103392K, reserved 1140736K
  class space    used 10089K, capacity 11259K, committed 11376K, reserved 1048576K
}
2018-01-03T22:37:05.123-0200: 7798,414: Total time for which application threads were stopped: 0,1530601 seconds, Stopping threads took: 0,0000266 seconds
{Heap before GC invocations=186 (full 2):
 par new generation   total 655360K, used 653425K [0x0000000700000000, 0x0000000730000000, 0x0000000730000000)
  eden space 524288K, 100% used [0x0000000700000000, 0x0000000720000000, 0x0000000720000000)
  from space 131072K,  98% used [0x0000000720000000, 0x0000000727e1c4d0, 0x0000000728000000)
  to   space 131072K,   0% used [0x0000000728000000, 0x0000000728000000, 0x0000000730000000)
 concurrent mark-sweep generation total 2359296K, used 709739K [0x0000000730000000, 0x00000007c0000000, 0x00000007c0000000)
 Metaspace       used 97493K, capacity 103063K, committed 103392K, reserved 1140736K
  class space    used 10089K, capacity 11259K, committed 11376K, reserved 1048576K
2018-01-03T22:37:06.334-0200: 7799,625: [GC (Allocation Failure) 2018-01-03T22:37:06.334-0200: 7799,625: [ParNew
Desired survivor size 120795952 bytes, new threshold 8 (max 8)
- age   1:   27466992 bytes,   27466992 total
- age   2:   17582928 bytes,   45049920 total
- age   3:   15996696 bytes,   61046616 total
- age   4:   15462360 bytes,   76508976 total
- age   5:    9161816 bytes,   85670792 total
- age   6:    7075928 bytes,   92746720 total
- age   7:    6680200 bytes,   99426920 total
- age   8:     807648 bytes,  100234568 total
: 653425K->131072K(655360K), 0,1332232 secs] 1363164K->861914K(3014656K), 0,1332819 secs] [Times: user=0,13 sys=0,01, real=0,14 secs] 
Heap after GC invocations=187 (full 2):
 par new generation   total 655360K, used 131072K [0x0000000700000000, 0x0000000730000000, 0x0000000730000000)
  eden space 524288K,   0% used [0x0000000700000000, 0x0000000700000000, 0x0000000720000000)
  from space 131072K, 100% used [0x0000000728000000, 0x0000000730000000, 0x0000000730000000)
  to   space 131072K,   0% used [0x0000000720000000, 0x0000000720000000, 0x0000000728000000)
 concurrent mark-sweep generation total 2359296K, used 730842K [0x0000000730000000, 0x00000007c0000000, 0x00000007c0000000)
 Metaspace       used 97493K, capacity 103063K, committed 103392K, reserved 1140736K
  class space    used 10089K, capacity 11259K, committed 11376K, reserved 1048576K
}
2018-01-03T22:37:06.467-0200: 7799,759: Total time for which application threads were stopped: 0,1334505 seconds, Stopping threads took: 0,0000273 seconds
{Heap before GC invocations=187 (full 2):
 par new generation   total 655360K, used 655360K [0x0000000700000000, 0x0000000730000000, 0x0000000730000000)
  eden space 524288K, 100% used [0x0000000700000000, 0x0000000720000000, 0x0000000720000000)
  from space 131072K, 100% used [0x0000000728000000, 0x0000000730000000, 0x0000000730000000)
  to   space 131072K,   0% used [0x0000000720000000, 0x0000000720000000, 0x0000000728000000)
 concurrent mark-sweep generation total 2359296K, used 730842K [0x0000000730000000, 0x00000007c0000000, 0x00000007c0000000)
 Metaspace       used 97493K, capacity 103063K, committed 103392K, reserved 1140736K
  class space    used 10089K, capacity 11259K, committed 11376K, reserved 1048576K
2018-01-03T22:37:07.666-0200: 7800,958: [GC (Allocation Failure) 2018-01-03T22:37:07.666-0200: 7800,958: [ParNew
Desired survivor size 120795952 bytes, new threshold 8 (max 8)
- age   1:   30372168 bytes,   30372168 total
- age   2:   16930312 bytes,   47302480 total
- age   3:   16055432 bytes,   63357912 total
- age   4:   15025328 bytes,   78383240 total
- age   5:   15024728 bytes,   93407968 total
- age   6:    8849480 bytes,  102257448 total
- age   7:    7064648 bytes,  109322096 total
- age   8:    6680200 bytes,  116002296 total
: 655360K->131072K(655360K), 0,1569162 secs] 1386202K->865193K(3014656K), 0,1570153 secs] [Times: user=0,12 sys=0,00, real=0,16 secs] 
Heap after GC invocations=188 (full 2):
 par new generation   total 655360K, used 131072K [0x0000000700000000, 0x0000000730000000, 0x0000000730000000)
  eden space 524288K,   0% used [0x0000000700000000, 0x0000000700000000, 0x0000000720000000)
  from space 131072K, 100% used [0x0000000720000000, 0x0000000728000000, 0x0000000728000000)
  to   space 131072K,   0% used [0x0000000728000000, 0x0000000728000000, 0x0000000730000000)
 concurrent mark-sweep generation total 2359296K, used 734121K [0x0000000730000000, 0x00000007c0000000, 0x00000007c0000000)
 Metaspace       used 97493K, capacity 103063K, committed 103392K, reserved 1140736K
  class space    used 10089K, capacity 11259K, committed 11376K, reserved 1048576K
}
2018-01-03T22:37:07.823-0200: 7801,115: Total time for which application threads were stopped: 0,1571837 seconds, Stopping threads took: 0,0000268 seconds
{Heap before GC invocations=188 (full 2):
 par new generation   total 655360K, used 655360K [0x0000000700000000, 0x0000000730000000, 0x0000000730000000)
  eden space 524288K, 100% used [0x0000000700000000, 0x0000000720000000, 0x0000000720000000)
  from space 131072K, 100% used [0x0000000720000000, 0x0000000728000000, 0x0000000728000000)
  to   space 131072K,   0% used [0x0000000728000000, 0x0000000728000000, 0x0000000730000000)
 concurrent mark-sweep generation total 2359296K, used 734121K [0x0000000730000000, 0x00000007c0000000, 0x00000007c0000000)
 Metaspace       used 97493K, capacity 103063K, committed 103392K, reserved 1140736K
  class space    used 10089K, capacity 11259K, committed 11376K, reserved 1048576K
2018-01-03T22:37:09.065-0200: 7802,357: [GC (Allocation Failure) 2018-01-03T22:37:09.065-0200: 7802,357: [ParNew
Desired survivor size 120795952 bytes, new threshold 8 (max 8)
- age   1:   29608024 bytes,   29608024 total
- age   2:   16176096 bytes,   45784120 total
- age   3:   15153616 bytes,   60937736 total
- age   4:   13239736 bytes,   74177472 total
- age   5:   13257776 bytes,   87435248 total
- age   6:   13268744 bytes,  100703992 total
- age   7:    7657392 bytes,  108361384 total
- age   8:    7029672 bytes,  115391056 total
: 655360K->131072K(655360K), 0,1547175 secs] 1389481K->883362K(3014656K), 0,1547773 secs] [Times: user=0,15 sys=0,01, real=0,15 secs] 
Heap after GC invocations=189 (full 2):
 par new generation   total 655360K, used 131072K [0x0000000700000000, 0x0000000730000000, 0x0000000730000000)
  eden space 524288K,   0% used [0x0000000700000000, 0x0000000700000000, 0x0000000720000000)
  from space 131072K, 100% used [0x0000000728000000, 0x0000000730000000, 0x0000000730000000)
  to   space 131072K,   0% used [0x0000000720000000, 0x0000000720000000, 0x0000000728000000)
 concurrent mark-sweep generation total 2359296K, used 752290K [0x0000000730000000, 0x00000007c0000000, 0x00000007c0000000)
 Metaspace       used 97493K, capacity 103063K, committed 103392K, reserved 1140736K
  class space    used 10089K, capacity 11259K, committed 11376K, reserved 1048576K
}
2018-01-03T22:37:09.220-0200: 7802,511: Total time for which application threads were stopped: 0,1549618 seconds, Stopping threads took: 0,0000299 seconds
2018-01-03T22:37:10.229-0200: 7803,521: Total time for which application threads were stopped: 0,0062474 seconds, Stopping threads took: 0,0061560 seconds
{Heap before GC invocations=189 (full 2):
 par new generation   total 655360K, used 655360K [0x0000000700000000, 0x0000000730000000, 0x0000000730000000)
  eden space 524288K, 100% used [0x0000000700000000, 0x0000000720000000, 0x0000000720000000)
  from space 131072K, 100% used [0x0000000728000000, 0x0000000730000000, 0x0000000730000000)
  to   space 131072K,   0% used [0x0000000720000000, 0x0000000720000000, 0x0000000728000000)
 concurrent mark-sweep generation total 2359296K, used 752290K [0x0000000730000000, 0x00000007c0000000, 0x00000007c0000000)
 Metaspace       used 97494K, capacity 103063K, committed 103392K, reserved 1140736K
  class space    used 10089K, capacity 11259K, committed 11376K, reserved 1048576K
2018-01-03T22:37:11.091-0200: 7804,383: [GC (Allocation Failure) 2018-01-03T22:37:11.102-0200: 7804,393: [ParNew
Desired survivor size 120795952 bytes, new threshold 8 (max 8)
- age   1:   18542896 bytes,   18542896 total
- age   2:   15815792 bytes,   34358688 total
- age   3:   13628032 bytes,   47986720 total
- age   4:   12652712 bytes,   60639432 total
- age   5:   11019672 bytes,   71659104 total
- age   6:   10761008 bytes,   82420112 total
- age   7:   10774712 bytes,   93194824 total
- age   8:    6464816 bytes,   99659640 total
: 655360K->131072K(655360K), 0,1032797 secs] 1407650K->890227K(3014656K), 0,1139411 secs] [Times: user=0,10 sys=0,01, real=0,12 secs] 
Heap after GC invocations=190 (full 2):
 par new generation   total 655360K, used 131072K [0x0000000700000000, 0x0000000730000000, 0x0000000730000000)
  eden space 524288K,   0% used [0x0000000700000000, 0x0000000700000000, 0x0000000720000000)
  from space 131072K, 100% used [0x0000000720000000, 0x0000000728000000, 0x0000000728000000)
  to   space 131072K,   0% used [0x0000000728000000, 0x0000000728000000, 0x0000000730000000)
 concurrent mark-sweep generation total 2359296K, used 759155K [0x0000000730000000, 0x00000007c0000000, 0x00000007c0000000)
 Metaspace       used 97494K, capacity 103063K, committed 103392K, reserved 1140736K
  class space    used 10089K, capacity 11259K, committed 11376K, reserved 1048576K
}
2018-01-03T22:37:11.205-0200: 7804,497: Total time for which application threads were stopped: 0,1141532 seconds, Stopping threads took: 0,0000298 seconds
{Heap before GC invocations=190 (full 2):
 par new generation   total 655360K, used 655360K [0x0000000700000000, 0x0000000730000000, 0x0000000730000000)
  eden space 524288K, 100% used [0x0000000700000000, 0x0000000720000000, 0x0000000720000000)
  from space 131072K, 100% used [0x0000000720000000, 0x0000000728000000, 0x0000000728000000)
  to   space 131072K,   0% used [0x0000000728000000, 0x0000000728000000, 0x0000000730000000)
 concurrent mark-sweep generation total 2359296K, used 759155K [0x0000000730000000, 0x00000007c0000000, 0x00000007c0000000)
 Metaspace       used 97494K, capacity 103063K, committed 103392K, reserved 1140736K
  class space    used 10089K, capacity 11259K, committed 11376K, reserved 1048576K
2018-01-03T22:37:12.176-0200: 7805,468: [GC (Allocation Failure) 2018-01-03T22:37:12.176-0200: 7805,468: [ParNew
Desired survivor size 120795952 bytes, new threshold 8 (max 8)
- age   1:   12133440 bytes,   12133440 total
- age   2:    2987280 bytes,   15120720 total
- age   3:    5219880 bytes,   20340600 total
- age   4:    6804672 bytes,   27145272 total
- age   5:    4725368 bytes,   31870640 total
- age   6:    4764024 bytes,   36634664 total
- age   7:    4741200 bytes,   41375864 total
- age   8:    4733872 bytes,   46109736 total
: 655360K->79825K(655360K), 0,0733575 secs] 1414515K->842467K(3014656K), 0,0734052 secs] [Times: user=0,08 sys=0,00, real=0,07 secs] 
Heap after GC invocations=191 (full 2):
 par new generation   total 655360K, used 79825K [0x0000000700000000, 0x0000000730000000, 0x0000000730000000)
  eden space 524288K,   0% used [0x0000000700000000, 0x0000000700000000, 0x0000000720000000)
  from space 131072K,  60% used [0x0000000728000000, 0x000000072cdf4658, 0x0000000730000000)
  to   space 131072K,   0% used [0x0000000720000000, 0x0000000720000000, 0x0000000728000000)
 concurrent mark-sweep generation total 2359296K, used 762641K [0x0000000730000000, 0x00000007c0000000, 0x00000007c0000000)
 Metaspace       used 97494K, capacity 103063K, committed 103392K, reserved 1140736K
  class space    used 10089K, capacity 11259K, committed 11376K, reserved 1048576K
}
2018-01-03T22:37:12.249-0200: 7805,541: Total time for which application threads were stopped: 0,0735836 seconds, Stopping threads took: 0,0000286 seconds
{Heap before GC invocations=191 (full 2):
 par new generation   total 655360K, used 604113K [0x0000000700000000, 0x0000000730000000, 0x0000000730000000)
  eden space 524288K, 100% used [0x0000000700000000, 0x0000000720000000, 0x0000000720000000)
  from space 131072K,  60% used [0x0000000728000000, 0x000000072cdf4658, 0x0000000730000000)
  to   space 131072K,   0% used [0x0000000720000000, 0x0000000720000000, 0x0000000728000000)
 concurrent mark-sweep generation total 2359296K, used 762641K [0x0000000730000000, 0x00000007c0000000, 0x00000007c0000000)
 Metaspace       used 97494K, capacity 103063K, committed 103392K, reserved 1140736K
  class space    used 10089K, capacity 11259K, committed 11376K, reserved 1048576K
2018-01-03T22:37:13.460-0200: 7806,751: [GC (Allocation Failure) 2018-01-03T22:37:13.460-0200: 7806,751: [ParNew
Desired survivor size 120795952 bytes, new threshold 8 (max 8)
- age   1:   21000216 bytes,   21000216 total
- age   2:    9788072 bytes,   30788288 total
- age   3:    2987280 bytes,   33775568 total
- age   4:    5219760 bytes,   38995328 total
- age   5:    6804672 bytes,   45800000 total
- age   6:    4725368 bytes,   50525368 total
- age   7:    4764024 bytes,   55289392 total
- age   8:    4741200 bytes,   60030592 total
: 604113K->68055K(655360K), 0,0984239 secs] 1366755K->835320K(3014656K), 0,0986609 secs] [Times: user=0,10 sys=0,00, real=0,10 secs] 
Heap after GC invocations=192 (full 2):
 par new generation   total 655360K, used 68055K [0x0000000700000000, 0x0000000730000000, 0x0000000730000000)
  eden space 524288K,   0% used [0x0000000700000000, 0x0000000700000000, 0x0000000720000000)
  from space 131072K,  51% used [0x0000000720000000, 0x0000000724275fc0, 0x0000000728000000)
  to   space 131072K,   0% used [0x0000000728000000, 0x0000000728000000, 0x0000000730000000)
 concurrent mark-sweep generation total 2359296K, used 767264K [0x0000000730000000, 0x00000007c0000000, 0x00000007c0000000)
 Metaspace       used 97494K, capacity 103063K, committed 103392K, reserved 1140736K
  class space    used 10089K, capacity 11259K, committed 11376K, reserved 1048576K
}
2018-01-03T22:37:13.558-0200: 7806,850: Total time for which application threads were stopped: 0,0988776 seconds, Stopping threads took: 0,0000594 seconds
2018-01-03T22:37:14.438-0200: 7807,730: Total time for which application threads were stopped: 0,0021403 seconds, Stopping threads took: 0,0020243 seconds
{Heap before GC invocations=192 (full 2):
 par new generation   total 655360K, used 592343K [0x0000000700000000, 0x0000000730000000, 0x0000000730000000)
  eden space 524288K, 100% used [0x0000000700000000, 0x0000000720000000, 0x0000000720000000)
  from space 131072K,  51% used [0x0000000720000000, 0x0000000724275fc0, 0x0000000728000000)
  to   space 131072K,   0% used [0x0000000728000000, 0x0000000728000000, 0x0000000730000000)
 concurrent mark-sweep generation total 2359296K, used 767264K [0x0000000730000000, 0x00000007c0000000, 0x00000007c0000000)
 Metaspace       used 97494K, capacity 103063K, committed 103392K, reserved 1140736K
  class space    used 10089K, capacity 11259K, committed 11376K, reserved 1048576K
2018-01-03T22:37:15.025-0200: 7808,316: [GC (Allocation Failure) 2018-01-03T22:37:15.025-0200: 7808,317: [ParNew
Desired survivor size 120795952 bytes, new threshold 8 (max 8)
- age   1:   20543472 bytes,   20543472 total
- age   2:   13949064 bytes,   34492536 total
- age   3:    8050968 bytes,   42543504 total
- age   4:    2987280 bytes,   45530784 total
- age   5:    5219760 bytes,   50750544 total
- age   6:    6804672 bytes,   57555216 total
- age   7:    4725368 bytes,   62280584 total
- age   8:    4764024 bytes,   67044608 total
: 592343K->88853K(655360K), 0,0948243 secs] 1359608K->860748K(3014656K), 0,0948860 secs] [Times: user=0,09 sys=0,00, real=0,09 secs] 
Heap after GC invocations=193 (full 2):
 par new generation   total 655360K, used 88853K [0x0000000700000000, 0x0000000730000000, 0x0000000730000000)
  eden space 524288K,   0% used [0x0000000700000000, 0x0000000700000000, 0x0000000720000000)
  from space 131072K,  67% used [0x0000000728000000, 0x000000072d6c5568, 0x0000000730000000)
  to   space 131072K,   0% used [0x0000000720000000, 0x0000000720000000, 0x0000000728000000)
 concurrent mark-sweep generation total 2359296K, used 771894K [0x0000000730000000, 0x00000007c0000000, 0x00000007c0000000)
 Metaspace       used 97494K, capacity 103063K, committed 103392K, reserved 1140736K
  class space    used 10089K, capacity 11259K, committed 11376K, reserved 1048576K
}
2018-01-03T22:37:15.120-0200: 7808,411: Total time for which application threads were stopped: 0,0993834 seconds, Stopping threads took: 0,0043067 seconds
2018-01-03T22:37:15.890-0200: 7809,182: Total time for which application threads were stopped: 0,0022045 seconds, Stopping threads took: 0,0020551 seconds
2018-01-03T22:37:15.890-0200: 7809,182: Total time for which application threads were stopped: 0,0000914 seconds, Stopping threads took: 0,0000068 seconds
2018-01-03T22:37:15.891-0200: 7809,182: Total time for which application threads were stopped: 0,0000802 seconds, Stopping threads took: 0,0000055 seconds
2018-01-03T22:37:15.915-0200: 7809,206: Total time for which application threads were stopped: 0,0001889 seconds, Stopping threads took: 0,0000184 seconds
{Heap before GC invocations=193 (full 2):
 par new generation   total 655360K, used 613141K [0x0000000700000000, 0x0000000730000000, 0x0000000730000000)
  eden space 524288K, 100% used [0x0000000700000000, 0x0000000720000000, 0x0000000720000000)
  from space 131072K,  67% used [0x0000000728000000, 0x000000072d6c5568, 0x0000000730000000)
  to   space 131072K,   0% used [0x0000000720000000, 0x0000000720000000, 0x0000000728000000)
 concurrent mark-sweep generation total 2359296K, used 771894K [0x0000000730000000, 0x00000007c0000000, 0x00000007c0000000)
 Metaspace       used 97495K, capacity 103063K, committed 103392K, reserved 1140736K
  class space    used 10089K, capacity 11259K, committed 11376K, reserved 1048576K
2018-01-03T22:37:16.790-0200: 7810,081: [GC (Allocation Failure) 2018-01-03T22:37:16.790-0200: 7810,082: [ParNew
Desired survivor size 120795952 bytes, new threshold 8 (max 8)
- age   1:   13071208 bytes,   13071208 total
- age   2:    4619168 bytes,   17690376 total
- age   3:    4575888 bytes,   22266264 total
- age   4:    2737976 bytes,   25004240 total
- age   5:    2987280 bytes,   27991520 total
- age   6:    5219760 bytes,   33211280 total
- age   7:    6804672 bytes,   40015952 total
- age   8:    4725368 bytes,   44741320 total
: 613141K->55868K(655360K), 0,0867891 secs] 1385036K->832416K(3014656K), 0,0871997 secs] [Times: user=0,08 sys=0,00, real=0,09 secs] 
Heap after GC invocations=194 (full 2):
 par new generation   total 655360K, used 55868K [0x0000000700000000, 0x0000000730000000, 0x0000000730000000)
  eden space 524288K,   0% used [0x0000000700000000, 0x0000000700000000, 0x0000000720000000)
  from space 131072K,  42% used [0x0000000720000000, 0x000000072368f2e0, 0x0000000728000000)
  to   space 131072K,   0% used [0x0000000728000000, 0x0000000728000000, 0x0000000730000000)
 concurrent mark-sweep generation total 2359296K, used 776547K [0x0000000730000000, 0x00000007c0000000, 0x00000007c0000000)
 Metaspace       used 97495K, capacity 103063K, committed 103392K, reserved 1140736K
  class space    used 10089K, capacity 11259K, committed 11376K, reserved 1048576K
}
2018-01-03T22:37:16.877-0200: 7810,168: Total time for which application threads were stopped: 0,0873797 seconds, Stopping threads took: 0,0000283 seconds
{Heap before GC invocations=194 (full 2):
 par new generation   total 655360K, used 580156K [0x0000000700000000, 0x0000000730000000, 0x0000000730000000)
  eden space 524288K, 100% used [0x0000000700000000, 0x0000000720000000, 0x0000000720000000)
  from space 131072K,  42% used [0x0000000720000000, 0x000000072368f2e0, 0x0000000728000000)
  to   space 131072K,   0% used [0x0000000728000000, 0x0000000728000000, 0x0000000730000000)
 concurrent mark-sweep generation total 2359296K, used 776547K [0x0000000730000000, 0x00000007c0000000, 0x00000007c0000000)
 Metaspace       used 97495K, capacity 103063K, committed 103392K, reserved 1140736K
  class space    used 10089K, capacity 11259K, committed 11376K, reserved 1048576K
2018-01-03T22:37:18.147-0200: 7811,438: [GC (Allocation Failure) 2018-01-03T22:37:18.147-0200: 7811,438: [ParNew
Desired survivor size 120795952 bytes, new threshold 8 (max 8)
- age   1:   21310624 bytes,   21310624 total
- age   2:   10603176 bytes,   31913800 total
- age   3:    4619168 bytes,   36532968 total
- age   4:    4575768 bytes,   41108736 total
- age   5:    2737976 bytes,   43846712 total
- age   6:    2987280 bytes,   46833992 total
- age   7:    5219760 bytes,   52053752 total
- age   8:    6804672 bytes,   58858424 total
: 580156K->73641K(655360K), 0,1886260 secs] 1356704K->854803K(3014656K), 0,1887505 secs] [Times: user=0,10 sys=0,00, real=0,19 secs] 
Heap after GC invocations=195 (full 2):
 par new generation   total 655360K, used 73641K [0x0000000700000000, 0x0000000730000000, 0x0000000730000000)
  eden space 524288K,   0% used [0x0000000700000000, 0x0000000700000000, 0x0000000720000000)
  from space 131072K,  56% used [0x0000000728000000, 0x000000072c7ea700, 0x0000000730000000)
  to   space 131072K,   0% used [0x0000000720000000, 0x0000000720000000, 0x0000000728000000)
 concurrent mark-sweep generation total 2359296K, used 781161K [0x0000000730000000, 0x00000007c0000000, 0x00000007c0000000)
 Metaspace       used 97495K, capacity 103063K, committed 103392K, reserved 1140736K
  class space    used 10089K, capacity 11259K, committed 11376K, reserved 1048576K
}
2018-01-03T22:37:18.336-0200: 7811,627: Total time for which application threads were stopped: 0,1889427 seconds, Stopping threads took: 0,0000278 seconds
{Heap before GC invocations=195 (full 2):
 par new generation   total 655360K, used 597929K [0x0000000700000000, 0x0000000730000000, 0x0000000730000000)
  eden space 524288K, 100% used [0x0000000700000000, 0x0000000720000000, 0x0000000720000000)
  from space 131072K,  56% used [0x0000000728000000, 0x000000072c7ea700, 0x0000000730000000)
  to   space 131072K,   0% used [0x0000000720000000, 0x0000000720000000, 0x0000000728000000)
 concurrent mark-sweep generation total 2359296K, used 781161K [0x0000000730000000, 0x00000007c0000000, 0x00000007c0000000)
 Metaspace       used 97495K, capacity 103063K, committed 103392K, reserved 1140736K
  class space    used 10089K, capacity 11259K, committed 11376K, reserved 1048576K
2018-01-03T22:37:19.844-0200: 7813,136: [GC (Allocation Failure) 2018-01-03T22:37:19.844-0200: 7813,136: [ParNew
Desired survivor size 120795952 bytes, new threshold 8 (max 8)
- age   1:   23130904 bytes,   23130904 total
- age   2:   16607360 bytes,   39738264 total
- age   3:   10569488 bytes,   50307752 total
- age   4:    4619168 bytes,   54926920 total
- age   5:    4575768 bytes,   59502688 total
- age   6:    2737976 bytes,   62240664 total
- age   7:    2987280 bytes,   65227944 total
- age   8:    5219760 bytes,   70447704 total
: 597929K->107258K(655360K), 0,1514429 secs] 1379091K->895066K(3014656K), 0,1514996 secs] [Times: user=0,15 sys=0,00, real=0,15 secs] 
Heap after GC invocations=196 (full 2):
 par new generation   total 655360K, used 107258K [0x0000000700000000, 0x0000000730000000, 0x0000000730000000)
  eden space 524288K,   0% used [0x0000000700000000, 0x0000000700000000, 0x0000000720000000)
  from space 131072K,  81% used [0x0000000720000000, 0x00000007268bebc0, 0x0000000728000000)
  to   space 131072K,   0% used [0x0000000728000000, 0x0000000728000000, 0x0000000730000000)
 concurrent mark-sweep generation total 2359296K, used 787807K [0x0000000730000000, 0x00000007c0000000, 0x00000007c0000000)
 Metaspace       used 97495K, capacity 103063K, committed 103392K, reserved 1140736K
  class space    used 10089K, capacity 11259K, committed 11376K, reserved 1048576K
}
2018-01-03T22:37:19.995-0200: 7813,287: Total time for which application threads were stopped: 0,1516879 seconds, Stopping threads took: 0,0000344 seconds
{Heap before GC invocations=196 (full 2):
 par new generation   total 655360K, used 631546K [0x0000000700000000, 0x0000000730000000, 0x0000000730000000)
  eden space 524288K, 100% used [0x0000000700000000, 0x0000000720000000, 0x0000000720000000)
  from space 131072K,  81% used [0x0000000720000000, 0x00000007268bebc0, 0x0000000728000000)
  to   space 131072K,   0% used [0x0000000728000000, 0x0000000728000000, 0x0000000730000000)
 concurrent mark-sweep generation total 2359296K, used 787807K [0x0000000730000000, 0x00000007c0000000, 0x00000007c0000000)
 Metaspace       used 97495K, capacity 103063K, committed 103392K, reserved 1140736K
  class space    used 10089K, capacity 11259K, committed 11376K, reserved 1048576K
2018-01-03T22:37:21.587-0200: 7814,879: [GC (Allocation Failure) 2018-01-03T22:37:21.588-0200: 7814,880: [ParNew
Desired survivor size 120795952 bytes, new threshold 8 (max 8)
- age   1:   26878504 bytes,   26878504 total
- age   2:   16508632 bytes,   43387136 total
- age   3:   15470408 bytes,   58857544 total
- age   4:   10569368 bytes,   69426912 total
- age   5:    4619168 bytes,   74046080 total
- age   6:    4575768 bytes,   78621848 total
- age   7:    2737976 bytes,   81359824 total
- age   8:    2987280 bytes,   84347104 total
: 631546K->99471K(655360K), 0,1316647 secs] 1419354K->892375K(3014656K), 0,1323266 secs] [Times: user=0,12 sys=0,00, real=0,13 secs] 
Heap after GC invocations=197 (full 2):
 par new generation   total 655360K, used 99471K [0x0000000700000000, 0x0000000730000000, 0x0000000730000000)
  eden space 524288K,   0% used [0x0000000700000000, 0x0000000700000000, 0x0000000720000000)
  from space 131072K,  75% used [0x0000000728000000, 0x000000072e123c80, 0x0000000730000000)
  to   space 131072K,   0% used [0x0000000720000000, 0x0000000720000000, 0x0000000728000000)
 concurrent mark-sweep generation total 2359296K, used 792904K [0x0000000730000000, 0x00000007c0000000, 0x00000007c0000000)
 Metaspace       used 97495K, capacity 103063K, committed 103392K, reserved 1140736K
  class space    used 10089K, capacity 11259K, committed 11376K, reserved 1048576K
}
2018-01-03T22:37:21.720-0200: 7815,011: Total time for which application threads were stopped: 0,1325111 seconds, Stopping threads took: 0,0000334 seconds
{Heap before GC invocations=197 (full 2):
 par new generation   total 655360K, used 623759K [0x0000000700000000, 0x0000000730000000, 0x0000000730000000)
  eden space 524288K, 100% used [0x0000000700000000, 0x0000000720000000, 0x0000000720000000)
  from space 131072K,  75% used [0x0000000728000000, 0x000000072e123c80, 0x0000000730000000)
  to   space 131072K,   0% used [0x0000000720000000, 0x0000000720000000, 0x0000000728000000)
 concurrent mark-sweep generation total 2359296K, used 792904K [0x0000000730000000, 0x00000007c0000000, 0x00000007c0000000)
 Metaspace       used 97495K, capacity 103063K, committed 103392K, reserved 1140736K
  class space    used 10089K, capacity 11259K, committed 11376K, reserved 1048576K
2018-01-03T22:37:23.111-0200: 7816,403: [GC (Allocation Failure) 2018-01-03T22:37:23.111-0200: 7816,403: [ParNew
Desired survivor size 120795952 bytes, new threshold 8 (max 8)
- age   1:   26953040 bytes,   26953040 total
- age   2:   18513872 bytes,   45466912 total
- age   3:   15975880 bytes,   61442792 total
- age   4:   15470408 bytes,   76913200 total
- age   5:   10569368 bytes,   87482568 total
- age   6:    4619168 bytes,   92101736 total
- age   7:    4575768 bytes,   96677504 total
- age   8:    2737976 bytes,   99415480 total
: 623759K->121501K(655360K), 0,1104660 secs] 1416663K->917324K(3014656K), 0,1105283 secs] [Times: user=0,10 sys=0,01, real=0,11 secs] 
Heap after GC invocations=198 (full 2):
 par new generation   total 655360K, used 121501K [0x0000000700000000, 0x0000000730000000, 0x0000000730000000)
  eden space 524288K,   0% used [0x0000000700000000, 0x0000000700000000, 0x0000000720000000)
  from space 131072K,  92% used [0x0000000720000000, 0x00000007276a7530, 0x0000000728000000)
  to   space 131072K,   0% used [0x0000000728000000, 0x0000000728000000, 0x0000000730000000)
 concurrent mark-sweep generation total 2359296K, used 795823K [0x0000000730000000, 0x00000007c0000000, 0x00000007c0000000)
 Metaspace       used 97495K, capacity 103063K, committed 103392K, reserved 1140736K
  class space    used 10089K, capacity 11259K, committed 11376K, reserved 1048576K
}
2018-01-03T22:37:23.222-0200: 7816,513: Total time for which application threads were stopped: 0,1106881 seconds, Stopping threads took: 0,0000287 seconds
{Heap before GC invocations=198 (full 2):
 par new generation   total 655360K, used 645789K [0x0000000700000000, 0x0000000730000000, 0x0000000730000000)
  eden space 524288K, 100% used [0x0000000700000000, 0x0000000720000000, 0x0000000720000000)
  from space 131072K,  92% used [0x0000000720000000, 0x00000007276a7530, 0x0000000728000000)
  to   space 131072K,   0% used [0x0000000728000000, 0x0000000728000000, 0x0000000730000000)
 concurrent mark-sweep generation total 2359296K, used 795823K [0x0000000730000000, 0x00000007c0000000, 0x00000007c0000000)
 Metaspace       used 97495K, capacity 103063K, committed 103392K, reserved 1140736K
  class space    used 10089K, capacity 11259K, committed 11376K, reserved 1048576K
2018-01-03T22:37:24.570-0200: 7817,862: [GC (Allocation Failure) 2018-01-03T22:37:24.570-0200: 7817,862: [ParNew
Desired survivor size 120795952 bytes, new threshold 8 (max 8)
- age   1:   30281096 bytes,   30281096 total
- age   2:   16029560 bytes,   46310656 total
- age   3:   17098896 bytes,   63409552 total
- age   4:   15072344 bytes,   78481896 total
- age   5:   15075000 bytes,   93556896 total
- age   6:   10368696 bytes,  103925592 total
- age   7:    4619168 bytes,  108544760 total
- age   8:    4575768 bytes,  113120528 total
: 645789K->131072K(655360K), 0,1344995 secs] 1441612K->931735K(3014656K), 0,1345583 secs] [Times: user=0,14 sys=0,00, real=0,14 secs] 
Heap after GC invocations=199 (full 2):
 par new generation   total 655360K, used 131072K [0x0000000700000000, 0x0000000730000000, 0x0000000730000000)
  eden space 524288K,   0% used [0x0000000700000000, 0x0000000700000000, 0x0000000720000000)
  from space 131072K, 100% used [0x0000000728000000, 0x0000000730000000, 0x0000000730000000)
  to   space 131072K,   0% used [0x0000000720000000, 0x0000000720000000, 0x0000000728000000)
 concurrent mark-sweep generation total 2359296K, used 800663K [0x0000000730000000, 0x00000007c0000000, 0x00000007c0000000)
 Metaspace       used 97495K, capacity 103063K, committed 103392K, reserved 1140736K
  class space    used 10089K, capacity 11259K, committed 11376K, reserved 1048576K
}
2018-01-03T22:37:24.705-0200: 7817,996: Total time for which application threads were stopped: 0,1347585 seconds, Stopping threads took: 0,0000289 seconds
{Heap before GC invocations=199 (full 2):
 par new generation   total 655360K, used 655360K [0x0000000700000000, 0x0000000730000000, 0x0000000730000000)
  eden space 524288K, 100% used [0x0000000700000000, 0x0000000720000000, 0x0000000720000000)
  from space 131072K, 100% used [0x0000000728000000, 0x0000000730000000, 0x0000000730000000)
  to   space 131072K,   0% used [0x0000000720000000, 0x0000000720000000, 0x0000000728000000)
 concurrent mark-sweep generation total 2359296K, used 800663K [0x0000000730000000, 0x00000007c0000000, 0x00000007c0000000)
 Metaspace       used 97495K, capacity 103063K, committed 103392K, reserved 1140736K
  class space    used 10089K, capacity 11259K, committed 11376K, reserved 1048576K
2018-01-03T22:37:25.991-0200: 7819,282: [GC (Allocation Failure) 2018-01-03T22:37:25.991-0200: 7819,282: [ParNew
Desired survivor size 120795952 bytes, new threshold 8 (max 8)
- age   1:   29490696 bytes,   29490696 total
- age   2:   17139952 bytes,   46630648 total
- age   3:   14595368 bytes,   61226016 total
- age   4:   14688816 bytes,   75914832 total
- age   5:   13648552 bytes,   89563384 total
- age   6:   13654984 bytes,  103218368 total
- age   7:    9308296 bytes,  112526664 total
- age   8:    4280560 bytes,  116807224 total
: 655360K->131072K(655360K), 0,1817729 secs] 1456023K->945875K(3014656K), 0,1818371 secs] [Times: user=0,16 sys=0,00, real=0,18 secs] 
Heap after GC invocations=200 (full 2):
 par new generation   total 655360K, used 131072K [0x0000000700000000, 0x0000000730000000, 0x0000000730000000)
  eden space 524288K,   0% used [0x0000000700000000, 0x0000000700000000, 0x0000000720000000)
  from space 131072K, 100% used [0x0000000720000000, 0x0000000728000000, 0x0000000728000000)
  to   space 131072K,   0% used [0x0000000728000000, 0x0000000728000000, 0x0000000730000000)
 concurrent mark-sweep generation total 2359296K, used 814803K [0x0000000730000000, 0x00000007c0000000, 0x00000007c0000000)
 Metaspace       used 97495K, capacity 103063K, committed 103392K, reserved 1140736K
  class space    used 10089K, capacity 11259K, committed 11376K, reserved 1048576K
}
2018-01-03T22:37:26.172-0200: 7819,464: Total time for which application threads were stopped: 0,1820601 seconds, Stopping threads took: 0,0000293 seconds
{Heap before GC invocations=200 (full 2):
 par new generation   total 655360K, used 655360K [0x0000000700000000, 0x0000000730000000, 0x0000000730000000)
  eden space 524288K, 100% used [0x0000000700000000, 0x0000000720000000, 0x0000000720000000)
  from space 131072K, 100% used [0x0000000720000000, 0x0000000728000000, 0x0000000728000000)
  to   space 131072K,   0% used [0x0000000728000000, 0x0000000728000000, 0x0000000730000000)
 concurrent mark-sweep generation total 2359296K, used 814803K [0x0000000730000000, 0x00000007c0000000, 0x00000007c0000000)
 Metaspace       used 97495K, capacity 103063K, committed 103392K, reserved 1140736K
  class space    used 10089K, capacity 11259K, committed 11376K, reserved 1048576K
2018-01-03T22:37:27.856-0200: 7821,148: [GC (Allocation Failure) 2018-01-03T22:37:27.856-0200: 7821,148: [ParNew
Desired survivor size 120795952 bytes, new threshold 8 (max 8)
- age   1:   17064584 bytes,   17064584 total
- age   2:   16191744 bytes,   33256328 total
- age   3:   14086504 bytes,   47342832 total
- age   4:   12037680 bytes,   59380512 total
- age   5:   12203664 bytes,   71584176 total
- age   6:   11409672 bytes,   82993848 total
- age   7:   11174216 bytes,   94168064 total
- age   8:    7703152 bytes,  101871216 total
: 655360K->131072K(655360K), 0,1160928 secs] 1470163K->950055K(3014656K), 0,1161666 secs] [Times: user=0,10 sys=0,00, real=0,11 secs] 
Heap after GC invocations=201 (full 2):
 par new generation   total 655360K, used 131072K [0x0000000700000000, 0x0000000730000000, 0x0000000730000000)
  eden space 524288K,   0% used [0x0000000700000000, 0x0000000700000000, 0x0000000720000000)
  from space 131072K, 100% used [0x0000000728000000, 0x0000000730000000, 0x0000000730000000)
  to   space 131072K,   0% used [0x0000000720000000, 0x0000000720000000, 0x0000000728000000)
 concurrent mark-sweep generation total 2359296K, used 818983K [0x0000000730000000, 0x00000007c0000000, 0x00000007c0000000)
 Metaspace       used 97495K, capacity 103063K, committed 103392K, reserved 1140736K
  class space    used 10089K, capacity 11259K, committed 11376K, reserved 1048576K
}
2018-01-03T22:37:27.973-0200: 7821,264: Total time for which application threads were stopped: 0,1163570 seconds, Stopping threads took: 0,0000314 seconds
{Heap before GC invocations=201 (full 2):
 par new generation   total 655360K, used 655360K [0x0000000700000000, 0x0000000730000000, 0x0000000730000000)
  eden space 524288K, 100% used [0x0000000700000000, 0x0000000720000000, 0x0000000720000000)
  from space 131072K, 100% used [0x0000000728000000, 0x0000000730000000, 0x0000000730000000)
  to   space 131072K,   0% used [0x0000000720000000, 0x0000000720000000, 0x0000000728000000)
 concurrent mark-sweep generation total 2359296K, used 818983K [0x0000000730000000, 0x00000007c0000000, 0x00000007c0000000)
 Metaspace       used 97495K, capacity 103063K, committed 103392K, reserved 1140736K
  class space    used 10089K, capacity 11259K, committed 11376K, reserved 1048576K
2018-01-03T22:37:29.129-0200: 7822,420: [GC (Allocation Failure) 2018-01-03T22:37:29.129-0200: 7822,420: [ParNew
Desired survivor size 120795952 bytes, new threshold 8 (max 8)
- age   1:   14342728 bytes,   14342728 total
- age   2:    2187152 bytes,   16529880 total
- age   3:    5550008 bytes,   22079888 total
- age   4:    7457896 bytes,   29537784 total
- age   5:    5368768 bytes,   34906552 total
- age   6:    5411632 bytes,   40318184 total
- age   7:    5346368 bytes,   45664552 total
- age   8:    5356200 bytes,   51020752 total
: 655360K->65281K(655360K), 0,0893839 secs] 1474343K->888408K(3014656K), 0,0894345 secs] [Times: user=0,09 sys=0,00, real=0,09 secs] 
Heap after GC invocations=202 (full 2):
 par new generation   total 655360K, used 65281K [0x0000000700000000, 0x0000000730000000, 0x0000000730000000)
  eden space 524288K,   0% used [0x0000000700000000, 0x0000000700000000, 0x0000000720000000)
  from space 131072K,  49% used [0x0000000720000000, 0x0000000723fc0640, 0x0000000728000000)
  to   space 131072K,   0% used [0x0000000728000000, 0x0000000728000000, 0x0000000730000000)
 concurrent mark-sweep generation total 2359296K, used 823126K [0x0000000730000000, 0x00000007c0000000, 0x00000007c0000000)
 Metaspace       used 97495K, capacity 103063K, committed 103392K, reserved 1140736K
  class space    used 10089K, capacity 11259K, committed 11376K, reserved 1048576K
}
2018-01-03T22:37:29.218-0200: 7822,510: Total time for which application threads were stopped: 0,0896250 seconds, Stopping threads took: 0,0000276 seconds
2018-01-03T22:37:29.448-0200: 7822,740: Total time for which application threads were stopped: 0,0032332 seconds, Stopping threads took: 0,0020231 seconds
2018-01-03T22:37:30.073-0200: 7823,364: Total time for which application threads were stopped: 0,0026662 seconds, Stopping threads took: 0,0020019 seconds
2018-01-03T22:37:30.073-0200: 7823,365: Total time for which application threads were stopped: 0,0001751 seconds, Stopping threads took: 0,0000218 seconds
2018-01-03T22:37:30.074-0200: 7823,366: Total time for which application threads were stopped: 0,0001247 seconds, Stopping threads took: 0,0000229 seconds
2018-01-03T22:37:30.074-0200: 7823,366: Total time for which application threads were stopped: 0,0000959 seconds, Stopping threads took: 0,0000052 seconds
{Heap before GC invocations=202 (full 2):
 par new generation   total 655360K, used 589569K [0x0000000700000000, 0x0000000730000000, 0x0000000730000000)
  eden space 524288K, 100% used [0x0000000700000000, 0x0000000720000000, 0x0000000720000000)
  from space 131072K,  49% used [0x0000000720000000, 0x0000000723fc0640, 0x0000000728000000)
  to   space 131072K,   0% used [0x0000000728000000, 0x0000000728000000, 0x0000000730000000)
 concurrent mark-sweep generation total 2359296K, used 823126K [0x0000000730000000, 0x00000007c0000000, 0x00000007c0000000)
 Metaspace       used 97495K, capacity 103063K, committed 103392K, reserved 1140736K
  class space    used 10089K, capacity 11259K, committed 11376K, reserved 1048576K
2018-01-03T22:37:30.567-0200: 7823,859: [GC (Allocation Failure) 2018-01-03T22:37:30.568-0200: 7823,859: [ParNew
Desired survivor size 120795952 bytes, new threshold 8 (max 8)
- age   1:   12850496 bytes,   12850496 total
- age   2:    3243440 bytes,   16093936 total
- age   3:    2187152 bytes,   18281088 total
- age   4:    5549888 bytes,   23830976 total
- age   5:    7457896 bytes,   31288872 total
- age   6:    5368768 bytes,   36657640 total
- age   7:    5411632 bytes,   42069272 total
- age   8:    5346368 bytes,   47415640 total
: 589569K->61258K(655360K), 0,0898810 secs] 1412696K->889615K(3014656K), 0,0902848 secs] [Times: user=0,08 sys=0,00, real=0,09 secs] 
Heap after GC invocations=203 (full 2):
 par new generation   total 655360K, used 61258K [0x0000000700000000, 0x0000000730000000, 0x0000000730000000)
  eden space 524288K,   0% used [0x0000000700000000, 0x0000000700000000, 0x0000000720000000)
  from space 131072K,  46% used [0x0000000728000000, 0x000000072bbd2940, 0x0000000730000000)
  to   space 131072K,   0% used [0x0000000720000000, 0x0000000720000000, 0x0000000728000000)
 concurrent mark-sweep generation total 2359296K, used 828357K [0x0000000730000000, 0x00000007c0000000, 0x00000007c0000000)
 Metaspace       used 97495K, capacity 103063K, committed 103392K, reserved 1140736K
  class space    used 10089K, capacity 11259K, committed 11376K, reserved 1048576K
}
2018-01-03T22:37:30.657-0200: 7823,949: Total time for which application threads were stopped: 0,0904378 seconds, Stopping threads took: 0,0000203 seconds
{Heap before GC invocations=203 (full 2):
 par new generation   total 655360K, used 585546K [0x0000000700000000, 0x0000000730000000, 0x0000000730000000)
  eden space 524288K, 100% used [0x0000000700000000, 0x0000000720000000, 0x0000000720000000)
  from space 131072K,  46% used [0x0000000728000000, 0x000000072bbd2940, 0x0000000730000000)
  to   space 131072K,   0% used [0x0000000720000000, 0x0000000720000000, 0x0000000728000000)
 concurrent mark-sweep generation total 2359296K, used 828357K [0x0000000730000000, 0x00000007c0000000, 0x00000007c0000000)
 Metaspace       used 97495K, capacity 103063K, committed 103392K, reserved 1140736K
  class space    used 10089K, capacity 11259K, committed 11376K, reserved 1048576K
2018-01-03T22:37:31.855-0200: 7825,147: [GC (Allocation Failure) 2018-01-03T22:37:31.855-0200: 7825,147: [ParNew
Desired survivor size 120795952 bytes, new threshold 8 (max 8)
- age   1:   20946024 bytes,   20946024 total
- age   2:   10860120 bytes,   31806144 total
- age   3:    3243320 bytes,   35049464 total
- age   4:    2187152 bytes,   37236616 total
- age   5:    5549888 bytes,   42786504 total
- age   6:    7457896 bytes,   50244400 total
- age   7:    5368768 bytes,   55613168 total
- age   8:    5411632 bytes,   61024800 total
: 585546K->71817K(655360K), 0,0998759 secs] 1413903K->905395K(3014656K), 0,0999470 secs] [Times: user=0,09 sys=0,00, real=0,10 secs] 
Heap after GC invocations=204 (full 2):
 par new generation   total 655360K, used 71817K [0x0000000700000000, 0x0000000730000000, 0x0000000730000000)
  eden space 524288K,   0% used [0x0000000700000000, 0x0000000700000000, 0x0000000720000000)
  from space 131072K,  54% used [0x0000000720000000, 0x0000000724622470, 0x0000000728000000)
  to   space 131072K,   0% used [0x0000000728000000, 0x0000000728000000, 0x0000000730000000)
 concurrent mark-sweep generation total 2359296K, used 833578K [0x0000000730000000, 0x00000007c0000000, 0x00000007c0000000)
 Metaspace       used 97495K, capacity 103063K, committed 103392K, reserved 1140736K
  class space    used 10089K, capacity 11259K, committed 11376K, reserved 1048576K
}
2018-01-03T22:37:31.955-0200: 7825,247: Total time for which application threads were stopped: 0,1001458 seconds, Stopping threads took: 0,0000294 seconds
2018-01-03T22:37:32.093-0200: 7825,384: Total time for which application threads were stopped: 0,0021001 seconds, Stopping threads took: 0,0020170 seconds
{Heap before GC invocations=204 (full 2):
 par new generation   total 655360K, used 596105K [0x0000000700000000, 0x0000000730000000, 0x0000000730000000)
  eden space 524288K, 100% used [0x0000000700000000, 0x0000000720000000, 0x0000000720000000)
  from space 131072K,  54% used [0x0000000720000000, 0x0000000724622470, 0x0000000728000000)
  to   space 131072K,   0% used [0x0000000728000000, 0x0000000728000000, 0x0000000730000000)
 concurrent mark-sweep generation total 2359296K, used 833578K [0x0000000730000000, 0x00000007c0000000, 0x00000007c0000000)
 Metaspace       used 97495K, capacity 103063K, committed 103392K, reserved 1140736K
  class space    used 10089K, capacity 11259K, committed 11376K, reserved 1048576K
2018-01-03T22:37:33.169-0200: 7826,461: [GC (Allocation Failure) 2018-01-03T22:37:33.169-0200: 7826,461: [ParNew
Desired survivor size 120795952 bytes, new threshold 8 (max 8)
- age   1:   23053832 bytes,   23053832 total
- age   2:   16377040 bytes,   39430872 total
- age   3:   10818416 bytes,   50249288 total
- age   4:    3243320 bytes,   53492608 total
- age   5:    2187152 bytes,   55679760 total
- age   6:    5549888 bytes,   61229648 total
- age   7:    7457896 bytes,   68687544 total
- age   8:    5368768 bytes,   74056312 total
: 596105K->89643K(655360K), 0,1030237 secs] 1429683K->928506K(3014656K), 0,1030741 secs] [Times: user=0,11 sys=0,00, real=0,10 secs] 
Heap after GC invocations=205 (full 2):
 par new generation   total 655360K, used 89643K [0x0000000700000000, 0x0000000730000000, 0x0000000730000000)
  eden space 524288K,   0% used [0x0000000700000000, 0x0000000700000000, 0x0000000720000000)
  from space 131072K,  68% used [0x0000000728000000, 0x000000072d78ad40, 0x0000000730000000)
  to   space 131072K,   0% used [0x0000000720000000, 0x0000000720000000, 0x0000000728000000)
 concurrent mark-sweep generation total 2359296K, used 838863K [0x0000000730000000, 0x00000007c0000000, 0x00000007c0000000)
 Metaspace       used 97495K, capacity 103063K, committed 103392K, reserved 1140736K
  class space    used 10089K, capacity 11259K, committed 11376K, reserved 1048576K
}
2018-01-03T22:37:33.272-0200: 7826,564: Total time for which application threads were stopped: 0,1032603 seconds, Stopping threads took: 0,0000293 seconds
{Heap before GC invocations=205 (full 2):
 par new generation   total 655360K, used 613931K [0x0000000700000000, 0x0000000730000000, 0x0000000730000000)
  eden space 524288K, 100% used [0x0000000700000000, 0x0000000720000000, 0x0000000720000000)
  from space 131072K,  68% used [0x0000000728000000, 0x000000072d78ad40, 0x0000000730000000)
  to   space 131072K,   0% used [0x0000000720000000, 0x0000000720000000, 0x0000000728000000)
 concurrent mark-sweep generation total 2359296K, used 838863K [0x0000000730000000, 0x00000007c0000000, 0x00000007c0000000)
 Metaspace       used 97495K, capacity 103063K, committed 103392K, reserved 1140736K
  class space    used 10089K, capacity 11259K, committed 11376K, reserved 1048576K
2018-01-03T22:37:34.529-0200: 7827,821: [GC (Allocation Failure) 2018-01-03T22:37:34.529-0200: 7827,821: [ParNew
Desired survivor size 120795952 bytes, new threshold 8 (max 8)
- age   1:   26784904 bytes,   26784904 total
- age   2:   16508200 bytes,   43293104 total
- age   3:   15197048 bytes,   58490152 total
- age   4:   10818296 bytes,   69308448 total
- age   5:    3243320 bytes,   72551768 total
- age   6:    2187152 bytes,   74738920 total
- age   7:    5549888 bytes,   80288808 total
- age   8:    7457896 bytes,   87746704 total
: 613931K->117331K(655360K), 0,1105927 secs] 1452794K->961437K(3014656K), 0,1106514 secs] [Times: user=0,11 sys=0,00, real=0,11 secs] 
Heap after GC invocations=206 (full 2):
 par new generation   total 655360K, used 117331K [0x0000000700000000, 0x0000000730000000, 0x0000000730000000)
  eden space 524288K,   0% used [0x0000000700000000, 0x0000000700000000, 0x0000000720000000)
  from space 131072K,  89% used [0x0000000720000000, 0x0000000727294e98, 0x0000000728000000)
  to   space 131072K,   0% used [0x0000000728000000, 0x0000000728000000, 0x0000000730000000)
 concurrent mark-sweep generation total 2359296K, used 844106K [0x0000000730000000, 0x00000007c0000000, 0x00000007c0000000)
 Metaspace       used 97495K, capacity 103063K, committed 103392K, reserved 1140736K
  class space    used 10089K, capacity 11259K, committed 11376K, reserved 1048576K
}
2018-01-03T22:37:34.640-0200: 7827,931: Total time for which application threads were stopped: 0,1108292 seconds, Stopping threads took: 0,0000288 seconds
{Heap before GC invocations=206 (full 2):
 par new generation   total 655360K, used 641619K [0x0000000700000000, 0x0000000730000000, 0x0000000730000000)
  eden space 524288K, 100% used [0x0000000700000000, 0x0000000720000000, 0x0000000720000000)
  from space 131072K,  89% used [0x0000000720000000, 0x0000000727294e98, 0x0000000728000000)
  to   space 131072K,   0% used [0x0000000728000000, 0x0000000728000000, 0x0000000730000000)
 concurrent mark-sweep generation total 2359296K, used 844106K [0x0000000730000000, 0x00000007c0000000, 0x00000007c0000000)
 Metaspace       used 97495K, capacity 103063K, committed 103392K, reserved 1140736K
  class space    used 10089K, capacity 11259K, committed 11376K, reserved 1048576K
2018-01-03T22:37:35.846-0200: 7829,137: [GC (Allocation Failure) 2018-01-03T22:37:35.846-0200: 7829,137: [ParNew
Desired survivor size 120795952 bytes, new threshold 8 (max 8)
- age   1:   26283688 bytes,   26283688 total
- age   2:   18870872 bytes,   45154560 total
- age   3:   15983776 bytes,   61138336 total
- age   4:   15197000 bytes,   76335336 total
- age   5:   10818296 bytes,   87153632 total
- age   6:    3243320 bytes,   90396952 total
- age   7:    2187152 bytes,   92584104 total
- age   8:    5549888 bytes,   98133992 total
: 641619K->122238K(655360K), 0,1205797 secs] 1485725K->973627K(3014656K), 0,1206328 secs] [Times: user=0,11 sys=0,01, real=0,12 secs] 
Heap after GC invocations=207 (full 2):
 par new generation   total 655360K, used 122238K [0x0000000700000000, 0x0000000730000000, 0x0000000730000000)
  eden space 524288K,   0% used [0x0000000700000000, 0x0000000700000000, 0x0000000720000000)
  from space 131072K,  93% used [0x0000000728000000, 0x000000072f75fab0, 0x0000000730000000)
  to   space 131072K,   0% used [0x0000000720000000, 0x0000000720000000, 0x0000000728000000)
 concurrent mark-sweep generation total 2359296K, used 851389K [0x0000000730000000, 0x00000007c0000000, 0x00000007c0000000)
 Metaspace       used 97495K, capacity 103063K, committed 103392K, reserved 1140736K
  class space    used 10089K, capacity 11259K, committed 11376K, reserved 1048576K
}
2018-01-03T22:37:35.966-0200: 7829,258: Total time for which application threads were stopped: 0,1207919 seconds, Stopping threads took: 0,0000284 seconds
{Heap before GC invocations=207 (full 2):
 par new generation   total 655360K, used 646526K [0x0000000700000000, 0x0000000730000000, 0x0000000730000000)
  eden space 524288K, 100% used [0x0000000700000000, 0x0000000720000000, 0x0000000720000000)
  from space 131072K,  93% used [0x0000000728000000, 0x000000072f75fab0, 0x0000000730000000)
  to   space 131072K,   0% used [0x0000000720000000, 0x0000000720000000, 0x0000000728000000)
 concurrent mark-sweep generation total 2359296K, used 851389K [0x0000000730000000, 0x00000007c0000000, 0x00000007c0000000)
 Metaspace       used 97495K, capacity 103063K, committed 103392K, reserved 1140736K
  class space    used 10089K, capacity 11259K, committed 11376K, reserved 1048576K
2018-01-03T22:37:37.249-0200: 7830,541: [GC (Allocation Failure) 2018-01-03T22:37:37.249-0200: 7830,541: [ParNew
Desired survivor size 120795952 bytes, new threshold 8 (max 8)
- age   1:   28157600 bytes,   28157600 total
- age   2:   15560176 bytes,   43717776 total
- age   3:   17004656 bytes,   60722432 total
- age   4:   14641216 bytes,   75363648 total
- age   5:   14570016 bytes,   89933664 total
- age   6:   10321768 bytes,  100255432 total
- age   7:    3243320 bytes,  103498752 total
- age   8:    2187152 bytes,  105685904 total
: 646526K->131072K(655360K), 0,1608292 secs] 1497915K->993728K(3014656K), 0,1608903 secs] [Times: user=0,13 sys=0,01, real=0,16 secs] 
Heap after GC invocations=208 (full 2):
 par new generation   total 655360K, used 131072K [0x0000000700000000, 0x0000000730000000, 0x0000000730000000)
  eden space 524288K,   0% used [0x0000000700000000, 0x0000000700000000, 0x0000000720000000)
  from space 131072K, 100% used [0x0000000720000000, 0x0000000728000000, 0x0000000728000000)
  to   space 131072K,   0% used [0x0000000728000000, 0x0000000728000000, 0x0000000730000000)
 concurrent mark-sweep generation total 2359296K, used 862656K [0x0000000730000000, 0x00000007c0000000, 0x00000007c0000000)
 Metaspace       used 97495K, capacity 103063K, committed 103392K, reserved 1140736K
  class space    used 10089K, capacity 11259K, committed 11376K, reserved 1048576K
}
2018-01-03T22:37:37.410-0200: 7830,701: Total time for which application threads were stopped: 0,1610952 seconds, Stopping threads took: 0,0000441 seconds
{Heap before GC invocations=208 (full 2):
 par new generation   total 655360K, used 655360K [0x0000000700000000, 0x0000000730000000, 0x0000000730000000)
  eden space 524288K, 100% used [0x0000000700000000, 0x0000000720000000, 0x0000000720000000)
  from space 131072K, 100% used [0x0000000720000000, 0x0000000728000000, 0x0000000728000000)
  to   space 131072K,   0% used [0x0000000728000000, 0x0000000728000000, 0x0000000730000000)
 concurrent mark-sweep generation total 2359296K, used 862656K [0x0000000730000000, 0x00000007c0000000, 0x00000007c0000000)
 Metaspace       used 97495K, capacity 103063K, committed 103392K, reserved 1140736K
  class space    used 10089K, capacity 11259K, committed 11376K, reserved 1048576K
2018-01-03T22:37:38.685-0200: 7831,977: [GC (Allocation Failure) 2018-01-03T22:37:38.686-0200: 7831,978: [ParNew
Desired survivor size 120795952 bytes, new threshold 8 (max 8)
- age   1:   31681432 bytes,   31681432 total
- age   2:   17578416 bytes,   49259848 total
- age   3:   15560136 bytes,   64819984 total
- age   4:   15956040 bytes,   80776024 total
- age   5:   14641216 bytes,   95417240 total
- age   6:   14569992 bytes,  109987232 total
- age   7:   10321768 bytes,  120309000 total
- age   8:    3243320 bytes,  123552320 total
: 655360K->131072K(655360K), 0,1246754 secs] 1518016K->995866K(3014656K), 0,1251642 secs] [Times: user=0,12 sys=0,00, real=0,12 secs] 
Heap after GC invocations=209 (full 2):
 par new generation   total 655360K, used 131072K [0x0000000700000000, 0x0000000730000000, 0x0000000730000000)
  eden space 524288K,   0% used [0x0000000700000000, 0x0000000700000000, 0x0000000720000000)
  from space 131072K, 100% used [0x0000000728000000, 0x0000000730000000, 0x0000000730000000)
  to   space 131072K,   0% used [0x0000000720000000, 0x0000000720000000, 0x0000000728000000)
 concurrent mark-sweep generation total 2359296K, used 864794K [0x0000000730000000, 0x00000007c0000000, 0x00000007c0000000)
 Metaspace       used 97495K, capacity 103063K, committed 103392K, reserved 1140736K
  class space    used 10089K, capacity 11259K, committed 11376K, reserved 1048576K
}
2018-01-03T22:37:38.811-0200: 7832,102: Total time for which application threads were stopped: 0,1253960 seconds, Stopping threads took: 0,0000622 seconds
{Heap before GC invocations=209 (full 2):
 par new generation   total 655360K, used 655360K [0x0000000700000000, 0x0000000730000000, 0x0000000730000000)
  eden space 524288K, 100% used [0x0000000700000000, 0x0000000720000000, 0x0000000720000000)
  from space 131072K, 100% used [0x0000000728000000, 0x0000000730000000, 0x0000000730000000)
  to   space 131072K,   0% used [0x0000000720000000, 0x0000000720000000, 0x0000000728000000)
 concurrent mark-sweep generation total 2359296K, used 864794K [0x0000000730000000, 0x00000007c0000000, 0x00000007c0000000)
 Metaspace       used 97495K, capacity 103063K, committed 103392K, reserved 1140736K
  class space    used 10089K, capacity 11259K, committed 11376K, reserved 1048576K
2018-01-03T22:37:40.529-0200: 7833,821: [GC (Allocation Failure) 2018-01-03T22:37:40.536-0200: 7833,828: [ParNew
Desired survivor size 120795952 bytes, new threshold 8 (max 8)
- age   1:   20244472 bytes,   20244472 total
- age   2:   17598784 bytes,   37843256 total
- age   3:   15223744 bytes,   53067000 total
- age   4:   13236504 bytes,   66303504 total
- age   5:   13598040 bytes,   79901544 total
- age   6:   12303584 bytes,   92205128 total
- age   7:   12320008 bytes,  104525136 total
- age   8:    8898776 bytes,  113423912 total
: 655360K->131072K(655360K), 0,1141382 secs] 1520154K->1004052K(3014656K), 0,1212020 secs] [Times: user=0,11 sys=0,00, real=0,12 secs] 
Heap after GC invocations=210 (full 2):
 par new generation   total 655360K, used 131072K [0x0000000700000000, 0x0000000730000000, 0x0000000730000000)
  eden space 524288K,   0% used [0x0000000700000000, 0x0000000700000000, 0x0000000720000000)
  from space 131072K, 100% used [0x0000000720000000, 0x0000000728000000, 0x0000000728000000)
  to   space 131072K,   0% used [0x0000000728000000, 0x0000000728000000, 0x0000000730000000)
 concurrent mark-sweep generation total 2359296K, used 872980K [0x0000000730000000, 0x00000007c0000000, 0x00000007c0000000)
 Metaspace       used 97495K, capacity 103063K, committed 103392K, reserved 1140736K
  class space    used 10089K, capacity 11259K, committed 11376K, reserved 1048576K
}
2018-01-03T22:37:40.650-0200: 7833,942: Total time for which application threads were stopped: 0,1214312 seconds, Stopping threads took: 0,0000330 seconds
{Heap before GC invocations=210 (full 2):
 par new generation   total 655360K, used 655360K [0x0000000700000000, 0x0000000730000000, 0x0000000730000000)
  eden space 524288K, 100% used [0x0000000700000000, 0x0000000720000000, 0x0000000720000000)
  from space 131072K, 100% used [0x0000000720000000, 0x0000000728000000, 0x0000000728000000)
  to   space 131072K,   0% used [0x0000000728000000, 0x0000000728000000, 0x0000000730000000)
 concurrent mark-sweep generation total 2359296K, used 872980K [0x0000000730000000, 0x00000007c0000000, 0x00000007c0000000)
 Metaspace       used 97495K, capacity 103063K, committed 103392K, reserved 1140736K
  class space    used 10089K, capacity 11259K, committed 11376K, reserved 1048576K
2018-01-03T22:37:41.953-0200: 7835,244: [GC (Allocation Failure) 2018-01-03T22:37:41.953-0200: 7835,244: [ParNew
Desired survivor size 120795952 bytes, new threshold 8 (max 8)
- age   1:   13018560 bytes,   13018560 total
- age   2:   14396624 bytes,   27415184 total
- age   3:   14673392 bytes,   42088576 total
- age   4:   12328192 bytes,   54416768 total
- age   5:   10322056 bytes,   64738824 total
- age   6:   10686784 bytes,   75425608 total
- age   7:    9395520 bytes,   84821128 total
- age   8:    9426992 bytes,   94248120 total
: 655360K->111849K(655360K), 0,1153563 secs] 1528340K->992221K(3014656K), 0,1154120 secs] [Times: user=0,09 sys=0,00, real=0,12 secs] 
Heap after GC invocations=211 (full 2):
 par new generation   total 655360K, used 111849K [0x0000000700000000, 0x0000000730000000, 0x0000000730000000)
  eden space 524288K,   0% used [0x0000000700000000, 0x0000000700000000, 0x0000000720000000)
  from space 131072K,  85% used [0x0000000728000000, 0x000000072ed3a500, 0x0000000730000000)
  to   space 131072K,   0% used [0x0000000720000000, 0x0000000720000000, 0x0000000728000000)
 concurrent mark-sweep generation total 2359296K, used 880372K [0x0000000730000000, 0x00000007c0000000, 0x00000007c0000000)
 Metaspace       used 97495K, capacity 103063K, committed 103392K, reserved 1140736K
  class space    used 10089K, capacity 11259K, committed 11376K, reserved 1048576K
}
2018-01-03T22:37:42.068-0200: 7835,360: Total time for which application threads were stopped: 0,1155848 seconds, Stopping threads took: 0,0000279 seconds
{Heap before GC invocations=211 (full 2):
 par new generation   total 655360K, used 636137K [0x0000000700000000, 0x0000000730000000, 0x0000000730000000)
  eden space 524288K, 100% used [0x0000000700000000, 0x0000000720000000, 0x0000000720000000)
  from space 131072K,  85% used [0x0000000728000000, 0x000000072ed3a500, 0x0000000730000000)
  to   space 131072K,   0% used [0x0000000720000000, 0x0000000720000000, 0x0000000728000000)
 concurrent mark-sweep generation total 2359296K, used 880372K [0x0000000730000000, 0x00000007c0000000, 0x00000007c0000000)
 Metaspace       used 97495K, capacity 103063K, committed 103392K, reserved 1140736K
  class space    used 10089K, capacity 11259K, committed 11376K, reserved 1048576K
2018-01-03T22:37:43.273-0200: 7836,565: [GC (Allocation Failure) 2018-01-03T22:37:43.273-0200: 7836,565: [ParNew
Desired survivor size 120795952 bytes, new threshold 8 (max 8)
- age   1:   21491616 bytes,   21491616 total
- age   2:   10588040 bytes,   32079656 total
- age   3:   14396624 bytes,   46476280 total
- age   4:   16762032 bytes,   63238312 total
- age   5:   12327952 bytes,   75566264 total
- age   6:   10322056 bytes,   85888320 total
- age   7:   10686784 bytes,   96575104 total
- age   8:    9395312 bytes,  105970416 total
: 636137K->131072K(655360K), 0,1112048 secs] 1516509K->1020663K(3014656K), 0,1112543 secs] [Times: user=0,11 sys=0,00, real=0,12 secs] 
Heap after GC invocations=212 (full 2):
 par new generation   total 655360K, used 131072K [0x0000000700000000, 0x0000000730000000, 0x0000000730000000)
  eden space 524288K,   0% used [0x0000000700000000, 0x0000000700000000, 0x0000000720000000)
  from space 131072K, 100% used [0x0000000720000000, 0x0000000728000000, 0x0000000728000000)
  to   space 131072K,   0% used [0x0000000728000000, 0x0000000728000000, 0x0000000730000000)
 concurrent mark-sweep generation total 2359296K, used 889591K [0x0000000730000000, 0x00000007c0000000, 0x00000007c0000000)
 Metaspace       used 97495K, capacity 103063K, committed 103392K, reserved 1140736K
  class space    used 10089K, capacity 11259K, committed 11376K, reserved 1048576K
}
2018-01-03T22:37:43.384-0200: 7836,676: Total time for which application threads were stopped: 0,1114194 seconds, Stopping threads took: 0,0000272 seconds
2018-01-03T22:37:44.462-0200: 7837,754: Total time for which application threads were stopped: 0,0038927 seconds, Stopping threads took: 0,0029772 seconds
{Heap before GC invocations=212 (full 2):
 par new generation   total 655360K, used 655360K [0x0000000700000000, 0x0000000730000000, 0x0000000730000000)
  eden space 524288K, 100% used [0x0000000700000000, 0x0000000720000000, 0x0000000720000000)
  from space 131072K, 100% used [0x0000000720000000, 0x0000000728000000, 0x0000000728000000)
  to   space 131072K,   0% used [0x0000000728000000, 0x0000000728000000, 0x0000000730000000)
 concurrent mark-sweep generation total 2359296K, used 889591K [0x0000000730000000, 0x00000007c0000000, 0x00000007c0000000)
 Metaspace       used 97495K, capacity 103063K, committed 103392K, reserved 1140736K
  class space    used 10089K, capacity 11259K, committed 11376K, reserved 1048576K
2018-01-03T22:37:44.672-0200: 7837,964: [GC (Allocation Failure) 2018-01-03T22:37:44.672-0200: 7837,964: [ParNew
Desired survivor size 120795952 bytes, new threshold 8 (max 8)
- age   1:   23385056 bytes,   23385056 total
- age   2:   14911912 bytes,   38296968 total
- age   3:    9234776 bytes,   47531744 total
- age   4:   14321408 bytes,   61853152 total
- age   5:   14470664 bytes,   76323816 total
- age   6:   12122032 bytes,   88445848 total
- age   7:   10131224 bytes,   98577072 total
- age   8:   10485872 bytes,  109062944 total
: 655360K->131072K(655360K), 0,1202014 secs] 1544951K->1031183K(3014656K), 0,1202596 secs] [Times: user=0,11 sys=0,00, real=0,12 secs] 
Heap after GC invocations=213 (full 2):
 par new generation   total 655360K, used 131072K [0x0000000700000000, 0x0000000730000000, 0x0000000730000000)
  eden space 524288K,   0% used [0x0000000700000000, 0x0000000700000000, 0x0000000720000000)
  from space 131072K, 100% used [0x0000000728000000, 0x0000000730000000, 0x0000000730000000)
  to   space 131072K,   0% used [0x0000000720000000, 0x0000000720000000, 0x0000000728000000)
 concurrent mark-sweep generation total 2359296K, used 900111K [0x0000000730000000, 0x00000007c0000000, 0x00000007c0000000)
 Metaspace       used 97495K, capacity 103063K, committed 103392K, reserved 1140736K
  class space    used 10089K, capacity 11259K, committed 11376K, reserved 1048576K
}
2018-01-03T22:37:44.792-0200: 7838,084: Total time for which application threads were stopped: 0,1229297 seconds, Stopping threads took: 0,0025204 seconds
2018-01-03T22:37:46.195-0200: 7839,486: Total time for which application threads were stopped: 0,0035783 seconds, Stopping threads took: 0,0021842 seconds
2018-01-03T22:37:46.196-0200: 7839,488: Total time for which application threads were stopped: 0,0001488 seconds, Stopping threads took: 0,0000149 seconds
2018-01-03T22:37:46.196-0200: 7839,488: Total time for which application threads were stopped: 0,0000979 seconds, Stopping threads took: 0,0000058 seconds
2018-01-03T22:37:46.198-0200: 7839,490: Total time for which application threads were stopped: 0,0002081 seconds, Stopping threads took: 0,0000391 seconds
2018-01-03T22:37:46.199-0200: 7839,490: Total time for which application threads were stopped: 0,0001435 seconds, Stopping threads took: 0,0000063 seconds
{Heap before GC invocations=213 (full 2):
 par new generation   total 655360K, used 655360K [0x0000000700000000, 0x0000000730000000, 0x0000000730000000)
  eden space 524288K, 100% used [0x0000000700000000, 0x0000000720000000, 0x0000000720000000)
  from space 131072K, 100% used [0x0000000728000000, 0x0000000730000000, 0x0000000730000000)
  to   space 131072K,   0% used [0x0000000720000000, 0x0000000720000000, 0x0000000728000000)
 concurrent mark-sweep generation total 2359296K, used 900111K [0x0000000730000000, 0x00000007c0000000, 0x00000007c0000000)
 Metaspace       used 97495K, capacity 103063K, committed 103392K, reserved 1140736K
  class space    used 10089K, capacity 11259K, committed 11376K, reserved 1048576K
2018-01-03T22:37:46.236-0200: 7839,528: [GC (Allocation Failure) 2018-01-03T22:37:46.238-0200: 7839,530: [ParNew
Desired survivor size 120795952 bytes, new threshold 8 (max 8)
- age   1:    7375552 bytes,    7375552 total
- age   2:    6751544 bytes,   14127096 total
- age   3:    6830976 bytes,   20958072 total
- age   4:    4316240 bytes,   25274312 total
- age   5:   14321408 bytes,   39595720 total
- age   6:   14470664 bytes,   54066384 total
- age   7:   12122032 bytes,   66188416 total
- age   8:   10131224 bytes,   76319640 total
: 655360K->131072K(655360K), 0,0949952 secs] 1555471K->1041423K(3014656K), 0,0966031 secs] [Times: user=0,09 sys=0,00, real=0,09 secs] 
Heap after GC invocations=214 (full 2):
 par new generation   total 655360K, used 131072K [0x0000000700000000, 0x0000000730000000, 0x0000000730000000)
  eden space 524288K,   0% used [0x0000000700000000, 0x0000000700000000, 0x0000000720000000)
  from space 131072K, 100% used [0x0000000720000000, 0x0000000728000000, 0x0000000728000000)
  to   space 131072K,   0% used [0x0000000728000000, 0x0000000728000000, 0x0000000730000000)
 concurrent mark-sweep generation total 2359296K, used 910351K [0x0000000730000000, 0x00000007c0000000, 0x00000007c0000000)
 Metaspace       used 97495K, capacity 103063K, committed 103392K, reserved 1140736K
  class space    used 10089K, capacity 11259K, committed 11376K, reserved 1048576K
}
2018-01-03T22:37:46.333-0200: 7839,625: Total time for which application threads were stopped: 0,0967583 seconds, Stopping threads took: 0,0000207 seconds
{Heap before GC invocations=214 (full 2):
 par new generation   total 655360K, used 655360K [0x0000000700000000, 0x0000000730000000, 0x0000000730000000)
  eden space 524288K, 100% used [0x0000000700000000, 0x0000000720000000, 0x0000000720000000)
  from space 131072K, 100% used [0x0000000720000000, 0x0000000728000000, 0x0000000728000000)
  to   space 131072K,   0% used [0x0000000728000000, 0x0000000728000000, 0x0000000730000000)
 concurrent mark-sweep generation total 2359296K, used 910351K [0x0000000730000000, 0x00000007c0000000, 0x00000007c0000000)
 Metaspace       used 97495K, capacity 103063K, committed 103392K, reserved 1140736K
  class space    used 10089K, capacity 11259K, committed 11376K, reserved 1048576K
2018-01-03T22:37:47.514-0200: 7840,805: [GC (Allocation Failure) 2018-01-03T22:37:47.514-0200: 7840,806: [ParNew
Desired survivor size 120795952 bytes, new threshold 8 (max 8)
- age   1:   20084728 bytes,   20084728 total
- age   2:    6420224 bytes,   26504952 total
- age   3:    6751424 bytes,   33256376 total
- age   4:    6830976 bytes,   40087352 total
- age   5:    4316240 bytes,   44403592 total
- age   6:   14321408 bytes,   58725000 total
- age   7:   14470664 bytes,   73195664 total
- age   8:   12122032 bytes,   85317696 total
: 655360K->100964K(655360K), 0,1064398 secs] 1565711K->1021210K(3014656K), 0,1069488 secs] [Times: user=0,11 sys=0,00, real=0,11 secs] 
Heap after GC invocations=215 (full 2):
 par new generation   total 655360K, used 100964K [0x0000000700000000, 0x0000000730000000, 0x0000000730000000)
  eden space 524288K,   0% used [0x0000000700000000, 0x0000000700000000, 0x0000000720000000)
  from space 131072K,  77% used [0x0000000728000000, 0x000000072e299268, 0x0000000730000000)
  to   space 131072K,   0% used [0x0000000720000000, 0x0000000720000000, 0x0000000728000000)
 concurrent mark-sweep generation total 2359296K, used 920245K [0x0000000730000000, 0x00000007c0000000, 0x00000007c0000000)
 Metaspace       used 97495K, capacity 103063K, committed 103392K, reserved 1140736K
  class space    used 10089K, capacity 11259K, committed 11376K, reserved 1048576K
}
2018-01-03T22:37:47.621-0200: 7840,912: Total time for which application threads were stopped: 0,1071199 seconds, Stopping threads took: 0,0000280 seconds
{Heap before GC invocations=215 (full 2):
 par new generation   total 655360K, used 625252K [0x0000000700000000, 0x0000000730000000, 0x0000000730000000)
  eden space 524288K, 100% used [0x0000000700000000, 0x0000000720000000, 0x0000000720000000)
  from space 131072K,  77% used [0x0000000728000000, 0x000000072e299268, 0x0000000730000000)
  to   space 131072K,   0% used [0x0000000720000000, 0x0000000720000000, 0x0000000728000000)
 concurrent mark-sweep generation total 2359296K, used 920245K [0x0000000730000000, 0x00000007c0000000, 0x00000007c0000000)
 Metaspace       used 97495K, capacity 103063K, committed 103392K, reserved 1140736K
  class space    used 10089K, capacity 11259K, committed 11376K, reserved 1048576K
2018-01-03T22:37:48.860-0200: 7842,152: [GC (Allocation Failure) 2018-01-03T22:37:48.860-0200: 7842,152: [ParNew
Desired survivor size 120795952 bytes, new threshold 8 (max 8)
- age   1:   23469656 bytes,   23469656 total
- age   2:   15699872 bytes,   39169528 total
- age   3:    6411328 bytes,   45580856 total
- age   4:    6751424 bytes,   52332280 total
- age   5:    6830976 bytes,   59163256 total
- age   6:    4316240 bytes,   63479496 total
- age   7:   14321408 bytes,   77800904 total
- age   8:   14470664 bytes,   92271568 total
: 625252K->128987K(655360K), 0,1260906 secs] 1545498K->1061071K(3014656K), 0,1261505 secs] [Times: user=0,11 sys=0,01, real=0,13 secs] 
Heap after GC invocations=216 (full 2):
 par new generation   total 655360K, used 128987K [0x0000000700000000, 0x0000000730000000, 0x0000000730000000)
  eden space 524288K,   0% used [0x0000000700000000, 0x0000000700000000, 0x0000000720000000)
  from space 131072K,  98% used [0x0000000720000000, 0x0000000727df6c20, 0x0000000728000000)
  to   space 131072K,   0% used [0x0000000728000000, 0x0000000728000000, 0x0000000730000000)
 concurrent mark-sweep generation total 2359296K, used 932084K [0x0000000730000000, 0x00000007c0000000, 0x00000007c0000000)
 Metaspace       used 97495K, capacity 103063K, committed 103392K, reserved 1140736K
  class space    used 10089K, capacity 11259K, committed 11376K, reserved 1048576K
}
2018-01-03T22:37:48.986-0200: 7842,278: Total time for which application threads were stopped: 0,1263234 seconds, Stopping threads took: 0,0000270 seconds
{Heap before GC invocations=216 (full 2):
 par new generation   total 655360K, used 653275K [0x0000000700000000, 0x0000000730000000, 0x0000000730000000)
  eden space 524288K, 100% used [0x0000000700000000, 0x0000000720000000, 0x0000000720000000)
  from space 131072K,  98% used [0x0000000720000000, 0x0000000727df6c20, 0x0000000728000000)
  to   space 131072K,   0% used [0x0000000728000000, 0x0000000728000000, 0x0000000730000000)
 concurrent mark-sweep generation total 2359296K, used 932084K [0x0000000730000000, 0x00000007c0000000, 0x00000007c0000000)
 Metaspace       used 97495K, capacity 103063K, committed 103392K, reserved 1140736K
  class space    used 10089K, capacity 11259K, committed 11376K, reserved 1048576K
2018-01-03T22:37:50.242-0200: 7843,533: [GC (Allocation Failure) 2018-01-03T22:37:50.242-0200: 7843,534: [ParNew
Desired survivor size 120795952 bytes, new threshold 8 (max 8)
- age   1:   25068840 bytes,   25068840 total
- age   2:   17004200 bytes,   42073040 total
- age   3:   15568784 bytes,   57641824 total
- age   4:    6410760 bytes,   64052584 total
- age   5:    6751424 bytes,   70804008 total
- age   6:    6830976 bytes,   77634984 total
- age   7:    4316240 bytes,   81951224 total
- age   8:   14321408 bytes,   96272632 total
: 653275K->117489K(655360K), 0,1255192 secs] 1585359K->1063706K(3014656K), 0,1259901 secs] [Times: user=0,12 sys=0,01, real=0,13 secs] 
Heap after GC invocations=217 (full 2):
 par new generation   total 655360K, used 117489K [0x0000000700000000, 0x0000000730000000, 0x0000000730000000)
  eden space 524288K,   0% used [0x0000000700000000, 0x0000000700000000, 0x0000000720000000)
  from space 131072K,  89% used [0x0000000728000000, 0x000000072f2bc658, 0x0000000730000000)
  to   space 131072K,   0% used [0x0000000720000000, 0x0000000720000000, 0x0000000728000000)
 concurrent mark-sweep generation total 2359296K, used 946216K [0x0000000730000000, 0x00000007c0000000, 0x00000007c0000000)
 Metaspace       used 97495K, capacity 103063K, committed 103392K, reserved 1140736K
  class space    used 10089K, capacity 11259K, committed 11376K, reserved 1048576K
}
2018-01-03T22:37:50.368-0200: 7843,659: Total time for which application threads were stopped: 0,1261674 seconds, Stopping threads took: 0,0000281 seconds
{Heap before GC invocations=217 (full 2):
 par new generation   total 655360K, used 641777K [0x0000000700000000, 0x0000000730000000, 0x0000000730000000)
  eden space 524288K, 100% used [0x0000000700000000, 0x0000000720000000, 0x0000000720000000)
  from space 131072K,  89% used [0x0000000728000000, 0x000000072f2bc658, 0x0000000730000000)
  to   space 131072K,   0% used [0x0000000720000000, 0x0000000720000000, 0x0000000728000000)
 concurrent mark-sweep generation total 2359296K, used 946216K [0x0000000730000000, 0x00000007c0000000, 0x00000007c0000000)
 Metaspace       used 97495K, capacity 103063K, committed 103392K, reserved 1140736K
  class space    used 10089K, capacity 11259K, committed 11376K, reserved 1048576K
2018-01-03T22:37:51.783-0200: 7845,075: [GC (Allocation Failure) 2018-01-03T22:37:51.789-0200: 7845,080: [ParNew
Desired survivor size 120795952 bytes, new threshold 8 (max 8)
- age   1:   26975816 bytes,   26975816 total
- age   2:   17591712 bytes,   44567528 total
- age   3:   15955472 bytes,   60523000 total
- age   4:   15568784 bytes,   76091784 total
- age   5:    6410760 bytes,   82502544 total
- age   6:    6751424 bytes,   89253968 total
- age   7:    6830976 bytes,   96084944 total
- age   8:    4316240 bytes,  100401184 total
: 641777K->125349K(655360K), 0,1393925 secs] 1587994K->1085552K(3014656K), 0,1453108 secs] [Times: user=0,14 sys=0,00, real=0,14 secs] 
Heap after GC invocations=218 (full 2):
 par new generation   total 655360K, used 125349K [0x0000000700000000, 0x0000000730000000, 0x0000000730000000)
  eden space 524288K,   0% used [0x0000000700000000, 0x0000000700000000, 0x0000000720000000)
  from space 131072K,  95% used [0x0000000720000000, 0x0000000727a69790, 0x0000000728000000)
  to   space 131072K,   0% used [0x0000000728000000, 0x0000000728000000, 0x0000000730000000)
 concurrent mark-sweep generation total 2359296K, used 960202K [0x0000000730000000, 0x00000007c0000000, 0x00000007c0000000)
 Metaspace       used 97495K, capacity 103063K, committed 103392K, reserved 1140736K
  class space    used 10089K, capacity 11259K, committed 11376K, reserved 1048576K
}
2018-01-03T22:37:51.928-0200: 7845,220: Total time for which application threads were stopped: 0,1510554 seconds, Stopping threads took: 0,0006569 seconds
{Heap before GC invocations=218 (full 2):
 par new generation   total 655360K, used 649537K [0x0000000700000000, 0x0000000730000000, 0x0000000730000000)
  eden space 524288K,  99% used [0x0000000700000000, 0x000000071ffe6d20, 0x0000000720000000)
  from space 131072K,  95% used [0x0000000720000000, 0x0000000727a69790, 0x0000000728000000)
  to   space 131072K,   0% used [0x0000000728000000, 0x0000000728000000, 0x0000000730000000)
 concurrent mark-sweep generation total 2359296K, used 960202K [0x0000000730000000, 0x00000007c0000000, 0x00000007c0000000)
 Metaspace       used 97495K, capacity 103063K, committed 103392K, reserved 1140736K
  class space    used 10089K, capacity 11259K, committed 11376K, reserved 1048576K
2018-01-03T22:37:53.359-0200: 7846,650: [GC (Allocation Failure) 2018-01-03T22:37:53.359-0200: 7846,650: [ParNew
Desired survivor size 120795952 bytes, new threshold 8 (max 8)
- age   1:   31877584 bytes,   31877584 total
- age   2:   17073632 bytes,   48951216 total
- age   3:   16202920 bytes,   65154136 total
- age   4:   15091528 bytes,   80245664 total
- age   5:   15222752 bytes,   95468416 total
- age   6:    6268592 bytes,  101737008 total
- age   7:    6740624 bytes,  108477632 total
- age   8:    6830976 bytes,  115308608 total
: 649537K->131072K(655360K), 0,1357718 secs] 1609740K->1098068K(3014656K), 0,1358482 secs] [Times: user=0,14 sys=0,00, real=0,14 secs] 
Heap after GC invocations=219 (full 2):
 par new generation   total 655360K, used 131072K [0x0000000700000000, 0x0000000730000000, 0x0000000730000000)
  eden space 524288K,   0% used [0x0000000700000000, 0x0000000700000000, 0x0000000720000000)
  from space 131072K, 100% used [0x0000000728000000, 0x0000000730000000, 0x0000000730000000)
  to   space 131072K,   0% used [0x0000000720000000, 0x0000000720000000, 0x0000000728000000)
 concurrent mark-sweep generation total 2359296K, used 966996K [0x0000000730000000, 0x00000007c0000000, 0x00000007c0000000)
 Metaspace       used 97495K, capacity 103063K, committed 103392K, reserved 1140736K
  class space    used 10089K, capacity 11259K, committed 11376K, reserved 1048576K
}
2018-01-03T22:37:53.494-0200: 7846,786: Total time for which application threads were stopped: 0,1360704 seconds, Stopping threads took: 0,0000323 seconds
{Heap before GC invocations=219 (full 2):
 par new generation   total 655360K, used 655360K [0x0000000700000000, 0x0000000730000000, 0x0000000730000000)
  eden space 524288K, 100% used [0x0000000700000000, 0x0000000720000000, 0x0000000720000000)
  from space 131072K, 100% used [0x0000000728000000, 0x0000000730000000, 0x0000000730000000)
  to   space 131072K,   0% used [0x0000000720000000, 0x0000000720000000, 0x0000000728000000)
 concurrent mark-sweep generation total 2359296K, used 966996K [0x0000000730000000, 0x00000007c0000000, 0x00000007c0000000)
 Metaspace       used 97495K, capacity 103063K, committed 103392K, reserved 1140736K
  class space    used 10089K, capacity 11259K, committed 11376K, reserved 1048576K
2018-01-03T22:37:54.833-0200: 7848,124: [GC (Allocation Failure) 2018-01-03T22:37:54.833-0200: 7848,125: [ParNew
Desired survivor size 120795952 bytes, new threshold 8 (max 8)
- age   1:   25365912 bytes,   25365912 total
- age   2:   15416584 bytes,   40782496 total
- age   3:   13327592 bytes,   54110088 total
- age   4:   14423192 bytes,   68533280 total
- age   5:   15016184 bytes,   83549464 total
- age   6:   15214048 bytes,   98763512 total
- age   7:    6237552 bytes,  105001064 total
- age   8:    6740624 bytes,  111741688 total
: 655360K->131072K(655360K), 0,1348169 secs] 1622356K->1117380K(3014656K), 0,1353487 secs] [Times: user=0,12 sys=0,00, real=0,14 secs] 
Heap after GC invocations=220 (full 2):
 par new generation   total 655360K, used 131072K [0x0000000700000000, 0x0000000730000000, 0x0000000730000000)
  eden space 524288K,   0% used [0x0000000700000000, 0x0000000700000000, 0x0000000720000000)
  from space 131072K, 100% used [0x0000000720000000, 0x0000000728000000, 0x0000000728000000)
  to   space 131072K,   0% used [0x0000000728000000, 0x0000000728000000, 0x0000000730000000)
 concurrent mark-sweep generation total 2359296K, used 986308K [0x0000000730000000, 0x00000007c0000000, 0x00000007c0000000)
 Metaspace       used 97495K, capacity 103063K, committed 103392K, reserved 1140736K
  class space    used 10089K, capacity 11259K, committed 11376K, reserved 1048576K
}
2018-01-03T22:37:54.968-0200: 7848,260: Total time for which application threads were stopped: 0,1355267 seconds, Stopping threads took: 0,0000306 seconds
{Heap before GC invocations=220 (full 2):
 par new generation   total 655360K, used 655360K [0x0000000700000000, 0x0000000730000000, 0x0000000730000000)
  eden space 524288K, 100% used [0x0000000700000000, 0x0000000720000000, 0x0000000720000000)
  from space 131072K, 100% used [0x0000000720000000, 0x0000000728000000, 0x0000000728000000)
  to   space 131072K,   0% used [0x0000000728000000, 0x0000000728000000, 0x0000000730000000)
 concurrent mark-sweep generation total 2359296K, used 986308K [0x0000000730000000, 0x00000007c0000000, 0x00000007c0000000)
 Metaspace       used 97496K, capacity 103063K, committed 103392K, reserved 1140736K
  class space    used 10089K, capacity 11259K, committed 11376K, reserved 1048576K
2018-01-03T22:37:57.029-0200: 7850,321: [GC (Allocation Failure) 2018-01-03T22:37:57.029-0200: 7850,321: [ParNew
Desired survivor size 120795952 bytes, new threshold 8 (max 8)
- age   1:   25142472 bytes,   25142472 total
- age   2:   12832392 bytes,   37974864 total
- age   3:   13023488 bytes,   50998352 total
- age   4:   10993872 bytes,   61992224 total
- age   5:   12277352 bytes,   74269576 total
- age   6:   12690800 bytes,   86960376 total
- age   7:   12875568 bytes,   99835944 total
- age   8:    5555648 bytes,  105391592 total
: 655360K->131072K(655360K), 0,1214186 secs] 1641668K->1125538K(3014656K), 0,1214718 secs] [Times: user=0,12 sys=0,00, real=0,12 secs] 
Heap after GC invocations=221 (full 2):
 par new generation   total 655360K, used 131072K [0x0000000700000000, 0x0000000730000000, 0x0000000730000000)
  eden space 524288K,   0% used [0x0000000700000000, 0x0000000700000000, 0x0000000720000000)
  from space 131072K, 100% used [0x0000000728000000, 0x0000000730000000, 0x0000000730000000)
  to   space 131072K,   0% used [0x0000000720000000, 0x0000000720000000, 0x0000000728000000)
 concurrent mark-sweep generation total 2359296K, used 994466K [0x0000000730000000, 0x00000007c0000000, 0x00000007c0000000)
 Metaspace       used 97496K, capacity 103063K, committed 103392K, reserved 1140736K
  class space    used 10089K, capacity 11259K, committed 11376K, reserved 1048576K
}
2018-01-03T22:37:57.151-0200: 7850,442: Total time for which application threads were stopped: 0,1216571 seconds, Stopping threads took: 0,0000296 seconds
{Heap before GC invocations=221 (full 2):
 par new generation   total 655360K, used 655360K [0x0000000700000000, 0x0000000730000000, 0x0000000730000000)
  eden space 524288K, 100% used [0x0000000700000000, 0x0000000720000000, 0x0000000720000000)
  from space 131072K, 100% used [0x0000000728000000, 0x0000000730000000, 0x0000000730000000)
  to   space 131072K,   0% used [0x0000000720000000, 0x0000000720000000, 0x0000000728000000)
 concurrent mark-sweep generation total 2359296K, used 994466K [0x0000000730000000, 0x00000007c0000000, 0x00000007c0000000)
 Metaspace       used 97496K, capacity 103063K, committed 103392K, reserved 1140736K
  class space    used 10089K, capacity 11259K, committed 11376K, reserved 1048576K
2018-01-03T22:37:58.171-0200: 7851,463: [GC (Allocation Failure) 2018-01-03T22:37:58.172-0200: 7851,463: [ParNew
Desired survivor size 120795952 bytes, new threshold 8 (max 8)
- age   1:    7514376 bytes,    7514376 total
- age   2:   18417088 bytes,   25931464 total
- age   3:    9952144 bytes,   35883608 total
- age   4:   10149472 bytes,   46033080 total
- age   5:    8109336 bytes,   54142416 total
- age   6:    9392440 bytes,   63534856 total
- age   7:    9823168 bytes,   73358024 total
- age   8:   10011128 bytes,   83369152 total
: 655360K->130506K(655360K), 0,1024076 secs] 1649826K->1129919K(3014656K), 0,1028675 secs] [Times: user=0,09 sys=0,00, real=0,10 secs] 
Heap after GC invocations=222 (full 2):
 par new generation   total 655360K, used 130506K [0x0000000700000000, 0x0000000730000000, 0x0000000730000000)
  eden space 524288K,   0% used [0x0000000700000000, 0x0000000700000000, 0x0000000720000000)
  from space 131072K,  99% used [0x0000000720000000, 0x0000000727f72b58, 0x0000000728000000)
  to   space 131072K,   0% used [0x0000000728000000, 0x0000000728000000, 0x0000000730000000)
 concurrent mark-sweep generation total 2359296K, used 999412K [0x0000000730000000, 0x00000007c0000000, 0x00000007c0000000)
 Metaspace       used 97496K, capacity 103063K, committed 103392K, reserved 1140736K
  class space    used 10089K, capacity 11259K, committed 11376K, reserved 1048576K
}
2018-01-03T22:37:58.274-0200: 7851,566: Total time for which application threads were stopped: 0,1030402 seconds, Stopping threads took: 0,0000269 seconds
2018-01-03T22:37:59.474-0200: 7852,765: Total time for which application threads were stopped: 0,0048839 seconds, Stopping threads took: 0,0037927 seconds
{Heap before GC invocations=222 (full 2):
 par new generation   total 655360K, used 654794K [0x0000000700000000, 0x0000000730000000, 0x0000000730000000)
  eden space 524288K, 100% used [0x0000000700000000, 0x0000000720000000, 0x0000000720000000)
  from space 131072K,  99% used [0x0000000720000000, 0x0000000727f72b58, 0x0000000728000000)
  to   space 131072K,   0% used [0x0000000728000000, 0x0000000728000000, 0x0000000730000000)
 concurrent mark-sweep generation total 2359296K, used 999412K [0x0000000730000000, 0x00000007c0000000, 0x00000007c0000000)
 Metaspace       used 97496K, capacity 103063K, committed 103392K, reserved 1140736K
  class space    used 10089K, capacity 11259K, committed 11376K, reserved 1048576K
2018-01-03T22:37:59.779-0200: 7853,070: [GC (Allocation Failure) 2018-01-03T22:37:59.785-0200: 7853,076: [ParNew
Desired survivor size 120795952 bytes, new threshold 8 (max 8)
- age   1:   19030904 bytes,   19030904 total
- age   2:    4958016 bytes,   23988920 total
- age   3:   18417088 bytes,   42406008 total
- age   4:    9943696 bytes,   52349704 total
- age   5:   10149472 bytes,   62499176 total
- age   6:    8109336 bytes,   70608512 total
- age   7:    9392440 bytes,   80000952 total
- age   8:    9823168 bytes,   89824120 total
: 654794K->116137K(655360K), 0,1164286 secs] 1654207K->1125326K(3014656K), 0,1224270 secs] [Times: user=0,11 sys=0,01, real=0,12 secs] 
Heap after GC invocations=223 (full 2):
 par new generation   total 655360K, used 116137K [0x0000000700000000, 0x0000000730000000, 0x0000000730000000)
  eden space 524288K,   0% used [0x0000000700000000, 0x0000000700000000, 0x0000000720000000)
  from space 131072K,  88% used [0x0000000728000000, 0x000000072f16a790, 0x0000000730000000)
  to   space 131072K,   0% used [0x0000000720000000, 0x0000000720000000, 0x0000000728000000)
 concurrent mark-sweep generation total 2359296K, used 1009189K [0x0000000730000000, 0x00000007c0000000, 0x00000007c0000000)
 Metaspace       used 97496K, capacity 103063K, committed 103392K, reserved 1140736K
  class space    used 10089K, capacity 11259K, committed 11376K, reserved 1048576K
}
2018-01-03T22:37:59.901-0200: 7853,193: Total time for which application threads were stopped: 0,1226126 seconds, Stopping threads took: 0,0000339 seconds
2018-01-03T22:38:00.909-0200: 7854,201: Total time for which application threads were stopped: 0,0036994 seconds, Stopping threads took: 0,0024963 seconds
2018-01-03T22:38:01.193-0200: 7854,485: Total time for which application threads were stopped: 0,0066647 seconds, Stopping threads took: 0,0065510 seconds
2018-01-03T22:38:01.198-0200: 7854,489: Total time for which application threads were stopped: 0,0007222 seconds, Stopping threads took: 0,0005382 seconds
2018-01-03T22:38:01.199-0200: 7854,491: Total time for which application threads were stopped: 0,0004489 seconds, Stopping threads took: 0,0003415 seconds
2018-01-03T22:38:01.208-0200: 7854,500: Total time for which application threads were stopped: 0,0085059 seconds, Stopping threads took: 0,0083318 seconds
2018-01-03T22:38:01.209-0200: 7854,500: Total time for which application threads were stopped: 0,0002555 seconds, Stopping threads took: 0,0000096 seconds
{Heap before GC invocations=223 (full 2):
 par new generation   total 655360K, used 640425K [0x0000000700000000, 0x0000000730000000, 0x0000000730000000)
  eden space 524288K, 100% used [0x0000000700000000, 0x0000000720000000, 0x0000000720000000)
  from space 131072K,  88% used [0x0000000728000000, 0x000000072f16a790, 0x0000000730000000)
  to   space 131072K,   0% used [0x0000000720000000, 0x0000000720000000, 0x0000000728000000)
 concurrent mark-sweep generation total 2359296K, used 1009189K [0x0000000730000000, 0x00000007c0000000, 0x00000007c0000000)
 Metaspace       used 97496K, capacity 103063K, committed 103392K, reserved 1140736K
  class space    used 10089K, capacity 11259K, committed 11376K, reserved 1048576K
2018-01-03T22:38:01.880-0200: 7855,172: [GC (Allocation Failure) 2018-01-03T22:38:01.882-0200: 7855,173: [ParNew
Desired survivor size 120795952 bytes, new threshold 8 (max 8)
- age   1:   12031760 bytes,   12031760 total
- age   2:    6815136 bytes,   18846896 total
- age   3:    2429592 bytes,   21276488 total
- age   4:   18417088 bytes,   39693576 total
- age   5:    9943576 bytes,   49637152 total
- age   6:   10149472 bytes,   59786624 total
- age   7:    8109336 bytes,   67895960 total
- age   8:    9392440 bytes,   77288400 total
: 640425K->100143K(655360K), 0,1303641 secs] 1649614K->1118925K(3014656K), 0,1400550 secs] [Times: user=0,12 sys=0,00, real=0,14 secs] 
Heap after GC invocations=224 (full 2):
 par new generation   total 655360K, used 100143K [0x0000000700000000, 0x0000000730000000, 0x0000000730000000)
  eden space 524288K,   0% used [0x0000000700000000, 0x0000000700000000, 0x0000000720000000)
  from space 131072K,  76% used [0x0000000720000000, 0x00000007261cbf18, 0x0000000728000000)
  to   space 131072K,   0% used [0x0000000728000000, 0x0000000728000000, 0x0000000730000000)
 concurrent mark-sweep generation total 2359296K, used 1018782K [0x0000000730000000, 0x00000007c0000000, 0x00000007c0000000)
 Metaspace       used 97496K, capacity 103063K, committed 103392K, reserved 1140736K
  class space    used 10089K, capacity 11259K, committed 11376K, reserved 1048576K
}
2018-01-03T22:38:02.025-0200: 7855,317: Total time for which application threads were stopped: 0,1469674 seconds, Stopping threads took: 0,0000274 seconds
{Heap before GC invocations=224 (full 2):
 par new generation   total 655360K, used 624431K [0x0000000700000000, 0x0000000730000000, 0x0000000730000000)
  eden space 524288K, 100% used [0x0000000700000000, 0x0000000720000000, 0x0000000720000000)
  from space 131072K,  76% used [0x0000000720000000, 0x00000007261cbf18, 0x0000000728000000)
  to   space 131072K,   0% used [0x0000000728000000, 0x0000000728000000, 0x0000000730000000)
 concurrent mark-sweep generation total 2359296K, used 1018782K [0x0000000730000000, 0x00000007c0000000, 0x00000007c0000000)
 Metaspace       used 97496K, capacity 103063K, committed 103392K, reserved 1140736K
  class space    used 10089K, capacity 11259K, committed 11376K, reserved 1048576K
2018-01-03T22:38:03.618-0200: 7856,910: [GC (Allocation Failure) 2018-01-03T22:38:03.618-0200: 7856,910: [ParNew
Desired survivor size 120795952 bytes, new threshold 8 (max 8)
- age   1:   20867776 bytes,   20867776 total
- age   2:   10024224 bytes,   30892000 total
- age   3:    6815016 bytes,   37707016 total
- age   4:    2429592 bytes,   40136608 total
- age   5:   18417088 bytes,   58553696 total
- age   6:    9943576 bytes,   68497272 total
- age   7:   10149472 bytes,   78646744 total
- age   8:    8109336 bytes,   86756080 total
: 624431K->100625K(655360K), 0,1238182 secs] 1643213K->1128579K(3014656K), 0,1238856 secs] [Times: user=0,12 sys=0,00, real=0,13 secs] 
Heap after GC invocations=225 (full 2):
 par new generation   total 655360K, used 100625K [0x0000000700000000, 0x0000000730000000, 0x0000000730000000)
  eden space 524288K,   0% used [0x0000000700000000, 0x0000000700000000, 0x0000000720000000)
  from space 131072K,  76% used [0x0000000728000000, 0x000000072e2445c0, 0x0000000730000000)
  to   space 131072K,   0% used [0x0000000720000000, 0x0000000720000000, 0x0000000728000000)
 concurrent mark-sweep generation total 2359296K, used 1027954K [0x0000000730000000, 0x00000007c0000000, 0x00000007c0000000)
 Metaspace       used 97496K, capacity 103063K, committed 103392K, reserved 1140736K
  class space    used 10089K, capacity 11259K, committed 11376K, reserved 1048576K
}
2018-01-03T22:38:03.742-0200: 7857,034: Total time for which application threads were stopped: 0,1240978 seconds, Stopping threads took: 0,0000290 seconds
{Heap before GC invocations=225 (full 2):
 par new generation   total 655360K, used 624913K [0x0000000700000000, 0x0000000730000000, 0x0000000730000000)
  eden space 524288K, 100% used [0x0000000700000000, 0x0000000720000000, 0x0000000720000000)
  from space 131072K,  76% used [0x0000000728000000, 0x000000072e2445c0, 0x0000000730000000)
  to   space 131072K,   0% used [0x0000000720000000, 0x0000000720000000, 0x0000000728000000)
 concurrent mark-sweep generation total 2359296K, used 1027954K [0x0000000730000000, 0x00000007c0000000, 0x00000007c0000000)
 Metaspace       used 97496K, capacity 103063K, committed 103392K, reserved 1140736K
  class space    used 10089K, capacity 11259K, committed 11376K, reserved 1048576K
2018-01-03T22:38:05.080-0200: 7858,371: [GC (Allocation Failure) 2018-01-03T22:38:05.080-0200: 7858,371: [ParNew
Desired survivor size 120795952 bytes, new threshold 8 (max 8)
- age   1:   23022272 bytes,   23022272 total
- age   2:   16401688 bytes,   39423960 total
- age   3:    9990872 bytes,   49414832 total
- age   4:    6815016 bytes,   56229848 total
- age   5:    2429592 bytes,   58659440 total
- age   6:   18417088 bytes,   77076528 total
- age   7:    9943576 bytes,   87020104 total
- age   8:   10149472 bytes,   97169576 total
: 624913K->131072K(655360K), 0,1695351 secs] 1652867K->1166945K(3014656K), 0,1695928 secs] [Times: user=0,12 sys=0,02, real=0,17 secs] 
Heap after GC invocations=226 (full 2):
 par new generation   total 655360K, used 131072K [0x0000000700000000, 0x0000000730000000, 0x0000000730000000)
  eden space 524288K,   0% used [0x0000000700000000, 0x0000000700000000, 0x0000000720000000)
  from space 131072K, 100% used [0x0000000720000000, 0x0000000728000000, 0x0000000728000000)
  to   space 131072K,   0% used [0x0000000728000000, 0x0000000728000000, 0x0000000730000000)
 concurrent mark-sweep generation total 2359296K, used 1035873K [0x0000000730000000, 0x00000007c0000000, 0x00000007c0000000)
 Metaspace       used 97496K, capacity 103063K, committed 103392K, reserved 1140736K
  class space    used 10089K, capacity 11259K, committed 11376K, reserved 1048576K
}
2018-01-03T22:38:05.249-0200: 7858,541: Total time for which application threads were stopped: 0,1697753 seconds, Stopping threads took: 0,0000205 seconds
{Heap before GC invocations=226 (full 2):
 par new generation   total 655360K, used 655360K [0x0000000700000000, 0x0000000730000000, 0x0000000730000000)
  eden space 524288K, 100% used [0x0000000700000000, 0x0000000720000000, 0x0000000720000000)
  from space 131072K, 100% used [0x0000000720000000, 0x0000000728000000, 0x0000000728000000)
  to   space 131072K,   0% used [0x0000000728000000, 0x0000000728000000, 0x0000000730000000)
 concurrent mark-sweep generation total 2359296K, used 1035873K [0x0000000730000000, 0x00000007c0000000, 0x00000007c0000000)
 Metaspace       used 97496K, capacity 103063K, committed 103392K, reserved 1140736K
  class space    used 10089K, capacity 11259K, committed 11376K, reserved 1048576K
2018-01-03T22:38:06.978-0200: 7860,269: [GC (Allocation Failure) 2018-01-03T22:38:06.978-0200: 7860,269: [ParNew
Desired survivor size 120795952 bytes, new threshold 8 (max 8)
- age   1:   26772680 bytes,   26772680 total
- age   2:   16483296 bytes,   43255976 total
- age   3:   15221856 bytes,   58477832 total
- age   4:    9990456 bytes,   68468288 total
- age   5:    6815016 bytes,   75283304 total
- age   6:    2429592 bytes,   77712896 total
- age   7:   18417088 bytes,   96129984 total
- age   8:    9943576 bytes,  106073560 total
: 655360K->120488K(655360K), 0,2053680 secs] 1691233K->1166273K(3014656K), 0,2054179 secs] [Times: user=0,12 sys=0,00, real=0,21 secs] 
Heap after GC invocations=227 (full 2):
 par new generation   total 655360K, used 120488K [0x0000000700000000, 0x0000000730000000, 0x0000000730000000)
  eden space 524288K,   0% used [0x0000000700000000, 0x0000000700000000, 0x0000000720000000)
  from space 131072K,  91% used [0x0000000728000000, 0x000000072f5aa280, 0x0000000730000000)
  to   space 131072K,   0% used [0x0000000720000000, 0x0000000720000000, 0x0000000728000000)
 concurrent mark-sweep generation total 2359296K, used 1045785K [0x0000000730000000, 0x00000007c0000000, 0x00000007c0000000)
 Metaspace       used 97496K, capacity 103063K, committed 103392K, reserved 1140736K
  class space    used 10089K, capacity 11259K, committed 11376K, reserved 1048576K
}
2018-01-03T22:38:07.183-0200: 7860,475: Total time for which application threads were stopped: 0,2055971 seconds, Stopping threads took: 0,0000268 seconds
{Heap before GC invocations=227 (full 2):
 par new generation   total 655360K, used 644776K [0x0000000700000000, 0x0000000730000000, 0x0000000730000000)
  eden space 524288K, 100% used [0x0000000700000000, 0x0000000720000000, 0x0000000720000000)
  from space 131072K,  91% used [0x0000000728000000, 0x000000072f5aa280, 0x0000000730000000)
  to   space 131072K,   0% used [0x0000000720000000, 0x0000000720000000, 0x0000000728000000)
 concurrent mark-sweep generation total 2359296K, used 1045785K [0x0000000730000000, 0x00000007c0000000, 0x00000007c0000000)
 Metaspace       used 97496K, capacity 103063K, committed 103392K, reserved 1140736K
  class space    used 10089K, capacity 11259K, committed 11376K, reserved 1048576K
2018-01-03T22:38:08.694-0200: 7861,986: [GC (Allocation Failure) 2018-01-03T22:38:08.694-0200: 7861,986: [ParNew
Desired survivor size 120795952 bytes, new threshold 8 (max 8)
- age   1:   25775384 bytes,   25775384 total
- age   2:   18418320 bytes,   44193704 total
- age   3:   15497344 bytes,   59691048 total
- age   4:   14758192 bytes,   74449240 total
- age   5:    9712264 bytes,   84161504 total
- age   6:    6782616 bytes,   90944120 total
- age   7:    2429592 bytes,   93373712 total
- age   8:   18417088 bytes,  111790800 total
: 644776K->131072K(655360K), 0,2447257 secs] 1690561K->1188774K(3014656K), 0,2447810 secs] [Times: user=0,13 sys=0,00, real=0,25 secs] 
Heap after GC invocations=228 (full 2):
 par new generation   total 655360K, used 131072K [0x0000000700000000, 0x0000000730000000, 0x0000000730000000)
  eden space 524288K,   0% used [0x0000000700000000, 0x0000000700000000, 0x0000000720000000)
  from space 131072K, 100% used [0x0000000720000000, 0x0000000728000000, 0x0000000728000000)
  to   space 131072K,   0% used [0x0000000728000000, 0x0000000728000000, 0x0000000730000000)
 concurrent mark-sweep generation total 2359296K, used 1057702K [0x0000000730000000, 0x00000007c0000000, 0x00000007c0000000)
 Metaspace       used 97496K, capacity 103063K, committed 103392K, reserved 1140736K
  class space    used 10089K, capacity 11259K, committed 11376K, reserved 1048576K
}
2018-01-03T22:38:08.939-0200: 7862,231: Total time for which application threads were stopped: 0,2449406 seconds, Stopping threads took: 0,0000205 seconds
{Heap before GC invocations=228 (full 2):
 par new generation   total 655360K, used 655360K [0x0000000700000000, 0x0000000730000000, 0x0000000730000000)
  eden space 524288K, 100% used [0x0000000700000000, 0x0000000720000000, 0x0000000720000000)
  from space 131072K, 100% used [0x0000000720000000, 0x0000000728000000, 0x0000000728000000)
  to   space 131072K,   0% used [0x0000000728000000, 0x0000000728000000, 0x0000000730000000)
 concurrent mark-sweep generation total 2359296K, used 1057702K [0x0000000730000000, 0x00000007c0000000, 0x00000007c0000000)
 Metaspace       used 97496K, capacity 103063K, committed 103392K, reserved 1140736K
  class space    used 10089K, capacity 11259K, committed 11376K, reserved 1048576K
2018-01-03T22:38:10.695-0200: 7863,987: [GC (Allocation Failure) 2018-01-03T22:38:10.695-0200: 7863,987: [ParNew
Desired survivor size 120795952 bytes, new threshold 8 (max 8)
- age   1:   30724328 bytes,   30724328 total
- age   2:   15661592 bytes,   46385920 total
- age   3:   17349368 bytes,   63735288 total
- age   4:   14954776 bytes,   78690064 total
- age   5:   14737360 bytes,   93427424 total
- age   6:    9705176 bytes,  103132600 total
- age   7:    6782616 bytes,  109915216 total
- age   8:    2429592 bytes,  112344808 total
: 655360K->131072K(655360K), 0,1326563 secs] 1713062K->1206895K(3014656K), 0,1327178 secs] [Times: user=0,12 sys=0,01, real=0,13 secs] 
Heap after GC invocations=229 (full 2):
 par new generation   total 655360K, used 131072K [0x0000000700000000, 0x0000000730000000, 0x0000000730000000)
  eden space 524288K,   0% used [0x0000000700000000, 0x0000000700000000, 0x0000000720000000)
  from space 131072K, 100% used [0x0000000728000000, 0x0000000730000000, 0x0000000730000000)
  to   space 131072K,   0% used [0x0000000720000000, 0x0000000720000000, 0x0000000728000000)
 concurrent mark-sweep generation total 2359296K, used 1075823K [0x0000000730000000, 0x00000007c0000000, 0x00000007c0000000)
 Metaspace       used 97496K, capacity 103063K, committed 103392K, reserved 1140736K
  class space    used 10089K, capacity 11259K, committed 11376K, reserved 1048576K
}
2018-01-03T22:38:10.828-0200: 7864,120: Total time for which application threads were stopped: 0,1328889 seconds, Stopping threads took: 0,0000305 seconds
{Heap before GC invocations=229 (full 2):
 par new generation   total 655360K, used 655360K [0x0000000700000000, 0x0000000730000000, 0x0000000730000000)
  eden space 524288K, 100% used [0x0000000700000000, 0x0000000720000000, 0x0000000720000000)
  from space 131072K, 100% used [0x0000000728000000, 0x0000000730000000, 0x0000000730000000)
  to   space 131072K,   0% used [0x0000000720000000, 0x0000000720000000, 0x0000000728000000)
 concurrent mark-sweep generation total 2359296K, used 1075823K [0x0000000730000000, 0x00000007c0000000, 0x00000007c0000000)
 Metaspace       used 97496K, capacity 103063K, committed 103392K, reserved 1140736K
  class space    used 10089K, capacity 11259K, committed 11376K, reserved 1048576K
2018-01-03T22:38:12.582-0200: 7865,873: [GC (Allocation Failure) 2018-01-03T22:38:12.582-0200: 7865,873: [ParNew
Desired survivor size 120795952 bytes, new threshold 8 (max 8)
- age   1:   21525008 bytes,   21525008 total
- age   2:   16915832 bytes,   38440840 total
- age   3:   13395416 bytes,   51836256 total
- age   4:   13463280 bytes,   65299536 total
- age   5:   13461592 bytes,   78761128 total
- age   6:   13453656 bytes,   92214784 total
- age   7:    8722608 bytes,  100937392 total
- age   8:    6781992 bytes,  107719384 total
: 655360K->131072K(655360K), 0,2984237 secs] 1731183K->1229237K(3014656K), 0,2984786 secs] [Times: user=0,12 sys=0,01, real=0,30 secs] 
Heap after GC invocations=230 (full 2):
 par new generation   total 655360K, used 131072K [0x0000000700000000, 0x0000000730000000, 0x0000000730000000)
  eden space 524288K,   0% used [0x0000000700000000, 0x0000000700000000, 0x0000000720000000)
  from space 131072K, 100% used [0x0000000720000000, 0x0000000728000000, 0x0000000728000000)
  to   space 131072K,   0% used [0x0000000728000000, 0x0000000728000000, 0x0000000730000000)
 concurrent mark-sweep generation total 2359296K, used 1098165K [0x0000000730000000, 0x00000007c0000000, 0x00000007c0000000)
 Metaspace       used 97496K, capacity 103063K, committed 103392K, reserved 1140736K
  class space    used 10089K, capacity 11259K, committed 11376K, reserved 1048576K
}
2018-01-03T22:38:12.880-0200: 7866,172: Total time for which application threads were stopped: 0,2986585 seconds, Stopping threads took: 0,0000199 seconds
2018-01-03T22:38:13.344-0200: 7866,636: Total time for which application threads were stopped: 0,0220775 seconds, Stopping threads took: 0,0218238 seconds
2018-01-03T22:38:13.353-0200: 7866,645: Total time for which application threads were stopped: 0,0093101 seconds, Stopping threads took: 0,0092059 seconds
2018-01-03T22:38:13.665-0200: 7866,956: Total time for which application threads were stopped: 0,0038654 seconds, Stopping threads took: 0,0036734 seconds
2018-01-03T22:38:13.665-0200: 7866,956: Total time for which application threads were stopped: 0,0000621 seconds, Stopping threads took: 0,0000073 seconds
2018-01-03T22:38:13.666-0200: 7866,958: Total time for which application threads were stopped: 0,0009787 seconds, Stopping threads took: 0,0008849 seconds
2018-01-03T22:38:13.675-0200: 7866,966: Total time for which application threads were stopped: 0,0087128 seconds, Stopping threads took: 0,0085845 seconds
2018-01-03T22:38:13.724-0200: 7867,016: Total time for which application threads were stopped: 0,0044912 seconds, Stopping threads took: 0,0043945 seconds
2018-01-03T22:38:13.725-0200: 7867,016: Total time for which application threads were stopped: 0,0000701 seconds, Stopping threads took: 0,0000087 seconds
2018-01-03T22:38:13.811-0200: 7867,102: Total time for which application threads were stopped: 0,0046533 seconds, Stopping threads took: 0,0045003 seconds
2018-01-03T22:38:13.811-0200: 7867,103: Total time for which application threads were stopped: 0,0000723 seconds, Stopping threads took: 0,0000084 seconds
2018-01-03T22:38:13.811-0200: 7867,103: Total time for which application threads were stopped: 0,0000404 seconds, Stopping threads took: 0,0000050 seconds
2018-01-03T22:38:13.811-0200: 7867,103: Total time for which application threads were stopped: 0,0000387 seconds, Stopping threads took: 0,0000046 seconds
2018-01-03T22:38:13.811-0200: 7867,103: Total time for which application threads were stopped: 0,0001464 seconds, Stopping threads took: 0,0000045 seconds
2018-01-03T22:38:13.824-0200: 7867,116: Total time for which application threads were stopped: 0,0017040 seconds, Stopping threads took: 0,0015957 seconds
2018-01-03T22:38:13.825-0200: 7867,116: Total time for which application threads were stopped: 0,0000672 seconds, Stopping threads took: 0,0000060 seconds
2018-01-03T22:38:13.835-0200: 7867,127: Total time for which application threads were stopped: 0,0046177 seconds, Stopping threads took: 0,0045097 seconds
2018-01-03T22:38:13.835-0200: 7867,127: Total time for which application threads were stopped: 0,0000504 seconds, Stopping threads took: 0,0000073 seconds
2018-01-03T22:38:14.843-0200: 7868,135: Total time for which application threads were stopped: 0,0073142 seconds, Stopping threads took: 0,0072493 seconds
{Heap before GC invocations=230 (full 2):
 par new generation   total 655360K, used 655360K [0x0000000700000000, 0x0000000730000000, 0x0000000730000000)
  eden space 524288K, 100% used [0x0000000700000000, 0x0000000720000000, 0x0000000720000000)
  from space 131072K, 100% used [0x0000000720000000, 0x0000000728000000, 0x0000000728000000)
  to   space 131072K,   0% used [0x0000000728000000, 0x0000000728000000, 0x0000000730000000)
 concurrent mark-sweep generation total 2359296K, used 1098165K [0x0000000730000000, 0x00000007c0000000, 0x00000007c0000000)
 Metaspace       used 97505K, capacity 103063K, committed 103392K, reserved 1140736K
  class space    used 10089K, capacity 11259K, committed 11376K, reserved 1048576K
2018-01-03T22:38:15.665-0200: 7868,956: [GC (Allocation Failure) 2018-01-03T22:38:15.665-0200: 7868,956: [ParNew
Desired survivor size 120795952 bytes, new threshold 8 (max 8)
- age   1:   20612600 bytes,   20612600 total
- age   2:   14075616 bytes,   34688216 total
- age   3:   15305864 bytes,   49994080 total
- age   4:   12035512 bytes,   62029592 total
- age   5:   12054736 bytes,   74084328 total
- age   6:   12058336 bytes,   86142664 total
- age   7:   12162224 bytes,   98304888 total
- age   8:    7896112 bytes,  106201000 total
: 655360K->131072K(655360K), 0,1110852 secs] 1753525K->1236687K(3014656K), 0,1111268 secs] [Times: user=0,12 sys=0,00, real=0,11 secs] 
Heap after GC invocations=231 (full 2):
 par new generation   total 655360K, used 131072K [0x0000000700000000, 0x0000000730000000, 0x0000000730000000)
  eden space 524288K,   0% used [0x0000000700000000, 0x0000000700000000, 0x0000000720000000)
  from space 131072K, 100% used [0x0000000728000000, 0x0000000730000000, 0x0000000730000000)
  to   space 131072K,   0% used [0x0000000720000000, 0x0000000720000000, 0x0000000728000000)
 concurrent mark-sweep generation total 2359296K, used 1105615K [0x0000000730000000, 0x00000007c0000000, 0x00000007c0000000)
 Metaspace       used 97505K, capacity 103063K, committed 103392K, reserved 1140736K
  class space    used 10089K, capacity 11259K, committed 11376K, reserved 1048576K
}
2018-01-03T22:38:15.776-0200: 7869,068: Total time for which application threads were stopped: 0,1112790 seconds, Stopping threads took: 0,0000227 seconds
2018-01-03T22:38:16.779-0200: 7870,070: Total time for which application threads were stopped: 0,0000982 seconds, Stopping threads took: 0,0000153 seconds
2018-01-03T22:38:16.974-0200: 7870,266: Total time for which application threads were stopped: 0,0061364 seconds, Stopping threads took: 0,0059906 seconds
2018-01-03T22:38:17.019-0200: 7870,311: Total time for which application threads were stopped: 0,0001031 seconds, Stopping threads took: 0,0000200 seconds
2018-01-03T22:38:17.019-0200: 7870,311: Total time for which application threads were stopped: 0,0000502 seconds, Stopping threads took: 0,0000094 seconds
2018-01-03T22:38:17.019-0200: 7870,311: Total time for which application threads were stopped: 0,0000424 seconds, Stopping threads took: 0,0000089 seconds
2018-01-03T22:38:17.059-0200: 7870,351: Total time for which application threads were stopped: 0,0003981 seconds, Stopping threads took: 0,0002322 seconds
2018-01-03T22:38:17.189-0200: 7870,480: Total time for which application threads were stopped: 0,0002114 seconds, Stopping threads took: 0,0000371 seconds
2018-01-03T22:38:17.506-0200: 7870,798: Total time for which application threads were stopped: 0,0001084 seconds, Stopping threads took: 0,0000215 seconds
2018-01-03T22:38:17.506-0200: 7870,798: Total time for which application threads were stopped: 0,0000490 seconds, Stopping threads took: 0,0000115 seconds
2018-01-03T22:38:17.507-0200: 7870,798: Total time for which application threads were stopped: 0,0000732 seconds, Stopping threads took: 0,0000432 seconds
2018-01-03T22:38:17.507-0200: 7870,798: Total time for which application threads were stopped: 0,0000385 seconds, Stopping threads took: 0,0000100 seconds
2018-01-03T22:38:17.507-0200: 7870,799: Total time for which application threads were stopped: 0,0000373 seconds, Stopping threads took: 0,0000096 seconds
2018-01-03T22:38:17.507-0200: 7870,799: Total time for which application threads were stopped: 0,0000498 seconds, Stopping threads took: 0,0000223 seconds
2018-01-03T22:38:17.507-0200: 7870,799: Total time for which application threads were stopped: 0,0000363 seconds, Stopping threads took: 0,0000092 seconds
2018-01-03T22:38:17.507-0200: 7870,799: Total time for which application threads were stopped: 0,0000361 seconds, Stopping threads took: 0,0000094 seconds
2018-01-03T22:38:17.507-0200: 7870,799: Total time for which application threads were stopped: 0,0000361 seconds, Stopping threads took: 0,0000094 seconds
2018-01-03T22:38:17.508-0200: 7870,799: Total time for which application threads were stopped: 0,0000374 seconds, Stopping threads took: 0,0000097 seconds
2018-01-03T22:38:17.508-0200: 7870,799: Total time for which application threads were stopped: 0,0000360 seconds, Stopping threads took: 0,0000090 seconds
2018-01-03T22:38:17.508-0200: 7870,800: Total time for which application threads were stopped: 0,0001069 seconds, Stopping threads took: 0,0000090 seconds
2018-01-03T22:38:18.599-0200: 7871,891: Total time for which application threads were stopped: 0,0001314 seconds, Stopping threads took: 0,0000189 seconds
2018-01-03T22:38:18.599-0200: 7871,891: Total time for which application threads were stopped: 0,0000752 seconds, Stopping threads took: 0,0000087 seconds
2018-01-03T22:38:18.607-0200: 7871,898: Total time for which application threads were stopped: 0,0002003 seconds, Stopping threads took: 0,0001238 seconds
2018-01-03T22:38:18.607-0200: 7871,898: Total time for which application threads were stopped: 0,0000469 seconds, Stopping threads took: 0,0000081 seconds
2018-01-03T22:38:18.611-0200: 7871,902: Total time for which application threads were stopped: 0,0001163 seconds, Stopping threads took: 0,0000186 seconds
2018-01-03T22:38:18.611-0200: 7871,902: Total time for which application threads were stopped: 0,0000605 seconds, Stopping threads took: 0,0000079 seconds
2018-01-03T22:38:20.085-0200: 7873,377: Total time for which application threads were stopped: 0,0001116 seconds, Stopping threads took: 0,0000333 seconds
2018-01-03T22:38:20.085-0200: 7873,377: Total time for which application threads were stopped: 0,0000470 seconds, Stopping threads took: 0,0000063 seconds
2018-01-03T22:38:20.085-0200: 7873,377: Total time for which application threads were stopped: 0,0000379 seconds, Stopping threads took: 0,0000056 seconds
2018-01-03T22:38:20.085-0200: 7873,377: Total time for which application threads were stopped: 0,0000372 seconds, Stopping threads took: 0,0000055 seconds
2018-01-03T22:38:20.086-0200: 7873,377: Total time for which application threads were stopped: 0,0000367 seconds, Stopping threads took: 0,0000052 seconds
2018-01-03T22:38:20.090-0200: 7873,381: Total time for which application threads were stopped: 0,0001019 seconds, Stopping threads took: 0,0000224 seconds
2018-01-03T22:38:20.090-0200: 7873,381: Total time for which application threads were stopped: 0,0000574 seconds, Stopping threads took: 0,0000109 seconds
2018-01-03T22:38:20.090-0200: 7873,381: Total time for which application threads were stopped: 0,0000379 seconds, Stopping threads took: 0,0000053 seconds
2018-01-03T22:38:20.090-0200: 7873,382: Total time for which application threads were stopped: 0,0000365 seconds, Stopping threads took: 0,0000049 seconds
2018-01-03T22:38:20.094-0200: 7873,386: Total time for which application threads were stopped: 0,0001035 seconds, Stopping threads took: 0,0000178 seconds
2018-01-03T22:38:20.094-0200: 7873,386: Total time for which application threads were stopped: 0,0000509 seconds, Stopping threads took: 0,0000070 seconds
2018-01-03T22:38:20.095-0200: 7873,386: Total time for which application threads were stopped: 0,0000461 seconds, Stopping threads took: 0,0000064 seconds
2018-01-03T22:38:20.095-0200: 7873,386: Total time for which application threads were stopped: 0,0000372 seconds, Stopping threads took: 0,0000053 seconds
2018-01-03T22:38:20.095-0200: 7873,387: Total time for which application threads were stopped: 0,0000867 seconds, Stopping threads took: 0,0000399 seconds
2018-01-03T22:38:20.095-0200: 7873,387: Total time for which application threads were stopped: 0,0000457 seconds, Stopping threads took: 0,0000108 seconds
2018-01-03T22:38:20.097-0200: 7873,388: Total time for which application threads were stopped: 0,0001220 seconds, Stopping threads took: 0,0000101 seconds
2018-01-03T22:38:20.097-0200: 7873,388: Total time for which application threads were stopped: 0,0000531 seconds, Stopping threads took: 0,0000064 seconds
2018-01-03T22:38:20.103-0200: 7873,394: Total time for which application threads were stopped: 0,0000996 seconds, Stopping threads took: 0,0000150 seconds
2018-01-03T22:38:20.108-0200: 7873,400: Total time for which application threads were stopped: 0,0048007 seconds, Stopping threads took: 0,0047135 seconds
2018-01-03T22:38:20.109-0200: 7873,400: Total time for which application threads were stopped: 0,0000757 seconds, Stopping threads took: 0,0000106 seconds
2018-01-03T22:38:20.130-0200: 7873,421: Total time for which application threads were stopped: 0,0001083 seconds, Stopping threads took: 0,0000147 seconds
2018-01-03T22:38:20.130-0200: 7873,421: Total time for which application threads were stopped: 0,0000956 seconds, Stopping threads took: 0,0000063 seconds
2018-01-03T22:38:20.139-0200: 7873,431: Total time for which application threads were stopped: 0,0000920 seconds, Stopping threads took: 0,0000147 seconds
2018-01-03T22:38:20.139-0200: 7873,431: Total time for which application threads were stopped: 0,0000366 seconds, Stopping threads took: 0,0000060 seconds
2018-01-03T22:38:23.334-0200: 7876,626: Total time for which application threads were stopped: 0,0000863 seconds, Stopping threads took: 0,0000109 seconds
2018-01-03T22:38:23.334-0200: 7876,626: Total time for which application threads were stopped: 0,0000470 seconds, Stopping threads took: 0,0000056 seconds
2018-01-03T22:38:23.338-0200: 7876,630: Total time for which application threads were stopped: 0,0000645 seconds, Stopping threads took: 0,0000124 seconds
2018-01-03T22:38:23.338-0200: 7876,630: Total time for which application threads were stopped: 0,0000295 seconds, Stopping threads took: 0,0000050 seconds
2018-01-03T22:38:25.339-0200: 7878,630: Total time for which application threads were stopped: 0,0000738 seconds, Stopping threads took: 0,0000159 seconds
2018-01-03T22:38:30.339-0200: 7883,631: Total time for which application threads were stopped: 0,0000701 seconds, Stopping threads took: 0,0000161 seconds
2018-01-03T22:38:30.944-0200: 7884,236: Total time for which application threads were stopped: 0,0000923 seconds, Stopping threads took: 0,0000150 seconds
2018-01-03T22:38:31.200-0200: 7884,492: Total time for which application threads were stopped: 0,0001080 seconds, Stopping threads took: 0,0000213 seconds
2018-01-03T22:38:31.201-0200: 7884,492: Total time for which application threads were stopped: 0,0000418 seconds, Stopping threads took: 0,0000060 seconds
2018-01-03T22:38:31.207-0200: 7884,498: Total time for which application threads were stopped: 0,0000973 seconds, Stopping threads took: 0,0000202 seconds
2018-01-03T22:38:31.207-0200: 7884,498: Total time for which application threads were stopped: 0,0000458 seconds, Stopping threads took: 0,0000094 seconds
2018-01-03T22:38:31.207-0200: 7884,498: Total time for which application threads were stopped: 0,0000371 seconds, Stopping threads took: 0,0000081 seconds
2018-01-03T22:38:31.207-0200: 7884,498: Total time for which application threads were stopped: 0,0000390 seconds, Stopping threads took: 0,0000092 seconds
2018-01-03T22:38:31.207-0200: 7884,499: Total time for which application threads were stopped: 0,0000416 seconds, Stopping threads took: 0,0000097 seconds
2018-01-03T22:38:31.207-0200: 7884,499: Total time for which application threads were stopped: 0,0000370 seconds, Stopping threads took: 0,0000081 seconds
2018-01-03T22:38:31.208-0200: 7884,500: Total time for which application threads were stopped: 0,0000622 seconds, Stopping threads took: 0,0000169 seconds
2018-01-03T22:38:31.209-0200: 7884,501: Total time for which application threads were stopped: 0,0000690 seconds, Stopping threads took: 0,0000124 seconds
2018-01-03T22:38:31.209-0200: 7884,501: Total time for which application threads were stopped: 0,0000450 seconds, Stopping threads took: 0,0000093 seconds
2018-01-03T22:38:31.209-0200: 7884,501: Total time for which application threads were stopped: 0,0000369 seconds, Stopping threads took: 0,0000081 seconds
2018-01-03T22:38:31.211-0200: 7884,503: Total time for which application threads were stopped: 0,0010903 seconds, Stopping threads took: 0,0010075 seconds
2018-01-03T22:38:31.213-0200: 7884,505: Total time for which application threads were stopped: 0,0000946 seconds, Stopping threads took: 0,0000189 seconds
2018-01-03T22:38:31.213-0200: 7884,505: Total time for which application threads were stopped: 0,0000444 seconds, Stopping threads took: 0,0000083 seconds
2018-01-03T22:38:31.213-0200: 7884,505: Total time for which application threads were stopped: 0,0000373 seconds, Stopping threads took: 0,0000082 seconds
2018-01-03T22:38:31.214-0200: 7884,505: Total time for which application threads were stopped: 0,0000540 seconds, Stopping threads took: 0,0000118 seconds
2018-01-03T22:38:31.559-0200: 7884,850: Total time for which application threads were stopped: 0,0001192 seconds, Stopping threads took: 0,0000212 seconds
2018-01-03T22:38:32.559-0200: 7885,851: Total time for which application threads were stopped: 0,0001194 seconds, Stopping threads took: 0,0000191 seconds
2018-01-03T22:38:40.833-0200: 7894,125: Total time for which application threads were stopped: 0,0001366 seconds, Stopping threads took: 0,0000191 seconds
2018-01-03T22:38:40.838-0200: 7894,130: Total time for which application threads were stopped: 0,0000992 seconds, Stopping threads took: 0,0000212 seconds
2018-01-03T22:38:40.838-0200: 7894,130: Total time for which application threads were stopped: 0,0000567 seconds, Stopping threads took: 0,0000123 seconds
2018-01-03T22:38:40.863-0200: 7894,155: Total time for which application threads were stopped: 0,0001947 seconds, Stopping threads took: 0,0000185 seconds
2018-01-03T22:38:41.863-0200: 7895,155: Total time for which application threads were stopped: 0,0001083 seconds, Stopping threads took: 0,0000212 seconds
2018-01-03T22:38:53.868-0200: 7907,160: Total time for which application threads were stopped: 0,0021045 seconds, Stopping threads took: 0,0020292 seconds
2018-01-03T22:38:54.080-0200: 7907,372: Total time for which application threads were stopped: 0,0001115 seconds, Stopping threads took: 0,0000131 seconds
2018-01-03T22:38:54.131-0200: 7907,423: Total time for which application threads were stopped: 0,0001923 seconds, Stopping threads took: 0,0000251 seconds
2018-01-03T22:38:54.133-0200: 7907,425: Total time for which application threads were stopped: 0,0000918 seconds, Stopping threads took: 0,0000129 seconds
2018-01-03T22:38:54.390-0200: 7907,682: Total time for which application threads were stopped: 0,0000835 seconds, Stopping threads took: 0,0000138 seconds
2018-01-03T22:38:54.390-0200: 7907,682: Total time for which application threads were stopped: 0,0000413 seconds, Stopping threads took: 0,0000061 seconds
2018-01-03T22:38:55.905-0200: 7909,197: Total time for which application threads were stopped: 0,0001052 seconds, Stopping threads took: 0,0000160 seconds
2018-01-03T22:38:56.417-0200: 7909,709: Total time for which application threads were stopped: 0,0021210 seconds, Stopping threads took: 0,0020052 seconds
2018-01-03T22:38:56.417-0200: 7909,709: Total time for which application threads were stopped: 0,0000588 seconds, Stopping threads took: 0,0000085 seconds
2018-01-03T22:39:01.418-0200: 7914,710: Total time for which application threads were stopped: 0,0000763 seconds, Stopping threads took: 0,0000189 seconds
2018-01-03T22:39:04.419-0200: 7917,711: Total time for which application threads were stopped: 0,0000746 seconds, Stopping threads took: 0,0000170 seconds
2018-01-03T22:47:08.539-0200: 8401,830: Total time for which application threads were stopped: 0,0001086 seconds, Stopping threads took: 0,0000364 seconds
2018-01-03T22:51:36.627-0200: 8669,918: Total time for which application threads were stopped: 0,0001815 seconds, Stopping threads took: 0,0000225 seconds
{Heap before GC invocations=231 (full 2):
 par new generation   total 655360K, used 655360K [0x0000000700000000, 0x0000000730000000, 0x0000000730000000)
  eden space 524288K, 100% used [0x0000000700000000, 0x0000000720000000, 0x0000000720000000)
  from space 131072K, 100% used [0x0000000728000000, 0x0000000730000000, 0x0000000730000000)
  to   space 131072K,   0% used [0x0000000720000000, 0x0000000720000000, 0x0000000728000000)
 concurrent mark-sweep generation total 2359296K, used 1105615K [0x0000000730000000, 0x00000007c0000000, 0x00000007c0000000)
 Metaspace       used 99197K, capacity 104851K, committed 105056K, reserved 1142784K
  class space    used 10229K, capacity 11414K, committed 11504K, reserved 1048576K
2018-01-03T22:54:57.271-0200: 8870,563: [GC (Allocation Failure) 2018-01-03T22:54:57.272-0200: 8870,563: [ParNew
Desired survivor size 120795952 bytes, new threshold 8 (max 8)
- age   1:   11670952 bytes,   11670952 total
- age   2:   11163000 bytes,   22833952 total
- age   3:    8844144 bytes,   31678096 total
- age   4:   10145008 bytes,   41823104 total
- age   5:    7064392 bytes,   48887496 total
- age   6:    7098040 bytes,   55985536 total
- age   7:    7097136 bytes,   63082672 total
- age   8:    7215280 bytes,   70297952 total
: 655360K->131072K(655360K), 0,8246242 secs] 1760975K->1247314K(3014656K), 0,8252976 secs] [Times: user=0,21 sys=0,02, real=0,83 secs] 
Heap after GC invocations=232 (full 2):
 par new generation   total 655360K, used 131072K [0x0000000700000000, 0x0000000730000000, 0x0000000730000000)
  eden space 524288K,   0% used [0x0000000700000000, 0x0000000700000000, 0x0000000720000000)
  from space 131072K, 100% used [0x0000000720000000, 0x0000000728000000, 0x0000000728000000)
  to   space 131072K,   0% used [0x0000000728000000, 0x0000000728000000, 0x0000000730000000)
 concurrent mark-sweep generation total 2359296K, used 1116242K [0x0000000730000000, 0x00000007c0000000, 0x00000007c0000000)
 Metaspace       used 99197K, capacity 104851K, committed 105056K, reserved 1142784K
  class space    used 10229K, capacity 11414K, committed 11504K, reserved 1048576K
}
2018-01-03T22:54:58.096-0200: 8871,388: Total time for which application threads were stopped: 0,8254565 seconds, Stopping threads took: 0,0000185 seconds
2018-01-03T22:54:58.113-0200: 8871,405: Total time for which application threads were stopped: 0,0001144 seconds, Stopping threads took: 0,0000245 seconds
2018-01-03T22:54:58.113-0200: 8871,405: Total time for which application threads were stopped: 0,0000416 seconds, Stopping threads took: 0,0000050 seconds
2018-01-03T22:54:59.114-0200: 8872,405: Total time for which application threads were stopped: 0,0000962 seconds, Stopping threads took: 0,0000210 seconds
2018-01-03T23:00:18.229-0200: 9191,521: Total time for which application threads were stopped: 0,0000862 seconds, Stopping threads took: 0,0000182 seconds
2018-01-03T23:00:19.230-0200: 9192,521: Total time for which application threads were stopped: 0,0000722 seconds, Stopping threads took: 0,0000169 seconds
2018-01-03T23:01:35.261-0200: 9268,553: Total time for which application threads were stopped: 0,0000796 seconds, Stopping threads took: 0,0000169 seconds
2018-01-03T23:01:51.267-0200: 9284,559: Total time for which application threads were stopped: 0,0000926 seconds, Stopping threads took: 0,0000206 seconds
2018-01-03T23:02:03.271-0200: 9296,563: Total time for which application threads were stopped: 0,0001140 seconds, Stopping threads took: 0,0000184 seconds
2018-01-03T23:02:04.272-0200: 9297,563: Total time for which application threads were stopped: 0,0001456 seconds, Stopping threads took: 0,0000372 seconds
2018-01-03T23:02:07.228-0200: 9300,520: Total time for which application threads were stopped: 0,0000992 seconds, Stopping threads took: 0,0000116 seconds
2018-01-03T23:02:07.228-0200: 9300,520: Total time for which application threads were stopped: 0,0000416 seconds, Stopping threads took: 0,0000056 seconds
2018-01-03T23:02:07.231-0200: 9300,522: Total time for which application threads were stopped: 0,0000708 seconds, Stopping threads took: 0,0000117 seconds
2018-01-03T23:02:07.231-0200: 9300,522: Total time for which application threads were stopped: 0,0000370 seconds, Stopping threads took: 0,0000051 seconds
2018-01-03T23:02:07.799-0200: 9301,091: Total time for which application threads were stopped: 0,0092587 seconds, Stopping threads took: 0,0091419 seconds
2018-01-03T23:02:07.802-0200: 9301,094: Total time for which application threads were stopped: 0,0001792 seconds, Stopping threads took: 0,0000946 seconds
2018-01-03T23:02:07.809-0200: 9301,101: Total time for which application threads were stopped: 0,0001000 seconds, Stopping threads took: 0,0000154 seconds
2018-01-03T23:02:08.266-0200: 9301,557: Total time for which application threads were stopped: 0,0001039 seconds, Stopping threads took: 0,0000294 seconds
2018-01-03T23:02:08.266-0200: 9301,557: Total time for which application threads were stopped: 0,0000430 seconds, Stopping threads took: 0,0000092 seconds
2018-01-03T23:02:08.267-0200: 9301,559: Total time for which application threads were stopped: 0,0000697 seconds, Stopping threads took: 0,0000113 seconds
2018-01-03T23:02:08.267-0200: 9301,559: Total time for which application threads were stopped: 0,0000387 seconds, Stopping threads took: 0,0000053 seconds
2018-01-03T23:02:08.269-0200: 9301,561: Total time for which application threads were stopped: 0,0000622 seconds, Stopping threads took: 0,0000103 seconds
2018-01-03T23:02:08.270-0200: 9301,561: Total time for which application threads were stopped: 0,0000605 seconds, Stopping threads took: 0,0000085 seconds
2018-01-03T23:02:09.272-0200: 9302,564: Total time for which application threads were stopped: 0,0000809 seconds, Stopping threads took: 0,0000153 seconds
2018-01-03T23:02:11.273-0200: 9304,565: Total time for which application threads were stopped: 0,0001481 seconds, Stopping threads took: 0,0000318 seconds
2018-01-03T23:02:12.136-0200: 9305,428: Total time for which application threads were stopped: 0,0001643 seconds, Stopping threads took: 0,0000200 seconds
2018-01-03T23:02:12.253-0200: 9305,544: Total time for which application threads were stopped: 0,0001208 seconds, Stopping threads took: 0,0000243 seconds
2018-01-03T23:02:12.260-0200: 9305,552: Total time for which application threads were stopped: 0,0001920 seconds, Stopping threads took: 0,0001163 seconds
2018-01-03T23:02:13.268-0200: 9306,560: Total time for which application threads were stopped: 0,0000777 seconds, Stopping threads took: 0,0000178 seconds
2018-01-03T23:02:14.269-0200: 9307,560: Total time for which application threads were stopped: 0,0000749 seconds, Stopping threads took: 0,0000182 seconds
2018-01-03T23:02:15.270-0200: 9308,561: Total time for which application threads were stopped: 0,0000903 seconds, Stopping threads took: 0,0000317 seconds
2018-01-03T23:02:17.270-0200: 9310,562: Total time for which application threads were stopped: 0,0000904 seconds, Stopping threads took: 0,0000189 seconds
2018-01-03T23:02:18.271-0200: 9311,562: Total time for which application threads were stopped: 0,0001259 seconds, Stopping threads took: 0,0000169 seconds
2018-01-03T23:02:26.249-0200: 9319,541: Total time for which application threads were stopped: 0,0034030 seconds, Stopping threads took: 0,0000179 seconds
2018-01-03T23:02:26.254-0200: 9319,545: Total time for which application threads were stopped: 0,0014960 seconds, Stopping threads took: 0,0000166 seconds
2018-01-03T23:02:27.254-0200: 9320,546: Total time for which application threads were stopped: 0,0001345 seconds, Stopping threads took: 0,0000188 seconds
2018-01-03T23:02:30.174-0200: 9323,466: Total time for which application threads were stopped: 0,0001102 seconds, Stopping threads took: 0,0000203 seconds
2018-01-03T23:02:31.175-0200: 9324,466: Total time for which application threads were stopped: 0,0001669 seconds, Stopping threads took: 0,0000302 seconds
2018-01-03T23:03:43.205-0200: 9396,497: Total time for which application threads were stopped: 0,0000888 seconds, Stopping threads took: 0,0000167 seconds
2018-01-03T23:04:14.219-0200: 9427,511: Total time for which application threads were stopped: 0,0001136 seconds, Stopping threads took: 0,0000324 seconds
2018-01-03T23:15:31.451-0200: 10104,743: Total time for which application threads were stopped: 0,0000756 seconds, Stopping threads took: 0,0000154 seconds
2018-01-03T23:15:34.452-0200: 10107,744: Total time for which application threads were stopped: 0,0001587 seconds, Stopping threads took: 0,0000261 seconds
2018-01-03T23:15:34.492-0200: 10107,784: Total time for which application threads were stopped: 0,0001968 seconds, Stopping threads took: 0,0000213 seconds
2018-01-03T23:15:34.492-0200: 10107,784: Total time for which application threads were stopped: 0,0000663 seconds, Stopping threads took: 0,0000087 seconds
2018-01-03T23:15:38.493-0200: 10111,785: Total time for which application threads were stopped: 0,0000726 seconds, Stopping threads took: 0,0000160 seconds
2018-01-03T23:16:06.505-0200: 10139,797: Total time for which application threads were stopped: 0,0001057 seconds, Stopping threads took: 0,0000158 seconds
2018-01-03T23:16:07.505-0200: 10140,797: Total time for which application threads were stopped: 0,0001044 seconds, Stopping threads took: 0,0000171 seconds
2018-01-03T23:16:08.506-0200: 10141,797: Total time for which application threads were stopped: 0,0000814 seconds, Stopping threads took: 0,0000162 seconds
2018-01-03T23:16:54.519-0200: 10187,811: Total time for which application threads were stopped: 0,0007687 seconds, Stopping threads took: 0,0000220 seconds
2018-01-03T23:18:03.541-0200: 10256,832: Total time for which application threads were stopped: 0,0003913 seconds, Stopping threads took: 0,0000112 seconds
2018-01-03T23:18:03.561-0200: 10256,852: Total time for which application threads were stopped: 0,0025362 seconds, Stopping threads took: 0,0024335 seconds
2018-01-03T23:18:03.561-0200: 10256,853: Total time for which application threads were stopped: 0,0000645 seconds, Stopping threads took: 0,0000087 seconds
2018-01-03T23:18:03.577-0200: 10256,869: Total time for which application threads were stopped: 0,0015435 seconds, Stopping threads took: 0,0014311 seconds
2018-01-03T23:18:03.577-0200: 10256,869: Total time for which application threads were stopped: 0,0000556 seconds, Stopping threads took: 0,0000058 seconds
2018-01-03T23:18:03.595-0200: 10256,887: Total time for which application threads were stopped: 0,0001221 seconds, Stopping threads took: 0,0000336 seconds
2018-01-03T23:18:03.595-0200: 10256,887: Total time for which application threads were stopped: 0,0000487 seconds, Stopping threads took: 0,0000050 seconds
2018-01-03T23:19:03.587-0200: 10316,879: Total time for which application threads were stopped: 0,0000837 seconds, Stopping threads took: 0,0000234 seconds
2018-01-03T23:19:03.595-0200: 10316,887: Total time for which application threads were stopped: 0,0000763 seconds, Stopping threads took: 0,0000172 seconds
2018-01-03T23:19:59.610-0200: 10372,902: Total time for which application threads were stopped: 0,0001094 seconds, Stopping threads took: 0,0000260 seconds
2018-01-04T00:10:44.538-0200: 13417,830: Total time for which application threads were stopped: 0,0088133 seconds, Stopping threads took: 0,0087089 seconds
2018-01-04T00:10:45.538-0200: 13418,830: Total time for which application threads were stopped: 0,0001055 seconds, Stopping threads took: 0,0000394 seconds
2018-01-04T00:10:47.539-0200: 13420,831: Total time for which application threads were stopped: 0,0000792 seconds, Stopping threads took: 0,0000179 seconds
2018-01-04T00:10:48.540-0200: 13421,832: Total time for which application threads were stopped: 0,0012373 seconds, Stopping threads took: 0,0005518 seconds
2018-01-04T00:11:26.550-0200: 13459,841: Total time for which application threads were stopped: 0,0000704 seconds, Stopping threads took: 0,0000140 seconds
2018-01-04T00:11:27.264-0200: 13460,555: Total time for which application threads were stopped: 0,0001422 seconds, Stopping threads took: 0,0000192 seconds
2018-01-04T00:11:27.264-0200: 13460,555: Total time for which application threads were stopped: 0,0000755 seconds, Stopping threads took: 0,0000102 seconds
2018-01-04T00:11:28.264-0200: 13461,556: Total time for which application threads were stopped: 0,0001289 seconds, Stopping threads took: 0,0000240 seconds
{Heap before GC invocations=232 (full 2):
 par new generation   total 655360K, used 655344K [0x0000000700000000, 0x0000000730000000, 0x0000000730000000)
  eden space 524288K,  99% used [0x0000000700000000, 0x000000071fffc118, 0x0000000720000000)
  from space 131072K, 100% used [0x0000000720000000, 0x0000000728000000, 0x0000000728000000)
  to   space 131072K,   0% used [0x0000000728000000, 0x0000000728000000, 0x0000000730000000)
 concurrent mark-sweep generation total 2359296K, used 1116242K [0x0000000730000000, 0x00000007c0000000, 0x00000007c0000000)
 Metaspace       used 99515K, capacity 105147K, committed 105312K, reserved 1142784K
  class space    used 10249K, capacity 11432K, committed 11504K, reserved 1048576K
2018-01-04T00:11:35.817-0200: 13469,109: [GC (Allocation Failure) 2018-01-04T00:11:35.818-0200: 13469,109: [ParNew
Desired survivor size 120795952 bytes, new threshold 8 (max 8)
- age   1:    5551136 bytes,    5551136 total
- age   2:    8401872 bytes,   13953008 total
- age   3:   11162184 bytes,   25115192 total
- age   4:    8844144 bytes,   33959336 total
- age   5:   10145008 bytes,   44104344 total
- age   6:    7064392 bytes,   51168736 total
- age   7:    7098040 bytes,   58266776 total
- age   8:    7097136 bytes,   65363912 total
: 655344K->80958K(655360K), 0,5660998 secs] 1771587K->1204247K(3014656K), 0,5667090 secs] [Times: user=0,17 sys=0,06, real=0,57 secs] 
Heap after GC invocations=233 (full 2):
 par new generation   total 655360K, used 80958K [0x0000000700000000, 0x0000000730000000, 0x0000000730000000)
  eden space 524288K,   0% used [0x0000000700000000, 0x0000000700000000, 0x0000000720000000)
  from space 131072K,  61% used [0x0000000728000000, 0x000000072cf0fb20, 0x0000000730000000)
  to   space 131072K,   0% used [0x0000000720000000, 0x0000000720000000, 0x0000000728000000)
 concurrent mark-sweep generation total 2359296K, used 1123288K [0x0000000730000000, 0x00000007c0000000, 0x00000007c0000000)
 Metaspace       used 99515K, capacity 105147K, committed 105312K, reserved 1142784K
  class space    used 10249K, capacity 11432K, committed 11504K, reserved 1048576K
}
2018-01-04T00:11:36.384-0200: 13469,676: Total time for which application threads were stopped: 0,5678933 seconds, Stopping threads took: 0,0000192 seconds
2018-01-04T00:11:36.394-0200: 13469,686: Total time for which application threads were stopped: 0,0032823 seconds, Stopping threads took: 0,0026343 seconds
2018-01-04T00:11:36.419-0200: 13469,711: Total time for which application threads were stopped: 0,0027761 seconds, Stopping threads took: 0,0026365 seconds
2018-01-04T00:11:36.429-0200: 13469,721: Total time for which application threads were stopped: 0,0089674 seconds, Stopping threads took: 0,0000320 seconds
2018-01-04T00:11:36.429-0200: 13469,721: Total time for which application threads were stopped: 0,0001038 seconds, Stopping threads took: 0,0000165 seconds
2018-01-04T00:11:36.435-0200: 13469,726: Total time for which application threads were stopped: 0,0028239 seconds, Stopping threads took: 0,0027027 seconds
2018-01-04T00:11:36.441-0200: 13469,733: Total time for which application threads were stopped: 0,0001779 seconds, Stopping threads took: 0,0000684 seconds
2018-01-04T00:11:36.443-0200: 13469,734: Total time for which application threads were stopped: 0,0010764 seconds, Stopping threads took: 0,0009594 seconds
2018-01-04T00:11:36.460-0200: 13469,751: Total time for which application threads were stopped: 0,0057092 seconds, Stopping threads took: 0,0055615 seconds
2018-01-04T00:11:36.473-0200: 13469,764: Total time for which application threads were stopped: 0,0043642 seconds, Stopping threads took: 0,0042333 seconds
2018-01-04T00:11:36.490-0200: 13469,782: Total time for which application threads were stopped: 0,0034061 seconds, Stopping threads took: 0,0032831 seconds
2018-01-04T00:11:36.499-0200: 13469,790: Total time for which application threads were stopped: 0,0022081 seconds, Stopping threads took: 0,0020769 seconds
2018-01-04T00:11:36.505-0200: 13469,797: Total time for which application threads were stopped: 0,0050926 seconds, Stopping threads took: 0,0049521 seconds
2018-01-04T00:11:36.507-0200: 13469,799: Total time for which application threads were stopped: 0,0013564 seconds, Stopping threads took: 0,0012156 seconds
2018-01-04T00:11:36.509-0200: 13469,801: Total time for which application threads were stopped: 0,0015277 seconds, Stopping threads took: 0,0012993 seconds
2018-01-04T00:11:36.522-0200: 13469,813: Total time for which application threads were stopped: 0,0002361 seconds, Stopping threads took: 0,0000519 seconds
2018-01-04T00:11:36.546-0200: 13469,837: Total time for which application threads were stopped: 0,0038464 seconds, Stopping threads took: 0,0037169 seconds
2018-01-04T00:11:36.567-0200: 13469,859: Total time for which application threads were stopped: 0,0063218 seconds, Stopping threads took: 0,0062104 seconds
2018-01-04T00:11:36.569-0200: 13469,861: Total time for which application threads were stopped: 0,0003995 seconds, Stopping threads took: 0,0002916 seconds
2018-01-04T00:11:36.571-0200: 13469,862: Total time for which application threads were stopped: 0,0008941 seconds, Stopping threads took: 0,0007048 seconds
2018-01-04T00:11:37.571-0200: 13470,863: Total time for which application threads were stopped: 0,0000827 seconds, Stopping threads took: 0,0000150 seconds
2018-01-04T00:11:41.577-0200: 13474,868: Total time for which application threads were stopped: 0,0000873 seconds, Stopping threads took: 0,0000166 seconds
2018-01-04T00:11:44.582-0200: 13477,874: Total time for which application threads were stopped: 0,0001036 seconds, Stopping threads took: 0,0000186 seconds
2018-01-04T00:11:45.235-0200: 13478,526: Total time for which application threads were stopped: 0,0001277 seconds, Stopping threads took: 0,0000231 seconds
2018-01-04T00:11:45.235-0200: 13478,527: Total time for which application threads were stopped: 0,0001249 seconds, Stopping threads took: 0,0000143 seconds
2018-01-04T00:11:45.320-0200: 13478,611: Total time for which application threads were stopped: 0,0075623 seconds, Stopping threads took: 0,0074668 seconds
2018-01-04T00:11:45.320-0200: 13478,611: Total time for which application threads were stopped: 0,0000542 seconds, Stopping threads took: 0,0000077 seconds
2018-01-04T00:11:55.323-0200: 13488,614: Total time for which application threads were stopped: 0,0001505 seconds, Stopping threads took: 0,0000280 seconds
2018-01-04T00:11:58.331-0200: 13491,622: Total time for which application threads were stopped: 0,0001555 seconds, Stopping threads took: 0,0000326 seconds
2018-01-04T00:12:01.331-0200: 13494,623: Total time for which application threads were stopped: 0,0000952 seconds, Stopping threads took: 0,0000195 seconds
2018-01-04T00:12:02.332-0200: 13495,623: Total time for which application threads were stopped: 0,0001152 seconds, Stopping threads took: 0,0000255 seconds
2018-01-04T00:12:03.332-0200: 13496,624: Total time for which application threads were stopped: 0,0000804 seconds, Stopping threads took: 0,0000221 seconds
2018-01-04T00:12:04.333-0200: 13497,624: Total time for which application threads were stopped: 0,0001295 seconds, Stopping threads took: 0,0000262 seconds
2018-01-04T00:12:08.334-0200: 13501,626: Total time for which application threads were stopped: 0,0002114 seconds, Stopping threads took: 0,0000335 seconds
2018-01-04T00:12:10.335-0200: 13503,626: Total time for which application threads were stopped: 0,0001271 seconds, Stopping threads took: 0,0000265 seconds
2018-01-04T00:12:19.954-0200: 13513,246: Total time for which application threads were stopped: 0,0001482 seconds, Stopping threads took: 0,0000339 seconds
2018-01-04T00:12:20.955-0200: 13514,247: Total time for which application threads were stopped: 0,0001059 seconds, Stopping threads took: 0,0000137 seconds
2018-01-04T00:19:18.545-0200: 13931,837: Total time for which application threads were stopped: 0,0014718 seconds, Stopping threads took: 0,0000126 seconds
2018-01-04T00:19:18.548-0200: 13931,840: Total time for which application threads were stopped: 0,0014446 seconds, Stopping threads took: 0,0000102 seconds
2018-01-04T00:19:18.587-0200: 13931,878: Total time for which application threads were stopped: 0,0000807 seconds, Stopping threads took: 0,0000187 seconds
2018-01-04T00:19:18.587-0200: 13931,879: Total time for which application threads were stopped: 0,0000451 seconds, Stopping threads took: 0,0000097 seconds
2018-01-04T00:19:18.587-0200: 13931,879: Total time for which application threads were stopped: 0,0000309 seconds, Stopping threads took: 0,0000078 seconds
2018-01-04T00:19:18.587-0200: 13931,879: Total time for which application threads were stopped: 0,0000299 seconds, Stopping threads took: 0,0000076 seconds
2018-01-04T00:19:18.587-0200: 13931,879: Total time for which application threads were stopped: 0,0000303 seconds, Stopping threads took: 0,0000080 seconds
2018-01-04T00:19:18.587-0200: 13931,879: Total time for which application threads were stopped: 0,0000309 seconds, Stopping threads took: 0,0000079 seconds
2018-01-04T00:19:18.588-0200: 13931,879: Total time for which application threads were stopped: 0,0000331 seconds, Stopping threads took: 0,0000085 seconds
2018-01-04T00:19:18.593-0200: 13931,885: Total time for which application threads were stopped: 0,0000736 seconds, Stopping threads took: 0,0000170 seconds
2018-01-04T00:19:18.593-0200: 13931,885: Total time for which application threads were stopped: 0,0000489 seconds, Stopping threads took: 0,0000102 seconds
2018-01-04T00:19:18.618-0200: 13931,909: Total time for which application threads were stopped: 0,0001563 seconds, Stopping threads took: 0,0000339 seconds
2018-01-04T00:19:18.706-0200: 13931,998: Total time for which application threads were stopped: 0,0098933 seconds, Stopping threads took: 0,0097967 seconds
2018-01-04T00:19:18.707-0200: 13931,998: Total time for which application threads were stopped: 0,0000278 seconds, Stopping threads took: 0,0000113 seconds
2018-01-04T00:19:18.708-0200: 13932,000: Total time for which application threads were stopped: 0,0000333 seconds, Stopping threads took: 0,0000115 seconds
2018-01-04T00:19:18.708-0200: 13932,000: Total time for which application threads were stopped: 0,0000210 seconds, Stopping threads took: 0,0000073 seconds
2018-01-04T00:19:18.719-0200: 13932,011: Total time for which application threads were stopped: 0,0000593 seconds, Stopping threads took: 0,0000277 seconds
2018-01-04T00:19:18.719-0200: 13932,011: Total time for which application threads were stopped: 0,0000215 seconds, Stopping threads took: 0,0000074 seconds
2018-01-04T00:19:18.720-0200: 13932,011: Total time for which application threads were stopped: 0,0000259 seconds, Stopping threads took: 0,0000095 seconds
2018-01-04T00:19:18.720-0200: 13932,011: Total time for which application threads were stopped: 0,0000250 seconds, Stopping threads took: 0,0000072 seconds
Heap
 par new generation   total 655360K, used 524587K [0x0000000700000000, 0x0000000730000000, 0x0000000730000000)
  eden space 524288K,  84% used [0x0000000700000000, 0x000000071b13b280, 0x0000000720000000)
  from space 131072K,  61% used [0x0000000728000000, 0x000000072cf0fb20, 0x0000000730000000)
  to   space 131072K,   0% used [0x0000000720000000, 0x0000000720000000, 0x0000000728000000)
 concurrent mark-sweep generation total 2359296K, used 1123288K [0x0000000730000000, 0x00000007c0000000, 0x00000007c0000000)
 Metaspace       used 99681K, capacity 105349K, committed 105568K, reserved 1142784K
  class space    used 10258K, capacity 11435K, committed 11504K, reserved 1048576K
