OpenJDK 64-Bit Server VM (25.151-b12) for linux-amd64 JRE (1.8.0_151-8u151-b12-0ubuntu0.16.04.2-b12), built on Oct 27 2017 21:59:02 by "buildd" with gcc 5.4.0 20160609
Memory: 4k page, physical 5837400k(926736k free), swap 6012924k(5006136k free)
CommandLine flags: -XX:CMSInitiatingOccupancyFraction=50 -XX:CMSMaxAbortablePrecleanTime=6000 -XX:+CMSParallelRemarkEnabled -XX:+CMSScavengeBeforeRemark -XX:ConcGCThreads=4 -XX:GCLogFileSize=20971520 -XX:InitialHeapSize=3221225472 -XX:MaxHeapSize=3221225472 -XX:MaxTenuringThreshold=8 -XX:NewRatio=3 -XX:NumberOfGCLogFiles=9 -XX:OldPLABSize=16 -XX:-OmitStackTraceInFastThrow -XX:OnOutOfMemoryError=/home/bruno/solr/solr-7.2.0/bin/oom_solr.sh 8983 /home/bruno/solr/solr-7.2.0/server/logs -XX:ParallelGCThreads=4 -XX:+ParallelRefProcEnabled -XX:PretenureSizeThreshold=67108864 -XX:+PrintGC -XX:+PrintGCApplicationStoppedTime -XX:+PrintGCDateStamps -XX:+PrintGCDetails -XX:+PrintGCTimeStamps -XX:+PrintHeapAtGC -XX:+PrintTenuringDistribution -XX:SurvivorRatio=4 -XX:TargetSurvivorRatio=90 -XX:ThreadStackSize=256 -XX:+UseCMSInitiatingOccupancyOnly -XX:+UseCompressedClassPointers -XX:+UseCompressedOops -XX:+UseConcMarkSweepGC -XX:+UseGCLogFileRotation -XX:+UseParNewGC 
2018-01-03T20:22:40.957-0200: 0,167: Total time for which application threads were stopped: 0,0000602 seconds, Stopping threads took: 0,0000122 seconds
2018-01-03T20:22:41.075-0200: 0,284: Total time for which application threads were stopped: 0,0000856 seconds, Stopping threads took: 0,0000119 seconds
2018-01-03T20:22:41.105-0200: 0,314: Total time for which application threads were stopped: 0,0000812 seconds, Stopping threads took: 0,0000152 seconds
2018-01-03T20:22:41.283-0200: 0,492: Total time for which application threads were stopped: 0,0001269 seconds, Stopping threads took: 0,0000152 seconds
2018-01-03T20:22:41.353-0200: 0,563: Total time for which application threads were stopped: 0,0001023 seconds, Stopping threads took: 0,0000147 seconds
2018-01-03T20:22:41.633-0200: 0,842: Total time for which application threads were stopped: 0,0001712 seconds, Stopping threads took: 0,0000163 seconds
2018-01-03T20:22:41.783-0200: 0,993: Total time for which application threads were stopped: 0,0001546 seconds, Stopping threads took: 0,0000171 seconds
2018-01-03T20:22:41.809-0200: 1,019: Total time for which application threads were stopped: 0,0001451 seconds, Stopping threads took: 0,0000189 seconds
2018-01-03T20:22:42.156-0200: 1,366: Total time for which application threads were stopped: 0,0002257 seconds, Stopping threads took: 0,0000232 seconds
2018-01-03T20:22:42.205-0200: 1,414: Total time for which application threads were stopped: 0,0006899 seconds, Stopping threads took: 0,0005258 seconds
2018-01-03T20:22:42.319-0200: 1,529: Total time for which application threads were stopped: 0,0001953 seconds, Stopping threads took: 0,0000204 seconds
2018-01-03T20:22:42.576-0200: 1,786: Total time for which application threads were stopped: 0,0002599 seconds, Stopping threads took: 0,0000313 seconds
2018-01-03T20:22:42.610-0200: 1,820: Total time for which application threads were stopped: 0,0001880 seconds, Stopping threads took: 0,0000176 seconds
2018-01-03T20:22:42.660-0200: 1,870: Total time for which application threads were stopped: 0,0002097 seconds, Stopping threads took: 0,0000143 seconds
2018-01-03T20:22:42.661-0200: 1,870: Total time for which application threads were stopped: 0,0001429 seconds, Stopping threads took: 0,0000068 seconds
2018-01-03T20:22:42.683-0200: 1,892: Total time for which application threads were stopped: 0,0002349 seconds, Stopping threads took: 0,0000189 seconds
2018-01-03T20:22:42.810-0200: 2,019: Total time for which application threads were stopped: 0,0003461 seconds, Stopping threads took: 0,0000203 seconds
2018-01-03T20:22:43.079-0200: 2,288: Total time for which application threads were stopped: 0,0002499 seconds, Stopping threads took: 0,0000178 seconds
2018-01-03T20:22:43.368-0200: 2,578: Total time for which application threads were stopped: 0,0002878 seconds, Stopping threads took: 0,0000231 seconds
2018-01-03T20:22:43.387-0200: 2,596: Total time for which application threads were stopped: 0,0021617 seconds, Stopping threads took: 0,0021035 seconds
2018-01-03T20:22:43.442-0200: 2,652: Total time for which application threads were stopped: 0,0025844 seconds, Stopping threads took: 0,0025027 seconds
2018-01-03T20:22:43.498-0200: 2,708: Total time for which application threads were stopped: 0,0000903 seconds, Stopping threads took: 0,0000193 seconds
2018-01-03T20:22:43.500-0200: 2,709: Total time for which application threads were stopped: 0,0002335 seconds, Stopping threads took: 0,0000164 seconds
2018-01-03T20:22:43.656-0200: 2,865: Total time for which application threads were stopped: 0,0000699 seconds, Stopping threads took: 0,0000175 seconds
2018-01-03T20:22:43.690-0200: 2,900: Total time for which application threads were stopped: 0,0000749 seconds, Stopping threads took: 0,0000201 seconds
2018-01-03T20:22:43.719-0200: 2,928: Total time for which application threads were stopped: 0,0001059 seconds, Stopping threads took: 0,0000208 seconds
2018-01-03T20:22:43.778-0200: 2,988: Total time for which application threads were stopped: 0,0001194 seconds, Stopping threads took: 0,0000496 seconds
2018-01-03T20:22:43.883-0200: 3,092: Total time for which application threads were stopped: 0,0000768 seconds, Stopping threads took: 0,0000218 seconds
2018-01-03T20:22:43.909-0200: 3,119: Total time for which application threads were stopped: 0,0002629 seconds, Stopping threads took: 0,0000144 seconds
2018-01-03T20:22:43.979-0200: 3,188: Total time for which application threads were stopped: 0,0003115 seconds, Stopping threads took: 0,0000261 seconds
2018-01-03T20:22:44.022-0200: 3,231: Total time for which application threads were stopped: 0,0000927 seconds, Stopping threads took: 0,0000210 seconds
2018-01-03T20:22:44.197-0200: 3,406: Total time for which application threads were stopped: 0,0001070 seconds, Stopping threads took: 0,0000234 seconds
2018-01-03T20:22:44.299-0200: 3,508: Total time for which application threads were stopped: 0,0001001 seconds, Stopping threads took: 0,0000258 seconds
2018-01-03T20:22:44.344-0200: 3,553: Total time for which application threads were stopped: 0,0000751 seconds, Stopping threads took: 0,0000200 seconds
2018-01-03T20:22:44.382-0200: 3,592: Total time for which application threads were stopped: 0,0000734 seconds, Stopping threads took: 0,0000195 seconds
2018-01-03T20:22:44.522-0200: 3,732: Total time for which application threads were stopped: 0,0000817 seconds, Stopping threads took: 0,0000188 seconds
2018-01-03T20:22:44.638-0200: 3,848: Total time for which application threads were stopped: 0,0001147 seconds, Stopping threads took: 0,0000534 seconds
2018-01-03T20:22:44.842-0200: 4,052: Total time for which application threads were stopped: 0,0000833 seconds, Stopping threads took: 0,0000201 seconds
2018-01-03T20:22:44.865-0200: 4,075: Total time for which application threads were stopped: 0,0003138 seconds, Stopping threads took: 0,0000150 seconds
2018-01-03T20:22:44.892-0200: 4,102: Total time for which application threads were stopped: 0,0002695 seconds, Stopping threads took: 0,0000863 seconds
2018-01-03T20:22:44.896-0200: 4,105: Total time for which application threads were stopped: 0,0000753 seconds, Stopping threads took: 0,0000177 seconds
2018-01-03T20:22:44.955-0200: 4,165: Total time for which application threads were stopped: 0,0000755 seconds, Stopping threads took: 0,0000200 seconds
2018-01-03T20:22:44.958-0200: 4,168: [GC (CMS Initial Mark) [1 CMS-initial-mark: 0K(2359296K)] 377617K(3014656K), 0,0991289 secs] [Times: user=0,07 sys=0,00, real=0,10 secs] 
2018-01-03T20:22:45.057-0200: 4,267: Total time for which application threads were stopped: 0,0992729 seconds, Stopping threads took: 0,0000657 seconds
2018-01-03T20:22:45.062-0200: 4,271: [CMS-concurrent-mark-start]
2018-01-03T20:22:45.092-0200: 4,302: [CMS-concurrent-mark: 0,030/0,030 secs] [Times: user=0,01 sys=0,00, real=0,03 secs] 
2018-01-03T20:22:45.092-0200: 4,302: [CMS-concurrent-preclean-start]
2018-01-03T20:22:45.094-0200: 4,304: [CMS-concurrent-preclean: 0,002/0,002 secs] [Times: user=0,00 sys=0,00, real=0,01 secs] 
2018-01-03T20:22:45.095-0200: 4,304: [CMS-concurrent-abortable-preclean-start]
2018-01-03T20:22:45.228-0200: 4,438: Total time for which application threads were stopped: 0,0015941 seconds, Stopping threads took: 0,0015213 seconds
2018-01-03T20:22:45.242-0200: 4,452: Total time for which application threads were stopped: 0,0000725 seconds, Stopping threads took: 0,0000232 seconds
2018-01-03T20:22:45.372-0200: 4,581: Total time for which application threads were stopped: 0,0001215 seconds, Stopping threads took: 0,0000205 seconds
2018-01-03T20:22:45.394-0200: 4,603: Total time for which application threads were stopped: 0,0000702 seconds, Stopping threads took: 0,0000203 seconds
2018-01-03T20:22:45.403-0200: 4,613: Total time for which application threads were stopped: 0,0003536 seconds, Stopping threads took: 0,0000267 seconds
2018-01-03T20:22:45.419-0200: 4,629: Total time for which application threads were stopped: 0,0000675 seconds, Stopping threads took: 0,0000226 seconds
2018-01-03T20:22:45.450-0200: 4,660: Total time for which application threads were stopped: 0,0000912 seconds, Stopping threads took: 0,0000292 seconds
2018-01-03T20:22:45.509-0200: 4,719: Total time for which application threads were stopped: 0,0000717 seconds, Stopping threads took: 0,0000210 seconds
2018-01-03T20:22:45.546-0200: 4,756: Total time for which application threads were stopped: 0,0000733 seconds, Stopping threads took: 0,0000202 seconds
2018-01-03T20:22:45.597-0200: 4,807: Total time for which application threads were stopped: 0,0000770 seconds, Stopping threads took: 0,0000206 seconds
2018-01-03T20:22:45.680-0200: 4,889: Total time for which application threads were stopped: 0,0000638 seconds, Stopping threads took: 0,0000204 seconds
2018-01-03T20:22:45.693-0200: 4,903: Total time for which application threads were stopped: 0,0000723 seconds, Stopping threads took: 0,0000237 seconds
2018-01-03T20:22:45.799-0200: 5,009: Total time for which application threads were stopped: 0,0001193 seconds, Stopping threads took: 0,0000399 seconds
2018-01-03T20:22:46.004-0200: 5,213: Total time for which application threads were stopped: 0,0000870 seconds, Stopping threads took: 0,0000198 seconds
2018-01-03T20:22:46.023-0200: 5,233: Total time for which application threads were stopped: 0,0001091 seconds, Stopping threads took: 0,0000239 seconds
2018-01-03T20:22:46.034-0200: 5,244: Total time for which application threads were stopped: 0,0000788 seconds, Stopping threads took: 0,0000248 seconds
2018-01-03T20:22:46.047-0200: 5,256: Total time for which application threads were stopped: 0,0003754 seconds, Stopping threads took: 0,0000242 seconds
2018-01-03T20:22:46.107-0200: 5,317: Total time for which application threads were stopped: 0,0001119 seconds, Stopping threads took: 0,0000222 seconds
2018-01-03T20:22:46.161-0200: 5,370: Total time for which application threads were stopped: 0,0000773 seconds, Stopping threads took: 0,0000216 seconds
2018-01-03T20:22:46.207-0200: 5,417: Total time for which application threads were stopped: 0,0000678 seconds, Stopping threads took: 0,0000200 seconds
2018-01-03T20:22:46.211-0200: 5,420: Total time for which application threads were stopped: 0,0003721 seconds, Stopping threads took: 0,0000193 seconds
2018-01-03T20:22:46.262-0200: 5,472: Total time for which application threads were stopped: 0,0000766 seconds, Stopping threads took: 0,0000231 seconds
2018-01-03T20:22:46.334-0200: 5,544: Total time for which application threads were stopped: 0,0000875 seconds, Stopping threads took: 0,0000213 seconds
2018-01-03T20:22:46.337-0200: 5,546: Total time for which application threads were stopped: 0,0001259 seconds, Stopping threads took: 0,0000840 seconds
2018-01-03T20:22:46.376-0200: 5,586: Total time for which application threads were stopped: 0,0000636 seconds, Stopping threads took: 0,0000159 seconds
2018-01-03T20:22:46.432-0200: 5,642: Total time for which application threads were stopped: 0,0000916 seconds, Stopping threads took: 0,0000208 seconds
2018-01-03T20:22:46.494-0200: 5,703: Total time for which application threads were stopped: 0,0000690 seconds, Stopping threads took: 0,0000198 seconds
2018-01-03T20:22:46.551-0200: 5,761: Total time for which application threads were stopped: 0,0000760 seconds, Stopping threads took: 0,0000218 seconds
2018-01-03T20:22:46.645-0200: 5,854: Total time for which application threads were stopped: 0,0000861 seconds, Stopping threads took: 0,0000352 seconds
2018-01-03T20:22:46.722-0200: 5,932: Total time for which application threads were stopped: 0,0000726 seconds, Stopping threads took: 0,0000209 seconds
2018-01-03T20:22:46.764-0200: 5,974: Total time for which application threads were stopped: 0,0000684 seconds, Stopping threads took: 0,0000197 seconds
2018-01-03T20:22:46.806-0200: 6,016: Total time for which application threads were stopped: 0,0001064 seconds, Stopping threads took: 0,0000306 seconds
2018-01-03T20:22:46.881-0200: 6,090: Total time for which application threads were stopped: 0,0000946 seconds, Stopping threads took: 0,0000218 seconds
2018-01-03T20:22:46.918-0200: 6,128: Total time for which application threads were stopped: 0,0000633 seconds, Stopping threads took: 0,0000189 seconds
2018-01-03T20:22:46.954-0200: 6,164: Total time for which application threads were stopped: 0,0000900 seconds, Stopping threads took: 0,0000277 seconds
2018-01-03T20:22:46.991-0200: 6,200: Total time for which application threads were stopped: 0,0000825 seconds, Stopping threads took: 0,0000248 seconds
2018-01-03T20:22:47.015-0200: 6,224: Total time for which application threads were stopped: 0,0000750 seconds, Stopping threads took: 0,0000287 seconds
2018-01-03T20:22:47.024-0200: 6,233: Total time for which application threads were stopped: 0,0003985 seconds, Stopping threads took: 0,0000233 seconds
2018-01-03T20:22:47.095-0200: 6,304: Total time for which application threads were stopped: 0,0001296 seconds, Stopping threads took: 0,0000208 seconds
2018-01-03T20:22:47.136-0200: 6,345: Total time for which application threads were stopped: 0,0000715 seconds, Stopping threads took: 0,0000205 seconds
2018-01-03T20:22:47.196-0200: 6,405: Total time for which application threads were stopped: 0,0000800 seconds, Stopping threads took: 0,0000193 seconds
2018-01-03T20:22:47.237-0200: 6,446: Total time for which application threads were stopped: 0,0000716 seconds, Stopping threads took: 0,0000219 seconds
2018-01-03T20:22:47.276-0200: 6,485: Total time for which application threads were stopped: 0,0000726 seconds, Stopping threads took: 0,0000212 seconds
2018-01-03T20:22:47.311-0200: 6,520: Total time for which application threads were stopped: 0,0000904 seconds, Stopping threads took: 0,0000346 seconds
2018-01-03T20:22:47.317-0200: 6,526: Total time for which application threads were stopped: 0,0000791 seconds, Stopping threads took: 0,0000251 seconds
2018-01-03T20:22:47.317-0200: 6,527: Total time for which application threads were stopped: 0,0000317 seconds, Stopping threads took: 0,0000071 seconds
2018-01-03T20:22:47.317-0200: 6,527: Total time for which application threads were stopped: 0,0000248 seconds, Stopping threads took: 0,0000051 seconds
2018-01-03T20:22:47.317-0200: 6,527: Total time for which application threads were stopped: 0,0000206 seconds, Stopping threads took: 0,0000042 seconds
2018-01-03T20:22:47.317-0200: 6,527: Total time for which application threads were stopped: 0,0000207 seconds, Stopping threads took: 0,0000039 seconds
2018-01-03T20:22:47.317-0200: 6,527: Total time for which application threads were stopped: 0,0000196 seconds, Stopping threads took: 0,0000041 seconds
2018-01-03T20:22:47.317-0200: 6,527: Total time for which application threads were stopped: 0,0000343 seconds, Stopping threads took: 0,0000169 seconds
2018-01-03T20:22:47.317-0200: 6,527: Total time for which application threads were stopped: 0,0000195 seconds, Stopping threads took: 0,0000040 seconds
2018-01-03T20:22:47.317-0200: 6,527: Total time for which application threads were stopped: 0,0000191 seconds, Stopping threads took: 0,0000039 seconds
2018-01-03T20:22:47.317-0200: 6,527: Total time for which application threads were stopped: 0,0000191 seconds, Stopping threads took: 0,0000042 seconds
2018-01-03T20:22:47.318-0200: 6,527: Total time for which application threads were stopped: 0,0000209 seconds, Stopping threads took: 0,0000045 seconds
2018-01-03T20:22:47.318-0200: 6,527: Total time for which application threads were stopped: 0,0000192 seconds, Stopping threads took: 0,0000038 seconds
2018-01-03T20:22:47.318-0200: 6,527: Total time for which application threads were stopped: 0,0000196 seconds, Stopping threads took: 0,0000040 seconds
2018-01-03T20:22:47.318-0200: 6,527: Total time for which application threads were stopped: 0,0000188 seconds, Stopping threads took: 0,0000037 seconds
2018-01-03T20:22:47.318-0200: 6,527: Total time for which application threads were stopped: 0,0000189 seconds, Stopping threads took: 0,0000038 seconds
2018-01-03T20:22:47.318-0200: 6,527: Total time for which application threads were stopped: 0,0000188 seconds, Stopping threads took: 0,0000039 seconds
2018-01-03T20:22:47.318-0200: 6,527: Total time for which application threads were stopped: 0,0000191 seconds, Stopping threads took: 0,0000040 seconds
2018-01-03T20:22:47.318-0200: 6,527: Total time for which application threads were stopped: 0,0000189 seconds, Stopping threads took: 0,0000039 seconds
2018-01-03T20:22:47.318-0200: 6,527: Total time for which application threads were stopped: 0,0000191 seconds, Stopping threads took: 0,0000040 seconds
2018-01-03T20:22:47.318-0200: 6,527: Total time for which application threads were stopped: 0,0000571 seconds, Stopping threads took: 0,0000039 seconds
2018-01-03T20:22:47.318-0200: 6,528: Total time for which application threads were stopped: 0,0000296 seconds, Stopping threads took: 0,0000069 seconds
2018-01-03T20:22:47.327-0200: 6,537: Total time for which application threads were stopped: 0,0000488 seconds, Stopping threads took: 0,0000163 seconds
2018-01-03T20:22:48.328-0200: 7,537: Total time for which application threads were stopped: 0,0000741 seconds, Stopping threads took: 0,0000175 seconds
 CMS: abort preclean due to time 2018-01-03T20:22:51.111-0200: 10,320: [CMS-concurrent-abortable-preclean: 0,250/6,016 secs] [Times: user=2,07 sys=0,07, real=6,01 secs] 
2018-01-03T20:22:51.111-0200: 10,321: [GC (CMS Final Remark) [YG occupancy: 524288 K (655360 K)]{Heap before GC invocations=0 (full 1):
 par new generation   total 655360K, used 524288K [0x0000000700000000, 0x0000000730000000, 0x0000000730000000)
  eden space 524288K, 100% used [0x0000000700000000, 0x0000000720000000, 0x0000000720000000)
  from space 131072K,   0% used [0x0000000720000000, 0x0000000720000000, 0x0000000728000000)
  to   space 131072K,   0% used [0x0000000728000000, 0x0000000728000000, 0x0000000730000000)
 concurrent mark-sweep generation total 2359296K, used 0K [0x0000000730000000, 0x00000007c0000000, 0x00000007c0000000)
 Metaspace       used 37139K, capacity 38339K, committed 38484K, reserved 1083392K
  class space    used 4470K, capacity 4878K, committed 4896K, reserved 1048576K
2018-01-03T20:22:51.111-0200: 10,321: [GC (CMS Final Remark) 2018-01-03T20:22:51.111-0200: 10,321: [ParNew
Desired survivor size 120795952 bytes, new threshold 8 (max 8)
- age   1:   34493560 bytes,   34493560 total
: 524288K->33985K(655360K), 0,2567357 secs] 524288K->33985K(3014656K), 0,3163037 secs] [Times: user=0,07 sys=0,01, real=0,33 secs] 
Heap after GC invocations=1 (full 1):
 par new generation   total 655360K, used 33985K [0x0000000700000000, 0x0000000730000000, 0x0000000730000000)
  eden space 524288K,   0% used [0x0000000700000000, 0x0000000700000000, 0x0000000720000000)
  from space 131072K,  25% used [0x0000000728000000, 0x000000072a130620, 0x0000000730000000)
  to   space 131072K,   0% used [0x0000000720000000, 0x0000000720000000, 0x0000000728000000)
 concurrent mark-sweep generation total 2359296K, used 0K [0x0000000730000000, 0x00000007c0000000, 0x00000007c0000000)
 Metaspace       used 37139K, capacity 38339K, committed 38484K, reserved 1083392K
  class space    used 4470K, capacity 4878K, committed 4896K, reserved 1048576K
}
2018-01-03T20:22:51.445-0200: 10,658: [Rescan (parallel) , 0,5841433 secs]2018-01-03T20:22:52.047-0200: 11,262: [weak refs processing, 0,0416330 secs]2018-01-03T20:22:52.086-0200: 11,296: [class unloading, 0,0243299 secs]2018-01-03T20:22:52.110-0200: 11,320: [scrub symbol table, 0,0084111 secs]2018-01-03T20:22:52.119-0200: 11,328: [scrub string table, 0,0005495 secs][1 CMS-remark: 0K(2359296K)] 33985K(3014656K), 1,0118808 secs] [Times: user=0,12 sys=0,02, real=1,02 secs] 
2018-01-03T20:22:52.130-0200: 11,339: Total time for which application threads were stopped: 1,0189763 seconds, Stopping threads took: 0,0000308 seconds
2018-01-03T20:22:52.330-0200: 11,540: [CMS-concurrent-sweep-start]
2018-01-03T20:22:52.385-0200: 11,594: [CMS-concurrent-sweep: 0,026/0,026 secs] [Times: user=0,00 sys=0,00, real=0,06 secs] 
2018-01-03T20:22:52.580-0200: 11,790: [CMS-concurrent-reset-start]
2018-01-03T20:22:53.113-0200: 12,322: [CMS-concurrent-reset: 0,530/0,530 secs] [Times: user=0,01 sys=0,01, real=0,53 secs] 
2018-01-03T20:22:55.072-0200: 14,287: Total time for which application threads were stopped: 0,6398636 seconds, Stopping threads took: 0,3228632 seconds
2018-01-03T20:22:56.097-0200: 15,307: Total time for which application threads were stopped: 0,1311677 seconds, Stopping threads took: 0,0013142 seconds
2018-01-03T20:23:04.278-0200: 23,488: Total time for which application threads were stopped: 0,0011394 seconds, Stopping threads took: 0,0000211 seconds
2018-01-03T20:23:04.280-0200: 23,489: Total time for which application threads were stopped: 0,0000484 seconds, Stopping threads took: 0,0000174 seconds
2018-01-03T20:23:04.326-0200: 23,536: Total time for which application threads were stopped: 0,0000518 seconds, Stopping threads took: 0,0000147 seconds
2018-01-03T20:23:04.336-0200: 23,546: Total time for which application threads were stopped: 0,0000495 seconds, Stopping threads took: 0,0000185 seconds
2018-01-03T20:23:04.410-0200: 23,620: Total time for which application threads were stopped: 0,0004511 seconds, Stopping threads took: 0,0000214 seconds
2018-01-03T20:23:04.608-0200: 23,817: Total time for which application threads were stopped: 0,0000544 seconds, Stopping threads took: 0,0000203 seconds
2018-01-03T20:23:04.622-0200: 23,832: Total time for which application threads were stopped: 0,0000625 seconds, Stopping threads took: 0,0000287 seconds
2018-01-03T20:23:04.622-0200: 23,832: Total time for which application threads were stopped: 0,0000217 seconds, Stopping threads took: 0,0000047 seconds
2018-01-03T20:23:04.622-0200: 23,832: Total time for which application threads were stopped: 0,0000192 seconds, Stopping threads took: 0,0000043 seconds
2018-01-03T20:23:04.627-0200: 23,836: Total time for which application threads were stopped: 0,0000524 seconds, Stopping threads took: 0,0000193 seconds
2018-01-03T20:23:04.638-0200: 23,848: Total time for which application threads were stopped: 0,0000609 seconds, Stopping threads took: 0,0000214 seconds
2018-01-03T20:23:04.641-0200: 23,850: Total time for which application threads were stopped: 0,0000563 seconds, Stopping threads took: 0,0000235 seconds
2018-01-03T20:23:04.641-0200: 23,851: Total time for which application threads were stopped: 0,0000441 seconds, Stopping threads took: 0,0000159 seconds
2018-01-03T20:23:04.641-0200: 23,851: Total time for which application threads were stopped: 0,0000290 seconds, Stopping threads took: 0,0000103 seconds
2018-01-03T20:23:04.641-0200: 23,851: Total time for which application threads were stopped: 0,0000237 seconds, Stopping threads took: 0,0000088 seconds
2018-01-03T20:23:04.641-0200: 23,851: Total time for which application threads were stopped: 0,0000238 seconds, Stopping threads took: 0,0000090 seconds
2018-01-03T20:23:04.663-0200: 23,872: Total time for which application threads were stopped: 0,0000546 seconds, Stopping threads took: 0,0000213 seconds
2018-01-03T20:23:04.679-0200: 23,888: Total time for which application threads were stopped: 0,0000716 seconds, Stopping threads took: 0,0000216 seconds
2018-01-03T20:23:04.683-0200: 23,892: Total time for which application threads were stopped: 0,0000572 seconds, Stopping threads took: 0,0000195 seconds
2018-01-03T20:23:04.683-0200: 23,892: Total time for which application threads were stopped: 0,0000308 seconds, Stopping threads took: 0,0000107 seconds
2018-01-03T20:23:04.683-0200: 23,892: Total time for which application threads were stopped: 0,0000484 seconds, Stopping threads took: 0,0000282 seconds
2018-01-03T20:23:04.683-0200: 23,893: Total time for which application threads were stopped: 0,0000335 seconds, Stopping threads took: 0,0000101 seconds
2018-01-03T20:23:04.683-0200: 23,893: Total time for which application threads were stopped: 0,0000292 seconds, Stopping threads took: 0,0000100 seconds
2018-01-03T20:23:04.684-0200: 23,893: Total time for which application threads were stopped: 0,0000458 seconds, Stopping threads took: 0,0000226 seconds
2018-01-03T20:23:04.725-0200: 23,935: Total time for which application threads were stopped: 0,0000713 seconds, Stopping threads took: 0,0000317 seconds
2018-01-03T20:23:04.792-0200: 24,001: Total time for which application threads were stopped: 0,0000551 seconds, Stopping threads took: 0,0000203 seconds
2018-01-03T20:23:05.714-0200: 24,923: Total time for which application threads were stopped: 0,0000470 seconds, Stopping threads took: 0,0000138 seconds
2018-01-03T20:23:05.714-0200: 24,924: Total time for which application threads were stopped: 0,0000254 seconds, Stopping threads took: 0,0000060 seconds
2018-01-03T20:23:07.759-0200: 26,968: Total time for which application threads were stopped: 0,0000544 seconds, Stopping threads took: 0,0000142 seconds
2018-01-03T20:23:07.759-0200: 26,968: Total time for which application threads were stopped: 0,0000297 seconds, Stopping threads took: 0,0000059 seconds
2018-01-03T20:23:07.759-0200: 26,969: Total time for which application threads were stopped: 0,0000442 seconds, Stopping threads took: 0,0000100 seconds
2018-01-03T20:23:07.760-0200: 26,969: Total time for which application threads were stopped: 0,0000434 seconds, Stopping threads took: 0,0000190 seconds
2018-01-03T20:23:07.761-0200: 26,971: Total time for which application threads were stopped: 0,0002412 seconds, Stopping threads took: 0,0001996 seconds
2018-01-03T20:23:07.762-0200: 26,971: Total time for which application threads were stopped: 0,0000364 seconds, Stopping threads took: 0,0000073 seconds
2018-01-03T20:23:07.766-0200: 26,976: Total time for which application threads were stopped: 0,0014421 seconds, Stopping threads took: 0,0012937 seconds
2018-01-03T20:23:07.768-0200: 26,977: Total time for which application threads were stopped: 0,0001271 seconds, Stopping threads took: 0,0000105 seconds
2018-01-03T20:23:07.772-0200: 26,982: Total time for which application threads were stopped: 0,0021625 seconds, Stopping threads took: 0,0020953 seconds
2018-01-03T20:23:07.776-0200: 26,985: Total time for which application threads were stopped: 0,0001585 seconds, Stopping threads took: 0,0000202 seconds
2018-01-03T20:23:07.805-0200: 27,015: Total time for which application threads were stopped: 0,0000697 seconds, Stopping threads took: 0,0000242 seconds
2018-01-03T20:23:07.805-0200: 27,015: Total time for which application threads were stopped: 0,0000303 seconds, Stopping threads took: 0,0000057 seconds
2018-01-03T20:23:07.806-0200: 27,015: Total time for which application threads were stopped: 0,0000455 seconds, Stopping threads took: 0,0000058 seconds
2018-01-03T20:23:07.807-0200: 27,017: Total time for which application threads were stopped: 0,0000728 seconds, Stopping threads took: 0,0000139 seconds
2018-01-03T20:23:07.838-0200: 27,047: Total time for which application threads were stopped: 0,0000708 seconds, Stopping threads took: 0,0000140 seconds
2018-01-03T20:23:07.838-0200: 27,047: Total time for which application threads were stopped: 0,0000326 seconds, Stopping threads took: 0,0000052 seconds
2018-01-03T20:23:07.838-0200: 27,047: Total time for which application threads were stopped: 0,0000426 seconds, Stopping threads took: 0,0000047 seconds
2018-01-03T20:23:07.838-0200: 27,047: Total time for which application threads were stopped: 0,0000291 seconds, Stopping threads took: 0,0000048 seconds
2018-01-03T20:23:07.843-0200: 27,052: Total time for which application threads were stopped: 0,0000723 seconds, Stopping threads took: 0,0000149 seconds
2018-01-03T20:23:07.843-0200: 27,053: Total time for which application threads were stopped: 0,0000382 seconds, Stopping threads took: 0,0000075 seconds
2018-01-03T20:23:07.843-0200: 27,053: Total time for which application threads were stopped: 0,0000289 seconds, Stopping threads took: 0,0000052 seconds
2018-01-03T20:23:07.844-0200: 27,053: Total time for which application threads were stopped: 0,0000285 seconds, Stopping threads took: 0,0000051 seconds
2018-01-03T20:23:07.844-0200: 27,053: Total time for which application threads were stopped: 0,0000279 seconds, Stopping threads took: 0,0000048 seconds
2018-01-03T20:23:07.844-0200: 27,054: Total time for which application threads were stopped: 0,0000330 seconds, Stopping threads took: 0,0000058 seconds
2018-01-03T20:23:07.844-0200: 27,054: Total time for which application threads were stopped: 0,0000286 seconds, Stopping threads took: 0,0000051 seconds
2018-01-03T20:23:07.844-0200: 27,054: Total time for which application threads were stopped: 0,0000273 seconds, Stopping threads took: 0,0000049 seconds
2018-01-03T20:23:07.844-0200: 27,054: Total time for which application threads were stopped: 0,0000274 seconds, Stopping threads took: 0,0000046 seconds
2018-01-03T20:23:07.844-0200: 27,054: Total time for which application threads were stopped: 0,0000619 seconds, Stopping threads took: 0,0000049 seconds
2018-01-03T20:23:07.844-0200: 27,054: Total time for which application threads were stopped: 0,0000281 seconds, Stopping threads took: 0,0000048 seconds
2018-01-03T20:23:07.844-0200: 27,054: Total time for which application threads were stopped: 0,0000274 seconds, Stopping threads took: 0,0000050 seconds
2018-01-03T20:23:07.845-0200: 27,054: Total time for which application threads were stopped: 0,0000273 seconds, Stopping threads took: 0,0000048 seconds
2018-01-03T20:23:07.847-0200: 27,056: Total time for which application threads were stopped: 0,0000529 seconds, Stopping threads took: 0,0000164 seconds
2018-01-03T20:23:07.847-0200: 27,056: Total time for which application threads were stopped: 0,0000504 seconds, Stopping threads took: 0,0000054 seconds
2018-01-03T20:23:07.859-0200: 27,069: Total time for which application threads were stopped: 0,0000670 seconds, Stopping threads took: 0,0000202 seconds
2018-01-03T20:23:07.884-0200: 27,093: Total time for which application threads were stopped: 0,0004028 seconds, Stopping threads took: 0,0000221 seconds
2018-01-03T20:23:07.891-0200: 27,101: Total time for which application threads were stopped: 0,0064990 seconds, Stopping threads took: 0,0064364 seconds
2018-01-03T20:23:07.891-0200: 27,101: Total time for which application threads were stopped: 0,0000385 seconds, Stopping threads took: 0,0000080 seconds
2018-01-03T20:23:07.892-0200: 27,101: Total time for which application threads were stopped: 0,0000419 seconds, Stopping threads took: 0,0000189 seconds
2018-01-03T20:23:07.892-0200: 27,101: Total time for which application threads were stopped: 0,0000370 seconds, Stopping threads took: 0,0000103 seconds
2018-01-03T20:23:07.892-0200: 27,101: Total time for which application threads were stopped: 0,0000282 seconds, Stopping threads took: 0,0000045 seconds
2018-01-03T20:23:07.892-0200: 27,102: Total time for which application threads were stopped: 0,0000479 seconds, Stopping threads took: 0,0000045 seconds
2018-01-03T20:23:07.892-0200: 27,102: Total time for which application threads were stopped: 0,0000285 seconds, Stopping threads took: 0,0000048 seconds
2018-01-03T20:23:07.892-0200: 27,102: Total time for which application threads were stopped: 0,0000281 seconds, Stopping threads took: 0,0000046 seconds
2018-01-03T20:23:07.898-0200: 27,108: Total time for which application threads were stopped: 0,0001000 seconds, Stopping threads took: 0,0000236 seconds
2018-01-03T20:23:07.898-0200: 27,108: Total time for which application threads were stopped: 0,0001651 seconds, Stopping threads took: 0,0000206 seconds
2018-01-03T20:23:07.899-0200: 27,108: Total time for which application threads were stopped: 0,0000559 seconds, Stopping threads took: 0,0000118 seconds
2018-01-03T20:23:07.954-0200: 27,163: Total time for which application threads were stopped: 0,0000578 seconds, Stopping threads took: 0,0000212 seconds
2018-01-03T20:23:07.954-0200: 27,163: Total time for which application threads were stopped: 0,0000288 seconds, Stopping threads took: 0,0000096 seconds
2018-01-03T20:23:07.954-0200: 27,163: Total time for which application threads were stopped: 0,0000258 seconds, Stopping threads took: 0,0000085 seconds
2018-01-03T20:23:07.954-0200: 27,163: Total time for which application threads were stopped: 0,0000257 seconds, Stopping threads took: 0,0000082 seconds
2018-01-03T20:23:07.954-0200: 27,163: Total time for which application threads were stopped: 0,0000251 seconds, Stopping threads took: 0,0000081 seconds
2018-01-03T20:23:07.954-0200: 27,164: Total time for which application threads were stopped: 0,0000281 seconds, Stopping threads took: 0,0000066 seconds
2018-01-03T20:23:07.954-0200: 27,164: Total time for which application threads were stopped: 0,0000213 seconds, Stopping threads took: 0,0000044 seconds
2018-01-03T20:23:07.954-0200: 27,164: Total time for which application threads were stopped: 0,0000211 seconds, Stopping threads took: 0,0000043 seconds
2018-01-03T20:23:07.954-0200: 27,164: Total time for which application threads were stopped: 0,0000209 seconds, Stopping threads took: 0,0000043 seconds
2018-01-03T20:23:07.954-0200: 27,164: Total time for which application threads were stopped: 0,0000206 seconds, Stopping threads took: 0,0000042 seconds
2018-01-03T20:23:18.552-0200: 37,763: Total time for which application threads were stopped: 0,0061336 seconds, Stopping threads took: 0,0008321 seconds
2018-01-03T20:23:18.566-0200: 37,775: Total time for which application threads were stopped: 0,0114857 seconds, Stopping threads took: 0,0114299 seconds
2018-01-03T20:23:18.595-0200: 37,805: Total time for which application threads were stopped: 0,0092599 seconds, Stopping threads took: 0,0091848 seconds
2018-01-03T20:23:18.598-0200: 37,808: Total time for which application threads were stopped: 0,0014987 seconds, Stopping threads took: 0,0014480 seconds
2018-01-03T20:23:18.600-0200: 37,810: Total time for which application threads were stopped: 0,0012506 seconds, Stopping threads took: 0,0011850 seconds
2018-01-03T20:23:18.605-0200: 37,815: Total time for which application threads were stopped: 0,0000663 seconds, Stopping threads took: 0,0000196 seconds
2018-01-03T20:23:18.651-0200: 37,860: Total time for which application threads were stopped: 0,0000825 seconds, Stopping threads took: 0,0000212 seconds
2018-01-03T20:23:18.651-0200: 37,861: Total time for which application threads were stopped: 0,0000411 seconds, Stopping threads took: 0,0000129 seconds
2018-01-03T20:23:18.652-0200: 37,862: Total time for which application threads were stopped: 0,0000699 seconds, Stopping threads took: 0,0000380 seconds
2018-01-03T20:23:18.652-0200: 37,862: Total time for which application threads were stopped: 0,0000431 seconds, Stopping threads took: 0,0000118 seconds
2018-01-03T20:23:18.653-0200: 37,862: Total time for which application threads were stopped: 0,0000352 seconds, Stopping threads took: 0,0000107 seconds
2018-01-03T20:23:18.653-0200: 37,862: Total time for which application threads were stopped: 0,0000350 seconds, Stopping threads took: 0,0000108 seconds
2018-01-03T20:23:18.685-0200: 37,895: Total time for which application threads were stopped: 0,0000776 seconds, Stopping threads took: 0,0000222 seconds
2018-01-03T20:23:18.889-0200: 38,099: Total time for which application threads were stopped: 0,0004372 seconds, Stopping threads took: 0,0000212 seconds
2018-01-03T20:23:18.890-0200: 38,099: Total time for which application threads were stopped: 0,0000485 seconds, Stopping threads took: 0,0000124 seconds
2018-01-03T20:23:18.913-0200: 38,123: Total time for which application threads were stopped: 0,0000789 seconds, Stopping threads took: 0,0000160 seconds
2018-01-03T20:23:18.918-0200: 38,128: Total time for which application threads were stopped: 0,0000625 seconds, Stopping threads took: 0,0000216 seconds
2018-01-03T20:23:18.931-0200: 38,140: Total time for which application threads were stopped: 0,0000888 seconds, Stopping threads took: 0,0000302 seconds
2018-01-03T20:23:19.214-0200: 38,424: Total time for which application threads were stopped: 0,0002001 seconds, Stopping threads took: 0,0000910 seconds
2018-01-03T20:23:19.217-0200: 38,427: Total time for which application threads were stopped: 0,0000640 seconds, Stopping threads took: 0,0000218 seconds
2018-01-03T20:23:19.256-0200: 38,465: Total time for which application threads were stopped: 0,0000594 seconds, Stopping threads took: 0,0000219 seconds
2018-01-03T20:23:19.267-0200: 38,477: Total time for which application threads were stopped: 0,0000893 seconds, Stopping threads took: 0,0000231 seconds
2018-01-03T20:23:19.284-0200: 38,494: Total time for which application threads were stopped: 0,0000748 seconds, Stopping threads took: 0,0000266 seconds
2018-01-03T20:23:19.314-0200: 38,524: Total time for which application threads were stopped: 0,0005801 seconds, Stopping threads took: 0,0000274 seconds
2018-01-03T20:23:19.338-0200: 38,547: Total time for which application threads were stopped: 0,0001721 seconds, Stopping threads took: 0,0000212 seconds
2018-01-03T20:23:19.353-0200: 38,563: Total time for which application threads were stopped: 0,0000665 seconds, Stopping threads took: 0,0000193 seconds
2018-01-03T20:23:19.391-0200: 38,601: Total time for which application threads were stopped: 0,0000717 seconds, Stopping threads took: 0,0000226 seconds
2018-01-03T20:23:19.437-0200: 38,647: Total time for which application threads were stopped: 0,0001674 seconds, Stopping threads took: 0,0000276 seconds
2018-01-03T20:23:19.445-0200: 38,655: Total time for which application threads were stopped: 0,0001400 seconds, Stopping threads took: 0,0000863 seconds
2018-01-03T20:23:19.460-0200: 38,669: Total time for which application threads were stopped: 0,0045296 seconds, Stopping threads took: 0,0044071 seconds
2018-01-03T20:23:19.466-0200: 38,675: Total time for which application threads were stopped: 0,0051661 seconds, Stopping threads took: 0,0049502 seconds
2018-01-03T20:23:19.519-0200: 38,729: Total time for which application threads were stopped: 0,0000616 seconds, Stopping threads took: 0,0000215 seconds
2018-01-03T20:23:19.524-0200: 38,734: Total time for which application threads were stopped: 0,0000742 seconds, Stopping threads took: 0,0000247 seconds
2018-01-03T20:23:19.524-0200: 38,734: Total time for which application threads were stopped: 0,0000318 seconds, Stopping threads took: 0,0000103 seconds
2018-01-03T20:23:19.572-0200: 38,782: Total time for which application threads were stopped: 0,0000785 seconds, Stopping threads took: 0,0000169 seconds
2018-01-03T20:23:19.598-0200: 38,808: Total time for which application threads were stopped: 0,0000716 seconds, Stopping threads took: 0,0000143 seconds
2018-01-03T20:23:19.599-0200: 38,809: Total time for which application threads were stopped: 0,0000520 seconds, Stopping threads took: 0,0000096 seconds
2018-01-03T20:23:19.658-0200: 38,868: Total time for which application threads were stopped: 0,0001277 seconds, Stopping threads took: 0,0000789 seconds
2018-01-03T20:23:19.658-0200: 38,868: Total time for which application threads were stopped: 0,0000275 seconds, Stopping threads took: 0,0000051 seconds
2018-01-03T20:23:19.664-0200: 38,873: Total time for which application threads were stopped: 0,0000530 seconds, Stopping threads took: 0,0000207 seconds
2018-01-03T20:23:19.664-0200: 38,873: Total time for which application threads were stopped: 0,0000338 seconds, Stopping threads took: 0,0000128 seconds
2018-01-03T20:23:19.701-0200: 38,911: Total time for which application threads were stopped: 0,0004221 seconds, Stopping threads took: 0,0000236 seconds
2018-01-03T20:23:19.711-0200: 38,920: Total time for which application threads were stopped: 0,0000581 seconds, Stopping threads took: 0,0000199 seconds
2018-01-03T20:23:19.711-0200: 38,920: Total time for which application threads were stopped: 0,0000313 seconds, Stopping threads took: 0,0000095 seconds
2018-01-03T20:23:19.799-0200: 39,009: Total time for which application threads were stopped: 0,0002986 seconds, Stopping threads took: 0,0002277 seconds
2018-01-03T20:23:19.813-0200: 39,022: Total time for which application threads were stopped: 0,0000800 seconds, Stopping threads took: 0,0000330 seconds
2018-01-03T20:23:19.894-0200: 39,104: Total time for which application threads were stopped: 0,0558084 seconds, Stopping threads took: 0,0557239 seconds
2018-01-03T20:23:19.894-0200: 39,104: Total time for which application threads were stopped: 0,0000629 seconds, Stopping threads took: 0,0000079 seconds
2018-01-03T20:23:19.894-0200: 39,104: Total time for which application threads were stopped: 0,0000443 seconds, Stopping threads took: 0,0000115 seconds
2018-01-03T20:23:19.894-0200: 39,104: Total time for which application threads were stopped: 0,0000356 seconds, Stopping threads took: 0,0000060 seconds
2018-01-03T20:23:19.927-0200: 39,137: Total time for which application threads were stopped: 0,0000742 seconds, Stopping threads took: 0,0000155 seconds
2018-01-03T20:23:19.927-0200: 39,137: Total time for which application threads were stopped: 0,0000309 seconds, Stopping threads took: 0,0000054 seconds
2018-01-03T20:23:19.930-0200: 39,139: Total time for which application threads were stopped: 0,0000534 seconds, Stopping threads took: 0,0000179 seconds
2018-01-03T20:23:19.939-0200: 39,148: Total time for which application threads were stopped: 0,0000836 seconds, Stopping threads took: 0,0000381 seconds
2018-01-03T20:23:19.966-0200: 39,175: Total time for which application threads were stopped: 0,0178925 seconds, Stopping threads took: 0,0178411 seconds
2018-01-03T20:23:19.967-0200: 39,177: Total time for which application threads were stopped: 0,0000731 seconds, Stopping threads took: 0,0000419 seconds
2018-01-03T20:23:19.978-0200: 39,188: Total time for which application threads were stopped: 0,0000648 seconds, Stopping threads took: 0,0000283 seconds
2018-01-03T20:23:19.983-0200: 39,192: Total time for which application threads were stopped: 0,0000567 seconds, Stopping threads took: 0,0000193 seconds
2018-01-03T20:23:19.989-0200: 39,199: Total time for which application threads were stopped: 0,0000751 seconds, Stopping threads took: 0,0000241 seconds
2018-01-03T20:23:20.004-0200: 39,213: Total time for which application threads were stopped: 0,0000587 seconds, Stopping threads took: 0,0000233 seconds
2018-01-03T20:23:20.013-0200: 39,223: Total time for which application threads were stopped: 0,0000808 seconds, Stopping threads took: 0,0000380 seconds
2018-01-03T20:23:20.024-0200: 39,234: Total time for which application threads were stopped: 0,0000745 seconds, Stopping threads took: 0,0000352 seconds
2018-01-03T20:23:20.031-0200: 39,241: Total time for which application threads were stopped: 0,0003050 seconds, Stopping threads took: 0,0000316 seconds
2018-01-03T20:23:20.041-0200: 39,251: Total time for which application threads were stopped: 0,0000685 seconds, Stopping threads took: 0,0000249 seconds
2018-01-03T20:23:20.057-0200: 39,266: Total time for which application threads were stopped: 0,0000693 seconds, Stopping threads took: 0,0000264 seconds
2018-01-03T20:23:20.062-0200: 39,271: Total time for which application threads were stopped: 0,0000695 seconds, Stopping threads took: 0,0000333 seconds
2018-01-03T20:23:20.068-0200: 39,278: Total time for which application threads were stopped: 0,0000696 seconds, Stopping threads took: 0,0000289 seconds
2018-01-03T20:23:20.074-0200: 39,283: Total time for which application threads were stopped: 0,0000694 seconds, Stopping threads took: 0,0000289 seconds
2018-01-03T20:23:20.084-0200: 39,293: Total time for which application threads were stopped: 0,0002853 seconds, Stopping threads took: 0,0002321 seconds
2018-01-03T20:23:20.090-0200: 39,300: Total time for which application threads were stopped: 0,0000824 seconds, Stopping threads took: 0,0000292 seconds
2018-01-03T20:23:20.095-0200: 39,304: Total time for which application threads were stopped: 0,0000618 seconds, Stopping threads took: 0,0000257 seconds
2018-01-03T20:23:20.104-0200: 39,313: Total time for which application threads were stopped: 0,0002417 seconds, Stopping threads took: 0,0000295 seconds
2018-01-03T20:23:20.236-0200: 39,445: Total time for which application threads were stopped: 0,0001608 seconds, Stopping threads took: 0,0000264 seconds
2018-01-03T20:23:20.647-0200: 39,856: Total time for which application threads were stopped: 0,0073622 seconds, Stopping threads took: 0,0072462 seconds
2018-01-03T20:23:20.648-0200: 39,857: Total time for which application threads were stopped: 0,0000691 seconds, Stopping threads took: 0,0000102 seconds
2018-01-03T20:23:20.665-0200: 39,875: Total time for which application threads were stopped: 0,0011717 seconds, Stopping threads took: 0,0010825 seconds
2018-01-03T20:23:20.666-0200: 39,875: Total time for which application threads were stopped: 0,0000415 seconds, Stopping threads took: 0,0000078 seconds
2018-01-03T20:23:20.666-0200: 39,875: Total time for which application threads were stopped: 0,0000351 seconds, Stopping threads took: 0,0000051 seconds
2018-01-03T20:23:20.666-0200: 39,875: Total time for which application threads were stopped: 0,0000318 seconds, Stopping threads took: 0,0000058 seconds
2018-01-03T20:23:20.666-0200: 39,875: Total time for which application threads were stopped: 0,0000273 seconds, Stopping threads took: 0,0000052 seconds
2018-01-03T20:23:20.671-0200: 39,881: Total time for which application threads were stopped: 0,0009665 seconds, Stopping threads took: 0,0008991 seconds
2018-01-03T20:23:20.671-0200: 39,881: Total time for which application threads were stopped: 0,0000469 seconds, Stopping threads took: 0,0000082 seconds
2018-01-03T20:23:20.704-0200: 39,914: Total time for which application threads were stopped: 0,0140800 seconds, Stopping threads took: 0,0140188 seconds
2018-01-03T20:23:20.704-0200: 39,914: Total time for which application threads were stopped: 0,0000360 seconds, Stopping threads took: 0,0000074 seconds
2018-01-03T20:23:20.705-0200: 39,914: Total time for which application threads were stopped: 0,0000691 seconds, Stopping threads took: 0,0000315 seconds
2018-01-03T20:23:20.705-0200: 39,914: Total time for which application threads were stopped: 0,0000341 seconds, Stopping threads took: 0,0000050 seconds
2018-01-03T20:23:21.710-0200: 40,920: Total time for which application threads were stopped: 0,0052919 seconds, Stopping threads took: 0,0051627 seconds
2018-01-03T20:23:22.136-0200: 41,346: Total time for which application threads were stopped: 0,0037956 seconds, Stopping threads took: 0,0036602 seconds
2018-01-03T20:23:23.094-0200: 42,303: Total time for which application threads were stopped: 0,0006242 seconds, Stopping threads took: 0,0005326 seconds
2018-01-03T20:23:23.094-0200: 42,304: Total time for which application threads were stopped: 0,0000459 seconds, Stopping threads took: 0,0000065 seconds
2018-01-03T20:23:23.134-0200: 42,343: Total time for which application threads were stopped: 0,0247034 seconds, Stopping threads took: 0,0245217 seconds
2018-01-03T20:23:23.134-0200: 42,343: Total time for which application threads were stopped: 0,0000368 seconds, Stopping threads took: 0,0000067 seconds
2018-01-03T20:23:24.136-0200: 43,346: Total time for which application threads were stopped: 0,0020936 seconds, Stopping threads took: 0,0020225 seconds
2018-01-03T20:23:24.440-0200: 43,649: Total time for which application threads were stopped: 0,0001096 seconds, Stopping threads took: 0,0000220 seconds
2018-01-03T20:23:25.442-0200: 44,652: Total time for which application threads were stopped: 0,0021040 seconds, Stopping threads took: 0,0020288 seconds
2018-01-03T20:23:26.008-0200: 45,217: Total time for which application threads were stopped: 0,0020982 seconds, Stopping threads took: 0,0020224 seconds
2018-01-03T20:23:26.171-0200: 45,381: Total time for which application threads were stopped: 0,0006230 seconds, Stopping threads took: 0,0000311 seconds
{Heap before GC invocations=1 (full 1):
 par new generation   total 655360K, used 558273K [0x0000000700000000, 0x0000000730000000, 0x0000000730000000)
  eden space 524288K, 100% used [0x0000000700000000, 0x0000000720000000, 0x0000000720000000)
  from space 131072K,  25% used [0x0000000728000000, 0x000000072a130620, 0x0000000730000000)
  to   space 131072K,   0% used [0x0000000720000000, 0x0000000720000000, 0x0000000728000000)
 concurrent mark-sweep generation total 2359296K, used 0K [0x0000000730000000, 0x00000007c0000000, 0x00000007c0000000)
 Metaspace       used 41274K, capacity 42879K, committed 43144K, reserved 1087488K
  class space    used 4901K, capacity 5416K, committed 5536K, reserved 1048576K
2018-01-03T20:23:26.442-0200: 45,652: [GC (Allocation Failure) 2018-01-03T20:23:26.442-0200: 45,652: [ParNew
Desired survivor size 120795952 bytes, new threshold 8 (max 8)
- age   1:   18268264 bytes,   18268264 total
- age   2:   13500416 bytes,   31768680 total
: 558273K->39255K(655360K), 0,1502815 secs] 558273K->39255K(3014656K), 0,1512392 secs] [Times: user=0,08 sys=0,01, real=0,14 secs] 
Heap after GC invocations=2 (full 1):
 par new generation   total 655360K, used 39255K [0x0000000700000000, 0x0000000730000000, 0x0000000730000000)
  eden space 524288K,   0% used [0x0000000700000000, 0x0000000700000000, 0x0000000720000000)
  from space 131072K,  29% used [0x0000000720000000, 0x0000000722655d00, 0x0000000728000000)
  to   space 131072K,   0% used [0x0000000728000000, 0x0000000728000000, 0x0000000730000000)
 concurrent mark-sweep generation total 2359296K, used 0K [0x0000000730000000, 0x00000007c0000000, 0x00000007c0000000)
 Metaspace       used 41274K, capacity 42879K, committed 43144K, reserved 1087488K
  class space    used 4901K, capacity 5416K, committed 5536K, reserved 1048576K
}
2018-01-03T20:23:26.594-0200: 45,804: Total time for which application threads were stopped: 0,1561893 seconds, Stopping threads took: 0,0000237 seconds
2018-01-03T20:23:26.606-0200: 45,816: Total time for which application threads were stopped: 0,0020724 seconds, Stopping threads took: 0,0020315 seconds
2018-01-03T20:23:26.607-0200: 45,816: Total time for which application threads were stopped: 0,0000263 seconds, Stopping threads took: 0,0000061 seconds
2018-01-03T20:23:26.607-0200: 45,816: Total time for which application threads were stopped: 0,0000232 seconds, Stopping threads took: 0,0000048 seconds
2018-01-03T20:23:26.607-0200: 45,816: Total time for which application threads were stopped: 0,0000230 seconds, Stopping threads took: 0,0000048 seconds
2018-01-03T20:23:26.607-0200: 45,816: Total time for which application threads were stopped: 0,0000226 seconds, Stopping threads took: 0,0000046 seconds
2018-01-03T20:23:26.607-0200: 45,816: Total time for which application threads were stopped: 0,0000226 seconds, Stopping threads took: 0,0000047 seconds
2018-01-03T20:23:26.607-0200: 45,816: Total time for which application threads were stopped: 0,0000223 seconds, Stopping threads took: 0,0000046 seconds
2018-01-03T20:23:26.607-0200: 45,816: Total time for which application threads were stopped: 0,0000226 seconds, Stopping threads took: 0,0000047 seconds
2018-01-03T20:23:26.607-0200: 45,816: Total time for which application threads were stopped: 0,0000226 seconds, Stopping threads took: 0,0000047 seconds
2018-01-03T20:23:26.607-0200: 45,816: Total time for which application threads were stopped: 0,0000228 seconds, Stopping threads took: 0,0000047 seconds
2018-01-03T20:23:26.607-0200: 45,816: Total time for which application threads were stopped: 0,0000222 seconds, Stopping threads took: 0,0000046 seconds
2018-01-03T20:23:26.607-0200: 45,816: Total time for which application threads were stopped: 0,0000226 seconds, Stopping threads took: 0,0000046 seconds
2018-01-03T20:23:26.607-0200: 45,817: Total time for which application threads were stopped: 0,0000250 seconds, Stopping threads took: 0,0000057 seconds
2018-01-03T20:23:26.607-0200: 45,817: Total time for which application threads were stopped: 0,0000230 seconds, Stopping threads took: 0,0000048 seconds
2018-01-03T20:23:26.607-0200: 45,817: Total time for which application threads were stopped: 0,0000224 seconds, Stopping threads took: 0,0000047 seconds
2018-01-03T20:23:26.607-0200: 45,817: Total time for which application threads were stopped: 0,0000229 seconds, Stopping threads took: 0,0000048 seconds
2018-01-03T20:23:26.607-0200: 45,817: Total time for which application threads were stopped: 0,0000226 seconds, Stopping threads took: 0,0000047 seconds
2018-01-03T20:23:26.607-0200: 45,817: Total time for which application threads were stopped: 0,0000925 seconds, Stopping threads took: 0,0000048 seconds
2018-01-03T20:23:26.994-0200: 46,203: Total time for which application threads were stopped: 0,0001712 seconds, Stopping threads took: 0,0000225 seconds
2018-01-03T20:23:27.086-0200: 46,296: Total time for which application threads were stopped: 0,0035568 seconds, Stopping threads took: 0,0034685 seconds
2018-01-03T20:23:27.699-0200: 46,909: Total time for which application threads were stopped: 0,0001538 seconds, Stopping threads took: 0,0000433 seconds
2018-01-03T20:23:28.700-0200: 47,910: Total time for which application threads were stopped: 0,0001257 seconds, Stopping threads took: 0,0000265 seconds
{Heap before GC invocations=2 (full 1):
 par new generation   total 655360K, used 563543K [0x0000000700000000, 0x0000000730000000, 0x0000000730000000)
  eden space 524288K, 100% used [0x0000000700000000, 0x0000000720000000, 0x0000000720000000)
  from space 131072K,  29% used [0x0000000720000000, 0x0000000722655d00, 0x0000000728000000)
  to   space 131072K,   0% used [0x0000000728000000, 0x0000000728000000, 0x0000000730000000)
 concurrent mark-sweep generation total 2359296K, used 0K [0x0000000730000000, 0x00000007c0000000, 0x00000007c0000000)
 Metaspace       used 41332K, capacity 42943K, committed 43144K, reserved 1087488K
  class space    used 4901K, capacity 5416K, committed 5536K, reserved 1048576K
2018-01-03T20:23:29.605-0200: 48,814: [GC (Allocation Failure) 2018-01-03T20:23:29.605-0200: 48,814: [ParNew
Desired survivor size 120795952 bytes, new threshold 8 (max 8)
- age   1:   20202848 bytes,   20202848 total
- age   2:   14111688 bytes,   34314536 total
- age   3:   12801112 bytes,   47115648 total
: 563543K->63393K(655360K), 0,0962222 secs] 563543K->63393K(3014656K), 0,0962733 secs] [Times: user=0,10 sys=0,00, real=0,09 secs] 
Heap after GC invocations=3 (full 1):
 par new generation   total 655360K, used 63393K [0x0000000700000000, 0x0000000730000000, 0x0000000730000000)
  eden space 524288K,   0% used [0x0000000700000000, 0x0000000700000000, 0x0000000720000000)
  from space 131072K,  48% used [0x0000000728000000, 0x000000072bde8700, 0x0000000730000000)
  to   space 131072K,   0% used [0x0000000720000000, 0x0000000720000000, 0x0000000728000000)
 concurrent mark-sweep generation total 2359296K, used 0K [0x0000000730000000, 0x00000007c0000000, 0x00000007c0000000)
 Metaspace       used 41332K, capacity 42943K, committed 43144K, reserved 1087488K
  class space    used 4901K, capacity 5416K, committed 5536K, reserved 1048576K
}
2018-01-03T20:23:29.701-0200: 48,911: Total time for which application threads were stopped: 0,0964188 seconds, Stopping threads took: 0,0000246 seconds
2018-01-03T20:23:30.517-0200: 49,726: Total time for which application threads were stopped: 0,0052523 seconds, Stopping threads took: 0,0051251 seconds
{Heap before GC invocations=3 (full 1):
 par new generation   total 655360K, used 587681K [0x0000000700000000, 0x0000000730000000, 0x0000000730000000)
  eden space 524288K, 100% used [0x0000000700000000, 0x0000000720000000, 0x0000000720000000)
  from space 131072K,  48% used [0x0000000728000000, 0x000000072bde8700, 0x0000000730000000)
  to   space 131072K,   0% used [0x0000000720000000, 0x0000000720000000, 0x0000000728000000)
 concurrent mark-sweep generation total 2359296K, used 0K [0x0000000730000000, 0x00000007c0000000, 0x00000007c0000000)
 Metaspace       used 41337K, capacity 42943K, committed 43144K, reserved 1087488K
  class space    used 4901K, capacity 5416K, committed 5536K, reserved 1048576K
2018-01-03T20:23:31.060-0200: 50,269: [GC (Allocation Failure) 2018-01-03T20:23:31.060-0200: 50,269: [ParNew
Desired survivor size 120795952 bytes, new threshold 8 (max 8)
- age   1:   22253256 bytes,   22253256 total
- age   2:   16461368 bytes,   38714624 total
- age   3:   14110920 bytes,   52825544 total
- age   4:   12537024 bytes,   65362568 total
: 587681K->78968K(655360K), 0,1710720 secs] 587681K->78968K(3014656K), 0,1711243 secs] [Times: user=0,10 sys=0,02, real=0,17 secs] 
Heap after GC invocations=4 (full 1):
 par new generation   total 655360K, used 78968K [0x0000000700000000, 0x0000000730000000, 0x0000000730000000)
  eden space 524288K,   0% used [0x0000000700000000, 0x0000000700000000, 0x0000000720000000)
  from space 131072K,  60% used [0x0000000720000000, 0x0000000724d1e268, 0x0000000728000000)
  to   space 131072K,   0% used [0x0000000728000000, 0x0000000728000000, 0x0000000730000000)
 concurrent mark-sweep generation total 2359296K, used 0K [0x0000000730000000, 0x00000007c0000000, 0x00000007c0000000)
 Metaspace       used 41337K, capacity 42943K, committed 43144K, reserved 1087488K
  class space    used 4901K, capacity 5416K, committed 5536K, reserved 1048576K
}
2018-01-03T20:23:31.231-0200: 50,441: Total time for which application threads were stopped: 0,1712883 seconds, Stopping threads took: 0,0000225 seconds
2018-01-03T20:23:32.235-0200: 51,444: Total time for which application threads were stopped: 0,0026480 seconds, Stopping threads took: 0,0025432 seconds
2018-01-03T20:23:32.239-0200: 51,449: Total time for which application threads were stopped: 0,0000917 seconds, Stopping threads took: 0,0000174 seconds
{Heap before GC invocations=4 (full 1):
 par new generation   total 655360K, used 603256K [0x0000000700000000, 0x0000000730000000, 0x0000000730000000)
  eden space 524288K, 100% used [0x0000000700000000, 0x0000000720000000, 0x0000000720000000)
  from space 131072K,  60% used [0x0000000720000000, 0x0000000724d1e268, 0x0000000728000000)
  to   space 131072K,   0% used [0x0000000728000000, 0x0000000728000000, 0x0000000730000000)
 concurrent mark-sweep generation total 2359296K, used 0K [0x0000000730000000, 0x00000007c0000000, 0x00000007c0000000)
 Metaspace       used 41364K, capacity 42949K, committed 43144K, reserved 1087488K
  class space    used 4902K, capacity 5417K, committed 5536K, reserved 1048576K
2018-01-03T20:23:32.479-0200: 51,688: [GC (Allocation Failure) 2018-01-03T20:23:32.479-0200: 51,688: [ParNew
Desired survivor size 120795952 bytes, new threshold 8 (max 8)
- age   1:   24683952 bytes,   24683952 total
- age   2:   17669592 bytes,   42353544 total
- age   3:   15412112 bytes,   57765656 total
- age   4:   14110896 bytes,   71876552 total
- age   5:   12351600 bytes,   84228152 total
: 603256K->121381K(655360K), 0,2648148 secs] 603256K->121381K(3014656K), 0,2648736 secs] [Times: user=0,14 sys=0,01, real=0,27 secs] 
Heap after GC invocations=5 (full 1):
 par new generation   total 655360K, used 121381K [0x0000000700000000, 0x0000000730000000, 0x0000000730000000)
  eden space 524288K,   0% used [0x0000000700000000, 0x0000000700000000, 0x0000000720000000)
  from space 131072K,  92% used [0x0000000728000000, 0x000000072f689780, 0x0000000730000000)
  to   space 131072K,   0% used [0x0000000720000000, 0x0000000720000000, 0x0000000728000000)
 concurrent mark-sweep generation total 2359296K, used 0K [0x0000000730000000, 0x00000007c0000000, 0x00000007c0000000)
 Metaspace       used 41364K, capacity 42949K, committed 43144K, reserved 1087488K
  class space    used 4902K, capacity 5417K, committed 5536K, reserved 1048576K
}
2018-01-03T20:23:32.744-0200: 51,954: Total time for which application threads were stopped: 0,2660012 seconds, Stopping threads took: 0,0000268 seconds
2018-01-03T20:23:33.752-0200: 52,961: Total time for which application threads were stopped: 0,0048536 seconds, Stopping threads took: 0,0047940 seconds
2018-01-03T20:23:34.153-0200: 53,363: Total time for which application threads were stopped: 0,0049265 seconds, Stopping threads took: 0,0048456 seconds
2018-01-03T20:23:34.265-0200: 53,474: Total time for which application threads were stopped: 0,0122416 seconds, Stopping threads took: 0,0121439 seconds
2018-01-03T20:23:34.265-0200: 53,474: Total time for which application threads were stopped: 0,0000463 seconds, Stopping threads took: 0,0000069 seconds
2018-01-03T20:23:34.552-0200: 53,762: Total time for which application threads were stopped: 0,0133372 seconds, Stopping threads took: 0,0132569 seconds
2018-01-03T20:23:34.552-0200: 53,762: Total time for which application threads were stopped: 0,0000323 seconds, Stopping threads took: 0,0000074 seconds
2018-01-03T20:23:34.628-0200: 53,838: Total time for which application threads were stopped: 0,0079032 seconds, Stopping threads took: 0,0078356 seconds
2018-01-03T20:23:34.629-0200: 53,839: Total time for which application threads were stopped: 0,0000660 seconds, Stopping threads took: 0,0000148 seconds
2018-01-03T20:23:34.629-0200: 53,839: Total time for which application threads were stopped: 0,0000361 seconds, Stopping threads took: 0,0000063 seconds
2018-01-03T20:23:34.629-0200: 53,839: Total time for which application threads were stopped: 0,0000327 seconds, Stopping threads took: 0,0000053 seconds
2018-01-03T20:23:34.629-0200: 53,839: Total time for which application threads were stopped: 0,0001333 seconds, Stopping threads took: 0,0000192 seconds
2018-01-03T20:23:34.665-0200: 53,874: Total time for which application threads were stopped: 0,0222107 seconds, Stopping threads took: 0,0029787 seconds
2018-01-03T20:23:34.665-0200: 53,874: Total time for which application threads were stopped: 0,0000600 seconds, Stopping threads took: 0,0000087 seconds
2018-01-03T20:23:34.665-0200: 53,874: Total time for which application threads were stopped: 0,0000354 seconds, Stopping threads took: 0,0000051 seconds
2018-01-03T20:23:34.665-0200: 53,875: Total time for which application threads were stopped: 0,0000450 seconds, Stopping threads took: 0,0000053 seconds
2018-01-03T20:23:34.665-0200: 53,875: Total time for which application threads were stopped: 0,0000302 seconds, Stopping threads took: 0,0000052 seconds
2018-01-03T20:23:34.691-0200: 53,901: Total time for which application threads were stopped: 0,0099689 seconds, Stopping threads took: 0,0098962 seconds
2018-01-03T20:23:34.691-0200: 53,901: Total time for which application threads were stopped: 0,0000425 seconds, Stopping threads took: 0,0000077 seconds
2018-01-03T20:23:34.832-0200: 54,041: Total time for which application threads were stopped: 0,0045291 seconds, Stopping threads took: 0,0044469 seconds
2018-01-03T20:23:34.832-0200: 54,042: Total time for which application threads were stopped: 0,0000389 seconds, Stopping threads took: 0,0000090 seconds
2018-01-03T20:23:34.832-0200: 54,042: Total time for which application threads were stopped: 0,0000279 seconds, Stopping threads took: 0,0000058 seconds
2018-01-03T20:23:34.834-0200: 54,064: Total time for which application threads were stopped: 0,0208166 seconds, Stopping threads took: 0,0000177 seconds
2018-01-03T20:23:35.859-0200: 55,069: Total time for which application threads were stopped: 0,0041760 seconds, Stopping threads took: 0,0034772 seconds
2018-01-03T20:23:35.895-0200: 55,105: Total time for which application threads were stopped: 0,0045037 seconds, Stopping threads took: 0,0044214 seconds
{Heap before GC invocations=5 (full 1):
 par new generation   total 655360K, used 645669K [0x0000000700000000, 0x0000000730000000, 0x0000000730000000)
  eden space 524288K, 100% used [0x0000000700000000, 0x0000000720000000, 0x0000000720000000)
  from space 131072K,  92% used [0x0000000728000000, 0x000000072f689780, 0x0000000730000000)
  to   space 131072K,   0% used [0x0000000720000000, 0x0000000720000000, 0x0000000728000000)
 concurrent mark-sweep generation total 2359296K, used 0K [0x0000000730000000, 0x00000007c0000000, 0x00000007c0000000)
 Metaspace       used 41617K, capacity 43289K, committed 43400K, reserved 1087488K
  class space    used 4926K, capacity 5431K, committed 5536K, reserved 1048576K
2018-01-03T20:23:35.949-0200: 55,159: [GC (Allocation Failure) 2018-01-03T20:23:35.949-0200: 55,159: [ParNew
Desired survivor size 120795952 bytes, new threshold 8 (max 8)
- age   1:   26121296 bytes,   26121296 total
- age   2:   17317904 bytes,   43439200 total
- age   3:   16579032 bytes,   60018232 total
- age   4:   14403768 bytes,   74422000 total
- age   5:   13325232 bytes,   87747232 total
- age   6:   12229528 bytes,   99976760 total
: 645669K->131072K(655360K), 0,1893399 secs] 645669K->131072K(3014656K), 0,1894026 secs] [Times: user=0,12 sys=0,01, real=0,19 secs] 
Heap after GC invocations=6 (full 1):
 par new generation   total 655360K, used 131072K [0x0000000700000000, 0x0000000730000000, 0x0000000730000000)
  eden space 524288K,   0% used [0x0000000700000000, 0x0000000700000000, 0x0000000720000000)
  from space 131072K, 100% used [0x0000000720000000, 0x0000000728000000, 0x0000000728000000)
  to   space 131072K,   0% used [0x0000000728000000, 0x0000000728000000, 0x0000000730000000)
 concurrent mark-sweep generation total 2359296K, used 0K [0x0000000730000000, 0x00000007c0000000, 0x00000007c0000000)
 Metaspace       used 41617K, capacity 43289K, committed 43400K, reserved 1087488K
  class space    used 4926K, capacity 5431K, committed 5536K, reserved 1048576K
}
2018-01-03T20:23:36.139-0200: 55,348: Total time for which application threads were stopped: 0,1915951 seconds, Stopping threads took: 0,0020801 seconds
2018-01-03T20:23:36.496-0200: 55,705: Total time for which application threads were stopped: 0,0115750 seconds, Stopping threads took: 0,0114157 seconds
2018-01-03T20:23:37.505-0200: 56,714: Total time for which application threads were stopped: 0,0027341 seconds, Stopping threads took: 0,0026105 seconds
2018-01-03T20:23:37.951-0200: 57,161: Total time for which application threads were stopped: 0,0039371 seconds, Stopping threads took: 0,0038096 seconds
2018-01-03T20:23:37.956-0200: 57,165: Total time for which application threads were stopped: 0,0000814 seconds, Stopping threads took: 0,0000156 seconds
2018-01-03T20:23:37.978-0200: 57,188: Total time for which application threads were stopped: 0,0131693 seconds, Stopping threads took: 0,0130715 seconds
2018-01-03T20:23:38.271-0200: 57,481: Total time for which application threads were stopped: 0,0100316 seconds, Stopping threads took: 0,0099435 seconds
2018-01-03T20:23:38.278-0200: 57,488: Total time for which application threads were stopped: 0,0057501 seconds, Stopping threads took: 0,0056656 seconds
2018-01-03T20:23:39.282-0200: 58,491: Total time for which application threads were stopped: 0,0034482 seconds, Stopping threads took: 0,0033604 seconds
2018-01-03T20:23:40.298-0200: 59,507: Total time for which application threads were stopped: 0,0099629 seconds, Stopping threads took: 0,0098840 seconds
{Heap before GC invocations=6 (full 1):
 par new generation   total 655360K, used 655360K [0x0000000700000000, 0x0000000730000000, 0x0000000730000000)
  eden space 524288K, 100% used [0x0000000700000000, 0x0000000720000000, 0x0000000720000000)
  from space 131072K, 100% used [0x0000000720000000, 0x0000000728000000, 0x0000000728000000)
  to   space 131072K,   0% used [0x0000000728000000, 0x0000000728000000, 0x0000000730000000)
 concurrent mark-sweep generation total 2359296K, used 0K [0x0000000730000000, 0x00000007c0000000, 0x00000007c0000000)
 Metaspace       used 42176K, capacity 43871K, committed 44168K, reserved 1087488K
  class space    used 4958K, capacity 5472K, committed 5536K, reserved 1048576K
2018-01-03T20:23:40.738-0200: 59,948: [GC (Allocation Failure) 2018-01-03T20:23:40.738-0200: 59,948: [ParNew
Desired survivor size 120795952 bytes, new threshold 8 (max 8)
- age   1:   13934376 bytes,   13934376 total
- age   2:   20928256 bytes,   34862632 total
- age   3:   15371056 bytes,   50233688 total
- age   4:   14893416 bytes,   65127104 total
- age   5:   12470760 bytes,   77597864 total
- age   6:   11853368 bytes,   89451232 total
- age   7:   12142000 bytes,  101593232 total
: 655360K->119239K(655360K), 0,3275652 secs] 655360K->119239K(3014656K), 0,3276177 secs] [Times: user=0,13 sys=0,01, real=0,33 secs] 
Heap after GC invocations=7 (full 1):
 par new generation   total 655360K, used 119239K [0x0000000700000000, 0x0000000730000000, 0x0000000730000000)
  eden space 524288K,   0% used [0x0000000700000000, 0x0000000700000000, 0x0000000720000000)
  from space 131072K,  90% used [0x0000000728000000, 0x000000072f471c40, 0x0000000730000000)
  to   space 131072K,   0% used [0x0000000720000000, 0x0000000720000000, 0x0000000728000000)
 concurrent mark-sweep generation total 2359296K, used 0K [0x0000000730000000, 0x00000007c0000000, 0x00000007c0000000)
 Metaspace       used 42176K, capacity 43871K, committed 44168K, reserved 1087488K
  class space    used 4958K, capacity 5472K, committed 5536K, reserved 1048576K
}
2018-01-03T20:23:41.066-0200: 60,276: Total time for which application threads were stopped: 0,3297709 seconds, Stopping threads took: 0,0020211 seconds
2018-01-03T20:23:41.083-0200: 60,293: Total time for which application threads were stopped: 0,0079276 seconds, Stopping threads took: 0,0078429 seconds
2018-01-03T20:23:42.084-0200: 61,294: Total time for which application threads were stopped: 0,0001390 seconds, Stopping threads took: 0,0000222 seconds
2018-01-03T20:23:43.092-0200: 62,301: Total time for which application threads were stopped: 0,0056252 seconds, Stopping threads took: 0,0055147 seconds
2018-01-03T20:23:44.103-0200: 63,312: Total time for which application threads were stopped: 0,0043062 seconds, Stopping threads took: 0,0042278 seconds
2018-01-03T20:23:44.748-0200: 63,958: Total time for which application threads were stopped: 0,0101790 seconds, Stopping threads took: 0,0100951 seconds
2018-01-03T20:23:44.749-0200: 63,958: Total time for which application threads were stopped: 0,0000552 seconds, Stopping threads took: 0,0000082 seconds
2018-01-03T20:23:44.931-0200: 64,141: Total time for which application threads were stopped: 0,0098083 seconds, Stopping threads took: 0,0096936 seconds
2018-01-03T20:23:44.931-0200: 64,141: Total time for which application threads were stopped: 0,0000484 seconds, Stopping threads took: 0,0000083 seconds
2018-01-03T20:23:44.962-0200: 64,172: Total time for which application threads were stopped: 0,0068953 seconds, Stopping threads took: 0,0068320 seconds
2018-01-03T20:23:45.477-0200: 64,686: Total time for which application threads were stopped: 0,0073617 seconds, Stopping threads took: 0,0072361 seconds
2018-01-03T20:23:45.927-0200: 65,136: Total time for which application threads were stopped: 0,0001293 seconds, Stopping threads took: 0,0000255 seconds
2018-01-03T20:23:45.927-0200: 65,137: Total time for which application threads were stopped: 0,0000736 seconds, Stopping threads took: 0,0000140 seconds
{Heap before GC invocations=7 (full 1):
 par new generation   total 655360K, used 643527K [0x0000000700000000, 0x0000000730000000, 0x0000000730000000)
  eden space 524288K, 100% used [0x0000000700000000, 0x0000000720000000, 0x0000000720000000)
  from space 131072K,  90% used [0x0000000728000000, 0x000000072f471c40, 0x0000000730000000)
  to   space 131072K,   0% used [0x0000000720000000, 0x0000000720000000, 0x0000000728000000)
 concurrent mark-sweep generation total 2359296K, used 0K [0x0000000730000000, 0x00000007c0000000, 0x00000007c0000000)
 Metaspace       used 42508K, capacity 44223K, committed 44424K, reserved 1087488K
  class space    used 4989K, capacity 5504K, committed 5536K, reserved 1048576K
2018-01-03T20:23:45.988-0200: 65,198: [GC (Allocation Failure) 2018-01-03T20:23:45.988-0200: 65,198: [ParNew
Desired survivor size 120795952 bytes, new threshold 8 (max 8)
- age   1:   13349016 bytes,   13349016 total
- age   2:    9838640 bytes,   23187656 total
- age   3:    7341424 bytes,   30529080 total
- age   4:    5675112 bytes,   36204192 total
- age   5:    6242720 bytes,   42446912 total
- age   6:    5428976 bytes,   47875888 total
- age   7:    6390144 bytes,   54266032 total
- age   8:   12088584 bytes,   66354616 total
: 643527K->107916K(655360K), 0,2164268 secs] 643527K->107916K(3014656K), 0,2164942 secs] [Times: user=0,12 sys=0,00, real=0,22 secs] 
Heap after GC invocations=8 (full 1):
 par new generation   total 655360K, used 107916K [0x0000000700000000, 0x0000000730000000, 0x0000000730000000)
  eden space 524288K,   0% used [0x0000000700000000, 0x0000000700000000, 0x0000000720000000)
  from space 131072K,  82% used [0x0000000720000000, 0x0000000726963128, 0x0000000728000000)
  to   space 131072K,   0% used [0x0000000728000000, 0x0000000728000000, 0x0000000730000000)
 concurrent mark-sweep generation total 2359296K, used 0K [0x0000000730000000, 0x00000007c0000000, 0x00000007c0000000)
 Metaspace       used 42508K, capacity 44223K, committed 44424K, reserved 1087488K
  class space    used 4989K, capacity 5504K, committed 5536K, reserved 1048576K
}
2018-01-03T20:23:46.205-0200: 65,414: Total time for which application threads were stopped: 0,2255475 seconds, Stopping threads took: 0,0089076 seconds
2018-01-03T20:23:46.213-0200: 65,423: Total time for which application threads were stopped: 0,0029277 seconds, Stopping threads took: 0,0028275 seconds
2018-01-03T20:23:46.231-0200: 65,440: Total time for which application threads were stopped: 0,0123641 seconds, Stopping threads took: 0,0122736 seconds
2018-01-03T20:23:46.247-0200: 65,457: Total time for which application threads were stopped: 0,0089094 seconds, Stopping threads took: 0,0088233 seconds
2018-01-03T20:23:46.253-0200: 65,462: Total time for which application threads were stopped: 0,0026729 seconds, Stopping threads took: 0,0000300 seconds
2018-01-03T20:23:46.253-0200: 65,463: Total time for which application threads were stopped: 0,0000635 seconds, Stopping threads took: 0,0000083 seconds
2018-01-03T20:23:46.253-0200: 65,463: Total time for which application threads were stopped: 0,0000453 seconds, Stopping threads took: 0,0000052 seconds
2018-01-03T20:23:46.253-0200: 65,463: Total time for which application threads were stopped: 0,0000450 seconds, Stopping threads took: 0,0000048 seconds
2018-01-03T20:23:46.253-0200: 65,463: Total time for which application threads were stopped: 0,0000451 seconds, Stopping threads took: 0,0000050 seconds
2018-01-03T20:23:46.253-0200: 65,463: Total time for which application threads were stopped: 0,0000445 seconds, Stopping threads took: 0,0000047 seconds
2018-01-03T20:23:46.253-0200: 65,463: Total time for which application threads were stopped: 0,0000584 seconds, Stopping threads took: 0,0000048 seconds
2018-01-03T20:23:46.253-0200: 65,463: Total time for which application threads were stopped: 0,0000447 seconds, Stopping threads took: 0,0000048 seconds
2018-01-03T20:23:46.253-0200: 65,463: Total time for which application threads were stopped: 0,0000445 seconds, Stopping threads took: 0,0000047 seconds
2018-01-03T20:23:46.253-0200: 65,463: Total time for which application threads were stopped: 0,0000443 seconds, Stopping threads took: 0,0000049 seconds
2018-01-03T20:23:46.254-0200: 65,463: Total time for which application threads were stopped: 0,0000443 seconds, Stopping threads took: 0,0000047 seconds
2018-01-03T20:23:46.254-0200: 65,463: Total time for which application threads were stopped: 0,0000442 seconds, Stopping threads took: 0,0000049 seconds
2018-01-03T20:23:46.254-0200: 65,463: Total time for which application threads were stopped: 0,0000444 seconds, Stopping threads took: 0,0000048 seconds
2018-01-03T20:23:46.254-0200: 65,463: Total time for which application threads were stopped: 0,0000443 seconds, Stopping threads took: 0,0000050 seconds
2018-01-03T20:23:46.254-0200: 65,463: Total time for which application threads were stopped: 0,0000443 seconds, Stopping threads took: 0,0000049 seconds
2018-01-03T20:23:46.255-0200: 65,465: Total time for which application threads were stopped: 0,0000750 seconds, Stopping threads took: 0,0000156 seconds
2018-01-03T20:23:46.255-0200: 65,465: Total time for which application threads were stopped: 0,0001588 seconds, Stopping threads took: 0,0000054 seconds
2018-01-03T20:23:46.813-0200: 66,023: Total time for which application threads were stopped: 0,0035059 seconds, Stopping threads took: 0,0033754 seconds
2018-01-03T20:23:46.815-0200: 66,025: Total time for which application threads were stopped: 0,0001146 seconds, Stopping threads took: 0,0000353 seconds
2018-01-03T20:23:46.843-0200: 66,053: Total time for which application threads were stopped: 0,0030155 seconds, Stopping threads took: 0,0023859 seconds
2018-01-03T20:23:46.844-0200: 66,054: Total time for which application threads were stopped: 0,0000489 seconds, Stopping threads took: 0,0000088 seconds
2018-01-03T20:23:46.879-0200: 66,088: Total time for which application threads were stopped: 0,0057822 seconds, Stopping threads took: 0,0051175 seconds
2018-01-03T20:23:46.897-0200: 66,107: Total time for which application threads were stopped: 0,0020959 seconds, Stopping threads took: 0,0020305 seconds
2018-01-03T20:23:46.910-0200: 66,120: Total time for which application threads were stopped: 0,0020892 seconds, Stopping threads took: 0,0020275 seconds
2018-01-03T20:23:47.075-0200: 66,284: Total time for which application threads were stopped: 0,0081045 seconds, Stopping threads took: 0,0080088 seconds
2018-01-03T20:23:47.084-0200: 66,294: Total time for which application threads were stopped: 0,0011730 seconds, Stopping threads took: 0,0010513 seconds
2018-01-03T20:23:47.085-0200: 66,294: Total time for which application threads were stopped: 0,0000815 seconds, Stopping threads took: 0,0000166 seconds
2018-01-03T20:23:47.085-0200: 66,295: Total time for which application threads were stopped: 0,0000786 seconds, Stopping threads took: 0,0000147 seconds
2018-01-03T20:23:47.086-0200: 66,296: Total time for which application threads were stopped: 0,0000828 seconds, Stopping threads took: 0,0000193 seconds
2018-01-03T20:23:47.179-0200: 66,389: Total time for which application threads were stopped: 0,0078517 seconds, Stopping threads took: 0,0077472 seconds
2018-01-03T20:23:47.188-0200: 66,398: Total time for which application threads were stopped: 0,0015758 seconds, Stopping threads took: 0,0013420 seconds
2018-01-03T20:23:47.270-0200: 66,480: Total time for which application threads were stopped: 0,0069493 seconds, Stopping threads took: 0,0067827 seconds
2018-01-03T20:23:47.314-0200: 66,523: Total time for which application threads were stopped: 0,0050908 seconds, Stopping threads took: 0,0050204 seconds
2018-01-03T20:23:47.315-0200: 66,525: Total time for which application threads were stopped: 0,0001961 seconds, Stopping threads took: 0,0000146 seconds
2018-01-03T20:23:47.315-0200: 66,525: Total time for which application threads were stopped: 0,0000766 seconds, Stopping threads took: 0,0000074 seconds
2018-01-03T20:23:47.315-0200: 66,525: Total time for which application threads were stopped: 0,0000634 seconds, Stopping threads took: 0,0000060 seconds
2018-01-03T20:23:47.317-0200: 66,526: Total time for which application threads were stopped: 0,0001704 seconds, Stopping threads took: 0,0000159 seconds
2018-01-03T20:23:47.317-0200: 66,527: Total time for which application threads were stopped: 0,0002205 seconds, Stopping threads took: 0,0000268 seconds
2018-01-03T20:23:47.318-0200: 66,527: Total time for which application threads were stopped: 0,0001076 seconds, Stopping threads took: 0,0000141 seconds
2018-01-03T20:23:47.318-0200: 66,527: Total time for which application threads were stopped: 0,0000724 seconds, Stopping threads took: 0,0000072 seconds
2018-01-03T20:23:47.320-0200: 66,529: Total time for which application threads were stopped: 0,0015128 seconds, Stopping threads took: 0,0014029 seconds
2018-01-03T20:23:47.320-0200: 66,530: Total time for which application threads were stopped: 0,0000796 seconds, Stopping threads took: 0,0000089 seconds
2018-01-03T20:23:47.320-0200: 66,530: Total time for which application threads were stopped: 0,0001074 seconds, Stopping threads took: 0,0000279 seconds
2018-01-03T20:23:47.320-0200: 66,530: Total time for which application threads were stopped: 0,0000487 seconds, Stopping threads took: 0,0000056 seconds
2018-01-03T20:23:47.320-0200: 66,530: Total time for which application threads were stopped: 0,0000819 seconds, Stopping threads took: 0,0000197 seconds
2018-01-03T20:23:47.325-0200: 66,534: Total time for which application threads were stopped: 0,0021742 seconds, Stopping threads took: 0,0020660 seconds
2018-01-03T20:23:47.325-0200: 66,534: Total time for which application threads were stopped: 0,0000902 seconds, Stopping threads took: 0,0000071 seconds
2018-01-03T20:23:47.325-0200: 66,535: Total time for which application threads were stopped: 0,0000568 seconds, Stopping threads took: 0,0000077 seconds
2018-01-03T20:23:47.325-0200: 66,535: Total time for which application threads were stopped: 0,0001617 seconds, Stopping threads took: 0,0000063 seconds
2018-01-03T20:23:47.371-0200: 66,581: Total time for which application threads were stopped: 0,0001242 seconds, Stopping threads took: 0,0000289 seconds
2018-01-03T20:23:47.371-0200: 66,581: Total time for which application threads were stopped: 0,0000583 seconds, Stopping threads took: 0,0000110 seconds
2018-01-03T20:23:47.403-0200: 66,612: Total time for which application threads were stopped: 0,0167865 seconds, Stopping threads took: 0,0166830 seconds
2018-01-03T20:23:47.413-0200: 66,623: Total time for which application threads were stopped: 0,0001088 seconds, Stopping threads took: 0,0000180 seconds
2018-01-03T20:23:47.413-0200: 66,623: Total time for which application threads were stopped: 0,0000487 seconds, Stopping threads took: 0,0000053 seconds
2018-01-03T20:23:47.413-0200: 66,623: Total time for which application threads were stopped: 0,0000425 seconds, Stopping threads took: 0,0000050 seconds
2018-01-03T20:23:47.413-0200: 66,623: Total time for which application threads were stopped: 0,0000425 seconds, Stopping threads took: 0,0000046 seconds
2018-01-03T20:23:47.413-0200: 66,623: Total time for which application threads were stopped: 0,0000518 seconds, Stopping threads took: 0,0000046 seconds
2018-01-03T20:23:47.413-0200: 66,623: Total time for which application threads were stopped: 0,0000437 seconds, Stopping threads took: 0,0000045 seconds
2018-01-03T20:23:47.464-0200: 66,674: Total time for which application threads were stopped: 0,0145759 seconds, Stopping threads took: 0,0145041 seconds
2018-01-03T20:23:47.464-0200: 66,674: Total time for which application threads were stopped: 0,0000749 seconds, Stopping threads took: 0,0000075 seconds
2018-01-03T20:23:47.466-0200: 66,675: Total time for which application threads were stopped: 0,0001666 seconds, Stopping threads took: 0,0000296 seconds
2018-01-03T20:23:47.466-0200: 66,676: Total time for which application threads were stopped: 0,0001046 seconds, Stopping threads took: 0,0000066 seconds
2018-01-03T20:23:47.466-0200: 66,676: Total time for which application threads were stopped: 0,0000854 seconds, Stopping threads took: 0,0000048 seconds
2018-01-03T20:23:47.679-0200: 66,888: Total time for which application threads were stopped: 0,0001139 seconds, Stopping threads took: 0,0000229 seconds
2018-01-03T20:23:47.755-0200: 66,965: Total time for which application threads were stopped: 0,0001679 seconds, Stopping threads took: 0,0000602 seconds
2018-01-03T20:23:47.755-0200: 66,965: Total time for which application threads were stopped: 0,0001146 seconds, Stopping threads took: 0,0000259 seconds
2018-01-03T20:23:47.758-0200: 66,968: Total time for which application threads were stopped: 0,0001082 seconds, Stopping threads took: 0,0000262 seconds
2018-01-03T20:23:47.783-0200: 66,992: Total time for which application threads were stopped: 0,0127303 seconds, Stopping threads took: 0,0126504 seconds
2018-01-03T20:23:47.787-0200: 66,996: Total time for which application threads were stopped: 0,0016131 seconds, Stopping threads took: 0,0015192 seconds
2018-01-03T20:23:47.799-0200: 67,009: Total time for which application threads were stopped: 0,0000781 seconds, Stopping threads took: 0,0000220 seconds
2018-01-03T20:23:47.807-0200: 67,016: Total time for which application threads were stopped: 0,0001011 seconds, Stopping threads took: 0,0000233 seconds
2018-01-03T20:23:47.814-0200: 67,024: Total time for which application threads were stopped: 0,0000951 seconds, Stopping threads took: 0,0000166 seconds
2018-01-03T20:23:47.814-0200: 67,024: Total time for which application threads were stopped: 0,0000462 seconds, Stopping threads took: 0,0000122 seconds
2018-01-03T20:23:47.816-0200: 67,025: Total time for which application threads were stopped: 0,0000660 seconds, Stopping threads took: 0,0000165 seconds
2018-01-03T20:23:47.816-0200: 67,026: Total time for which application threads were stopped: 0,0000424 seconds, Stopping threads took: 0,0000126 seconds
2018-01-03T20:23:47.904-0200: 67,113: Total time for which application threads were stopped: 0,0000870 seconds, Stopping threads took: 0,0000164 seconds
2018-01-03T20:23:47.911-0200: 67,121: Total time for which application threads were stopped: 0,0000938 seconds, Stopping threads took: 0,0000201 seconds
2018-01-03T20:23:47.912-0200: 67,121: Total time for which application threads were stopped: 0,0000579 seconds, Stopping threads took: 0,0000089 seconds
2018-01-03T20:23:47.921-0200: 67,131: Total time for which application threads were stopped: 0,0031442 seconds, Stopping threads took: 0,0030396 seconds
2018-01-03T20:23:47.921-0200: 67,131: Total time for which application threads were stopped: 0,0000567 seconds, Stopping threads took: 0,0000066 seconds
2018-01-03T20:23:47.921-0200: 67,131: Total time for which application threads were stopped: 0,0000510 seconds, Stopping threads took: 0,0000055 seconds
2018-01-03T20:23:47.922-0200: 67,132: Total time for which application threads were stopped: 0,0000765 seconds, Stopping threads took: 0,0000110 seconds
2018-01-03T20:23:47.929-0200: 67,139: Total time for which application threads were stopped: 0,0020206 seconds, Stopping threads took: 0,0018896 seconds
2018-01-03T20:23:47.935-0200: 67,144: Total time for which application threads were stopped: 0,0003833 seconds, Stopping threads took: 0,0000223 seconds
2018-01-03T20:23:48.937-0200: 68,147: Total time for which application threads were stopped: 0,0020944 seconds, Stopping threads took: 0,0020152 seconds
{Heap before GC invocations=8 (full 1):
 par new generation   total 655360K, used 632204K [0x0000000700000000, 0x0000000730000000, 0x0000000730000000)
  eden space 524288K, 100% used [0x0000000700000000, 0x0000000720000000, 0x0000000720000000)
  from space 131072K,  82% used [0x0000000720000000, 0x0000000726963128, 0x0000000728000000)
  to   space 131072K,   0% used [0x0000000728000000, 0x0000000728000000, 0x0000000730000000)
 concurrent mark-sweep generation total 2359296K, used 0K [0x0000000730000000, 0x00000007c0000000, 0x00000007c0000000)
 Metaspace       used 43020K, capacity 44673K, committed 45064K, reserved 1089536K
  class space    used 5036K, capacity 5546K, committed 5664K, reserved 1048576K
2018-01-03T20:23:49.395-0200: 68,604: [GC (Allocation Failure) 2018-01-03T20:23:49.395-0200: 68,604: [ParNew
Desired survivor size 120795952 bytes, new threshold 8 (max 8)
- age   1:   16529952 bytes,   16529952 total
- age   2:    4916920 bytes,   21446872 total
- age   3:    5972240 bytes,   27419112 total
- age   4:    2110160 bytes,   29529272 total
- age   5:     196944 bytes,   29726216 total
- age   6:     267536 bytes,   29993752 total
- age   7:     391616 bytes,   30385368 total
- age   8:    2531520 bytes,   32916888 total
: 632204K->56674K(655360K), 0,1713572 secs] 632204K->69575K(3014656K), 0,1714341 secs] [Times: user=0,15 sys=0,01, real=0,17 secs] 
Heap after GC invocations=9 (full 1):
 par new generation   total 655360K, used 56674K [0x0000000700000000, 0x0000000730000000, 0x0000000730000000)
  eden space 524288K,   0% used [0x0000000700000000, 0x0000000700000000, 0x0000000720000000)
  from space 131072K,  43% used [0x0000000728000000, 0x000000072b758a90, 0x0000000730000000)
  to   space 131072K,   0% used [0x0000000720000000, 0x0000000720000000, 0x0000000728000000)
 concurrent mark-sweep generation total 2359296K, used 12901K [0x0000000730000000, 0x00000007c0000000, 0x00000007c0000000)
 Metaspace       used 43020K, capacity 44673K, committed 45064K, reserved 1089536K
  class space    used 5036K, capacity 5546K, committed 5664K, reserved 1048576K
}
2018-01-03T20:23:49.566-0200: 68,776: Total time for which application threads were stopped: 0,1715746 seconds, Stopping threads took: 0,0000220 seconds
2018-01-03T20:23:49.576-0200: 68,785: Total time for which application threads were stopped: 0,0013771 seconds, Stopping threads took: 0,0013289 seconds
2018-01-03T20:23:49.849-0200: 69,059: Total time for which application threads were stopped: 0,0020998 seconds, Stopping threads took: 0,0020180 seconds
2018-01-03T20:23:49.849-0200: 69,059: Total time for which application threads were stopped: 0,0000334 seconds, Stopping threads took: 0,0000067 seconds
2018-01-03T20:23:49.849-0200: 69,059: Total time for which application threads were stopped: 0,0000287 seconds, Stopping threads took: 0,0000054 seconds
2018-01-03T20:23:49.849-0200: 69,059: Total time for which application threads were stopped: 0,0000278 seconds, Stopping threads took: 0,0000056 seconds
2018-01-03T20:23:49.931-0200: 69,140: Total time for which application threads were stopped: 0,0074873 seconds, Stopping threads took: 0,0073871 seconds
2018-01-03T20:23:50.071-0200: 69,281: Total time for which application threads were stopped: 0,0031213 seconds, Stopping threads took: 0,0028944 seconds
2018-01-03T20:23:50.377-0200: 69,586: Total time for which application threads were stopped: 0,0096866 seconds, Stopping threads took: 0,0096203 seconds
2018-01-03T20:23:50.377-0200: 69,586: Total time for which application threads were stopped: 0,0000343 seconds, Stopping threads took: 0,0000079 seconds
2018-01-03T20:23:50.377-0200: 69,587: Total time for which application threads were stopped: 0,0000397 seconds, Stopping threads took: 0,0000090 seconds
2018-01-03T20:23:50.377-0200: 69,587: Total time for which application threads were stopped: 0,0000287 seconds, Stopping threads took: 0,0000054 seconds
2018-01-03T20:23:50.450-0200: 69,660: Total time for which application threads were stopped: 0,0042086 seconds, Stopping threads took: 0,0041168 seconds
2018-01-03T20:23:50.463-0200: 69,673: Total time for which application threads were stopped: 0,0021096 seconds, Stopping threads took: 0,0020335 seconds
2018-01-03T20:23:50.464-0200: 69,674: Total time for which application threads were stopped: 0,0000615 seconds, Stopping threads took: 0,0000161 seconds
2018-01-03T20:23:50.464-0200: 69,674: Total time for which application threads were stopped: 0,0000391 seconds, Stopping threads took: 0,0000080 seconds
2018-01-03T20:23:50.464-0200: 69,674: Total time for which application threads were stopped: 0,0000318 seconds, Stopping threads took: 0,0000063 seconds
2018-01-03T20:23:50.465-0200: 69,674: Total time for which application threads were stopped: 0,0000304 seconds, Stopping threads took: 0,0000057 seconds
2018-01-03T20:23:50.465-0200: 69,674: Total time for which application threads were stopped: 0,0000301 seconds, Stopping threads took: 0,0000061 seconds
2018-01-03T20:23:50.466-0200: 69,676: Total time for which application threads were stopped: 0,0000634 seconds, Stopping threads took: 0,0000149 seconds
2018-01-03T20:23:50.466-0200: 69,676: Total time for which application threads were stopped: 0,0000323 seconds, Stopping threads took: 0,0000066 seconds
2018-01-03T20:23:50.466-0200: 69,676: Total time for which application threads were stopped: 0,0000498 seconds, Stopping threads took: 0,0000068 seconds
2018-01-03T20:23:50.527-0200: 69,737: Total time for which application threads were stopped: 0,0036132 seconds, Stopping threads took: 0,0034725 seconds
2018-01-03T20:23:50.560-0200: 69,769: Total time for which application threads were stopped: 0,0056571 seconds, Stopping threads took: 0,0055560 seconds
2018-01-03T20:23:50.594-0200: 69,804: Total time for which application threads were stopped: 0,0001499 seconds, Stopping threads took: 0,0000348 seconds
2018-01-03T20:23:50.595-0200: 69,804: Total time for which application threads were stopped: 0,0000738 seconds, Stopping threads took: 0,0000134 seconds
2018-01-03T20:23:50.704-0200: 69,913: Total time for which application threads were stopped: 0,0084028 seconds, Stopping threads took: 0,0083198 seconds
2018-01-03T20:23:50.704-0200: 69,913: Total time for which application threads were stopped: 0,0000487 seconds, Stopping threads took: 0,0000122 seconds
2018-01-03T20:23:50.704-0200: 69,913: Total time for which application threads were stopped: 0,0000320 seconds, Stopping threads took: 0,0000064 seconds
2018-01-03T20:23:50.704-0200: 69,913: Total time for which application threads were stopped: 0,0000323 seconds, Stopping threads took: 0,0000069 seconds
2018-01-03T20:23:50.704-0200: 69,913: Total time for which application threads were stopped: 0,0000306 seconds, Stopping threads took: 0,0000057 seconds
2018-01-03T20:23:50.709-0200: 69,919: Total time for which application threads were stopped: 0,0000625 seconds, Stopping threads took: 0,0000155 seconds
2018-01-03T20:23:50.710-0200: 69,919: Total time for which application threads were stopped: 0,0000406 seconds, Stopping threads took: 0,0000096 seconds
2018-01-03T20:23:50.710-0200: 69,920: Total time for which application threads were stopped: 0,0000514 seconds, Stopping threads took: 0,0000067 seconds
2018-01-03T20:23:50.710-0200: 69,920: Total time for which application threads were stopped: 0,0000451 seconds, Stopping threads took: 0,0000059 seconds
2018-01-03T20:23:51.712-0200: 70,922: Total time for which application threads were stopped: 0,0020730 seconds, Stopping threads took: 0,0020113 seconds
{Heap before GC invocations=9 (full 1):
 par new generation   total 655360K, used 580962K [0x0000000700000000, 0x0000000730000000, 0x0000000730000000)
  eden space 524288K, 100% used [0x0000000700000000, 0x0000000720000000, 0x0000000720000000)
  from space 131072K,  43% used [0x0000000728000000, 0x000000072b758a90, 0x0000000730000000)
  to   space 131072K,   0% used [0x0000000720000000, 0x0000000720000000, 0x0000000728000000)
 concurrent mark-sweep generation total 2359296K, used 12901K [0x0000000730000000, 0x00000007c0000000, 0x00000007c0000000)
 Metaspace       used 43047K, capacity 44737K, committed 45064K, reserved 1089536K
  class space    used 5036K, capacity 5546K, committed 5664K, reserved 1048576K
2018-01-03T20:23:51.808-0200: 71,017: [GC (Allocation Failure) 2018-01-03T20:23:51.808-0200: 71,017: [ParNew
Desired survivor size 120795952 bytes, new threshold 8 (max 8)
- age   1:   13518632 bytes,   13518632 total
- age   2:     837208 bytes,   14355840 total
- age   3:      78560 bytes,   14434400 total
- age   4:    1599664 bytes,   16034064 total
- age   5:     222272 bytes,   16256336 total
- age   6:     196944 bytes,   16453280 total
- age   7:     267536 bytes,   16720816 total
- age   8:     391616 bytes,   17112432 total
: 580962K->26223K(655360K), 0,1044089 secs] 593863K->41617K(3014656K), 0,1044677 secs] [Times: user=0,10 sys=0,01, real=0,10 secs] 
Heap after GC invocations=10 (full 1):
 par new generation   total 655360K, used 26223K [0x0000000700000000, 0x0000000730000000, 0x0000000730000000)
  eden space 524288K,   0% used [0x0000000700000000, 0x0000000700000000, 0x0000000720000000)
  from space 131072K,  20% used [0x0000000720000000, 0x000000072199bcc0, 0x0000000728000000)
  to   space 131072K,   0% used [0x0000000728000000, 0x0000000728000000, 0x0000000730000000)
 concurrent mark-sweep generation total 2359296K, used 15394K [0x0000000730000000, 0x00000007c0000000, 0x00000007c0000000)
 Metaspace       used 43047K, capacity 44737K, committed 45064K, reserved 1089536K
  class space    used 5036K, capacity 5546K, committed 5664K, reserved 1048576K
}
2018-01-03T20:23:51.912-0200: 71,122: Total time for which application threads were stopped: 0,1046163 seconds, Stopping threads took: 0,0000229 seconds
2018-01-03T20:23:52.915-0200: 72,124: Total time for which application threads were stopped: 0,0021004 seconds, Stopping threads took: 0,0020365 seconds
{Heap before GC invocations=10 (full 1):
 par new generation   total 655360K, used 550511K [0x0000000700000000, 0x0000000730000000, 0x0000000730000000)
  eden space 524288K, 100% used [0x0000000700000000, 0x0000000720000000, 0x0000000720000000)
  from space 131072K,  20% used [0x0000000720000000, 0x000000072199bcc0, 0x0000000728000000)
  to   space 131072K,   0% used [0x0000000728000000, 0x0000000728000000, 0x0000000730000000)
 concurrent mark-sweep generation total 2359296K, used 15394K [0x0000000730000000, 0x00000007c0000000, 0x00000007c0000000)
 Metaspace       used 43047K, capacity 44737K, committed 45064K, reserved 1089536K
  class space    used 5036K, capacity 5546K, committed 5664K, reserved 1048576K
2018-01-03T20:23:53.522-0200: 72,731: [GC (Allocation Failure) 2018-01-03T20:23:53.522-0200: 72,731: [ParNew
Desired survivor size 120795952 bytes, new threshold 8 (max 8)
- age   1:   20907136 bytes,   20907136 total
- age   2:   11727968 bytes,   32635104 total
- age   3:     837088 bytes,   33472192 total
- age   4:      78560 bytes,   33550752 total
- age   5:    1599664 bytes,   35150416 total
- age   6:     222272 bytes,   35372688 total
- age   7:     196944 bytes,   35569632 total
- age   8:     267536 bytes,   35837168 total
: 550511K->39235K(655360K), 0,0978720 secs] 565905K->55012K(3014656K), 0,0979334 secs] [Times: user=0,09 sys=0,00, real=0,10 secs] 
Heap after GC invocations=11 (full 1):
 par new generation   total 655360K, used 39235K [0x0000000700000000, 0x0000000730000000, 0x0000000730000000)
  eden space 524288K,   0% used [0x0000000700000000, 0x0000000700000000, 0x0000000720000000)
  from space 131072K,  29% used [0x0000000728000000, 0x000000072a650ee0, 0x0000000730000000)
  to   space 131072K,   0% used [0x0000000720000000, 0x0000000720000000, 0x0000000728000000)
 concurrent mark-sweep generation total 2359296K, used 15776K [0x0000000730000000, 0x00000007c0000000, 0x00000007c0000000)
 Metaspace       used 43047K, capacity 44737K, committed 45064K, reserved 1089536K
  class space    used 5036K, capacity 5546K, committed 5664K, reserved 1048576K
}
2018-01-03T20:23:53.620-0200: 72,829: Total time for which application threads were stopped: 0,0980905 seconds, Stopping threads took: 0,0000340 seconds
2018-01-03T20:23:54.622-0200: 73,832: Total time for which application threads were stopped: 0,0020746 seconds, Stopping threads took: 0,0020194 seconds
{Heap before GC invocations=11 (full 1):
 par new generation   total 655360K, used 563523K [0x0000000700000000, 0x0000000730000000, 0x0000000730000000)
  eden space 524288K, 100% used [0x0000000700000000, 0x0000000720000000, 0x0000000720000000)
  from space 131072K,  29% used [0x0000000728000000, 0x000000072a650ee0, 0x0000000730000000)
  to   space 131072K,   0% used [0x0000000720000000, 0x0000000720000000, 0x0000000728000000)
 concurrent mark-sweep generation total 2359296K, used 15776K [0x0000000730000000, 0x00000007c0000000, 0x00000007c0000000)
 Metaspace       used 43048K, capacity 44737K, committed 45064K, reserved 1089536K
  class space    used 5036K, capacity 5546K, committed 5664K, reserved 1048576K
2018-01-03T20:23:54.665-0200: 73,874: [GC (Allocation Failure) 2018-01-03T20:23:54.665-0200: 73,875: [ParNew
Desired survivor size 120795952 bytes, new threshold 8 (max 8)
- age   1:   22632656 bytes,   22632656 total
- age   2:   17260464 bytes,   39893120 total
- age   3:   11727344 bytes,   51620464 total
- age   4:     837088 bytes,   52457552 total
- age   5:      78560 bytes,   52536112 total
- age   6:    1599664 bytes,   54135776 total
- age   7:     222272 bytes,   54358048 total
- age   8:     196944 bytes,   54554992 total
: 563523K->62570K(655360K), 0,0994488 secs] 579300K->78608K(3014656K), 0,0994953 secs] [Times: user=0,10 sys=0,00, real=0,10 secs] 
Heap after GC invocations=12 (full 1):
 par new generation   total 655360K, used 62570K [0x0000000700000000, 0x0000000730000000, 0x0000000730000000)
  eden space 524288K,   0% used [0x0000000700000000, 0x0000000700000000, 0x0000000720000000)
  from space 131072K,  47% used [0x0000000720000000, 0x0000000723d1a948, 0x0000000728000000)
  to   space 131072K,   0% used [0x0000000728000000, 0x0000000728000000, 0x0000000730000000)
 concurrent mark-sweep generation total 2359296K, used 16038K [0x0000000730000000, 0x00000007c0000000, 0x00000007c0000000)
 Metaspace       used 43048K, capacity 44737K, committed 45064K, reserved 1089536K
  class space    used 5036K, capacity 5546K, committed 5664K, reserved 1048576K
}
2018-01-03T20:23:54.764-0200: 73,974: Total time for which application threads were stopped: 0,0996342 seconds, Stopping threads took: 0,0000269 seconds
{Heap before GC invocations=12 (full 1):
 par new generation   total 655360K, used 586858K [0x0000000700000000, 0x0000000730000000, 0x0000000730000000)
  eden space 524288K, 100% used [0x0000000700000000, 0x0000000720000000, 0x0000000720000000)
  from space 131072K,  47% used [0x0000000720000000, 0x0000000723d1a948, 0x0000000728000000)
  to   space 131072K,   0% used [0x0000000728000000, 0x0000000728000000, 0x0000000730000000)
 concurrent mark-sweep generation total 2359296K, used 16038K [0x0000000730000000, 0x00000007c0000000, 0x00000007c0000000)
 Metaspace       used 43048K, capacity 44737K, committed 45064K, reserved 1089536K
  class space    used 5036K, capacity 5546K, committed 5664K, reserved 1048576K
2018-01-03T20:23:55.738-0200: 74,947: [GC (Allocation Failure) 2018-01-03T20:23:55.738-0200: 74,947: [ParNew
Desired survivor size 120795952 bytes, new threshold 8 (max 8)
- age   1:   24775776 bytes,   24775776 total
- age   2:   18052496 bytes,   42828272 total
- age   3:   16211736 bytes,   59040008 total
- age   4:   11727344 bytes,   70767352 total
- age   5:     837088 bytes,   71604440 total
- age   6:      78560 bytes,   71683000 total
- age   7:    1599664 bytes,   73282664 total
- age   8:     222272 bytes,   73504936 total
: 586858K->105546K(655360K), 0,0998360 secs] 602896K->121777K(3014656K), 0,0998883 secs] [Times: user=0,10 sys=0,00, real=0,10 secs] 
Heap after GC invocations=13 (full 1):
 par new generation   total 655360K, used 105546K [0x0000000700000000, 0x0000000730000000, 0x0000000730000000)
  eden space 524288K,   0% used [0x0000000700000000, 0x0000000700000000, 0x0000000720000000)
  from space 131072K,  80% used [0x0000000728000000, 0x000000072e712a10, 0x0000000730000000)
  to   space 131072K,   0% used [0x0000000720000000, 0x0000000720000000, 0x0000000728000000)
 concurrent mark-sweep generation total 2359296K, used 16230K [0x0000000730000000, 0x00000007c0000000, 0x00000007c0000000)
 Metaspace       used 43048K, capacity 44737K, committed 45064K, reserved 1089536K
  class space    used 5036K, capacity 5546K, committed 5664K, reserved 1048576K
}
2018-01-03T20:23:55.838-0200: 75,047: Total time for which application threads were stopped: 0,1000288 seconds, Stopping threads took: 0,0000330 seconds
2018-01-03T20:23:56.840-0200: 76,049: Total time for which application threads were stopped: 0,0020784 seconds, Stopping threads took: 0,0020211 seconds
{Heap before GC invocations=13 (full 1):
 par new generation   total 655360K, used 629834K [0x0000000700000000, 0x0000000730000000, 0x0000000730000000)
  eden space 524288K, 100% used [0x0000000700000000, 0x0000000720000000, 0x0000000720000000)
  from space 131072K,  80% used [0x0000000728000000, 0x000000072e712a10, 0x0000000730000000)
  to   space 131072K,   0% used [0x0000000720000000, 0x0000000720000000, 0x0000000728000000)
 concurrent mark-sweep generation total 2359296K, used 16230K [0x0000000730000000, 0x00000007c0000000, 0x00000007c0000000)
 Metaspace       used 43048K, capacity 44737K, committed 45064K, reserved 1089536K
  class space    used 5036K, capacity 5546K, committed 5664K, reserved 1048576K
2018-01-03T20:23:56.853-0200: 76,063: [GC (Allocation Failure) 2018-01-03T20:23:56.853-0200: 76,063: [ParNew
Desired survivor size 120795952 bytes, new threshold 8 (max 8)
- age   1:   27390024 bytes,   27390024 total
- age   2:   18469968 bytes,   45859992 total
- age   3:   16479464 bytes,   62339456 total
- age   4:   16211736 bytes,   78551192 total
- age   5:   11727344 bytes,   90278536 total
- age   6:     837088 bytes,   91115624 total
- age   7:      78560 bytes,   91194184 total
- age   8:    1597600 bytes,   92791784 total
: 629834K->115937K(655360K), 0,1318778 secs] 646065K->132385K(3014656K), 0,1319408 secs] [Times: user=0,13 sys=0,00, real=0,14 secs] 
Heap after GC invocations=14 (full 1):
 par new generation   total 655360K, used 115937K [0x0000000700000000, 0x0000000730000000, 0x0000000730000000)
  eden space 524288K,   0% used [0x0000000700000000, 0x0000000700000000, 0x0000000720000000)
  from space 131072K,  88% used [0x0000000720000000, 0x0000000727138440, 0x0000000728000000)
  to   space 131072K,   0% used [0x0000000728000000, 0x0000000728000000, 0x0000000730000000)
 concurrent mark-sweep generation total 2359296K, used 16448K [0x0000000730000000, 0x00000007c0000000, 0x00000007c0000000)
 Metaspace       used 43048K, capacity 44737K, committed 45064K, reserved 1089536K
  class space    used 5036K, capacity 5546K, committed 5664K, reserved 1048576K
}
2018-01-03T20:23:56.985-0200: 76,195: Total time for which application threads were stopped: 0,1321076 seconds, Stopping threads took: 0,0000254 seconds
{Heap before GC invocations=14 (full 1):
 par new generation   total 655360K, used 640225K [0x0000000700000000, 0x0000000730000000, 0x0000000730000000)
  eden space 524288K, 100% used [0x0000000700000000, 0x0000000720000000, 0x0000000720000000)
  from space 131072K,  88% used [0x0000000720000000, 0x0000000727138440, 0x0000000728000000)
  to   space 131072K,   0% used [0x0000000728000000, 0x0000000728000000, 0x0000000730000000)
 concurrent mark-sweep generation total 2359296K, used 16448K [0x0000000730000000, 0x00000007c0000000, 0x00000007c0000000)
 Metaspace       used 43048K, capacity 44737K, committed 45064K, reserved 1089536K
  class space    used 5036K, capacity 5546K, committed 5664K, reserved 1048576K
2018-01-03T20:23:57.885-0200: 77,095: [GC (Allocation Failure) 2018-01-03T20:23:57.885-0200: 77,095: [ParNew
Desired survivor size 120795952 bytes, new threshold 8 (max 8)
- age   1:   26352288 bytes,   26352288 total
- age   2:   19095432 bytes,   45447720 total
- age   3:   18378888 bytes,   63826608 total
- age   4:   16389512 bytes,   80216120 total
- age   5:   16114872 bytes,   96330992 total
- age   6:   11656368 bytes,  107987360 total
- age   7:     837088 bytes,  108824448 total
- age   8:      78560 bytes,  108903008 total
: 640225K->131072K(655360K), 0,1284778 secs] 656673K->149621K(3014656K), 0,1285234 secs] [Times: user=0,12 sys=0,01, real=0,12 secs] 
Heap after GC invocations=15 (full 1):
 par new generation   total 655360K, used 131072K [0x0000000700000000, 0x0000000730000000, 0x0000000730000000)
  eden space 524288K,   0% used [0x0000000700000000, 0x0000000700000000, 0x0000000720000000)
  from space 131072K, 100% used [0x0000000728000000, 0x0000000730000000, 0x0000000730000000)
  to   space 131072K,   0% used [0x0000000720000000, 0x0000000720000000, 0x0000000728000000)
 concurrent mark-sweep generation total 2359296K, used 18549K [0x0000000730000000, 0x00000007c0000000, 0x00000007c0000000)
 Metaspace       used 43048K, capacity 44737K, committed 45064K, reserved 1089536K
  class space    used 5036K, capacity 5546K, committed 5664K, reserved 1048576K
}
2018-01-03T20:23:58.014-0200: 77,223: Total time for which application threads were stopped: 0,1286809 seconds, Stopping threads took: 0,0000425 seconds
{Heap before GC invocations=15 (full 1):
 par new generation   total 655360K, used 655360K [0x0000000700000000, 0x0000000730000000, 0x0000000730000000)
  eden space 524288K, 100% used [0x0000000700000000, 0x0000000720000000, 0x0000000720000000)
  from space 131072K, 100% used [0x0000000728000000, 0x0000000730000000, 0x0000000730000000)
  to   space 131072K,   0% used [0x0000000720000000, 0x0000000720000000, 0x0000000728000000)
 concurrent mark-sweep generation total 2359296K, used 18549K [0x0000000730000000, 0x00000007c0000000, 0x00000007c0000000)
 Metaspace       used 43048K, capacity 44737K, committed 45064K, reserved 1089536K
  class space    used 5036K, capacity 5546K, committed 5664K, reserved 1048576K
2018-01-03T20:23:58.985-0200: 78,195: [GC (Allocation Failure) 2018-01-03T20:23:58.986-0200: 78,195: [ParNew
Desired survivor size 120795952 bytes, new threshold 7 (max 8)
- age   1:   31507832 bytes,   31507832 total
- age   2:   15575488 bytes,   47083320 total
- age   3:   18368744 bytes,   65452064 total
- age   4:   15542888 bytes,   80994952 total
- age   5:   15550560 bytes,   96545512 total
- age   6:   15369040 bytes,  111914552 total
- age   7:   11167608 bytes,  123082160 total
- age   8:     837088 bytes,  123919248 total
: 655360K->131072K(655360K), 0,1585925 secs] 673909K->154945K(3014656K), 0,1586441 secs] [Times: user=0,13 sys=0,01, real=0,16 secs] 
Heap after GC invocations=16 (full 1):
 par new generation   total 655360K, used 131072K [0x0000000700000000, 0x0000000730000000, 0x0000000730000000)
  eden space 524288K,   0% used [0x0000000700000000, 0x0000000700000000, 0x0000000720000000)
  from space 131072K, 100% used [0x0000000720000000, 0x0000000728000000, 0x0000000728000000)
  to   space 131072K,   0% used [0x0000000728000000, 0x0000000728000000, 0x0000000730000000)
 concurrent mark-sweep generation total 2359296K, used 23873K [0x0000000730000000, 0x00000007c0000000, 0x00000007c0000000)
 Metaspace       used 43048K, capacity 44737K, committed 45064K, reserved 1089536K
  class space    used 5036K, capacity 5546K, committed 5664K, reserved 1048576K
}
2018-01-03T20:23:59.144-0200: 78,354: Total time for which application threads were stopped: 0,1587768 seconds, Stopping threads took: 0,0000241 seconds
2018-01-03T20:24:00.145-0200: 79,354: Total time for which application threads were stopped: 0,0001163 seconds, Stopping threads took: 0,0000318 seconds
2018-01-03T20:24:01.153-0200: 80,363: Total time for which application threads were stopped: 0,0079742 seconds, Stopping threads took: 0,0078841 seconds
2018-01-03T20:24:01.990-0200: 81,200: Total time for which application threads were stopped: 0,0001094 seconds, Stopping threads took: 0,0000363 seconds
2018-01-03T20:24:02.193-0200: 81,403: Total time for which application threads were stopped: 0,0000991 seconds, Stopping threads took: 0,0000213 seconds
{Heap before GC invocations=16 (full 1):
 par new generation   total 655360K, used 655360K [0x0000000700000000, 0x0000000730000000, 0x0000000730000000)
  eden space 524288K, 100% used [0x0000000700000000, 0x0000000720000000, 0x0000000720000000)
  from space 131072K, 100% used [0x0000000720000000, 0x0000000728000000, 0x0000000728000000)
  to   space 131072K,   0% used [0x0000000728000000, 0x0000000728000000, 0x0000000730000000)
 concurrent mark-sweep generation total 2359296K, used 23873K [0x0000000730000000, 0x00000007c0000000, 0x00000007c0000000)
 Metaspace       used 43055K, capacity 44737K, committed 45064K, reserved 1089536K
  class space    used 5036K, capacity 5546K, committed 5664K, reserved 1048576K
2018-01-03T20:24:02.567-0200: 81,776: [GC (Allocation Failure) 2018-01-03T20:24:02.567-0200: 81,777: [ParNew
Desired survivor size 120795952 bytes, new threshold 8 (max 8)
- age   1:    4465736 bytes,    4465736 total
- age   2:    7247064 bytes,   11712800 total
- age   3:    7189512 bytes,   18902312 total
- age   4:    9287360 bytes,   28189672 total
- age   5:    7187760 bytes,   35377432 total
- age   6:    7177968 bytes,   42555400 total
- age   7:    7152232 bytes,   49707632 total
: 655360K->115553K(655360K), 0,0961531 secs] 679233K->146107K(3014656K), 0,0967333 secs] [Times: user=0,08 sys=0,00, real=0,10 secs] 
Heap after GC invocations=17 (full 1):
 par new generation   total 655360K, used 115553K [0x0000000700000000, 0x0000000730000000, 0x0000000730000000)
  eden space 524288K,   0% used [0x0000000700000000, 0x0000000700000000, 0x0000000720000000)
  from space 131072K,  88% used [0x0000000728000000, 0x000000072f0d85a0, 0x0000000730000000)
  to   space 131072K,   0% used [0x0000000720000000, 0x0000000720000000, 0x0000000728000000)
 concurrent mark-sweep generation total 2359296K, used 30554K [0x0000000730000000, 0x00000007c0000000, 0x00000007c0000000)
 Metaspace       used 43055K, capacity 44737K, committed 45064K, reserved 1089536K
  class space    used 5036K, capacity 5546K, committed 5664K, reserved 1048576K
}
2018-01-03T20:24:02.664-0200: 81,873: Total time for which application threads were stopped: 0,0968735 seconds, Stopping threads took: 0,0000247 seconds
2018-01-03T20:24:03.669-0200: 82,879: Total time for which application threads were stopped: 0,0023783 seconds, Stopping threads took: 0,0022937 seconds
{Heap before GC invocations=17 (full 1):
 par new generation   total 655360K, used 639841K [0x0000000700000000, 0x0000000730000000, 0x0000000730000000)
  eden space 524288K, 100% used [0x0000000700000000, 0x0000000720000000, 0x0000000720000000)
  from space 131072K,  88% used [0x0000000728000000, 0x000000072f0d85a0, 0x0000000730000000)
  to   space 131072K,   0% used [0x0000000720000000, 0x0000000720000000, 0x0000000728000000)
 concurrent mark-sweep generation total 2359296K, used 30554K [0x0000000730000000, 0x00000007c0000000, 0x00000007c0000000)
 Metaspace       used 43055K, capacity 44737K, committed 45064K, reserved 1089536K
  class space    used 5036K, capacity 5546K, committed 5664K, reserved 1048576K
2018-01-03T20:24:03.891-0200: 83,100: [GC (Allocation Failure) 2018-01-03T20:24:03.891-0200: 83,100: [ParNew
Desired survivor size 120795952 bytes, new threshold 8 (max 8)
- age   1:   19349872 bytes,   19349872 total
- age   2:    4026512 bytes,   23376384 total
- age   3:    7238616 bytes,   30615000 total
- age   4:    7189512 bytes,   37804512 total
- age   5:    9287360 bytes,   47091872 total
- age   6:    7187760 bytes,   54279632 total
- age   7:    7177968 bytes,   61457600 total
- age   8:    7152232 bytes,   68609832 total
: 639841K->81381K(655360K), 0,1062571 secs] 670395K->111936K(3014656K), 0,1063073 secs] [Times: user=0,09 sys=0,00, real=0,11 secs] 
Heap after GC invocations=18 (full 1):
 par new generation   total 655360K, used 81381K [0x0000000700000000, 0x0000000730000000, 0x0000000730000000)
  eden space 524288K,   0% used [0x0000000700000000, 0x0000000700000000, 0x0000000720000000)
  from space 131072K,  62% used [0x0000000720000000, 0x0000000724f797c0, 0x0000000728000000)
  to   space 131072K,   0% used [0x0000000728000000, 0x0000000728000000, 0x0000000730000000)
 concurrent mark-sweep generation total 2359296K, used 30554K [0x0000000730000000, 0x00000007c0000000, 0x00000007c0000000)
 Metaspace       used 43055K, capacity 44737K, committed 45064K, reserved 1089536K
  class space    used 5036K, capacity 5546K, committed 5664K, reserved 1048576K
}
2018-01-03T20:24:03.997-0200: 83,207: Total time for which application threads were stopped: 0,1064400 seconds, Stopping threads took: 0,0000232 seconds
2018-01-03T20:24:04.776-0200: 83,986: Total time for which application threads were stopped: 0,0052454 seconds, Stopping threads took: 0,0051233 seconds
2018-01-03T20:24:04.789-0200: 83,998: Total time for which application threads were stopped: 0,0001078 seconds, Stopping threads took: 0,0000151 seconds
2018-01-03T20:24:04.789-0200: 83,999: Total time for which application threads were stopped: 0,0000674 seconds, Stopping threads took: 0,0000098 seconds
2018-01-03T20:24:04.791-0200: 84,000: Total time for which application threads were stopped: 0,0000824 seconds, Stopping threads took: 0,0000165 seconds
2018-01-03T20:24:04.791-0200: 84,001: Total time for which application threads were stopped: 0,0000497 seconds, Stopping threads took: 0,0000068 seconds
2018-01-03T20:24:04.791-0200: 84,001: Total time for which application threads were stopped: 0,0000485 seconds, Stopping threads took: 0,0000074 seconds
2018-01-03T20:24:04.792-0200: 84,001: Total time for which application threads were stopped: 0,0000520 seconds, Stopping threads took: 0,0000076 seconds
2018-01-03T20:24:04.792-0200: 84,002: Total time for which application threads were stopped: 0,0000404 seconds, Stopping threads took: 0,0000057 seconds
2018-01-03T20:24:04.792-0200: 84,002: Total time for which application threads were stopped: 0,0000382 seconds, Stopping threads took: 0,0000055 seconds
2018-01-03T20:24:04.792-0200: 84,002: Total time for which application threads were stopped: 0,0000370 seconds, Stopping threads took: 0,0000053 seconds
2018-01-03T20:24:04.792-0200: 84,002: Total time for which application threads were stopped: 0,0000361 seconds, Stopping threads took: 0,0000050 seconds
2018-01-03T20:24:04.792-0200: 84,002: Total time for which application threads were stopped: 0,0000384 seconds, Stopping threads took: 0,0000059 seconds
2018-01-03T20:24:04.792-0200: 84,002: Total time for which application threads were stopped: 0,0000369 seconds, Stopping threads took: 0,0000054 seconds
2018-01-03T20:24:04.804-0200: 84,014: Total time for which application threads were stopped: 0,0042792 seconds, Stopping threads took: 0,0042066 seconds
2018-01-03T20:24:04.814-0200: 84,024: Total time for which application threads were stopped: 0,0001245 seconds, Stopping threads took: 0,0000572 seconds
2018-01-03T20:24:04.815-0200: 84,024: Total time for which application threads were stopped: 0,0000471 seconds, Stopping threads took: 0,0000065 seconds
2018-01-03T20:24:04.837-0200: 84,046: Total time for which application threads were stopped: 0,0140658 seconds, Stopping threads took: 0,0139140 seconds
2018-01-03T20:24:04.853-0200: 84,063: Total time for which application threads were stopped: 0,0001446 seconds, Stopping threads took: 0,0000614 seconds
2018-01-03T20:24:04.854-0200: 84,063: Total time for which application threads were stopped: 0,0001417 seconds, Stopping threads took: 0,0000056 seconds
2018-01-03T20:24:04.854-0200: 84,063: Total time for which application threads were stopped: 0,0000830 seconds, Stopping threads took: 0,0000066 seconds
2018-01-03T20:24:04.854-0200: 84,063: Total time for which application threads were stopped: 0,0000353 seconds, Stopping threads took: 0,0000065 seconds
2018-01-03T20:24:04.854-0200: 84,064: Total time for which application threads were stopped: 0,0001705 seconds, Stopping threads took: 0,0000050 seconds
2018-01-03T20:24:04.965-0200: 84,175: Total time for which application threads were stopped: 0,0138032 seconds, Stopping threads took: 0,0137384 seconds
2018-01-03T20:24:04.965-0200: 84,175: Total time for which application threads were stopped: 0,0000408 seconds, Stopping threads took: 0,0000076 seconds
2018-01-03T20:24:04.969-0200: 84,178: Total time for which application threads were stopped: 0,0021554 seconds, Stopping threads took: 0,0020999 seconds
2018-01-03T20:24:04.969-0200: 84,178: Total time for which application threads were stopped: 0,0000344 seconds, Stopping threads took: 0,0000079 seconds
2018-01-03T20:24:05.223-0200: 84,433: Total time for which application threads were stopped: 0,0047601 seconds, Stopping threads took: 0,0046635 seconds
2018-01-03T20:24:06.242-0200: 85,452: Total time for which application threads were stopped: 0,0161029 seconds, Stopping threads took: 0,0046229 seconds
{Heap before GC invocations=18 (full 1):
 par new generation   total 655360K, used 605669K [0x0000000700000000, 0x0000000730000000, 0x0000000730000000)
  eden space 524288K, 100% used [0x0000000700000000, 0x0000000720000000, 0x0000000720000000)
  from space 131072K,  62% used [0x0000000720000000, 0x0000000724f797c0, 0x0000000728000000)
  to   space 131072K,   0% used [0x0000000728000000, 0x0000000728000000, 0x0000000730000000)
 concurrent mark-sweep generation total 2359296K, used 30554K [0x0000000730000000, 0x00000007c0000000, 0x00000007c0000000)
 Metaspace       used 43077K, capacity 44801K, committed 45064K, reserved 1089536K
  class space    used 5036K, capacity 5546K, committed 5664K, reserved 1048576K
2018-01-03T20:24:06.279-0200: 85,489: [GC (Allocation Failure) 2018-01-03T20:24:06.279-0200: 85,489: [ParNew
Desired survivor size 120795952 bytes, new threshold 8 (max 8)
- age   1:   12058424 bytes,   12058424 total
- age   2:    5589888 bytes,   17648312 total
- age   3:    2032432 bytes,   19680744 total
- age   4:    7238496 bytes,   26919240 total
- age   5:    7189512 bytes,   34108752 total
- age   6:    8238768 bytes,   42347520 total
- age   7:    7187760 bytes,   49535280 total
- age   8:    7177968 bytes,   56713248 total
: 605669K->74117K(655360K), 0,1285411 secs] 636224K->111678K(3014656K), 0,1285999 secs] [Times: user=0,09 sys=0,01, real=0,13 secs] 
Heap after GC invocations=19 (full 1):
 par new generation   total 655360K, used 74117K [0x0000000700000000, 0x0000000730000000, 0x0000000730000000)
  eden space 524288K,   0% used [0x0000000700000000, 0x0000000700000000, 0x0000000720000000)
  from space 131072K,  56% used [0x0000000728000000, 0x000000072c861510, 0x0000000730000000)
  to   space 131072K,   0% used [0x0000000720000000, 0x0000000720000000, 0x0000000728000000)
 concurrent mark-sweep generation total 2359296K, used 37561K [0x0000000730000000, 0x00000007c0000000, 0x00000007c0000000)
 Metaspace       used 43077K, capacity 44801K, committed 45064K, reserved 1089536K
  class space    used 5036K, capacity 5546K, committed 5664K, reserved 1048576K
}
2018-01-03T20:24:06.408-0200: 85,618: Total time for which application threads were stopped: 0,1287667 seconds, Stopping threads took: 0,0000457 seconds
2018-01-03T20:24:06.491-0200: 85,700: Total time for which application threads were stopped: 0,0049240 seconds, Stopping threads took: 0,0048179 seconds
2018-01-03T20:24:06.715-0200: 85,925: Total time for which application threads were stopped: 0,0075351 seconds, Stopping threads took: 0,0074277 seconds
2018-01-03T20:24:06.715-0200: 85,925: Total time for which application threads were stopped: 0,0000575 seconds, Stopping threads took: 0,0000067 seconds
2018-01-03T20:24:06.715-0200: 85,925: Total time for which application threads were stopped: 0,0000407 seconds, Stopping threads took: 0,0000061 seconds
2018-01-03T20:24:06.715-0200: 85,925: Total time for which application threads were stopped: 0,0000391 seconds, Stopping threads took: 0,0000052 seconds
2018-01-03T20:24:07.910-0200: 87,120: Total time for which application threads were stopped: 0,0020948 seconds, Stopping threads took: 0,0020414 seconds
2018-01-03T20:24:08.196-0200: 87,406: Total time for which application threads were stopped: 0,0065088 seconds, Stopping threads took: 0,0064049 seconds
2018-01-03T20:24:08.221-0200: 87,430: Total time for which application threads were stopped: 0,0046113 seconds, Stopping threads took: 0,0045399 seconds
2018-01-03T20:24:08.221-0200: 87,430: Total time for which application threads were stopped: 0,0000426 seconds, Stopping threads took: 0,0000069 seconds
2018-01-03T20:24:08.256-0200: 87,465: Total time for which application threads were stopped: 0,0152043 seconds, Stopping threads took: 0,0151312 seconds
2018-01-03T20:24:08.256-0200: 87,465: Total time for which application threads were stopped: 0,0000337 seconds, Stopping threads took: 0,0000081 seconds
{Heap before GC invocations=19 (full 1):
 par new generation   total 655360K, used 598405K [0x0000000700000000, 0x0000000730000000, 0x0000000730000000)
  eden space 524288K, 100% used [0x0000000700000000, 0x0000000720000000, 0x0000000720000000)
  from space 131072K,  56% used [0x0000000728000000, 0x000000072c861510, 0x0000000730000000)
  to   space 131072K,   0% used [0x0000000720000000, 0x0000000720000000, 0x0000000728000000)
 concurrent mark-sweep generation total 2359296K, used 37561K [0x0000000730000000, 0x00000007c0000000, 0x00000007c0000000)
 Metaspace       used 43087K, capacity 44801K, committed 45064K, reserved 1089536K
  class space    used 5036K, capacity 5546K, committed 5664K, reserved 1048576K
2018-01-03T20:24:08.622-0200: 87,832: [GC (Allocation Failure) 2018-01-03T20:24:08.622-0200: 87,832: [ParNew
Desired survivor size 120795952 bytes, new threshold 8 (max 8)
- age   1:   18677240 bytes,   18677240 total
- age   2:    7721568 bytes,   26398808 total
- age   3:    5589768 bytes,   31988576 total
- age   4:    2032432 bytes,   34021008 total
- age   5:    7238496 bytes,   41259504 total
- age   6:    7189512 bytes,   48449016 total
- age   7:    8238768 bytes,   56687784 total
- age   8:    7187760 bytes,   63875544 total
: 598405K->80083K(655360K), 0,1199824 secs] 635966K->124697K(3014656K), 0,1200568 secs] [Times: user=0,11 sys=0,00, real=0,13 secs] 
Heap after GC invocations=20 (full 1):
 par new generation   total 655360K, used 80083K [0x0000000700000000, 0x0000000730000000, 0x0000000730000000)
  eden space 524288K,   0% used [0x0000000700000000, 0x0000000700000000, 0x0000000720000000)
  from space 131072K,  61% used [0x0000000720000000, 0x0000000724e34c38, 0x0000000728000000)
  to   space 131072K,   0% used [0x0000000728000000, 0x0000000728000000, 0x0000000730000000)
 concurrent mark-sweep generation total 2359296K, used 44614K [0x0000000730000000, 0x00000007c0000000, 0x00000007c0000000)
 Metaspace       used 43087K, capacity 44801K, committed 45064K, reserved 1089536K
  class space    used 5036K, capacity 5546K, committed 5664K, reserved 1048576K
}
2018-01-03T20:24:08.742-0200: 87,952: Total time for which application threads were stopped: 0,1202722 seconds, Stopping threads took: 0,0000244 seconds
2018-01-03T20:24:09.844-0200: 89,054: Total time for which application threads were stopped: 0,0000943 seconds, Stopping threads took: 0,0000202 seconds
{Heap before GC invocations=20 (full 1):
 par new generation   total 655360K, used 604371K [0x0000000700000000, 0x0000000730000000, 0x0000000730000000)
  eden space 524288K, 100% used [0x0000000700000000, 0x0000000720000000, 0x0000000720000000)
  from space 131072K,  61% used [0x0000000720000000, 0x0000000724e34c38, 0x0000000728000000)
  to   space 131072K,   0% used [0x0000000728000000, 0x0000000728000000, 0x0000000730000000)
 concurrent mark-sweep generation total 2359296K, used 44614K [0x0000000730000000, 0x00000007c0000000, 0x00000007c0000000)
 Metaspace       used 43148K, capacity 44865K, committed 45064K, reserved 1089536K
  class space    used 5046K, capacity 5546K, committed 5664K, reserved 1048576K
2018-01-03T20:24:10.355-0200: 89,565: [GC (Allocation Failure) 2018-01-03T20:24:10.355-0200: 89,565: [ParNew
Desired survivor size 120795952 bytes, new threshold 8 (max 8)
- age   1:   21870776 bytes,   21870776 total
- age   2:   15867672 bytes,   37738448 total
- age   3:    7717472 bytes,   45455920 total
- age   4:    5589768 bytes,   51045688 total
- age   5:    2032432 bytes,   53078120 total
- age   6:    7238496 bytes,   60316616 total
- age   7:    7189512 bytes,   67506128 total
- age   8:    8238768 bytes,   75744896 total
: 604371K->97443K(655360K), 0,1144622 secs] 648985K->149076K(3014656K), 0,1145098 secs] [Times: user=0,10 sys=0,01, real=0,11 secs] 
Heap after GC invocations=21 (full 1):
 par new generation   total 655360K, used 97443K [0x0000000700000000, 0x0000000730000000, 0x0000000730000000)
  eden space 524288K,   0% used [0x0000000700000000, 0x0000000700000000, 0x0000000720000000)
  from space 131072K,  74% used [0x0000000728000000, 0x000000072df28dc8, 0x0000000730000000)
  to   space 131072K,   0% used [0x0000000720000000, 0x0000000720000000, 0x0000000728000000)
 concurrent mark-sweep generation total 2359296K, used 51633K [0x0000000730000000, 0x00000007c0000000, 0x00000007c0000000)
 Metaspace       used 43148K, capacity 44865K, committed 45064K, reserved 1089536K
  class space    used 5046K, capacity 5546K, committed 5664K, reserved 1048576K
}
2018-01-03T20:24:10.470-0200: 89,679: Total time for which application threads were stopped: 0,1146556 seconds, Stopping threads took: 0,0000243 seconds
2018-01-03T20:24:11.472-0200: 90,682: Total time for which application threads were stopped: 0,0022444 seconds, Stopping threads took: 0,0021842 seconds
{Heap before GC invocations=21 (full 1):
 par new generation   total 655360K, used 621731K [0x0000000700000000, 0x0000000730000000, 0x0000000730000000)
  eden space 524288K, 100% used [0x0000000700000000, 0x0000000720000000, 0x0000000720000000)
  from space 131072K,  74% used [0x0000000728000000, 0x000000072df28dc8, 0x0000000730000000)
  to   space 131072K,   0% used [0x0000000720000000, 0x0000000720000000, 0x0000000728000000)
 concurrent mark-sweep generation total 2359296K, used 51633K [0x0000000730000000, 0x00000007c0000000, 0x00000007c0000000)
 Metaspace       used 43148K, capacity 44865K, committed 45064K, reserved 1089536K
  class space    used 5046K, capacity 5546K, committed 5664K, reserved 1048576K
2018-01-03T20:24:11.507-0200: 90,716: [GC (Allocation Failure) 2018-01-03T20:24:11.507-0200: 90,716: [ParNew
Desired survivor size 120795952 bytes, new threshold 8 (max 8)
- age   1:   23710792 bytes,   23710792 total
- age   2:   17186616 bytes,   40897408 total
- age   3:   15867528 bytes,   56764936 total
- age   4:    7717472 bytes,   64482408 total
- age   5:    5589768 bytes,   70072176 total
- age   6:    2032432 bytes,   72104608 total
- age   7:    7238496 bytes,   79343104 total
- age   8:    7189512 bytes,   86532616 total
: 621731K->104147K(655360K), 0,1472468 secs] 673364K->163826K(3014656K), 0,1472959 secs] [Times: user=0,12 sys=0,00, real=0,14 secs] 
Heap after GC invocations=22 (full 1):
 par new generation   total 655360K, used 104147K [0x0000000700000000, 0x0000000730000000, 0x0000000730000000)
  eden space 524288K,   0% used [0x0000000700000000, 0x0000000700000000, 0x0000000720000000)
  from space 131072K,  79% used [0x0000000720000000, 0x00000007265b4ef0, 0x0000000728000000)
  to   space 131072K,   0% used [0x0000000728000000, 0x0000000728000000, 0x0000000730000000)
 concurrent mark-sweep generation total 2359296K, used 59679K [0x0000000730000000, 0x00000007c0000000, 0x00000007c0000000)
 Metaspace       used 43148K, capacity 44865K, committed 45064K, reserved 1089536K
  class space    used 5046K, capacity 5546K, committed 5664K, reserved 1048576K
}
2018-01-03T20:24:11.654-0200: 90,864: Total time for which application threads were stopped: 0,1478164 seconds, Stopping threads took: 0,0000220 seconds
{Heap before GC invocations=22 (full 1):
 par new generation   total 655360K, used 628435K [0x0000000700000000, 0x0000000730000000, 0x0000000730000000)
  eden space 524288K, 100% used [0x0000000700000000, 0x0000000720000000, 0x0000000720000000)
  from space 131072K,  79% used [0x0000000720000000, 0x00000007265b4ef0, 0x0000000728000000)
  to   space 131072K,   0% used [0x0000000728000000, 0x0000000728000000, 0x0000000730000000)
 concurrent mark-sweep generation total 2359296K, used 59679K [0x0000000730000000, 0x00000007c0000000, 0x00000007c0000000)
 Metaspace       used 43148K, capacity 44865K, committed 45064K, reserved 1089536K
  class space    used 5046K, capacity 5546K, committed 5664K, reserved 1048576K
2018-01-03T20:24:12.615-0200: 91,825: [GC (Allocation Failure) 2018-01-03T20:24:12.615-0200: 91,825: [ParNew
Desired survivor size 120795952 bytes, new threshold 8 (max 8)
- age   1:   25526856 bytes,   25526856 total
- age   2:   18561848 bytes,   44088704 total
- age   3:   16137888 bytes,   60226592 total
- age   4:   15867528 bytes,   76094120 total
- age   5:    7717472 bytes,   83811592 total
- age   6:    5589768 bytes,   89401360 total
- age   7:    2032432 bytes,   91433792 total
- age   8:    7238496 bytes,   98672288 total
: 628435K->131072K(655360K), 0,1547738 secs] 688114K->198030K(3014656K), 0,1548208 secs] [Times: user=0,13 sys=0,00, real=0,15 secs] 
Heap after GC invocations=23 (full 1):
 par new generation   total 655360K, used 131072K [0x0000000700000000, 0x0000000730000000, 0x0000000730000000)
  eden space 524288K,   0% used [0x0000000700000000, 0x0000000700000000, 0x0000000720000000)
  from space 131072K, 100% used [0x0000000728000000, 0x0000000730000000, 0x0000000730000000)
  to   space 131072K,   0% used [0x0000000720000000, 0x0000000720000000, 0x0000000728000000)
 concurrent mark-sweep generation total 2359296K, used 66958K [0x0000000730000000, 0x00000007c0000000, 0x00000007c0000000)
 Metaspace       used 43148K, capacity 44865K, committed 45064K, reserved 1089536K
  class space    used 5046K, capacity 5546K, committed 5664K, reserved 1048576K
}
2018-01-03T20:24:12.770-0200: 91,980: Total time for which application threads were stopped: 0,1549629 seconds, Stopping threads took: 0,0000225 seconds
{Heap before GC invocations=23 (full 1):
 par new generation   total 655360K, used 655360K [0x0000000700000000, 0x0000000730000000, 0x0000000730000000)
  eden space 524288K, 100% used [0x0000000700000000, 0x0000000720000000, 0x0000000720000000)
  from space 131072K, 100% used [0x0000000728000000, 0x0000000730000000, 0x0000000730000000)
  to   space 131072K,   0% used [0x0000000720000000, 0x0000000720000000, 0x0000000728000000)
 concurrent mark-sweep generation total 2359296K, used 66958K [0x0000000730000000, 0x00000007c0000000, 0x00000007c0000000)
 Metaspace       used 43148K, capacity 44865K, committed 45064K, reserved 1089536K
  class space    used 5046K, capacity 5546K, committed 5664K, reserved 1048576K
2018-01-03T20:24:13.787-0200: 92,996: [GC (Allocation Failure) 2018-01-03T20:24:13.787-0200: 92,996: [ParNew
Desired survivor size 120795952 bytes, new threshold 8 (max 8)
- age   1:   26843168 bytes,   26843168 total
- age   2:   18141152 bytes,   44984320 total
- age   3:   17217056 bytes,   62201376 total
- age   4:   15853488 bytes,   78054864 total
- age   5:   15595128 bytes,   93649992 total
- age   6:    7619344 bytes,  101269336 total
- age   7:    5589768 bytes,  106859104 total
- age   8:    2032432 bytes,  108891536 total
: 655360K->131072K(655360K), 0,1514493 secs] 722318K->206677K(3014656K), 0,1515042 secs] [Times: user=0,13 sys=0,00, real=0,15 secs] 
Heap after GC invocations=24 (full 1):
 par new generation   total 655360K, used 131072K [0x0000000700000000, 0x0000000730000000, 0x0000000730000000)
  eden space 524288K,   0% used [0x0000000700000000, 0x0000000700000000, 0x0000000720000000)
  from space 131072K, 100% used [0x0000000720000000, 0x0000000728000000, 0x0000000728000000)
  to   space 131072K,   0% used [0x0000000728000000, 0x0000000728000000, 0x0000000730000000)
 concurrent mark-sweep generation total 2359296K, used 75605K [0x0000000730000000, 0x00000007c0000000, 0x00000007c0000000)
 Metaspace       used 43148K, capacity 44865K, committed 45064K, reserved 1089536K
  class space    used 5046K, capacity 5546K, committed 5664K, reserved 1048576K
}
2018-01-03T20:24:13.938-0200: 93,148: Total time for which application threads were stopped: 0,1516396 seconds, Stopping threads took: 0,0000311 seconds
{Heap before GC invocations=24 (full 1):
 par new generation   total 655360K, used 655360K [0x0000000700000000, 0x0000000730000000, 0x0000000730000000)
  eden space 524288K, 100% used [0x0000000700000000, 0x0000000720000000, 0x0000000720000000)
  from space 131072K, 100% used [0x0000000720000000, 0x0000000728000000, 0x0000000728000000)
  to   space 131072K,   0% used [0x0000000728000000, 0x0000000728000000, 0x0000000730000000)
 concurrent mark-sweep generation total 2359296K, used 75605K [0x0000000730000000, 0x00000007c0000000, 0x00000007c0000000)
 Metaspace       used 43148K, capacity 44865K, committed 45064K, reserved 1089536K
  class space    used 5046K, capacity 5546K, committed 5664K, reserved 1048576K
2018-01-03T20:24:14.850-0200: 94,060: [GC (Allocation Failure) 2018-01-03T20:24:14.850-0200: 94,060: [ParNew
Desired survivor size 120795952 bytes, new threshold 8 (max 8)
- age   1:   28761120 bytes,   28761120 total
- age   2:   17772808 bytes,   46533928 total
- age   3:   17987944 bytes,   64521872 total
- age   4:   16014584 bytes,   80536456 total
- age   5:   15698664 bytes,   96235120 total
- age   6:   15451368 bytes,  111686488 total
- age   7:    7619344 bytes,  119305832 total
- age   8:    5589768 bytes,  124895600 total
: 655360K->131072K(655360K), 0,2010373 secs] 730965K->209692K(3014656K), 0,2010893 secs] [Times: user=0,13 sys=0,01, real=0,20 secs] 
Heap after GC invocations=25 (full 1):
 par new generation   total 655360K, used 131072K [0x0000000700000000, 0x0000000730000000, 0x0000000730000000)
  eden space 524288K,   0% used [0x0000000700000000, 0x0000000700000000, 0x0000000720000000)
  from space 131072K, 100% used [0x0000000728000000, 0x0000000730000000, 0x0000000730000000)
  to   space 131072K,   0% used [0x0000000720000000, 0x0000000720000000, 0x0000000728000000)
 concurrent mark-sweep generation total 2359296K, used 78620K [0x0000000730000000, 0x00000007c0000000, 0x00000007c0000000)
 Metaspace       used 43148K, capacity 44865K, committed 45064K, reserved 1089536K
  class space    used 5046K, capacity 5546K, committed 5664K, reserved 1048576K
}
2018-01-03T20:24:15.051-0200: 94,261: Total time for which application threads were stopped: 0,2012299 seconds, Stopping threads took: 0,0000317 seconds
2018-01-03T20:24:17.054-0200: 96,264: Total time for which application threads were stopped: 0,0024344 seconds, Stopping threads took: 0,0023242 seconds
{Heap before GC invocations=25 (full 1):
 par new generation   total 655360K, used 655360K [0x0000000700000000, 0x0000000730000000, 0x0000000730000000)
  eden space 524288K, 100% used [0x0000000700000000, 0x0000000720000000, 0x0000000720000000)
  from space 131072K, 100% used [0x0000000728000000, 0x0000000730000000, 0x0000000730000000)
  to   space 131072K,   0% used [0x0000000720000000, 0x0000000720000000, 0x0000000728000000)
 concurrent mark-sweep generation total 2359296K, used 78620K [0x0000000730000000, 0x00000007c0000000, 0x00000007c0000000)
 Metaspace       used 43149K, capacity 44865K, committed 45064K, reserved 1089536K
  class space    used 5046K, capacity 5546K, committed 5664K, reserved 1048576K
2018-01-03T20:24:17.717-0200: 96,927: [GC (Allocation Failure) 2018-01-03T20:24:17.717-0200: 96,927: [ParNew
Desired survivor size 120795952 bytes, new threshold 8 (max 8)
- age   1:   23864208 bytes,   23864208 total
- age   2:   14373000 bytes,   38237208 total
- age   3:   14226352 bytes,   52463560 total
- age   4:   13100232 bytes,   65563792 total
- age   5:   12085960 bytes,   77649752 total
- age   6:   12154584 bytes,   89804336 total
- age   7:   11610280 bytes,  101414616 total
- age   8:    7385144 bytes,  108799760 total
: 655360K->131072K(655360K), 0,1367194 secs] 733980K->220859K(3014656K), 0,1369074 secs] [Times: user=0,13 sys=0,00, real=0,13 secs] 
Heap after GC invocations=26 (full 1):
 par new generation   total 655360K, used 131072K [0x0000000700000000, 0x0000000730000000, 0x0000000730000000)
  eden space 524288K,   0% used [0x0000000700000000, 0x0000000700000000, 0x0000000720000000)
  from space 131072K, 100% used [0x0000000720000000, 0x0000000728000000, 0x0000000728000000)
  to   space 131072K,   0% used [0x0000000728000000, 0x0000000728000000, 0x0000000730000000)
 concurrent mark-sweep generation total 2359296K, used 89787K [0x0000000730000000, 0x00000007c0000000, 0x00000007c0000000)
 Metaspace       used 43149K, capacity 44865K, committed 45064K, reserved 1089536K
  class space    used 5046K, capacity 5546K, committed 5664K, reserved 1048576K
}
2018-01-03T20:24:17.854-0200: 97,064: Total time for which application threads were stopped: 0,1370726 seconds, Stopping threads took: 0,0000222 seconds
2018-01-03T20:24:18.263-0200: 97,473: Total time for which application threads were stopped: 0,0001030 seconds, Stopping threads took: 0,0000323 seconds
{Heap before GC invocations=26 (full 1):
 par new generation   total 655360K, used 655360K [0x0000000700000000, 0x0000000730000000, 0x0000000730000000)
  eden space 524288K, 100% used [0x0000000700000000, 0x0000000720000000, 0x0000000720000000)
  from space 131072K, 100% used [0x0000000720000000, 0x0000000728000000, 0x0000000728000000)
  to   space 131072K,   0% used [0x0000000728000000, 0x0000000728000000, 0x0000000730000000)
 concurrent mark-sweep generation total 2359296K, used 89787K [0x0000000730000000, 0x00000007c0000000, 0x00000007c0000000)
 Metaspace       used 43152K, capacity 44865K, committed 45064K, reserved 1089536K
  class space    used 5046K, capacity 5546K, committed 5664K, reserved 1048576K
2018-01-03T20:24:18.982-0200: 98,192: [GC (Allocation Failure) 2018-01-03T20:24:18.982-0200: 98,192: [ParNew
Desired survivor size 120795952 bytes, new threshold 8 (max 8)
- age   1:   10095120 bytes,   10095120 total
- age   2:    5502256 bytes,   15597376 total
- age   3:    7195168 bytes,   22792544 total
- age   4:    8146504 bytes,   30939048 total
- age   5:    8048904 bytes,   38987952 total
- age   6:    7045280 bytes,   46033232 total
- age   7:    7043280 bytes,   53076512 total
- age   8:    6738552 bytes,   59815064 total
: 655360K->131072K(655360K), 0,0911901 secs] 745147K->228071K(3014656K), 0,0912478 secs] [Times: user=0,09 sys=0,00, real=0,09 secs] 
Heap after GC invocations=27 (full 1):
 par new generation   total 655360K, used 131072K [0x0000000700000000, 0x0000000730000000, 0x0000000730000000)
  eden space 524288K,   0% used [0x0000000700000000, 0x0000000700000000, 0x0000000720000000)
  from space 131072K, 100% used [0x0000000728000000, 0x0000000730000000, 0x0000000730000000)
  to   space 131072K,   0% used [0x0000000720000000, 0x0000000720000000, 0x0000000728000000)
 concurrent mark-sweep generation total 2359296K, used 96999K [0x0000000730000000, 0x00000007c0000000, 0x00000007c0000000)
 Metaspace       used 43152K, capacity 44865K, committed 45064K, reserved 1089536K
  class space    used 5046K, capacity 5546K, committed 5664K, reserved 1048576K
}
2018-01-03T20:24:19.074-0200: 98,283: Total time for which application threads were stopped: 0,0914005 seconds, Stopping threads took: 0,0000294 seconds
2018-01-03T20:24:19.885-0200: 99,094: Total time for which application threads were stopped: 0,0021181 seconds, Stopping threads took: 0,0020279 seconds
2018-01-03T20:24:20.004-0200: 99,214: Total time for which application threads were stopped: 0,0032962 seconds, Stopping threads took: 0,0032215 seconds
{Heap before GC invocations=27 (full 1):
 par new generation   total 655360K, used 655360K [0x0000000700000000, 0x0000000730000000, 0x0000000730000000)
  eden space 524288K, 100% used [0x0000000700000000, 0x0000000720000000, 0x0000000720000000)
  from space 131072K, 100% used [0x0000000728000000, 0x0000000730000000, 0x0000000730000000)
  to   space 131072K,   0% used [0x0000000720000000, 0x0000000720000000, 0x0000000728000000)
 concurrent mark-sweep generation total 2359296K, used 96999K [0x0000000730000000, 0x00000007c0000000, 0x00000007c0000000)
 Metaspace       used 43155K, capacity 44865K, committed 45064K, reserved 1089536K
  class space    used 5046K, capacity 5546K, committed 5664K, reserved 1048576K
2018-01-03T20:24:20.035-0200: 99,245: [GC (Allocation Failure) 2018-01-03T20:24:20.035-0200: 99,245: [ParNew
Desired survivor size 120795952 bytes, new threshold 8 (max 8)
- age   1:   22707664 bytes,   22707664 total
- age   2:    8058144 bytes,   30765808 total
- age   3:    5502136 bytes,   36267944 total
- age   4:    7195168 bytes,   43463112 total
- age   5:    8146504 bytes,   51609616 total
- age   6:    7000312 bytes,   58609928 total
- age   7:    7045280 bytes,   65655208 total
- age   8:    7043280 bytes,   72698488 total
: 655360K->95127K(655360K), 0,1110131 secs] 752359K->198709K(3014656K), 0,1110675 secs] [Times: user=0,11 sys=0,00, real=0,11 secs] 
Heap after GC invocations=28 (full 1):
 par new generation   total 655360K, used 95127K [0x0000000700000000, 0x0000000730000000, 0x0000000730000000)
  eden space 524288K,   0% used [0x0000000700000000, 0x0000000700000000, 0x0000000720000000)
  from space 131072K,  72% used [0x0000000720000000, 0x0000000725ce5d60, 0x0000000728000000)
  to   space 131072K,   0% used [0x0000000728000000, 0x0000000728000000, 0x0000000730000000)
 concurrent mark-sweep generation total 2359296K, used 103582K [0x0000000730000000, 0x00000007c0000000, 0x00000007c0000000)
 Metaspace       used 43155K, capacity 44865K, committed 45064K, reserved 1089536K
  class space    used 5046K, capacity 5546K, committed 5664K, reserved 1048576K
}
2018-01-03T20:24:20.146-0200: 99,356: Total time for which application threads were stopped: 0,1196292 seconds, Stopping threads took: 0,0084416 seconds
2018-01-03T20:24:20.968-0200: 100,177: Total time for which application threads were stopped: 0,0001502 seconds, Stopping threads took: 0,0000312 seconds
2018-01-03T20:24:21.179-0200: 100,388: Total time for which application threads were stopped: 0,0087317 seconds, Stopping threads took: 0,0086380 seconds
2018-01-03T20:24:21.180-0200: 100,390: Total time for which application threads were stopped: 0,0000636 seconds, Stopping threads took: 0,0000117 seconds
2018-01-03T20:24:21.181-0200: 100,391: Total time for which application threads were stopped: 0,0000690 seconds, Stopping threads took: 0,0000108 seconds
2018-01-03T20:24:21.181-0200: 100,391: Total time for which application threads were stopped: 0,0000419 seconds, Stopping threads took: 0,0000054 seconds
{Heap before GC invocations=28 (full 1):
 par new generation   total 655360K, used 619415K [0x0000000700000000, 0x0000000730000000, 0x0000000730000000)
  eden space 524288K, 100% used [0x0000000700000000, 0x0000000720000000, 0x0000000720000000)
  from space 131072K,  72% used [0x0000000720000000, 0x0000000725ce5d60, 0x0000000728000000)
  to   space 131072K,   0% used [0x0000000728000000, 0x0000000728000000, 0x0000000730000000)
 concurrent mark-sweep generation total 2359296K, used 103582K [0x0000000730000000, 0x00000007c0000000, 0x00000007c0000000)
 Metaspace       used 43176K, capacity 44865K, committed 45064K, reserved 1089536K
  class space    used 5046K, capacity 5546K, committed 5664K, reserved 1048576K
2018-01-03T20:24:21.602-0200: 100,812: [GC (Allocation Failure) 2018-01-03T20:24:21.603-0200: 100,812: [ParNew
Desired survivor size 120795952 bytes, new threshold 8 (max 8)
- age   1:   13131776 bytes,   13131776 total
- age   2:    7749136 bytes,   20880912 total
- age   3:    2878544 bytes,   23759456 total
- age   4:    5502136 bytes,   29261592 total
- age   5:    7195168 bytes,   36456760 total
- age   6:    8146504 bytes,   44603264 total
- age   7:    7000312 bytes,   51603576 total
- age   8:    7045280 bytes,   58648856 total
: 619415K->72271K(655360K), 0,0924431 secs] 722997K->182732K(3014656K), 0,0929396 secs] [Times: user=0,09 sys=0,00, real=0,10 secs] 
Heap after GC invocations=29 (full 1):
 par new generation   total 655360K, used 72271K [0x0000000700000000, 0x0000000730000000, 0x0000000730000000)
  eden space 524288K,   0% used [0x0000000700000000, 0x0000000700000000, 0x0000000720000000)
  from space 131072K,  55% used [0x0000000728000000, 0x000000072c693dc0, 0x0000000730000000)
  to   space 131072K,   0% used [0x0000000720000000, 0x0000000720000000, 0x0000000728000000)
 concurrent mark-sweep generation total 2359296K, used 110460K [0x0000000730000000, 0x00000007c0000000, 0x00000007c0000000)
 Metaspace       used 43176K, capacity 44865K, committed 45064K, reserved 1089536K
  class space    used 5046K, capacity 5546K, committed 5664K, reserved 1048576K
}
2018-01-03T20:24:21.695-0200: 100,905: Total time for which application threads were stopped: 0,0930685 seconds, Stopping threads took: 0,0000218 seconds
{Heap before GC invocations=29 (full 1):
 par new generation   total 655360K, used 596559K [0x0000000700000000, 0x0000000730000000, 0x0000000730000000)
  eden space 524288K, 100% used [0x0000000700000000, 0x0000000720000000, 0x0000000720000000)
  from space 131072K,  55% used [0x0000000728000000, 0x000000072c693dc0, 0x0000000730000000)
  to   space 131072K,   0% used [0x0000000720000000, 0x0000000720000000, 0x0000000728000000)
 concurrent mark-sweep generation total 2359296K, used 110460K [0x0000000730000000, 0x00000007c0000000, 0x00000007c0000000)
 Metaspace       used 43176K, capacity 44865K, committed 45064K, reserved 1089536K
  class space    used 5046K, capacity 5546K, committed 5664K, reserved 1048576K
2018-01-03T20:24:22.569-0200: 101,778: [GC (Allocation Failure) 2018-01-03T20:24:22.569-0200: 101,778: [ParNew
Desired survivor size 120795952 bytes, new threshold 8 (max 8)
- age   1:   21142632 bytes,   21142632 total
- age   2:   11542352 bytes,   32684984 total
- age   3:    7749016 bytes,   40434000 total
- age   4:    2878544 bytes,   43312544 total
- age   5:    5502136 bytes,   48814680 total
- age   6:    7195168 bytes,   56009848 total
- age   7:    8146504 bytes,   64156352 total
- age   8:    7000312 bytes,   71156664 total
: 596559K->90981K(655360K), 0,1128032 secs] 707020K->208323K(3014656K), 0,1128483 secs] [Times: user=0,11 sys=0,00, real=0,11 secs] 
Heap after GC invocations=30 (full 1):
 par new generation   total 655360K, used 90981K [0x0000000700000000, 0x0000000730000000, 0x0000000730000000)
  eden space 524288K,   0% used [0x0000000700000000, 0x0000000700000000, 0x0000000720000000)
  from space 131072K,  69% used [0x0000000720000000, 0x00000007258d9798, 0x0000000728000000)
  to   space 131072K,   0% used [0x0000000728000000, 0x0000000728000000, 0x0000000730000000)
 concurrent mark-sweep generation total 2359296K, used 117341K [0x0000000730000000, 0x00000007c0000000, 0x00000007c0000000)
 Metaspace       used 43176K, capacity 44865K, committed 45064K, reserved 1089536K
  class space    used 5046K, capacity 5546K, committed 5664K, reserved 1048576K
}
2018-01-03T20:24:22.681-0200: 101,891: Total time for which application threads were stopped: 0,1130022 seconds, Stopping threads took: 0,0000315 seconds
{Heap before GC invocations=30 (full 1):
 par new generation   total 655360K, used 615269K [0x0000000700000000, 0x0000000730000000, 0x0000000730000000)
  eden space 524288K, 100% used [0x0000000700000000, 0x0000000720000000, 0x0000000720000000)
  from space 131072K,  69% used [0x0000000720000000, 0x00000007258d9798, 0x0000000728000000)
  to   space 131072K,   0% used [0x0000000728000000, 0x0000000728000000, 0x0000000730000000)
 concurrent mark-sweep generation total 2359296K, used 117341K [0x0000000730000000, 0x00000007c0000000, 0x00000007c0000000)
 Metaspace       used 43176K, capacity 44865K, committed 45064K, reserved 1089536K
  class space    used 5046K, capacity 5546K, committed 5664K, reserved 1048576K
2018-01-03T20:24:23.548-0200: 102,757: [GC (Allocation Failure) 2018-01-03T20:24:23.548-0200: 102,757: [ParNew
Desired survivor size 120795952 bytes, new threshold 8 (max 8)
- age   1:   22218792 bytes,   22218792 total
- age   2:   17494272 bytes,   39713064 total
- age   3:   11541728 bytes,   51254792 total
- age   4:    7749016 bytes,   59003808 total
- age   5:    2878544 bytes,   61882352 total
- age   6:    5502136 bytes,   67384488 total
- age   7:    7195168 bytes,   74579656 total
- age   8:    8146504 bytes,   82726160 total
: 615269K->97639K(655360K), 0,1406054 secs] 732611K->221816K(3014656K), 0,1406599 secs] [Times: user=0,12 sys=0,00, real=0,14 secs] 
Heap after GC invocations=31 (full 1):
 par new generation   total 655360K, used 97639K [0x0000000700000000, 0x0000000730000000, 0x0000000730000000)
  eden space 524288K,   0% used [0x0000000700000000, 0x0000000700000000, 0x0000000720000000)
  from space 131072K,  74% used [0x0000000728000000, 0x000000072df59d80, 0x0000000730000000)
  to   space 131072K,   0% used [0x0000000720000000, 0x0000000720000000, 0x0000000728000000)
 concurrent mark-sweep generation total 2359296K, used 124177K [0x0000000730000000, 0x00000007c0000000, 0x00000007c0000000)
 Metaspace       used 43176K, capacity 44865K, committed 45064K, reserved 1089536K
  class space    used 5046K, capacity 5546K, committed 5664K, reserved 1048576K
}
2018-01-03T20:24:23.688-0200: 102,898: Total time for which application threads were stopped: 0,1408056 seconds, Stopping threads took: 0,0000308 seconds
{Heap before GC invocations=31 (full 1):
 par new generation   total 655360K, used 621927K [0x0000000700000000, 0x0000000730000000, 0x0000000730000000)
  eden space 524288K, 100% used [0x0000000700000000, 0x0000000720000000, 0x0000000720000000)
  from space 131072K,  74% used [0x0000000728000000, 0x000000072df59d80, 0x0000000730000000)
  to   space 131072K,   0% used [0x0000000720000000, 0x0000000720000000, 0x0000000728000000)
 concurrent mark-sweep generation total 2359296K, used 124177K [0x0000000730000000, 0x00000007c0000000, 0x00000007c0000000)
 Metaspace       used 43176K, capacity 44865K, committed 45064K, reserved 1089536K
  class space    used 5046K, capacity 5546K, committed 5664K, reserved 1048576K
2018-01-03T20:24:24.633-0200: 103,843: [GC (Allocation Failure) 2018-01-03T20:24:24.633-0200: 103,843: [ParNew
Desired survivor size 120795952 bytes, new threshold 8 (max 8)
- age   1:   24488624 bytes,   24488624 total
- age   2:   17786584 bytes,   42275208 total
- age   3:   16445544 bytes,   58720752 total
- age   4:   11541728 bytes,   70262480 total
- age   5:    7749016 bytes,   78011496 total
- age   6:    2878544 bytes,   80890040 total
- age   7:    5502136 bytes,   86392176 total
- age   8:    7195168 bytes,   93587344 total
: 621927K->123120K(655360K), 0,1800086 secs] 746104K->255253K(3014656K), 0,1800913 secs] [Times: user=0,15 sys=0,00, real=0,18 secs] 
Heap after GC invocations=32 (full 1):
 par new generation   total 655360K, used 123120K [0x0000000700000000, 0x0000000730000000, 0x0000000730000000)
  eden space 524288K,   0% used [0x0000000700000000, 0x0000000700000000, 0x0000000720000000)
  from space 131072K,  93% used [0x0000000720000000, 0x000000072783c0d8, 0x0000000728000000)
  to   space 131072K,   0% used [0x0000000728000000, 0x0000000728000000, 0x0000000730000000)
 concurrent mark-sweep generation total 2359296K, used 132132K [0x0000000730000000, 0x00000007c0000000, 0x00000007c0000000)
 Metaspace       used 43176K, capacity 44865K, committed 45064K, reserved 1089536K
  class space    used 5046K, capacity 5546K, committed 5664K, reserved 1048576K
}
2018-01-03T20:24:24.813-0200: 104,023: Total time for which application threads were stopped: 0,1807038 seconds, Stopping threads took: 0,0000304 seconds
{Heap before GC invocations=32 (full 1):
 par new generation   total 655360K, used 647408K [0x0000000700000000, 0x0000000730000000, 0x0000000730000000)
  eden space 524288K, 100% used [0x0000000700000000, 0x0000000720000000, 0x0000000720000000)
  from space 131072K,  93% used [0x0000000720000000, 0x000000072783c0d8, 0x0000000728000000)
  to   space 131072K,   0% used [0x0000000728000000, 0x0000000728000000, 0x0000000730000000)
 concurrent mark-sweep generation total 2359296K, used 132132K [0x0000000730000000, 0x00000007c0000000, 0x00000007c0000000)
 Metaspace       used 43177K, capacity 44865K, committed 45064K, reserved 1089536K
  class space    used 5046K, capacity 5546K, committed 5664K, reserved 1048576K
2018-01-03T20:24:25.718-0200: 104,927: [GC (Allocation Failure) 2018-01-03T20:24:25.718-0200: 104,927: [ParNew
Desired survivor size 120795952 bytes, new threshold 8 (max 8)
- age   1:   27437096 bytes,   27437096 total
- age   2:   18182000 bytes,   45619096 total
- age   3:   16213552 bytes,   61832648 total
- age   4:   16445544 bytes,   78278192 total
- age   5:   11541728 bytes,   89819920 total
- age   6:    7749016 bytes,   97568936 total
- age   7:    2878544 bytes,  100447480 total
- age   8:    5502136 bytes,  105949616 total
: 647408K->129653K(655360K), 0,1367055 secs] 779541K->268812K(3014656K), 0,1367529 secs] [Times: user=0,14 sys=0,00, real=0,13 secs] 
Heap after GC invocations=33 (full 1):
 par new generation   total 655360K, used 129653K [0x0000000700000000, 0x0000000730000000, 0x0000000730000000)
  eden space 524288K,   0% used [0x0000000700000000, 0x0000000700000000, 0x0000000720000000)
  from space 131072K,  98% used [0x0000000728000000, 0x000000072fe9d520, 0x0000000730000000)
  to   space 131072K,   0% used [0x0000000720000000, 0x0000000720000000, 0x0000000728000000)
 concurrent mark-sweep generation total 2359296K, used 139159K [0x0000000730000000, 0x00000007c0000000, 0x00000007c0000000)
 Metaspace       used 43177K, capacity 44865K, committed 45064K, reserved 1089536K
  class space    used 5046K, capacity 5546K, committed 5664K, reserved 1048576K
}
2018-01-03T20:24:25.854-0200: 105,064: Total time for which application threads were stopped: 0,1368910 seconds, Stopping threads took: 0,0000298 seconds
{Heap before GC invocations=33 (full 1):
 par new generation   total 655360K, used 653941K [0x0000000700000000, 0x0000000730000000, 0x0000000730000000)
  eden space 524288K, 100% used [0x0000000700000000, 0x0000000720000000, 0x0000000720000000)
  from space 131072K,  98% used [0x0000000728000000, 0x000000072fe9d520, 0x0000000730000000)
  to   space 131072K,   0% used [0x0000000720000000, 0x0000000720000000, 0x0000000728000000)
 concurrent mark-sweep generation total 2359296K, used 139159K [0x0000000730000000, 0x00000007c0000000, 0x00000007c0000000)
 Metaspace       used 43177K, capacity 44865K, committed 45064K, reserved 1089536K
  class space    used 5046K, capacity 5546K, committed 5664K, reserved 1048576K
2018-01-03T20:24:26.723-0200: 105,933: [GC (Allocation Failure) 2018-01-03T20:24:26.723-0200: 105,933: [ParNew
Desired survivor size 120795952 bytes, new threshold 8 (max 8)
- age   1:   25771504 bytes,   25771504 total
- age   2:   19291200 bytes,   45062704 total
- age   3:   17980344 bytes,   63043048 total
- age   4:   16005088 bytes,   79048136 total
- age   5:   16228368 bytes,   95276504 total
- age   6:   11355952 bytes,  106632456 total
- age   7:    7733896 bytes,  114366352 total
- age   8:    2878544 bytes,  117244896 total
: 653941K->131072K(655360K), 0,1437780 secs] 793100K->276841K(3014656K), 0,1438317 secs] [Times: user=0,13 sys=0,00, real=0,14 secs] 
Heap after GC invocations=34 (full 1):
 par new generation   total 655360K, used 131072K [0x0000000700000000, 0x0000000730000000, 0x0000000730000000)
  eden space 524288K,   0% used [0x0000000700000000, 0x0000000700000000, 0x0000000720000000)
  from space 131072K, 100% used [0x0000000720000000, 0x0000000728000000, 0x0000000728000000)
  to   space 131072K,   0% used [0x0000000728000000, 0x0000000728000000, 0x0000000730000000)
 concurrent mark-sweep generation total 2359296K, used 145769K [0x0000000730000000, 0x00000007c0000000, 0x00000007c0000000)
 Metaspace       used 43177K, capacity 44865K, committed 45064K, reserved 1089536K
  class space    used 5046K, capacity 5546K, committed 5664K, reserved 1048576K
}
2018-01-03T20:24:26.867-0200: 106,077: Total time for which application threads were stopped: 0,1439812 seconds, Stopping threads took: 0,0000318 seconds
{Heap before GC invocations=34 (full 1):
 par new generation   total 655360K, used 655360K [0x0000000700000000, 0x0000000730000000, 0x0000000730000000)
  eden space 524288K, 100% used [0x0000000700000000, 0x0000000720000000, 0x0000000720000000)
  from space 131072K, 100% used [0x0000000720000000, 0x0000000728000000, 0x0000000728000000)
  to   space 131072K,   0% used [0x0000000728000000, 0x0000000728000000, 0x0000000730000000)
 concurrent mark-sweep generation total 2359296K, used 145769K [0x0000000730000000, 0x00000007c0000000, 0x00000007c0000000)
 Metaspace       used 43177K, capacity 44865K, committed 45064K, reserved 1089536K
  class space    used 5046K, capacity 5546K, committed 5664K, reserved 1048576K
2018-01-03T20:24:27.789-0200: 106,998: [GC (Allocation Failure) 2018-01-03T20:24:27.789-0200: 106,998: [ParNew
Desired survivor size 120795952 bytes, new threshold 8 (max 8)
- age   1:   30551672 bytes,   30551672 total
- age   2:   14902848 bytes,   45454520 total
- age   3:   17951200 bytes,   63405720 total
- age   4:   14525128 bytes,   77930848 total
- age   5:   14606920 bytes,   92537768 total
- age   6:   14883856 bytes,  107421624 total
- age   7:   10323464 bytes,  117745088 total
- age   8:    7657168 bytes,  125402256 total
: 655360K->131072K(655360K), 0,1696838 secs] 801129K->289045K(3014656K), 0,1697519 secs] [Times: user=0,17 sys=0,01, real=0,17 secs] 
Heap after GC invocations=35 (full 1):
 par new generation   total 655360K, used 131072K [0x0000000700000000, 0x0000000730000000, 0x0000000730000000)
  eden space 524288K,   0% used [0x0000000700000000, 0x0000000700000000, 0x0000000720000000)
  from space 131072K, 100% used [0x0000000728000000, 0x0000000730000000, 0x0000000730000000)
  to   space 131072K,   0% used [0x0000000720000000, 0x0000000720000000, 0x0000000728000000)
 concurrent mark-sweep generation total 2359296K, used 157973K [0x0000000730000000, 0x00000007c0000000, 0x00000007c0000000)
 Metaspace       used 43177K, capacity 44865K, committed 45064K, reserved 1089536K
  class space    used 5046K, capacity 5546K, committed 5664K, reserved 1048576K
}
2018-01-03T20:24:27.959-0200: 107,168: Total time for which application threads were stopped: 0,1699353 seconds, Stopping threads took: 0,0000481 seconds
2018-01-03T20:24:28.965-0200: 108,174: Total time for which application threads were stopped: 0,0022648 seconds, Stopping threads took: 0,0021987 seconds
2018-01-03T20:24:29.958-0200: 109,167: Total time for which application threads were stopped: 0,0000968 seconds, Stopping threads took: 0,0000272 seconds
{Heap before GC invocations=35 (full 1):
 par new generation   total 655360K, used 655360K [0x0000000700000000, 0x0000000730000000, 0x0000000730000000)
  eden space 524288K, 100% used [0x0000000700000000, 0x0000000720000000, 0x0000000720000000)
  from space 131072K, 100% used [0x0000000728000000, 0x0000000730000000, 0x0000000730000000)
  to   space 131072K,   0% used [0x0000000720000000, 0x0000000720000000, 0x0000000728000000)
 concurrent mark-sweep generation total 2359296K, used 157973K [0x0000000730000000, 0x00000007c0000000, 0x00000007c0000000)
 Metaspace       used 43183K, capacity 44865K, committed 45064K, reserved 1089536K
  class space    used 5046K, capacity 5546K, committed 5664K, reserved 1048576K
2018-01-03T20:24:30.317-0200: 109,526: [GC (Allocation Failure) 2018-01-03T20:24:30.317-0200: 109,527: [ParNew
Desired survivor size 120795952 bytes, new threshold 8 (max 8)
- age   1:    3970472 bytes,    3970472 total
- age   2:    6590024 bytes,   10560496 total
- age   3:    6475008 bytes,   17035504 total
- age   4:    8577272 bytes,   25612776 total
- age   5:    6414304 bytes,   32027080 total
- age   6:    6328312 bytes,   38355392 total
- age   7:    6401112 bytes,   44756504 total
- age   8:    5627176 bytes,   50383680 total
: 655360K->118975K(655360K), 0,0837286 secs] 813333K->284427K(3014656K), 0,0841280 secs] [Times: user=0,09 sys=0,00, real=0,08 secs] 
Heap after GC invocations=36 (full 1):
 par new generation   total 655360K, used 118975K [0x0000000700000000, 0x0000000730000000, 0x0000000730000000)
  eden space 524288K,   0% used [0x0000000700000000, 0x0000000700000000, 0x0000000720000000)
  from space 131072K,  90% used [0x0000000720000000, 0x000000072742ff80, 0x0000000728000000)
  to   space 131072K,   0% used [0x0000000728000000, 0x0000000728000000, 0x0000000730000000)
 concurrent mark-sweep generation total 2359296K, used 165451K [0x0000000730000000, 0x00000007c0000000, 0x00000007c0000000)
 Metaspace       used 43183K, capacity 44865K, committed 45064K, reserved 1089536K
  class space    used 5046K, capacity 5546K, committed 5664K, reserved 1048576K
}
2018-01-03T20:24:30.401-0200: 109,610: Total time for which application threads were stopped: 0,0842942 seconds, Stopping threads took: 0,0000223 seconds
{Heap before GC invocations=36 (full 1):
 par new generation   total 655360K, used 643263K [0x0000000700000000, 0x0000000730000000, 0x0000000730000000)
  eden space 524288K, 100% used [0x0000000700000000, 0x0000000720000000, 0x0000000720000000)
  from space 131072K,  90% used [0x0000000720000000, 0x000000072742ff80, 0x0000000728000000)
  to   space 131072K,   0% used [0x0000000728000000, 0x0000000728000000, 0x0000000730000000)
 concurrent mark-sweep generation total 2359296K, used 165451K [0x0000000730000000, 0x00000007c0000000, 0x00000007c0000000)
 Metaspace       used 43183K, capacity 44865K, committed 45064K, reserved 1089536K
  class space    used 5046K, capacity 5546K, committed 5664K, reserved 1048576K
2018-01-03T20:24:31.342-0200: 110,551: [GC (Allocation Failure) 2018-01-03T20:24:31.342-0200: 110,551: [ParNew
Desired survivor size 120795952 bytes, new threshold 8 (max 8)
- age   1:   19291512 bytes,   19291512 total
- age   2:    3661416 bytes,   22952928 total
- age   3:    6581576 bytes,   29534504 total
- age   4:    6475008 bytes,   36009512 total
- age   5:    8577272 bytes,   44586784 total
- age   6:    6414304 bytes,   51001088 total
- age   7:    6328312 bytes,   57329400 total
- age   8:    6401112 bytes,   63730512 total
: 643263K->74248K(655360K), 0,1257809 secs] 808715K->245198K(3014656K), 0,1258324 secs] [Times: user=0,09 sys=0,00, real=0,13 secs] 
Heap after GC invocations=37 (full 1):
 par new generation   total 655360K, used 74248K [0x0000000700000000, 0x0000000730000000, 0x0000000730000000)
  eden space 524288K,   0% used [0x0000000700000000, 0x0000000700000000, 0x0000000720000000)
  from space 131072K,  56% used [0x0000000728000000, 0x000000072c882300, 0x0000000730000000)
  to   space 131072K,   0% used [0x0000000720000000, 0x0000000720000000, 0x0000000728000000)
 concurrent mark-sweep generation total 2359296K, used 170949K [0x0000000730000000, 0x00000007c0000000, 0x00000007c0000000)
 Metaspace       used 43183K, capacity 44865K, committed 45064K, reserved 1089536K
  class space    used 5046K, capacity 5546K, committed 5664K, reserved 1048576K
}
2018-01-03T20:24:31.467-0200: 110,677: Total time for which application threads were stopped: 0,1259836 seconds, Stopping threads took: 0,0000309 seconds
{Heap before GC invocations=37 (full 1):
 par new generation   total 655360K, used 598536K [0x0000000700000000, 0x0000000730000000, 0x0000000730000000)
  eden space 524288K, 100% used [0x0000000700000000, 0x0000000720000000, 0x0000000720000000)
  from space 131072K,  56% used [0x0000000728000000, 0x000000072c882300, 0x0000000730000000)
  to   space 131072K,   0% used [0x0000000720000000, 0x0000000720000000, 0x0000000728000000)
 concurrent mark-sweep generation total 2359296K, used 170949K [0x0000000730000000, 0x00000007c0000000, 0x00000007c0000000)
 Metaspace       used 43183K, capacity 44865K, committed 45064K, reserved 1089536K
  class space    used 5046K, capacity 5546K, committed 5664K, reserved 1048576K
2018-01-03T20:24:32.792-0200: 112,002: [GC (Allocation Failure) 2018-01-03T20:24:32.792-0200: 112,002: [ParNew
Desired survivor size 120795952 bytes, new threshold 8 (max 8)
- age   1:   23110008 bytes,   23110008 total
- age   2:   16703800 bytes,   39813808 total
- age   3:    3660576 bytes,   43474384 total
- age   4:    6581456 bytes,   50055840 total
- age   5:    6475008 bytes,   56530848 total
- age   6:    7528680 bytes,   64059528 total
- age   7:    6414304 bytes,   70473832 total
- age   8:    6328312 bytes,   76802144 total
: 598536K->111917K(655360K), 0,1513824 secs] 769486K->289118K(3014656K), 0,1514430 secs] [Times: user=0,12 sys=0,01, real=0,16 secs] 
Heap after GC invocations=38 (full 1):
 par new generation   total 655360K, used 111917K [0x0000000700000000, 0x0000000730000000, 0x0000000730000000)
  eden space 524288K,   0% used [0x0000000700000000, 0x0000000700000000, 0x0000000720000000)
  from space 131072K,  85% used [0x0000000720000000, 0x0000000726d4b600, 0x0000000728000000)
  to   space 131072K,   0% used [0x0000000728000000, 0x0000000728000000, 0x0000000730000000)
 concurrent mark-sweep generation total 2359296K, used 177200K [0x0000000730000000, 0x00000007c0000000, 0x00000007c0000000)
 Metaspace       used 43183K, capacity 44865K, committed 45064K, reserved 1089536K
  class space    used 5046K, capacity 5546K, committed 5664K, reserved 1048576K
}
2018-01-03T20:24:32.943-0200: 112,153: Total time for which application threads were stopped: 0,1516069 seconds, Stopping threads took: 0,0000408 seconds
{Heap before GC invocations=38 (full 1):
 par new generation   total 655360K, used 636205K [0x0000000700000000, 0x0000000730000000, 0x0000000730000000)
  eden space 524288K, 100% used [0x0000000700000000, 0x0000000720000000, 0x0000000720000000)
  from space 131072K,  85% used [0x0000000720000000, 0x0000000726d4b600, 0x0000000728000000)
  to   space 131072K,   0% used [0x0000000728000000, 0x0000000728000000, 0x0000000730000000)
 concurrent mark-sweep generation total 2359296K, used 177200K [0x0000000730000000, 0x00000007c0000000, 0x00000007c0000000)
 Metaspace       used 43183K, capacity 44865K, committed 45064K, reserved 1089536K
  class space    used 5046K, capacity 5546K, committed 5664K, reserved 1048576K
2018-01-03T20:24:34.279-0200: 113,488: [GC (Allocation Failure) 2018-01-03T20:24:34.279-0200: 113,488: [ParNew
Desired survivor size 120795952 bytes, new threshold 8 (max 8)
- age   1:   24643584 bytes,   24643584 total
- age   2:   18231088 bytes,   42874672 total
- age   3:   16441520 bytes,   59316192 total
- age   4:    3660576 bytes,   62976768 total
- age   5:    6581456 bytes,   69558224 total
- age   6:    6475008 bytes,   76033232 total
- age   7:    7528680 bytes,   83561912 total
- age   8:    6414304 bytes,   89976216 total
: 636205K->105288K(655360K), 0,1814474 secs] 813406K->288669K(3014656K), 0,1815128 secs] [Times: user=0,12 sys=0,00, real=0,18 secs] 
Heap after GC invocations=39 (full 1):
 par new generation   total 655360K, used 105288K [0x0000000700000000, 0x0000000730000000, 0x0000000730000000)
  eden space 524288K,   0% used [0x0000000700000000, 0x0000000700000000, 0x0000000720000000)
  from space 131072K,  80% used [0x0000000728000000, 0x000000072e6d22b0, 0x0000000730000000)
  to   space 131072K,   0% used [0x0000000720000000, 0x0000000720000000, 0x0000000728000000)
 concurrent mark-sweep generation total 2359296K, used 183380K [0x0000000730000000, 0x00000007c0000000, 0x00000007c0000000)
 Metaspace       used 43183K, capacity 44865K, committed 45064K, reserved 1089536K
  class space    used 5046K, capacity 5546K, committed 5664K, reserved 1048576K
}
2018-01-03T20:24:34.460-0200: 113,670: Total time for which application threads were stopped: 0,1816797 seconds, Stopping threads took: 0,0000293 seconds
2018-01-03T20:24:34.898-0200: 114,107: Total time for which application threads were stopped: 0,0021126 seconds, Stopping threads took: 0,0020203 seconds
2018-01-03T20:24:35.172-0200: 114,382: Total time for which application threads were stopped: 0,0022217 seconds, Stopping threads took: 0,0020386 seconds
{Heap before GC invocations=39 (full 1):
 par new generation   total 655360K, used 629576K [0x0000000700000000, 0x0000000730000000, 0x0000000730000000)
  eden space 524288K, 100% used [0x0000000700000000, 0x0000000720000000, 0x0000000720000000)
  from space 131072K,  80% used [0x0000000728000000, 0x000000072e6d22b0, 0x0000000730000000)
  to   space 131072K,   0% used [0x0000000720000000, 0x0000000720000000, 0x0000000728000000)
 concurrent mark-sweep generation total 2359296K, used 183380K [0x0000000730000000, 0x00000007c0000000, 0x00000007c0000000)
 Metaspace       used 43183K, capacity 44865K, committed 45064K, reserved 1089536K
  class space    used 5046K, capacity 5546K, committed 5664K, reserved 1048576K
2018-01-03T20:24:35.824-0200: 115,034: [GC (Allocation Failure) 2018-01-03T20:24:35.824-0200: 115,034: [ParNew
Desired survivor size 120795952 bytes, new threshold 8 (max 8)
- age   1:   22386912 bytes,   22386912 total
- age   2:   15991016 bytes,   38377928 total
- age   3:   15431688 bytes,   53809616 total
- age   4:   13360528 bytes,   67170144 total
- age   5:    3076880 bytes,   70247024 total
- age   6:    6581456 bytes,   76828480 total
- age   7:    6475008 bytes,   83303488 total
- age   8:    7528680 bytes,   90832168 total
: 629576K->114644K(655360K), 0,1718007 secs] 812957K->304288K(3014656K), 0,1721706 secs] [Times: user=0,13 sys=0,01, real=0,17 secs] 
Heap after GC invocations=40 (full 1):
 par new generation   total 655360K, used 114644K [0x0000000700000000, 0x0000000730000000, 0x0000000730000000)
  eden space 524288K,   0% used [0x0000000700000000, 0x0000000700000000, 0x0000000720000000)
  from space 131072K,  87% used [0x0000000720000000, 0x0000000726ff50a0, 0x0000000728000000)
  to   space 131072K,   0% used [0x0000000728000000, 0x0000000728000000, 0x0000000730000000)
 concurrent mark-sweep generation total 2359296K, used 189644K [0x0000000730000000, 0x00000007c0000000, 0x00000007c0000000)
 Metaspace       used 43183K, capacity 44865K, committed 45064K, reserved 1089536K
  class space    used 5046K, capacity 5546K, committed 5664K, reserved 1048576K
}
2018-01-03T20:24:35.996-0200: 115,206: Total time for which application threads were stopped: 0,1751698 seconds, Stopping threads took: 0,0028223 seconds
2018-01-03T20:24:37.012-0200: 116,221: Total time for which application threads were stopped: 0,0083471 seconds, Stopping threads took: 0,0082797 seconds
{Heap before GC invocations=40 (full 1):
 par new generation   total 655360K, used 638932K [0x0000000700000000, 0x0000000730000000, 0x0000000730000000)
  eden space 524288K, 100% used [0x0000000700000000, 0x0000000720000000, 0x0000000720000000)
  from space 131072K,  87% used [0x0000000720000000, 0x0000000726ff50a0, 0x0000000728000000)
  to   space 131072K,   0% used [0x0000000728000000, 0x0000000728000000, 0x0000000730000000)
 concurrent mark-sweep generation total 2359296K, used 189644K [0x0000000730000000, 0x00000007c0000000, 0x00000007c0000000)
 Metaspace       used 43190K, capacity 44867K, committed 45064K, reserved 1089536K
  class space    used 5047K, capacity 5547K, committed 5664K, reserved 1048576K
2018-01-03T20:24:37.730-0200: 116,940: [GC (Allocation Failure) 2018-01-03T20:24:37.731-0200: 116,940: [ParNew
Desired survivor size 120795952 bytes, new threshold 8 (max 8)
- age   1:    8935432 bytes,    8935432 total
- age   2:    6262792 bytes,   15198224 total
- age   3:    5571600 bytes,   20769824 total
- age   4:    7671480 bytes,   28441304 total
- age   5:    5591280 bytes,   34032584 total
- age   6:    2174864 bytes,   36207448 total
- age   7:    6581456 bytes,   42788904 total
- age   8:    6475008 bytes,   49263912 total
: 638932K->78556K(655360K), 0,0864326 secs] 828576K->275553K(3014656K), 0,0868790 secs] [Times: user=0,09 sys=0,00, real=0,09 secs] 
Heap after GC invocations=41 (full 1):
 par new generation   total 655360K, used 78556K [0x0000000700000000, 0x0000000730000000, 0x0000000730000000)
  eden space 524288K,   0% used [0x0000000700000000, 0x0000000700000000, 0x0000000720000000)
  from space 131072K,  59% used [0x0000000728000000, 0x000000072ccb7290, 0x0000000730000000)
  to   space 131072K,   0% used [0x0000000720000000, 0x0000000720000000, 0x0000000728000000)
 concurrent mark-sweep generation total 2359296K, used 196996K [0x0000000730000000, 0x00000007c0000000, 0x00000007c0000000)
 Metaspace       used 43190K, capacity 44867K, committed 45064K, reserved 1089536K
  class space    used 5047K, capacity 5547K, committed 5664K, reserved 1048576K
}
2018-01-03T20:24:37.817-0200: 117,027: Total time for which application threads were stopped: 0,0891077 seconds, Stopping threads took: 0,0021082 seconds
2018-01-03T20:24:37.868-0200: 117,078: Total time for which application threads were stopped: 0,0048186 seconds, Stopping threads took: 0,0047492 seconds
2018-01-03T20:24:37.870-0200: 117,080: Total time for which application threads were stopped: 0,0000766 seconds, Stopping threads took: 0,0000243 seconds
2018-01-03T20:24:37.873-0200: 117,083: Total time for which application threads were stopped: 0,0000967 seconds, Stopping threads took: 0,0000175 seconds
2018-01-03T20:24:37.874-0200: 117,084: Total time for which application threads were stopped: 0,0000744 seconds, Stopping threads took: 0,0000114 seconds
2018-01-03T20:24:37.874-0200: 117,084: Total time for which application threads were stopped: 0,0000447 seconds, Stopping threads took: 0,0000059 seconds
{Heap before GC invocations=41 (full 1):
 par new generation   total 655360K, used 602844K [0x0000000700000000, 0x0000000730000000, 0x0000000730000000)
  eden space 524288K, 100% used [0x0000000700000000, 0x0000000720000000, 0x0000000720000000)
  from space 131072K,  59% used [0x0000000728000000, 0x000000072ccb7290, 0x0000000730000000)
  to   space 131072K,   0% used [0x0000000720000000, 0x0000000720000000, 0x0000000728000000)
 concurrent mark-sweep generation total 2359296K, used 196996K [0x0000000730000000, 0x00000007c0000000, 0x00000007c0000000)
 Metaspace       used 43194K, capacity 44867K, committed 45064K, reserved 1089536K
  class space    used 5047K, capacity 5547K, committed 5664K, reserved 1048576K
2018-01-03T20:24:38.749-0200: 117,958: [GC (Allocation Failure) 2018-01-03T20:24:38.749-0200: 117,958: [ParNew
Desired survivor size 120795952 bytes, new threshold 8 (max 8)
- age   1:   19379144 bytes,   19379144 total
- age   2:    7610272 bytes,   26989416 total
- age   3:    6262360 bytes,   33251776 total
- age   4:    5571600 bytes,   38823376 total
- age   5:    7671480 bytes,   46494856 total
- age   6:    5591280 bytes,   52086136 total
- age   7:    2174864 bytes,   54261000 total
- age   8:    6581456 bytes,   60842456 total
: 602844K->69080K(655360K), 0,1063992 secs] 799841K->272400K(3014656K), 0,1064658 secs] [Times: user=0,10 sys=0,00, real=0,11 secs] 
Heap after GC invocations=42 (full 1):
 par new generation   total 655360K, used 69080K [0x0000000700000000, 0x0000000730000000, 0x0000000730000000)
  eden space 524288K,   0% used [0x0000000700000000, 0x0000000700000000, 0x0000000720000000)
  from space 131072K,  52% used [0x0000000720000000, 0x0000000724376108, 0x0000000728000000)
  to   space 131072K,   0% used [0x0000000728000000, 0x0000000728000000, 0x0000000730000000)
 concurrent mark-sweep generation total 2359296K, used 203319K [0x0000000730000000, 0x00000007c0000000, 0x00000007c0000000)
 Metaspace       used 43194K, capacity 44867K, committed 45064K, reserved 1089536K
  class space    used 5047K, capacity 5547K, committed 5664K, reserved 1048576K
}
2018-01-03T20:24:38.855-0200: 118,065: Total time for which application threads were stopped: 0,1065982 seconds, Stopping threads took: 0,0000221 seconds
{Heap before GC invocations=42 (full 1):
 par new generation   total 655360K, used 593368K [0x0000000700000000, 0x0000000730000000, 0x0000000730000000)
  eden space 524288K, 100% used [0x0000000700000000, 0x0000000720000000, 0x0000000720000000)
  from space 131072K,  52% used [0x0000000720000000, 0x0000000724376108, 0x0000000728000000)
  to   space 131072K,   0% used [0x0000000728000000, 0x0000000728000000, 0x0000000730000000)
 concurrent mark-sweep generation total 2359296K, used 203319K [0x0000000730000000, 0x00000007c0000000, 0x00000007c0000000)
 Metaspace       used 43194K, capacity 44867K, committed 45064K, reserved 1089536K
  class space    used 5047K, capacity 5547K, committed 5664K, reserved 1048576K
2018-01-03T20:24:39.885-0200: 119,095: [GC (Allocation Failure) 2018-01-03T20:24:39.885-0200: 119,095: [ParNew
Desired survivor size 120795952 bytes, new threshold 8 (max 8)
- age   1:   23063208 bytes,   23063208 total
- age   2:   16139240 bytes,   39202448 total
- age   3:    7347136 bytes,   46549584 total
- age   4:    6262360 bytes,   52811944 total
- age   5:    5571600 bytes,   58383544 total
- age   6:    7671480 bytes,   66055024 total
- age   7:    5591280 bytes,   71646304 total
- age   8:    2174864 bytes,   73821168 total
: 593368K->88974K(655360K), 0,1753313 secs] 796688K->298721K(3014656K), 0,1753823 secs] [Times: user=0,13 sys=0,00, real=0,17 secs] 
Heap after GC invocations=43 (full 1):
 par new generation   total 655360K, used 88974K [0x0000000700000000, 0x0000000730000000, 0x0000000730000000)
  eden space 524288K,   0% used [0x0000000700000000, 0x0000000700000000, 0x0000000720000000)
  from space 131072K,  67% used [0x0000000728000000, 0x000000072d6e38a0, 0x0000000730000000)
  to   space 131072K,   0% used [0x0000000720000000, 0x0000000720000000, 0x0000000728000000)
 concurrent mark-sweep generation total 2359296K, used 209747K [0x0000000730000000, 0x00000007c0000000, 0x00000007c0000000)
 Metaspace       used 43194K, capacity 44867K, committed 45064K, reserved 1089536K
  class space    used 5047K, capacity 5547K, committed 5664K, reserved 1048576K
}
2018-01-03T20:24:40.061-0200: 119,270: Total time for which application threads were stopped: 0,1755266 seconds, Stopping threads took: 0,0000348 seconds
{Heap before GC invocations=43 (full 1):
 par new generation   total 655360K, used 613262K [0x0000000700000000, 0x0000000730000000, 0x0000000730000000)
  eden space 524288K, 100% used [0x0000000700000000, 0x0000000720000000, 0x0000000720000000)
  from space 131072K,  67% used [0x0000000728000000, 0x000000072d6e38a0, 0x0000000730000000)
  to   space 131072K,   0% used [0x0000000720000000, 0x0000000720000000, 0x0000000728000000)
 concurrent mark-sweep generation total 2359296K, used 209747K [0x0000000730000000, 0x00000007c0000000, 0x00000007c0000000)
 Metaspace       used 43194K, capacity 44867K, committed 45064K, reserved 1089536K
  class space    used 5047K, capacity 5547K, committed 5664K, reserved 1048576K
2018-01-03T20:24:41.092-0200: 120,301: [GC (Allocation Failure) 2018-01-03T20:24:41.092-0200: 120,301: [ParNew
Desired survivor size 120795952 bytes, new threshold 8 (max 8)
- age   1:   24206056 bytes,   24206056 total
- age   2:   17981032 bytes,   42187088 total
- age   3:   16139120 bytes,   58326208 total
- age   4:    7347136 bytes,   65673344 total
- age   5:    6262360 bytes,   71935704 total
- age   6:    5571600 bytes,   77507304 total
- age   7:    7671480 bytes,   85178784 total
- age   8:    5591280 bytes,   90770064 total
: 613262K->116863K(655360K), 0,1164365 secs] 823009K->328735K(3014656K), 0,1165088 secs] [Times: user=0,11 sys=0,00, real=0,12 secs] 
Heap after GC invocations=44 (full 1):
 par new generation   total 655360K, used 116863K [0x0000000700000000, 0x0000000730000000, 0x0000000730000000)
  eden space 524288K,   0% used [0x0000000700000000, 0x0000000700000000, 0x0000000720000000)
  from space 131072K,  89% used [0x0000000720000000, 0x000000072721fc20, 0x0000000728000000)
  to   space 131072K,   0% used [0x0000000728000000, 0x0000000728000000, 0x0000000730000000)
 concurrent mark-sweep generation total 2359296K, used 211872K [0x0000000730000000, 0x00000007c0000000, 0x00000007c0000000)
 Metaspace       used 43194K, capacity 44867K, committed 45064K, reserved 1089536K
  class space    used 5047K, capacity 5547K, committed 5664K, reserved 1048576K
}
2018-01-03T20:24:41.208-0200: 120,418: Total time for which application threads were stopped: 0,1166360 seconds, Stopping threads took: 0,0000225 seconds
{Heap before GC invocations=44 (full 1):
 par new generation   total 655360K, used 641151K [0x0000000700000000, 0x0000000730000000, 0x0000000730000000)
  eden space 524288K, 100% used [0x0000000700000000, 0x0000000720000000, 0x0000000720000000)
  from space 131072K,  89% used [0x0000000720000000, 0x000000072721fc20, 0x0000000728000000)
  to   space 131072K,   0% used [0x0000000728000000, 0x0000000728000000, 0x0000000730000000)
 concurrent mark-sweep generation total 2359296K, used 211872K [0x0000000730000000, 0x00000007c0000000, 0x00000007c0000000)
 Metaspace       used 43194K, capacity 44867K, committed 45064K, reserved 1089536K
  class space    used 5047K, capacity 5547K, committed 5664K, reserved 1048576K
2018-01-03T20:24:42.776-0200: 121,986: [GC (Allocation Failure) 2018-01-03T20:24:42.776-0200: 121,986: [ParNew
Desired survivor size 120795952 bytes, new threshold 8 (max 8)
- age   1:   24441944 bytes,   24441944 total
- age   2:   18631920 bytes,   43073864 total
- age   3:   17456608 bytes,   60530472 total
- age   4:   16139120 bytes,   76669592 total
- age   5:    7347136 bytes,   84016728 total
- age   6:    6262360 bytes,   90279088 total
- age   7:    5571600 bytes,   95850688 total
- age   8:    7671480 bytes,  103522168 total
: 641151K->124839K(655360K), 0,1464236 secs] 853023K->342171K(3014656K), 0,1464780 secs] [Times: user=0,15 sys=0,00, real=0,15 secs] 
Heap after GC invocations=45 (full 1):
 par new generation   total 655360K, used 124839K [0x0000000700000000, 0x0000000730000000, 0x0000000730000000)
  eden space 524288K,   0% used [0x0000000700000000, 0x0000000700000000, 0x0000000720000000)
  from space 131072K,  95% used [0x0000000728000000, 0x000000072f9e9d30, 0x0000000730000000)
  to   space 131072K,   0% used [0x0000000720000000, 0x0000000720000000, 0x0000000728000000)
 concurrent mark-sweep generation total 2359296K, used 217332K [0x0000000730000000, 0x00000007c0000000, 0x00000007c0000000)
 Metaspace       used 43194K, capacity 44867K, committed 45064K, reserved 1089536K
  class space    used 5047K, capacity 5547K, committed 5664K, reserved 1048576K
}
2018-01-03T20:24:42.923-0200: 122,132: Total time for which application threads were stopped: 0,1466261 seconds, Stopping threads took: 0,0000335 seconds
2018-01-03T20:24:43.929-0200: 123,138: Total time for which application threads were stopped: 0,0059058 seconds, Stopping threads took: 0,0058542 seconds
{Heap before GC invocations=45 (full 1):
 par new generation   total 655360K, used 649127K [0x0000000700000000, 0x0000000730000000, 0x0000000730000000)
  eden space 524288K, 100% used [0x0000000700000000, 0x0000000720000000, 0x0000000720000000)
  from space 131072K,  95% used [0x0000000728000000, 0x000000072f9e9d30, 0x0000000730000000)
  to   space 131072K,   0% used [0x0000000720000000, 0x0000000720000000, 0x0000000728000000)
 concurrent mark-sweep generation total 2359296K, used 217332K [0x0000000730000000, 0x00000007c0000000, 0x00000007c0000000)
 Metaspace       used 43194K, capacity 44867K, committed 45064K, reserved 1089536K
  class space    used 5047K, capacity 5547K, committed 5664K, reserved 1048576K
2018-01-03T20:24:44.350-0200: 123,559: [GC (Allocation Failure) 2018-01-03T20:24:44.350-0200: 123,559: [ParNew
Desired survivor size 120795952 bytes, new threshold 8 (max 8)
- age   1:   27194528 bytes,   27194528 total
- age   2:   16631024 bytes,   43825552 total
- age   3:   18068568 bytes,   61894120 total
- age   4:   15889224 bytes,   77783344 total
- age   5:   15616632 bytes,   93399976 total
- age   6:    7158368 bytes,  100558344 total
- age   7:    6163240 bytes,  106721584 total
- age   8:    5571600 bytes,  112293184 total
: 649127K->131072K(655360K), 0,4097157 secs] 866459K->358947K(3014656K), 0,4097683 secs] [Times: user=0,15 sys=0,01, real=0,41 secs] 
Heap after GC invocations=46 (full 1):
 par new generation   total 655360K, used 131072K [0x0000000700000000, 0x0000000730000000, 0x0000000730000000)
  eden space 524288K,   0% used [0x0000000700000000, 0x0000000700000000, 0x0000000720000000)
  from space 131072K, 100% used [0x0000000720000000, 0x0000000728000000, 0x0000000728000000)
  to   space 131072K,   0% used [0x0000000728000000, 0x0000000728000000, 0x0000000730000000)
 concurrent mark-sweep generation total 2359296K, used 227875K [0x0000000730000000, 0x00000007c0000000, 0x00000007c0000000)
 Metaspace       used 43194K, capacity 44867K, committed 45064K, reserved 1089536K
  class space    used 5047K, capacity 5547K, committed 5664K, reserved 1048576K
}
2018-01-03T20:24:44.760-0200: 123,969: Total time for which application threads were stopped: 0,4099127 seconds, Stopping threads took: 0,0000294 seconds
{Heap before GC invocations=46 (full 1):
 par new generation   total 655360K, used 655360K [0x0000000700000000, 0x0000000730000000, 0x0000000730000000)
  eden space 524288K, 100% used [0x0000000700000000, 0x0000000720000000, 0x0000000720000000)
  from space 131072K, 100% used [0x0000000720000000, 0x0000000728000000, 0x0000000728000000)
  to   space 131072K,   0% used [0x0000000728000000, 0x0000000728000000, 0x0000000730000000)
 concurrent mark-sweep generation total 2359296K, used 227875K [0x0000000730000000, 0x00000007c0000000, 0x00000007c0000000)
 Metaspace       used 43194K, capacity 44867K, committed 45064K, reserved 1089536K
  class space    used 5047K, capacity 5547K, committed 5664K, reserved 1048576K
2018-01-03T20:24:45.977-0200: 125,187: [GC (Allocation Failure) 2018-01-03T20:24:45.977-0200: 125,187: [ParNew
Desired survivor size 120795952 bytes, new threshold 8 (max 8)
- age   1:   30366192 bytes,   30366192 total
- age   2:   17304040 bytes,   47670232 total
- age   3:   15953456 bytes,   63623688 total
- age   4:   15290944 bytes,   78914632 total
- age   5:   15203352 bytes,   94117984 total
- age   6:   14929352 bytes,  109047336 total
- age   7:    7005568 bytes,  116052904 total
- age   8:    6134088 bytes,  122186992 total
: 655360K->131072K(655360K), 0,1738883 secs] 883235K->370030K(3014656K), 0,1739524 secs] [Times: user=0,15 sys=0,01, real=0,17 secs] 
Heap after GC invocations=47 (full 1):
 par new generation   total 655360K, used 131072K [0x0000000700000000, 0x0000000730000000, 0x0000000730000000)
  eden space 524288K,   0% used [0x0000000700000000, 0x0000000700000000, 0x0000000720000000)
  from space 131072K, 100% used [0x0000000728000000, 0x0000000730000000, 0x0000000730000000)
  to   space 131072K,   0% used [0x0000000720000000, 0x0000000720000000, 0x0000000728000000)
 concurrent mark-sweep generation total 2359296K, used 238958K [0x0000000730000000, 0x00000007c0000000, 0x00000007c0000000)
 Metaspace       used 43194K, capacity 44867K, committed 45064K, reserved 1089536K
  class space    used 5047K, capacity 5547K, committed 5664K, reserved 1048576K
}
2018-01-03T20:24:46.151-0200: 125,361: Total time for which application threads were stopped: 0,1740876 seconds, Stopping threads took: 0,0000223 seconds
2018-01-03T20:24:48.159-0200: 127,369: Total time for which application threads were stopped: 0,0020813 seconds, Stopping threads took: 0,0020148 seconds
{Heap before GC invocations=47 (full 1):
 par new generation   total 655360K, used 655360K [0x0000000700000000, 0x0000000730000000, 0x0000000730000000)
  eden space 524288K, 100% used [0x0000000700000000, 0x0000000720000000, 0x0000000720000000)
  from space 131072K, 100% used [0x0000000728000000, 0x0000000730000000, 0x0000000730000000)
  to   space 131072K,   0% used [0x0000000720000000, 0x0000000720000000, 0x0000000728000000)
 concurrent mark-sweep generation total 2359296K, used 238958K [0x0000000730000000, 0x00000007c0000000, 0x00000007c0000000)
 Metaspace       used 43196K, capacity 44867K, committed 45064K, reserved 1089536K
  class space    used 5047K, capacity 5547K, committed 5664K, reserved 1048576K
2018-01-03T20:24:48.249-0200: 127,459: [GC (Allocation Failure) 2018-01-03T20:24:48.250-0200: 127,459: [ParNew
Desired survivor size 120795952 bytes, new threshold 8 (max 8)
- age   1:   16303040 bytes,   16303040 total
- age   2:   19663720 bytes,   35966760 total
- age   3:   14388256 bytes,   50355016 total
- age   4:   13306080 bytes,   63661096 total
- age   5:   12270216 bytes,   75931312 total
- age   6:   12288776 bytes,   88220088 total
- age   7:   12297784 bytes,  100517872 total
- age   8:    6068928 bytes,  106586800 total
: 655360K->131072K(655360K), 0,1108251 secs] 894318K->376021K(3014656K), 0,1108758 secs] [Times: user=0,11 sys=0,00, real=0,11 secs] 
Heap after GC invocations=48 (full 1):
 par new generation   total 655360K, used 131072K [0x0000000700000000, 0x0000000730000000, 0x0000000730000000)
  eden space 524288K,   0% used [0x0000000700000000, 0x0000000700000000, 0x0000000720000000)
  from space 131072K, 100% used [0x0000000720000000, 0x0000000728000000, 0x0000000728000000)
  to   space 131072K,   0% used [0x0000000728000000, 0x0000000728000000, 0x0000000730000000)
 concurrent mark-sweep generation total 2359296K, used 244949K [0x0000000730000000, 0x00000007c0000000, 0x00000007c0000000)
 Metaspace       used 43196K, capacity 44867K, committed 45064K, reserved 1089536K
  class space    used 5047K, capacity 5547K, committed 5664K, reserved 1048576K
}
2018-01-03T20:24:48.360-0200: 127,570: Total time for which application threads were stopped: 0,1110341 seconds, Stopping threads took: 0,0000246 seconds
2018-01-03T20:24:48.440-0200: 127,649: Total time for which application threads were stopped: 0,0000889 seconds, Stopping threads took: 0,0000265 seconds
2018-01-03T20:24:49.440-0200: 128,650: Total time for which application threads were stopped: 0,0000748 seconds, Stopping threads took: 0,0000185 seconds
{Heap before GC invocations=48 (full 1):
 par new generation   total 655360K, used 655360K [0x0000000700000000, 0x0000000730000000, 0x0000000730000000)
  eden space 524288K, 100% used [0x0000000700000000, 0x0000000720000000, 0x0000000720000000)
  from space 131072K, 100% used [0x0000000720000000, 0x0000000728000000, 0x0000000728000000)
  to   space 131072K,   0% used [0x0000000728000000, 0x0000000728000000, 0x0000000730000000)
 concurrent mark-sweep generation total 2359296K, used 244949K [0x0000000730000000, 0x00000007c0000000, 0x00000007c0000000)
 Metaspace       used 43196K, capacity 44867K, committed 45064K, reserved 1089536K
  class space    used 5047K, capacity 5547K, committed 5664K, reserved 1048576K
2018-01-03T20:24:49.668-0200: 128,878: [GC (Allocation Failure) 2018-01-03T20:24:49.668-0200: 128,878: [ParNew
Desired survivor size 120795952 bytes, new threshold 8 (max 8)
- age   1:   14923896 bytes,   14923896 total
- age   2:    4695200 bytes,   19619096 total
- age   3:    9127728 bytes,   28746824 total
- age   4:   10017688 bytes,   38764512 total
- age   5:   10010968 bytes,   48775480 total
- age   6:    8954712 bytes,   57730192 total
- age   7:    8913664 bytes,   66643856 total
- age   8:    8971368 bytes,   75615224 total
: 655360K->131072K(655360K), 0,1089929 secs] 900309K->381240K(3014656K), 0,1090500 secs] [Times: user=0,10 sys=0,00, real=0,11 secs] 
Heap after GC invocations=49 (full 1):
 par new generation   total 655360K, used 131072K [0x0000000700000000, 0x0000000730000000, 0x0000000730000000)
  eden space 524288K,   0% used [0x0000000700000000, 0x0000000700000000, 0x0000000720000000)
  from space 131072K, 100% used [0x0000000728000000, 0x0000000730000000, 0x0000000730000000)
  to   space 131072K,   0% used [0x0000000720000000, 0x0000000720000000, 0x0000000728000000)
 concurrent mark-sweep generation total 2359296K, used 250168K [0x0000000730000000, 0x00000007c0000000, 0x00000007c0000000)
 Metaspace       used 43196K, capacity 44867K, committed 45064K, reserved 1089536K
  class space    used 5047K, capacity 5547K, committed 5664K, reserved 1048576K
}
2018-01-03T20:24:49.777-0200: 128,987: Total time for which application threads were stopped: 0,1091884 seconds, Stopping threads took: 0,0000237 seconds
2018-01-03T20:24:49.908-0200: 129,118: Total time for which application threads were stopped: 0,0021029 seconds, Stopping threads took: 0,0020176 seconds
2018-01-03T20:24:49.956-0200: 129,165: Total time for which application threads were stopped: 0,0000942 seconds, Stopping threads took: 0,0000205 seconds
2018-01-03T20:24:50.825-0200: 130,034: Total time for which application threads were stopped: 0,0100026 seconds, Stopping threads took: 0,0098163 seconds
2018-01-03T20:24:51.167-0200: 130,377: Total time for which application threads were stopped: 0,0088156 seconds, Stopping threads took: 0,0086529 seconds
2018-01-03T20:24:51.171-0200: 130,380: Total time for which application threads were stopped: 0,0001596 seconds, Stopping threads took: 0,0000365 seconds
2018-01-03T20:24:51.171-0200: 130,381: Total time for which application threads were stopped: 0,0000823 seconds, Stopping threads took: 0,0000110 seconds
2018-01-03T20:24:51.172-0200: 130,381: Total time for which application threads were stopped: 0,0000538 seconds, Stopping threads took: 0,0000050 seconds
2018-01-03T20:24:51.172-0200: 130,381: Total time for which application threads were stopped: 0,0000547 seconds, Stopping threads took: 0,0000058 seconds
2018-01-03T20:24:51.172-0200: 130,381: Total time for which application threads were stopped: 0,0000527 seconds, Stopping threads took: 0,0000053 seconds
{Heap before GC invocations=49 (full 1):
 par new generation   total 655360K, used 655360K [0x0000000700000000, 0x0000000730000000, 0x0000000730000000)
  eden space 524288K, 100% used [0x0000000700000000, 0x0000000720000000, 0x0000000720000000)
  from space 131072K, 100% used [0x0000000728000000, 0x0000000730000000, 0x0000000730000000)
  to   space 131072K,   0% used [0x0000000720000000, 0x0000000720000000, 0x0000000728000000)
 concurrent mark-sweep generation total 2359296K, used 250168K [0x0000000730000000, 0x00000007c0000000, 0x00000007c0000000)
 Metaspace       used 43226K, capacity 44931K, committed 45320K, reserved 1089536K
  class space    used 5047K, capacity 5547K, committed 5664K, reserved 1048576K
2018-01-03T20:24:51.763-0200: 130,973: [GC (Allocation Failure) 2018-01-03T20:24:51.763-0200: 130,973: [ParNew
Desired survivor size 120795952 bytes, new threshold 8 (max 8)
- age   1:   15936000 bytes,   15936000 total
- age   2:    4206976 bytes,   20142976 total
- age   3:    4695200 bytes,   24838176 total
- age   4:    9127608 bytes,   33965784 total
- age   5:   10017688 bytes,   43983472 total
- age   6:    8962376 bytes,   52945848 total
- age   7:    8954712 bytes,   61900560 total
- age   8:    8913664 bytes,   70814224 total
: 655360K->90401K(655360K), 0,1636766 secs] 905528K->349329K(3014656K), 0,1637324 secs] [Times: user=0,12 sys=0,00, real=0,16 secs] 
Heap after GC invocations=50 (full 1):
 par new generation   total 655360K, used 90401K [0x0000000700000000, 0x0000000730000000, 0x0000000730000000)
  eden space 524288K,   0% used [0x0000000700000000, 0x0000000700000000, 0x0000000720000000)
  from space 131072K,  68% used [0x0000000720000000, 0x0000000725848580, 0x0000000728000000)
  to   space 131072K,   0% used [0x0000000728000000, 0x0000000728000000, 0x0000000730000000)
 concurrent mark-sweep generation total 2359296K, used 258927K [0x0000000730000000, 0x00000007c0000000, 0x00000007c0000000)
 Metaspace       used 43226K, capacity 44931K, committed 45320K, reserved 1089536K
  class space    used 5047K, capacity 5547K, committed 5664K, reserved 1048576K
}
2018-01-03T20:24:51.927-0200: 131,137: Total time for which application threads were stopped: 0,1638976 seconds, Stopping threads took: 0,0000235 seconds
{Heap before GC invocations=50 (full 1):
 par new generation   total 655360K, used 614689K [0x0000000700000000, 0x0000000730000000, 0x0000000730000000)
  eden space 524288K, 100% used [0x0000000700000000, 0x0000000720000000, 0x0000000720000000)
  from space 131072K,  68% used [0x0000000720000000, 0x0000000725848580, 0x0000000728000000)
  to   space 131072K,   0% used [0x0000000728000000, 0x0000000728000000, 0x0000000730000000)
 concurrent mark-sweep generation total 2359296K, used 258927K [0x0000000730000000, 0x00000007c0000000, 0x00000007c0000000)
 Metaspace       used 43226K, capacity 44931K, committed 45320K, reserved 1089536K
  class space    used 5047K, capacity 5547K, committed 5664K, reserved 1048576K
2018-01-03T20:24:52.808-0200: 132,017: [GC (Allocation Failure) 2018-01-03T20:24:52.808-0200: 132,017: [ParNew
Desired survivor size 120795952 bytes, new threshold 8 (max 8)
- age   1:   21071104 bytes,   21071104 total
- age   2:   14416088 bytes,   35487192 total
- age   3:    4206856 bytes,   39694048 total
- age   4:    4695200 bytes,   44389248 total
- age   5:    9127608 bytes,   53516856 total
- age   6:   10017688 bytes,   63534544 total
- age   7:    8962376 bytes,   72496920 total
- age   8:    8954712 bytes,   81451632 total
: 614689K->93082K(655360K), 0,1241183 secs] 873617K->360715K(3014656K), 0,1241673 secs] [Times: user=0,12 sys=0,00, real=0,12 secs] 
Heap after GC invocations=51 (full 1):
 par new generation   total 655360K, used 93082K [0x0000000700000000, 0x0000000730000000, 0x0000000730000000)
  eden space 524288K,   0% used [0x0000000700000000, 0x0000000700000000, 0x0000000720000000)
  from space 131072K,  71% used [0x0000000728000000, 0x000000072dae6b40, 0x0000000730000000)
  to   space 131072K,   0% used [0x0000000720000000, 0x0000000720000000, 0x0000000728000000)
 concurrent mark-sweep generation total 2359296K, used 267632K [0x0000000730000000, 0x00000007c0000000, 0x00000007c0000000)
 Metaspace       used 43226K, capacity 44931K, committed 45320K, reserved 1089536K
  class space    used 5047K, capacity 5547K, committed 5664K, reserved 1048576K
}
2018-01-03T20:24:52.932-0200: 132,141: Total time for which application threads were stopped: 0,1243167 seconds, Stopping threads took: 0,0000242 seconds
{Heap before GC invocations=51 (full 1):
 par new generation   total 655360K, used 617370K [0x0000000700000000, 0x0000000730000000, 0x0000000730000000)
  eden space 524288K, 100% used [0x0000000700000000, 0x0000000720000000, 0x0000000720000000)
  from space 131072K,  71% used [0x0000000728000000, 0x000000072dae6b40, 0x0000000730000000)
  to   space 131072K,   0% used [0x0000000720000000, 0x0000000720000000, 0x0000000728000000)
 concurrent mark-sweep generation total 2359296K, used 267632K [0x0000000730000000, 0x00000007c0000000, 0x00000007c0000000)
 Metaspace       used 43226K, capacity 44931K, committed 45320K, reserved 1089536K
  class space    used 5047K, capacity 5547K, committed 5664K, reserved 1048576K
2018-01-03T20:24:53.895-0200: 133,104: [GC (Allocation Failure) 2018-01-03T20:24:53.895-0200: 133,104: [ParNew
Desired survivor size 120795952 bytes, new threshold 8 (max 8)
- age   1:   22558832 bytes,   22558832 total
- age   2:   17422592 bytes,   39981424 total
- age   3:   14382352 bytes,   54363776 total
- age   4:    4206856 bytes,   58570632 total
- age   5:    4695200 bytes,   63265832 total
- age   6:    9127608 bytes,   72393440 total
- age   7:   10017688 bytes,   82411128 total
- age   8:    8962376 bytes,   91373504 total
: 617370K->120689K(655360K), 0,1323013 secs] 885003K->397066K(3014656K), 0,1323605 secs] [Times: user=0,13 sys=0,00, real=0,13 secs] 
Heap after GC invocations=52 (full 1):
 par new generation   total 655360K, used 120689K [0x0000000700000000, 0x0000000730000000, 0x0000000730000000)
  eden space 524288K,   0% used [0x0000000700000000, 0x0000000700000000, 0x0000000720000000)
  from space 131072K,  92% used [0x0000000720000000, 0x00000007275dc4c0, 0x0000000728000000)
  to   space 131072K,   0% used [0x0000000728000000, 0x0000000728000000, 0x0000000730000000)
 concurrent mark-sweep generation total 2359296K, used 276377K [0x0000000730000000, 0x00000007c0000000, 0x00000007c0000000)
 Metaspace       used 43226K, capacity 44931K, committed 45320K, reserved 1089536K
  class space    used 5047K, capacity 5547K, committed 5664K, reserved 1048576K
}
2018-01-03T20:24:54.027-0200: 133,237: Total time for which application threads were stopped: 0,1325055 seconds, Stopping threads took: 0,0000325 seconds
{Heap before GC invocations=52 (full 1):
 par new generation   total 655360K, used 644977K [0x0000000700000000, 0x0000000730000000, 0x0000000730000000)
  eden space 524288K, 100% used [0x0000000700000000, 0x0000000720000000, 0x0000000720000000)
  from space 131072K,  92% used [0x0000000720000000, 0x00000007275dc4c0, 0x0000000728000000)
  to   space 131072K,   0% used [0x0000000728000000, 0x0000000728000000, 0x0000000730000000)
 concurrent mark-sweep generation total 2359296K, used 276377K [0x0000000730000000, 0x00000007c0000000, 0x00000007c0000000)
 Metaspace       used 43226K, capacity 44931K, committed 45320K, reserved 1089536K
  class space    used 5047K, capacity 5547K, committed 5664K, reserved 1048576K
2018-01-03T20:24:55.064-0200: 134,274: [GC (Allocation Failure) 2018-01-03T20:24:55.064-0200: 134,274: [ParNew
Desired survivor size 120795952 bytes, new threshold 8 (max 8)
- age   1:   24757200 bytes,   24757200 total
- age   2:   18126800 bytes,   42884000 total
- age   3:   16373864 bytes,   59257864 total
- age   4:   14382352 bytes,   73640216 total
- age   5:    4206856 bytes,   77847072 total
- age   6:    4695200 bytes,   82542272 total
- age   7:    9127608 bytes,   91669880 total
- age   8:   10017688 bytes,  101687568 total
: 644977K->126758K(655360K), 0,1366273 secs] 921354K->411892K(3014656K), 0,1366770 secs] [Times: user=0,13 sys=0,00, real=0,13 secs] 
Heap after GC invocations=53 (full 1):
 par new generation   total 655360K, used 126758K [0x0000000700000000, 0x0000000730000000, 0x0000000730000000)
  eden space 524288K,   0% used [0x0000000700000000, 0x0000000700000000, 0x0000000720000000)
  from space 131072K,  96% used [0x0000000728000000, 0x000000072fbc9920, 0x0000000730000000)
  to   space 131072K,   0% used [0x0000000720000000, 0x0000000720000000, 0x0000000728000000)
 concurrent mark-sweep generation total 2359296K, used 285133K [0x0000000730000000, 0x00000007c0000000, 0x00000007c0000000)
 Metaspace       used 43226K, capacity 44931K, committed 45320K, reserved 1089536K
  class space    used 5047K, capacity 5547K, committed 5664K, reserved 1048576K
}
2018-01-03T20:24:55.201-0200: 134,411: Total time for which application threads were stopped: 0,1368259 seconds, Stopping threads took: 0,0000294 seconds
{Heap before GC invocations=53 (full 1):
 par new generation   total 655360K, used 651046K [0x0000000700000000, 0x0000000730000000, 0x0000000730000000)
  eden space 524288K, 100% used [0x0000000700000000, 0x0000000720000000, 0x0000000720000000)
  from space 131072K,  96% used [0x0000000728000000, 0x000000072fbc9920, 0x0000000730000000)
  to   space 131072K,   0% used [0x0000000720000000, 0x0000000720000000, 0x0000000728000000)
 concurrent mark-sweep generation total 2359296K, used 285133K [0x0000000730000000, 0x00000007c0000000, 0x00000007c0000000)
 Metaspace       used 43226K, capacity 44931K, committed 45320K, reserved 1089536K
  class space    used 5047K, capacity 5547K, committed 5664K, reserved 1048576K
2018-01-03T20:24:56.463-0200: 135,673: [GC (Allocation Failure) 2018-01-03T20:24:56.464-0200: 135,673: [ParNew
Desired survivor size 120795952 bytes, new threshold 8 (max 8)
- age   1:   26626720 bytes,   26626720 total
- age   2:   17882144 bytes,   44508864 total
- age   3:   15992488 bytes,   60501352 total
- age   4:   15826072 bytes,   76327424 total
- age   5:   13961488 bytes,   90288912 total
- age   6:    4206856 bytes,   94495768 total
- age   7:    4695200 bytes,   99190968 total
- age   8:    9127608 bytes,  108318576 total
: 651046K->131072K(655360K), 0,1925150 secs] 936180K->428609K(3014656K), 0,1925911 secs] [Times: user=0,16 sys=0,00, real=0,19 secs] 
Heap after GC invocations=54 (full 1):
 par new generation   total 655360K, used 131072K [0x0000000700000000, 0x0000000730000000, 0x0000000730000000)
  eden space 524288K,   0% used [0x0000000700000000, 0x0000000700000000, 0x0000000720000000)
  from space 131072K, 100% used [0x0000000720000000, 0x0000000728000000, 0x0000000728000000)
  to   space 131072K,   0% used [0x0000000728000000, 0x0000000728000000, 0x0000000730000000)
 concurrent mark-sweep generation total 2359296K, used 297537K [0x0000000730000000, 0x00000007c0000000, 0x00000007c0000000)
 Metaspace       used 43226K, capacity 44931K, committed 45320K, reserved 1089536K
  class space    used 5047K, capacity 5547K, committed 5664K, reserved 1048576K
}
2018-01-03T20:24:56.656-0200: 135,866: Total time for which application threads were stopped: 0,1927383 seconds, Stopping threads took: 0,0000259 seconds
{Heap before GC invocations=54 (full 1):
 par new generation   total 655360K, used 655360K [0x0000000700000000, 0x0000000730000000, 0x0000000730000000)
  eden space 524288K, 100% used [0x0000000700000000, 0x0000000720000000, 0x0000000720000000)
  from space 131072K, 100% used [0x0000000720000000, 0x0000000728000000, 0x0000000728000000)
  to   space 131072K,   0% used [0x0000000728000000, 0x0000000728000000, 0x0000000730000000)
 concurrent mark-sweep generation total 2359296K, used 297537K [0x0000000730000000, 0x00000007c0000000, 0x00000007c0000000)
 Metaspace       used 43226K, capacity 44931K, committed 45320K, reserved 1089536K
  class space    used 5047K, capacity 5547K, committed 5664K, reserved 1048576K
2018-01-03T20:24:57.574-0200: 136,784: [GC (Allocation Failure) 2018-01-03T20:24:57.574-0200: 136,784: [ParNew
Desired survivor size 120795952 bytes, new threshold 8 (max 8)
- age   1:   25822808 bytes,   25822808 total
- age   2:   18113864 bytes,   43936672 total
- age   3:   17312208 bytes,   61248880 total
- age   4:   15427920 bytes,   76676800 total
- age   5:   15246328 bytes,   91923128 total
- age   6:   13578320 bytes,  105501448 total
- age   7:    4206856 bytes,  109708304 total
- age   8:    4695200 bytes,  114403504 total
: 655360K->131072K(655360K), 0,1679915 secs] 952897K->440751K(3014656K), 0,1680417 secs] [Times: user=0,15 sys=0,00, real=0,17 secs] 
Heap after GC invocations=55 (full 1):
 par new generation   total 655360K, used 131072K [0x0000000700000000, 0x0000000730000000, 0x0000000730000000)
  eden space 524288K,   0% used [0x0000000700000000, 0x0000000700000000, 0x0000000720000000)
  from space 131072K, 100% used [0x0000000728000000, 0x0000000730000000, 0x0000000730000000)
  to   space 131072K,   0% used [0x0000000720000000, 0x0000000720000000, 0x0000000728000000)
 concurrent mark-sweep generation total 2359296K, used 309679K [0x0000000730000000, 0x00000007c0000000, 0x00000007c0000000)
 Metaspace       used 43226K, capacity 44931K, committed 45320K, reserved 1089536K
  class space    used 5047K, capacity 5547K, committed 5664K, reserved 1048576K
}
2018-01-03T20:24:57.742-0200: 136,952: Total time for which application threads were stopped: 0,1681924 seconds, Stopping threads took: 0,0000308 seconds
{Heap before GC invocations=55 (full 1):
 par new generation   total 655360K, used 655360K [0x0000000700000000, 0x0000000730000000, 0x0000000730000000)
  eden space 524288K, 100% used [0x0000000700000000, 0x0000000720000000, 0x0000000720000000)
  from space 131072K, 100% used [0x0000000728000000, 0x0000000730000000, 0x0000000730000000)
  to   space 131072K,   0% used [0x0000000720000000, 0x0000000720000000, 0x0000000728000000)
 concurrent mark-sweep generation total 2359296K, used 309679K [0x0000000730000000, 0x00000007c0000000, 0x00000007c0000000)
 Metaspace       used 43226K, capacity 44931K, committed 45320K, reserved 1089536K
  class space    used 5047K, capacity 5547K, committed 5664K, reserved 1048576K
2018-01-03T20:24:59.826-0200: 139,035: [GC (Allocation Failure) 2018-01-03T20:24:59.826-0200: 139,035: [ParNew
Desired survivor size 120795952 bytes, new threshold 8 (max 8)
- age   1:   31138240 bytes,   31138240 total
- age   2:   14709368 bytes,   45847608 total
- age   3:   17321488 bytes,   63169096 total
- age   4:   14420464 bytes,   77589560 total
- age   5:   14519672 bytes,   92109232 total
- age   6:   14439088 bytes,  106548320 total
- age   7:   13138640 bytes,  119686960 total
- age   8:    4206856 bytes,  123893816 total
: 655360K->131072K(655360K), 0,1551782 secs] 965039K->451621K(3014656K), 0,1552268 secs] [Times: user=0,15 sys=0,00, real=0,15 secs] 
Heap after GC invocations=56 (full 1):
 par new generation   total 655360K, used 131072K [0x0000000700000000, 0x0000000730000000, 0x0000000730000000)
  eden space 524288K,   0% used [0x0000000700000000, 0x0000000700000000, 0x0000000720000000)
  from space 131072K, 100% used [0x0000000720000000, 0x0000000728000000, 0x0000000728000000)
  to   space 131072K,   0% used [0x0000000728000000, 0x0000000728000000, 0x0000000730000000)
 concurrent mark-sweep generation total 2359296K, used 320549K [0x0000000730000000, 0x00000007c0000000, 0x00000007c0000000)
 Metaspace       used 43226K, capacity 44931K, committed 45320K, reserved 1089536K
  class space    used 5047K, capacity 5547K, committed 5664K, reserved 1048576K
}
2018-01-03T20:24:59.981-0200: 139,190: Total time for which application threads were stopped: 0,1553564 seconds, Stopping threads took: 0,0000235 seconds
2018-01-03T20:25:00.986-0200: 140,195: Total time for which application threads were stopped: 0,0020808 seconds, Stopping threads took: 0,0020203 seconds
2018-01-03T20:25:01.991-0200: 141,201: Total time for which application threads were stopped: 0,0055134 seconds, Stopping threads took: 0,0054283 seconds
2018-01-03T20:25:02.833-0200: 142,042: Total time for which application threads were stopped: 0,0000881 seconds, Stopping threads took: 0,0000233 seconds
{Heap before GC invocations=56 (full 1):
 par new generation   total 655360K, used 655360K [0x0000000700000000, 0x0000000730000000, 0x0000000730000000)
  eden space 524288K, 100% used [0x0000000700000000, 0x0000000720000000, 0x0000000720000000)
  from space 131072K, 100% used [0x0000000720000000, 0x0000000728000000, 0x0000000728000000)
  to   space 131072K,   0% used [0x0000000728000000, 0x0000000728000000, 0x0000000730000000)
 concurrent mark-sweep generation total 2359296K, used 320549K [0x0000000730000000, 0x00000007c0000000, 0x00000007c0000000)
 Metaspace       used 43233K, capacity 44931K, committed 45320K, reserved 1089536K
  class space    used 5047K, capacity 5547K, committed 5664K, reserved 1048576K
2018-01-03T20:25:03.314-0200: 142,524: [GC (Allocation Failure) 2018-01-03T20:25:03.314-0200: 142,524: [ParNew
Desired survivor size 120795952 bytes, new threshold 8 (max 8)
- age   1:    4046472 bytes,    4046472 total
- age   2:    8012880 bytes,   12059352 total
- age   3:    7498656 bytes,   19558008 total
- age   4:    9367816 bytes,   28925824 total
- age   5:    7213216 bytes,   36139040 total
- age   6:    7293040 bytes,   43432080 total
- age   7:    7239656 bytes,   50671736 total
- age   8:    9084880 bytes,   59756616 total
: 655360K->118010K(655360K), 0,1366257 secs] 975909K->442667K(3014656K), 0,1366861 secs] [Times: user=0,08 sys=0,00, real=0,13 secs] 
Heap after GC invocations=57 (full 1):
 par new generation   total 655360K, used 118010K [0x0000000700000000, 0x0000000730000000, 0x0000000730000000)
  eden space 524288K,   0% used [0x0000000700000000, 0x0000000700000000, 0x0000000720000000)
  from space 131072K,  90% used [0x0000000728000000, 0x000000072f33eaa0, 0x0000000730000000)
  to   space 131072K,   0% used [0x0000000720000000, 0x0000000720000000, 0x0000000728000000)
 concurrent mark-sweep generation total 2359296K, used 324657K [0x0000000730000000, 0x00000007c0000000, 0x00000007c0000000)
 Metaspace       used 43233K, capacity 44931K, committed 45320K, reserved 1089536K
  class space    used 5047K, capacity 5547K, committed 5664K, reserved 1048576K
}
2018-01-03T20:25:03.451-0200: 142,661: Total time for which application threads were stopped: 0,1368503 seconds, Stopping threads took: 0,0000262 seconds
{Heap before GC invocations=57 (full 1):
 par new generation   total 655360K, used 642298K [0x0000000700000000, 0x0000000730000000, 0x0000000730000000)
  eden space 524288K, 100% used [0x0000000700000000, 0x0000000720000000, 0x0000000720000000)
  from space 131072K,  90% used [0x0000000728000000, 0x000000072f33eaa0, 0x0000000730000000)
  to   space 131072K,   0% used [0x0000000720000000, 0x0000000720000000, 0x0000000728000000)
 concurrent mark-sweep generation total 2359296K, used 324657K [0x0000000730000000, 0x00000007c0000000, 0x00000007c0000000)
 Metaspace       used 43233K, capacity 44931K, committed 45320K, reserved 1089536K
  class space    used 5047K, capacity 5547K, committed 5664K, reserved 1048576K
2018-01-03T20:25:04.416-0200: 143,626: [GC (Allocation Failure) 2018-01-03T20:25:04.416-0200: 143,626: [ParNew
Desired survivor size 120795952 bytes, new threshold 8 (max 8)
- age   1:   19305768 bytes,   19305768 total
- age   2:    3716168 bytes,   23021936 total
- age   3:    8004432 bytes,   31026368 total
- age   4:    7498656 bytes,   38525024 total
- age   5:    9367816 bytes,   47892840 total
- age   6:    7213216 bytes,   55106056 total
- age   7:    7293040 bytes,   62399096 total
- age   8:    7239656 bytes,   69638752 total
: 642298K->90999K(655360K), 0,1986599 secs] 966955K->424532K(3014656K), 0,1987139 secs] [Times: user=0,12 sys=0,00, real=0,20 secs] 
Heap after GC invocations=58 (full 1):
 par new generation   total 655360K, used 90999K [0x0000000700000000, 0x0000000730000000, 0x0000000730000000)
  eden space 524288K,   0% used [0x0000000700000000, 0x0000000700000000, 0x0000000720000000)
  from space 131072K,  69% used [0x0000000720000000, 0x00000007258ddff0, 0x0000000728000000)
  to   space 131072K,   0% used [0x0000000728000000, 0x0000000728000000, 0x0000000730000000)
 concurrent mark-sweep generation total 2359296K, used 333532K [0x0000000730000000, 0x00000007c0000000, 0x00000007c0000000)
 Metaspace       used 43233K, capacity 44931K, committed 45320K, reserved 1089536K
  class space    used 5047K, capacity 5547K, committed 5664K, reserved 1048576K
}
2018-01-03T20:25:04.615-0200: 143,824: Total time for which application threads were stopped: 0,1988500 seconds, Stopping threads took: 0,0000298 seconds
2018-01-03T20:25:04.919-0200: 144,129: Total time for which application threads were stopped: 0,0021129 seconds, Stopping threads took: 0,0020201 seconds
2018-01-03T20:25:04.977-0200: 144,186: Total time for which application threads were stopped: 0,0061981 seconds, Stopping threads took: 0,0061288 seconds
2018-01-03T20:25:05.046-0200: 144,255: Total time for which application threads were stopped: 0,0034966 seconds, Stopping threads took: 0,0034013 seconds
2018-01-03T20:25:06.026-0200: 145,235: Total time for which application threads were stopped: 0,0031019 seconds, Stopping threads took: 0,0029831 seconds
2018-01-03T20:25:06.284-0200: 145,494: Total time for which application threads were stopped: 0,0047420 seconds, Stopping threads took: 0,0046496 seconds
2018-01-03T20:25:06.284-0200: 145,494: Total time for which application threads were stopped: 0,0000743 seconds, Stopping threads took: 0,0000079 seconds
2018-01-03T20:25:06.285-0200: 145,494: Total time for which application threads were stopped: 0,0000842 seconds, Stopping threads took: 0,0000061 seconds
2018-01-03T20:25:06.295-0200: 145,504: Total time for which application threads were stopped: 0,0099083 seconds, Stopping threads took: 0,0000080 seconds
2018-01-03T20:25:06.301-0200: 145,511: Total time for which application threads were stopped: 0,0009008 seconds, Stopping threads took: 0,0008509 seconds
{Heap before GC invocations=58 (full 1):
 par new generation   total 655360K, used 615287K [0x0000000700000000, 0x0000000730000000, 0x0000000730000000)
  eden space 524288K, 100% used [0x0000000700000000, 0x0000000720000000, 0x0000000720000000)
  from space 131072K,  69% used [0x0000000720000000, 0x00000007258ddff0, 0x0000000728000000)
  to   space 131072K,   0% used [0x0000000728000000, 0x0000000728000000, 0x0000000730000000)
 concurrent mark-sweep generation total 2359296K, used 333532K [0x0000000730000000, 0x00000007c0000000, 0x00000007c0000000)
 Metaspace       used 43345K, capacity 45027K, committed 45320K, reserved 1089536K
  class space    used 5059K, capacity 5579K, committed 5664K, reserved 1048576K
2018-01-03T20:25:06.531-0200: 145,740: [GC (Allocation Failure) 2018-01-03T20:25:06.531-0200: 145,741: [ParNew
Desired survivor size 120795952 bytes, new threshold 8 (max 8)
- age   1:    9220648 bytes,    9220648 total
- age   2:    5593392 bytes,   14814040 total
- age   3:    2189896 bytes,   17003936 total
- age   4:    8004312 bytes,   25008248 total
- age   5:    7498656 bytes,   32506904 total
- age   6:    9367816 bytes,   41874720 total
- age   7:    7213216 bytes,   49087936 total
- age   8:    7293040 bytes,   56380976 total
: 615287K->80130K(655360K), 0,0965217 secs] 948820K->420733K(3014656K), 0,0969533 secs] [Times: user=0,10 sys=0,00, real=0,10 secs] 
Heap after GC invocations=59 (full 1):
 par new generation   total 655360K, used 80130K [0x0000000700000000, 0x0000000730000000, 0x0000000730000000)
  eden space 524288K,   0% used [0x0000000700000000, 0x0000000700000000, 0x0000000720000000)
  from space 131072K,  61% used [0x0000000728000000, 0x000000072ce40a58, 0x0000000730000000)
  to   space 131072K,   0% used [0x0000000720000000, 0x0000000720000000, 0x0000000728000000)
 concurrent mark-sweep generation total 2359296K, used 340602K [0x0000000730000000, 0x00000007c0000000, 0x00000007c0000000)
 Metaspace       used 43345K, capacity 45027K, committed 45320K, reserved 1089536K
  class space    used 5059K, capacity 5579K, committed 5664K, reserved 1048576K
}
2018-01-03T20:25:06.628-0200: 145,837: Total time for which application threads were stopped: 0,1007616 seconds, Stopping threads took: 0,0036741 seconds
2018-01-03T20:25:06.773-0200: 145,982: Total time for which application threads were stopped: 0,0075107 seconds, Stopping threads took: 0,0068310 seconds
2018-01-03T20:25:07.787-0200: 146,997: Total time for which application threads were stopped: 0,0100339 seconds, Stopping threads took: 0,0099437 seconds
2018-01-03T20:25:08.259-0200: 147,468: Total time for which application threads were stopped: 0,0028188 seconds, Stopping threads took: 0,0027524 seconds
2018-01-03T20:25:08.441-0200: 147,650: Total time for which application threads were stopped: 0,0026928 seconds, Stopping threads took: 0,0020160 seconds
{Heap before GC invocations=59 (full 1):
 par new generation   total 655360K, used 604418K [0x0000000700000000, 0x0000000730000000, 0x0000000730000000)
  eden space 524288K, 100% used [0x0000000700000000, 0x0000000720000000, 0x0000000720000000)
  from space 131072K,  61% used [0x0000000728000000, 0x000000072ce40a58, 0x0000000730000000)
  to   space 131072K,   0% used [0x0000000720000000, 0x0000000720000000, 0x0000000728000000)
 concurrent mark-sweep generation total 2359296K, used 340602K [0x0000000730000000, 0x00000007c0000000, 0x00000007c0000000)
 Metaspace       used 43544K, capacity 45219K, committed 45576K, reserved 1089536K
  class space    used 5085K, capacity 5579K, committed 5664K, reserved 1048576K
2018-01-03T20:25:09.336-0200: 148,545: [GC (Allocation Failure) 2018-01-03T20:25:09.336-0200: 148,545: [ParNew
Desired survivor size 120795952 bytes, new threshold 8 (max 8)
- age   1:   11980240 bytes,   11980240 total
- age   2:    8323576 bytes,   20303816 total
- age   3:    5593272 bytes,   25897088 total
- age   4:    2189896 bytes,   28086984 total
- age   5:    8004312 bytes,   36091296 total
- age   6:    7498656 bytes,   43589952 total
- age   7:    9367816 bytes,   52957768 total
- age   8:    7213216 bytes,   60170984 total
: 604418K->73876K(655360K), 0,1263383 secs] 945021K->421601K(3014656K), 0,1264004 secs] [Times: user=0,11 sys=0,00, real=0,12 secs] 
Heap after GC invocations=60 (full 1):
 par new generation   total 655360K, used 73876K [0x0000000700000000, 0x0000000730000000, 0x0000000730000000)
  eden space 524288K,   0% used [0x0000000700000000, 0x0000000700000000, 0x0000000720000000)
  from space 131072K,  56% used [0x0000000720000000, 0x0000000724825330, 0x0000000728000000)
  to   space 131072K,   0% used [0x0000000728000000, 0x0000000728000000, 0x0000000730000000)
 concurrent mark-sweep generation total 2359296K, used 347724K [0x0000000730000000, 0x00000007c0000000, 0x00000007c0000000)
 Metaspace       used 43544K, capacity 45219K, committed 45576K, reserved 1089536K
  class space    used 5085K, capacity 5579K, committed 5664K, reserved 1048576K
}
2018-01-03T20:25:09.462-0200: 148,672: Total time for which application threads were stopped: 0,1299039 seconds, Stopping threads took: 0,0033686 seconds
2018-01-03T20:25:10.472-0200: 149,681: Total time for which application threads were stopped: 0,0021029 seconds, Stopping threads took: 0,0020159 seconds
{Heap before GC invocations=60 (full 1):
 par new generation   total 655360K, used 598164K [0x0000000700000000, 0x0000000730000000, 0x0000000730000000)
  eden space 524288K, 100% used [0x0000000700000000, 0x0000000720000000, 0x0000000720000000)
  from space 131072K,  56% used [0x0000000720000000, 0x0000000724825330, 0x0000000728000000)
  to   space 131072K,   0% used [0x0000000728000000, 0x0000000728000000, 0x0000000730000000)
 concurrent mark-sweep generation total 2359296K, used 347724K [0x0000000730000000, 0x00000007c0000000, 0x00000007c0000000)
 Metaspace       used 43579K, capacity 45251K, committed 45576K, reserved 1089536K
  class space    used 5088K, capacity 5611K, committed 5664K, reserved 1048576K
2018-01-03T20:25:11.646-0200: 150,855: [GC (Allocation Failure) 2018-01-03T20:25:11.695-0200: 150,905: [ParNew
Desired survivor size 120795952 bytes, new threshold 8 (max 8)
- age   1:   21352944 bytes,   21352944 total
- age   2:    9204488 bytes,   30557432 total
- age   3:    8239168 bytes,   38796600 total
- age   4:    5593272 bytes,   44389872 total
- age   5:    2189896 bytes,   46579768 total
- age   6:    8004312 bytes,   54584080 total
- age   7:    7498656 bytes,   62082736 total
- age   8:    9367816 bytes,   71450552 total
: 598164K->90051K(655360K), 0,1530238 secs] 945889K->444820K(3014656K), 0,2027723 secs] [Times: user=0,11 sys=0,01, real=0,20 secs] 
Heap after GC invocations=61 (full 1):
 par new generation   total 655360K, used 90051K [0x0000000700000000, 0x0000000730000000, 0x0000000730000000)
  eden space 524288K,   0% used [0x0000000700000000, 0x0000000700000000, 0x0000000720000000)
  from space 131072K,  68% used [0x0000000728000000, 0x000000072d7f0fc0, 0x0000000730000000)
  to   space 131072K,   0% used [0x0000000720000000, 0x0000000720000000, 0x0000000728000000)
 concurrent mark-sweep generation total 2359296K, used 354768K [0x0000000730000000, 0x00000007c0000000, 0x00000007c0000000)
 Metaspace       used 43579K, capacity 45251K, committed 45576K, reserved 1089536K
  class space    used 5088K, capacity 5611K, committed 5664K, reserved 1048576K
}
2018-01-03T20:25:11.848-0200: 151,058: Total time for which application threads were stopped: 0,2029169 seconds, Stopping threads took: 0,0000308 seconds
{Heap before GC invocations=61 (full 1):
 par new generation   total 655360K, used 614339K [0x0000000700000000, 0x0000000730000000, 0x0000000730000000)
  eden space 524288K, 100% used [0x0000000700000000, 0x0000000720000000, 0x0000000720000000)
  from space 131072K,  68% used [0x0000000728000000, 0x000000072d7f0fc0, 0x0000000730000000)
  to   space 131072K,   0% used [0x0000000720000000, 0x0000000720000000, 0x0000000728000000)
 concurrent mark-sweep generation total 2359296K, used 354768K [0x0000000730000000, 0x00000007c0000000, 0x00000007c0000000)
 Metaspace       used 43579K, capacity 45251K, committed 45576K, reserved 1089536K
  class space    used 5088K, capacity 5611K, committed 5664K, reserved 1048576K
2018-01-03T20:25:13.193-0200: 152,403: [GC (Allocation Failure) 2018-01-03T20:25:13.194-0200: 152,403: [ParNew
Desired survivor size 120795952 bytes, new threshold 8 (max 8)
- age   1:   22311392 bytes,   22311392 total
- age   2:   17613584 bytes,   39924976 total
- age   3:    9204368 bytes,   49129344 total
- age   4:    8238464 bytes,   57367808 total
- age   5:    5593272 bytes,   62961080 total
- age   6:    2189896 bytes,   65150976 total
- age   7:    8004312 bytes,   73155288 total
- age   8:    7498656 bytes,   80653944 total
: 614339K->107333K(655360K), 0,2318383 secs] 969108K->471251K(3014656K), 0,2323847 secs] [Times: user=0,16 sys=0,00, real=0,24 secs] 
Heap after GC invocations=62 (full 1):
 par new generation   total 655360K, used 107333K [0x0000000700000000, 0x0000000730000000, 0x0000000730000000)
  eden space 524288K,   0% used [0x0000000700000000, 0x0000000700000000, 0x0000000720000000)
  from space 131072K,  81% used [0x0000000720000000, 0x00000007268d17d8, 0x0000000728000000)
  to   space 131072K,   0% used [0x0000000728000000, 0x0000000728000000, 0x0000000730000000)
 concurrent mark-sweep generation total 2359296K, used 363917K [0x0000000730000000, 0x00000007c0000000, 0x00000007c0000000)
 Metaspace       used 43579K, capacity 45251K, committed 45576K, reserved 1089536K
  class space    used 5088K, capacity 5611K, committed 5664K, reserved 1048576K
}
2018-01-03T20:25:13.426-0200: 152,635: Total time for which application threads were stopped: 0,2325930 seconds, Stopping threads took: 0,0000574 seconds
{Heap before GC invocations=62 (full 1):
 par new generation   total 655360K, used 631621K [0x0000000700000000, 0x0000000730000000, 0x0000000730000000)
  eden space 524288K, 100% used [0x0000000700000000, 0x0000000720000000, 0x0000000720000000)
  from space 131072K,  81% used [0x0000000720000000, 0x00000007268d17d8, 0x0000000728000000)
  to   space 131072K,   0% used [0x0000000728000000, 0x0000000728000000, 0x0000000730000000)
 concurrent mark-sweep generation total 2359296K, used 363917K [0x0000000730000000, 0x00000007c0000000, 0x00000007c0000000)
 Metaspace       used 43579K, capacity 45251K, committed 45576K, reserved 1089536K
  class space    used 5088K, capacity 5611K, committed 5664K, reserved 1048576K
2018-01-03T20:25:15.186-0200: 154,396: [GC (Allocation Failure) 2018-01-03T20:25:15.193-0200: 154,402: [ParNew
Desired survivor size 120795952 bytes, new threshold 8 (max 8)
- age   1:   25017944 bytes,   25017944 total
- age   2:   17329896 bytes,   42347840 total
- age   3:   16564856 bytes,   58912696 total
- age   4:    9204368 bytes,   68117064 total
- age   5:    8238464 bytes,   76355528 total
- age   6:    5593272 bytes,   81948800 total
- age   7:    2189896 bytes,   84138696 total
- age   8:    8004312 bytes,   92143008 total
: 631621K->108058K(655360K), 0,2225976 secs] 995539K->479299K(3014656K), 0,2288617 secs] [Times: user=0,14 sys=0,00, real=0,23 secs] 
Heap after GC invocations=63 (full 1):
 par new generation   total 655360K, used 108058K [0x0000000700000000, 0x0000000730000000, 0x0000000730000000)
  eden space 524288K,   0% used [0x0000000700000000, 0x0000000700000000, 0x0000000720000000)
  from space 131072K,  82% used [0x0000000728000000, 0x000000072e9869a8, 0x0000000730000000)
  to   space 131072K,   0% used [0x0000000720000000, 0x0000000720000000, 0x0000000728000000)
 concurrent mark-sweep generation total 2359296K, used 371240K [0x0000000730000000, 0x00000007c0000000, 0x00000007c0000000)
 Metaspace       used 43579K, capacity 45251K, committed 45576K, reserved 1089536K
  class space    used 5088K, capacity 5611K, committed 5664K, reserved 1048576K
}
2018-01-03T20:25:15.415-0200: 154,625: Total time for which application threads were stopped: 0,2290226 seconds, Stopping threads took: 0,0000537 seconds
2018-01-03T20:25:17.434-0200: 156,643: Total time for which application threads were stopped: 0,0113294 seconds, Stopping threads took: 0,0112694 seconds
{Heap before GC invocations=63 (full 1):
 par new generation   total 655360K, used 632346K [0x0000000700000000, 0x0000000730000000, 0x0000000730000000)
  eden space 524288K, 100% used [0x0000000700000000, 0x0000000720000000, 0x0000000720000000)
  from space 131072K,  82% used [0x0000000728000000, 0x000000072e9869a8, 0x0000000730000000)
  to   space 131072K,   0% used [0x0000000720000000, 0x0000000720000000, 0x0000000728000000)
 concurrent mark-sweep generation total 2359296K, used 371240K [0x0000000730000000, 0x00000007c0000000, 0x00000007c0000000)
 Metaspace       used 43579K, capacity 45251K, committed 45576K, reserved 1089536K
  class space    used 5088K, capacity 5611K, committed 5664K, reserved 1048576K
2018-01-03T20:25:17.549-0200: 156,758: [GC (Allocation Failure) 2018-01-03T20:25:17.596-0200: 156,806: [ParNew
Desired survivor size 120795952 bytes, new threshold 8 (max 8)
- age   1:   27465928 bytes,   27465928 total
- age   2:   18491272 bytes,   45957200 total
- age   3:   16273752 bytes,   62230952 total
- age   4:   16034256 bytes,   78265208 total
- age   5:    9198944 bytes,   87464152 total
- age   6:    8237008 bytes,   95701160 total
- age   7:    5593272 bytes,  101294432 total
- age   8:    2189896 bytes,  103484328 total
: 632346K->131072K(655360K), 0,2880867 secs] 1003587K->510172K(3014656K), 0,3357328 secs] [Times: user=0,15 sys=0,01, real=0,34 secs] 
Heap after GC invocations=64 (full 1):
 par new generation   total 655360K, used 131072K [0x0000000700000000, 0x0000000730000000, 0x0000000730000000)
  eden space 524288K,   0% used [0x0000000700000000, 0x0000000700000000, 0x0000000720000000)
  from space 131072K, 100% used [0x0000000720000000, 0x0000000728000000, 0x0000000728000000)
  to   space 131072K,   0% used [0x0000000728000000, 0x0000000728000000, 0x0000000730000000)
 concurrent mark-sweep generation total 2359296K, used 379100K [0x0000000730000000, 0x00000007c0000000, 0x00000007c0000000)
 Metaspace       used 43579K, capacity 45251K, committed 45576K, reserved 1089536K
  class space    used 5088K, capacity 5611K, committed 5664K, reserved 1048576K
}
2018-01-03T20:25:17.884-0200: 157,094: Total time for which application threads were stopped: 0,3370038 seconds, Stopping threads took: 0,0000238 seconds
2018-01-03T20:25:19.942-0200: 159,151: Total time for which application threads were stopped: 0,0095001 seconds, Stopping threads took: 0,0092552 seconds
2018-01-03T20:25:20.972-0200: 160,181: Total time for which application threads were stopped: 0,0186612 seconds, Stopping threads took: 0,0185392 seconds
2018-01-03T20:25:21.710-0200: 160,920: Total time for which application threads were stopped: 0,1476751 seconds, Stopping threads took: 0,1475420 seconds
2018-01-03T20:25:21.778-0200: 160,988: Total time for which application threads were stopped: 0,0392350 seconds, Stopping threads took: 0,0391350 seconds
2018-01-03T20:25:21.810-0200: 161,020: Total time for which application threads were stopped: 0,0071436 seconds, Stopping threads took: 0,0070408 seconds
2018-01-03T20:25:21.842-0200: 161,052: Total time for which application threads were stopped: 0,0097627 seconds, Stopping threads took: 0,0096505 seconds
2018-01-03T20:25:21.864-0200: 161,073: Total time for which application threads were stopped: 0,0080406 seconds, Stopping threads took: 0,0079323 seconds
2018-01-03T20:25:22.051-0200: 161,260: Total time for which application threads were stopped: 0,0054976 seconds, Stopping threads took: 0,0054216 seconds
2018-01-03T20:25:22.051-0200: 161,261: Total time for which application threads were stopped: 0,0000569 seconds, Stopping threads took: 0,0000082 seconds
2018-01-03T20:25:22.051-0200: 161,261: Total time for which application threads were stopped: 0,0000336 seconds, Stopping threads took: 0,0000061 seconds
2018-01-03T20:25:22.051-0200: 161,261: Total time for which application threads were stopped: 0,0000300 seconds, Stopping threads took: 0,0000054 seconds
2018-01-03T20:25:22.051-0200: 161,261: Total time for which application threads were stopped: 0,0001085 seconds, Stopping threads took: 0,0000053 seconds
2018-01-03T20:25:22.093-0200: 161,302: Total time for which application threads were stopped: 0,0054381 seconds, Stopping threads took: 0,0053495 seconds
2018-01-03T20:25:22.093-0200: 161,303: Total time for which application threads were stopped: 0,0000495 seconds, Stopping threads took: 0,0000073 seconds
2018-01-03T20:25:22.115-0200: 161,325: Total time for which application threads were stopped: 0,0074216 seconds, Stopping threads took: 0,0073276 seconds
2018-01-03T20:25:22.120-0200: 161,330: Total time for which application threads were stopped: 0,0000954 seconds, Stopping threads took: 0,0000177 seconds
2018-01-03T20:25:22.122-0200: 161,332: Total time for which application threads were stopped: 0,0001402 seconds, Stopping threads took: 0,0000704 seconds
2018-01-03T20:25:22.122-0200: 161,332: Total time for which application threads were stopped: 0,0002653 seconds, Stopping threads took: 0,0002185 seconds
2018-01-03T20:25:22.122-0200: 161,332: Total time for which application threads were stopped: 0,0004248 seconds, Stopping threads took: 0,0000068 seconds
2018-01-03T20:25:22.124-0200: 161,334: Total time for which application threads were stopped: 0,0000898 seconds, Stopping threads took: 0,0000322 seconds
2018-01-03T20:25:22.124-0200: 161,334: Total time for which application threads were stopped: 0,0000448 seconds, Stopping threads took: 0,0000059 seconds
2018-01-03T20:25:22.164-0200: 161,373: Total time for which application threads were stopped: 0,0244574 seconds, Stopping threads took: 0,0243753 seconds
2018-01-03T20:25:22.166-0200: 161,376: Total time for which application threads were stopped: 0,0001231 seconds, Stopping threads took: 0,0000146 seconds
2018-01-03T20:25:22.166-0200: 161,376: Total time for which application threads were stopped: 0,0000365 seconds, Stopping threads took: 0,0000059 seconds
2018-01-03T20:25:22.166-0200: 161,376: Total time for which application threads were stopped: 0,0000315 seconds, Stopping threads took: 0,0000044 seconds
2018-01-03T20:25:22.167-0200: 161,376: Total time for which application threads were stopped: 0,0000309 seconds, Stopping threads took: 0,0000047 seconds
2018-01-03T20:25:22.167-0200: 161,376: Total time for which application threads were stopped: 0,0000309 seconds, Stopping threads took: 0,0000047 seconds
2018-01-03T20:25:22.167-0200: 161,376: Total time for which application threads were stopped: 0,0000306 seconds, Stopping threads took: 0,0000047 seconds
2018-01-03T20:25:22.167-0200: 161,376: Total time for which application threads were stopped: 0,0000305 seconds, Stopping threads took: 0,0000046 seconds
2018-01-03T20:25:22.167-0200: 161,376: Total time for which application threads were stopped: 0,0000304 seconds, Stopping threads took: 0,0000045 seconds
2018-01-03T20:25:22.167-0200: 161,376: Total time for which application threads were stopped: 0,0000303 seconds, Stopping threads took: 0,0000046 seconds
2018-01-03T20:25:22.167-0200: 161,377: Total time for which application threads were stopped: 0,0003756 seconds, Stopping threads took: 0,0000046 seconds
2018-01-03T20:25:22.167-0200: 161,377: Total time for which application threads were stopped: 0,0000428 seconds, Stopping threads took: 0,0000049 seconds
2018-01-03T20:25:22.167-0200: 161,377: Total time for which application threads were stopped: 0,0000309 seconds, Stopping threads took: 0,0000045 seconds
2018-01-03T20:25:22.168-0200: 161,378: Total time for which application threads were stopped: 0,0011175 seconds, Stopping threads took: 0,0000045 seconds
2018-01-03T20:25:22.181-0200: 161,390: Total time for which application threads were stopped: 0,0013690 seconds, Stopping threads took: 0,0012830 seconds
2018-01-03T20:25:22.183-0200: 161,393: Total time for which application threads were stopped: 0,0013657 seconds, Stopping threads took: 0,0012849 seconds
2018-01-03T20:25:22.183-0200: 161,393: Total time for which application threads were stopped: 0,0001856 seconds, Stopping threads took: 0,0000085 seconds
2018-01-03T20:25:22.218-0200: 161,428: Total time for which application threads were stopped: 0,0083451 seconds, Stopping threads took: 0,0082722 seconds
2018-01-03T20:25:22.223-0200: 161,432: Total time for which application threads were stopped: 0,0029701 seconds, Stopping threads took: 0,0028762 seconds
2018-01-03T20:25:22.223-0200: 161,433: Total time for which application threads were stopped: 0,0000607 seconds, Stopping threads took: 0,0000081 seconds
2018-01-03T20:25:22.572-0200: 161,782: Total time for which application threads were stopped: 0,0131195 seconds, Stopping threads took: 0,0130540 seconds
{Heap before GC invocations=64 (full 1):
 par new generation   total 655360K, used 655360K [0x0000000700000000, 0x0000000730000000, 0x0000000730000000)
  eden space 524288K, 100% used [0x0000000700000000, 0x0000000720000000, 0x0000000720000000)
  from space 131072K, 100% used [0x0000000720000000, 0x0000000728000000, 0x0000000728000000)
  to   space 131072K,   0% used [0x0000000728000000, 0x0000000728000000, 0x0000000730000000)
 concurrent mark-sweep generation total 2359296K, used 379100K [0x0000000730000000, 0x00000007c0000000, 0x00000007c0000000)
 Metaspace       used 43611K, capacity 45353K, committed 45576K, reserved 1089536K
  class space    used 5091K, capacity 5644K, committed 5664K, reserved 1048576K
2018-01-03T20:25:23.142-0200: 162,352: [GC (Allocation Failure) 2018-01-03T20:25:23.143-0200: 162,352: [ParNew
Desired survivor size 120795952 bytes, new threshold 8 (max 8)
- age   1:   25503288 bytes,   25503288 total
- age   2:   16614680 bytes,   42117968 total
- age   3:   15620976 bytes,   57738944 total
- age   4:   13405976 bytes,   71144920 total
- age   5:   13408000 bytes,   84552920 total
- age   6:    7655216 bytes,   92208136 total
- age   7:    7374296 bytes,   99582432 total
- age   8:    5593272 bytes,  105175704 total
: 655360K->128755K(655360K), 0,3383886 secs] 1034460K->510002K(3014656K), 0,4116230 secs] [Times: user=0,12 sys=0,01, real=0,40 secs] 
Heap after GC invocations=65 (full 1):
 par new generation   total 655360K, used 128755K [0x0000000700000000, 0x0000000730000000, 0x0000000730000000)
  eden space 524288K,   0% used [0x0000000700000000, 0x0000000700000000, 0x0000000720000000)
  from space 131072K,  98% used [0x0000000728000000, 0x000000072fdbcfe0, 0x0000000730000000)
  to   space 131072K,   0% used [0x0000000720000000, 0x0000000720000000, 0x0000000728000000)
 concurrent mark-sweep generation total 2359296K, used 381246K [0x0000000730000000, 0x00000007c0000000, 0x00000007c0000000)
 Metaspace       used 43611K, capacity 45353K, committed 45576K, reserved 1089536K
  class space    used 5091K, capacity 5644K, committed 5664K, reserved 1048576K
}
2018-01-03T20:25:23.554-0200: 162,764: Total time for which application threads were stopped: 0,4143123 seconds, Stopping threads took: 0,0000366 seconds
2018-01-03T20:25:24.315-0200: 163,525: Total time for which application threads were stopped: 0,0068688 seconds, Stopping threads took: 0,0066164 seconds
2018-01-03T20:25:24.315-0200: 163,525: Total time for which application threads were stopped: 0,0000641 seconds, Stopping threads took: 0,0000115 seconds
2018-01-03T20:25:24.315-0200: 163,525: Total time for which application threads were stopped: 0,0000336 seconds, Stopping threads took: 0,0000055 seconds
2018-01-03T20:25:24.315-0200: 163,525: Total time for which application threads were stopped: 0,0001996 seconds, Stopping threads took: 0,0000046 seconds
2018-01-03T20:25:24.315-0200: 163,525: Total time for which application threads were stopped: 0,0000314 seconds, Stopping threads took: 0,0000051 seconds
2018-01-03T20:25:24.316-0200: 163,525: Total time for which application threads were stopped: 0,0000295 seconds, Stopping threads took: 0,0000045 seconds
2018-01-03T20:25:24.316-0200: 163,525: Total time for which application threads were stopped: 0,0000303 seconds, Stopping threads took: 0,0000048 seconds
2018-01-03T20:25:24.316-0200: 163,525: Total time for which application threads were stopped: 0,0001714 seconds, Stopping threads took: 0,0000046 seconds
2018-01-03T20:25:24.316-0200: 163,525: Total time for which application threads were stopped: 0,0000301 seconds, Stopping threads took: 0,0000047 seconds
2018-01-03T20:25:24.316-0200: 163,525: Total time for which application threads were stopped: 0,0000301 seconds, Stopping threads took: 0,0000044 seconds
2018-01-03T20:25:24.316-0200: 163,525: Total time for which application threads were stopped: 0,0000303 seconds, Stopping threads took: 0,0000049 seconds
2018-01-03T20:25:24.316-0200: 163,526: Total time for which application threads were stopped: 0,0000291 seconds, Stopping threads took: 0,0000044 seconds
2018-01-03T20:25:24.316-0200: 163,526: Total time for which application threads were stopped: 0,0000291 seconds, Stopping threads took: 0,0000044 seconds
2018-01-03T20:25:24.316-0200: 163,526: Total time for which application threads were stopped: 0,0000287 seconds, Stopping threads took: 0,0000045 seconds
2018-01-03T20:25:24.316-0200: 163,526: Total time for which application threads were stopped: 0,0000286 seconds, Stopping threads took: 0,0000044 seconds
2018-01-03T20:25:24.316-0200: 163,526: Total time for which application threads were stopped: 0,0000288 seconds, Stopping threads took: 0,0000043 seconds
2018-01-03T20:25:24.318-0200: 163,528: Total time for which application threads were stopped: 0,0014438 seconds, Stopping threads took: 0,0013736 seconds
2018-01-03T20:25:24.318-0200: 163,528: Total time for which application threads were stopped: 0,0000353 seconds, Stopping threads took: 0,0000059 seconds
2018-01-03T20:25:24.318-0200: 163,528: Total time for which application threads were stopped: 0,0002075 seconds, Stopping threads took: 0,0000048 seconds
2018-01-03T20:25:24.322-0200: 163,531: Total time for which application threads were stopped: 0,0024476 seconds, Stopping threads took: 0,0020612 seconds
2018-01-03T20:25:24.511-0200: 163,721: Total time for which application threads were stopped: 0,0120295 seconds, Stopping threads took: 0,0116581 seconds
2018-01-03T20:25:24.523-0200: 163,732: Total time for which application threads were stopped: 0,0025217 seconds, Stopping threads took: 0,0024584 seconds
2018-01-03T20:25:24.667-0200: 163,877: Total time for which application threads were stopped: 0,0208870 seconds, Stopping threads took: 0,0189429 seconds
2018-01-03T20:25:24.692-0200: 163,902: Total time for which application threads were stopped: 0,0001727 seconds, Stopping threads took: 0,0000599 seconds
2018-01-03T20:25:25.699-0200: 164,909: Total time for which application threads were stopped: 0,0044211 seconds, Stopping threads took: 0,0043518 seconds
{Heap before GC invocations=65 (full 1):
 par new generation   total 655360K, used 653043K [0x0000000700000000, 0x0000000730000000, 0x0000000730000000)
  eden space 524288K, 100% used [0x0000000700000000, 0x0000000720000000, 0x0000000720000000)
  from space 131072K,  98% used [0x0000000728000000, 0x000000072fdbcfe0, 0x0000000730000000)
  to   space 131072K,   0% used [0x0000000720000000, 0x0000000720000000, 0x0000000728000000)
 concurrent mark-sweep generation total 2359296K, used 381246K [0x0000000730000000, 0x00000007c0000000, 0x00000007c0000000)
 Metaspace       used 43955K, capacity 45685K, committed 45832K, reserved 1089536K
  class space    used 5125K, capacity 5646K, committed 5664K, reserved 1048576K
2018-01-03T20:25:26.518-0200: 165,727: [GC (Allocation Failure) 2018-01-03T20:25:26.518-0200: 165,728: [ParNew
Desired survivor size 120795952 bytes, new threshold 8 (max 8)
- age   1:   12367736 bytes,   12367736 total
- age   2:   23138064 bytes,   35505800 total
- age   3:   16450504 bytes,   51956304 total
- age   4:   15424272 bytes,   67380576 total
- age   5:   13209272 bytes,   80589848 total
- age   6:   13244080 bytes,   93833928 total
- age   7:    7556864 bytes,  101390792 total
- age   8:    7259176 bytes,  108649968 total
: 653043K->131072K(655360K), 0,2382555 secs] 1034290K->517780K(3014656K), 0,2386282 secs] [Times: user=0,12 sys=0,01, real=0,24 secs] 
Heap after GC invocations=66 (full 1):
 par new generation   total 655360K, used 131072K [0x0000000700000000, 0x0000000730000000, 0x0000000730000000)
  eden space 524288K,   0% used [0x0000000700000000, 0x0000000700000000, 0x0000000720000000)
  from space 131072K, 100% used [0x0000000720000000, 0x0000000728000000, 0x0000000728000000)
  to   space 131072K,   0% used [0x0000000728000000, 0x0000000728000000, 0x0000000730000000)
 concurrent mark-sweep generation total 2359296K, used 386708K [0x0000000730000000, 0x00000007c0000000, 0x00000007c0000000)
 Metaspace       used 43955K, capacity 45685K, committed 45832K, reserved 1089536K
  class space    used 5125K, capacity 5646K, committed 5664K, reserved 1048576K
}
2018-01-03T20:25:26.756-0200: 165,966: Total time for which application threads were stopped: 0,2389333 seconds, Stopping threads took: 0,0000314 seconds
2018-01-03T20:25:26.978-0200: 166,187: Total time for which application threads were stopped: 0,0000752 seconds, Stopping threads took: 0,0000279 seconds
2018-01-03T20:25:27.557-0200: 166,766: Total time for which application threads were stopped: 0,0001015 seconds, Stopping threads took: 0,0000246 seconds
2018-01-03T20:25:28.304-0200: 167,513: Total time for which application threads were stopped: 0,0001272 seconds, Stopping threads took: 0,0000333 seconds
2018-01-03T20:25:28.304-0200: 167,513: Total time for which application threads were stopped: 0,0000389 seconds, Stopping threads took: 0,0000104 seconds
2018-01-03T20:25:28.304-0200: 167,513: Total time for which application threads were stopped: 0,0000315 seconds, Stopping threads took: 0,0000087 seconds
2018-01-03T20:25:28.304-0200: 167,513: Total time for which application threads were stopped: 0,0000311 seconds, Stopping threads took: 0,0000084 seconds
2018-01-03T20:25:28.304-0200: 167,513: Total time for which application threads were stopped: 0,0000312 seconds, Stopping threads took: 0,0000086 seconds
2018-01-03T20:25:28.304-0200: 167,513: Total time for which application threads were stopped: 0,0000331 seconds, Stopping threads took: 0,0000086 seconds
2018-01-03T20:25:28.304-0200: 167,514: Total time for which application threads were stopped: 0,0000348 seconds, Stopping threads took: 0,0000096 seconds
2018-01-03T20:25:28.304-0200: 167,514: Total time for which application threads were stopped: 0,0000381 seconds, Stopping threads took: 0,0000103 seconds
2018-01-03T20:25:28.304-0200: 167,514: Total time for which application threads were stopped: 0,0000576 seconds, Stopping threads took: 0,0000106 seconds
2018-01-03T20:25:28.329-0200: 167,539: Total time for which application threads were stopped: 0,0002222 seconds, Stopping threads took: 0,0001415 seconds
2018-01-03T20:25:28.330-0200: 167,539: Total time for which application threads were stopped: 0,0000577 seconds, Stopping threads took: 0,0000122 seconds
2018-01-03T20:25:29.355-0200: 168,565: Total time for which application threads were stopped: 0,0249115 seconds, Stopping threads took: 0,0247759 seconds
2018-01-03T20:25:29.366-0200: 168,576: Total time for which application threads were stopped: 0,0000707 seconds, Stopping threads took: 0,0000165 seconds
2018-01-03T20:25:29.397-0200: 168,607: Total time for which application threads were stopped: 0,0046030 seconds, Stopping threads took: 0,0044992 seconds
2018-01-03T20:25:29.399-0200: 168,608: Total time for which application threads were stopped: 0,0000893 seconds, Stopping threads took: 0,0000302 seconds
2018-01-03T20:25:29.399-0200: 168,608: Total time for which application threads were stopped: 0,0000411 seconds, Stopping threads took: 0,0000060 seconds
2018-01-03T20:25:29.399-0200: 168,608: Total time for which application threads were stopped: 0,0000378 seconds, Stopping threads took: 0,0000049 seconds
2018-01-03T20:25:29.399-0200: 168,608: Total time for which application threads were stopped: 0,0000369 seconds, Stopping threads took: 0,0000047 seconds
2018-01-03T20:25:29.399-0200: 168,608: Total time for which application threads were stopped: 0,0001097 seconds, Stopping threads took: 0,0000049 seconds
2018-01-03T20:25:29.418-0200: 168,627: Total time for which application threads were stopped: 0,0034168 seconds, Stopping threads took: 0,0025415 seconds
2018-01-03T20:25:29.454-0200: 168,664: Total time for which application threads were stopped: 0,0041577 seconds, Stopping threads took: 0,0040730 seconds
2018-01-03T20:25:29.454-0200: 168,664: Total time for which application threads were stopped: 0,0000535 seconds, Stopping threads took: 0,0000077 seconds
2018-01-03T20:25:30.233-0200: 169,442: Total time for which application threads were stopped: 0,0249770 seconds, Stopping threads took: 0,0248942 seconds
2018-01-03T20:25:31.266-0200: 170,476: Total time for which application threads were stopped: 0,0119930 seconds, Stopping threads took: 0,0119239 seconds
2018-01-03T20:25:31.315-0200: 170,524: Total time for which application threads were stopped: 0,0123735 seconds, Stopping threads took: 0,0122992 seconds
2018-01-03T20:25:32.330-0200: 171,539: Total time for which application threads were stopped: 0,0077277 seconds, Stopping threads took: 0,0076673 seconds
{Heap before GC invocations=66 (full 1):
 par new generation   total 655360K, used 655360K [0x0000000700000000, 0x0000000730000000, 0x0000000730000000)
  eden space 524288K, 100% used [0x0000000700000000, 0x0000000720000000, 0x0000000720000000)
  from space 131072K, 100% used [0x0000000720000000, 0x0000000728000000, 0x0000000728000000)
  to   space 131072K,   0% used [0x0000000728000000, 0x0000000728000000, 0x0000000730000000)
 concurrent mark-sweep generation total 2359296K, used 386708K [0x0000000730000000, 0x00000007c0000000, 0x00000007c0000000)
 Metaspace       used 44356K, capacity 46163K, committed 46472K, reserved 1089536K
  class space    used 5175K, capacity 5717K, committed 5792K, reserved 1048576K
2018-01-03T20:25:32.759-0200: 171,968: [GC (Allocation Failure) 2018-01-03T20:25:32.759-0200: 171,969: [ParNew
Desired survivor size 120795952 bytes, new threshold 8 (max 8)
- age   1:    9617424 bytes,    9617424 total
- age   2:     353440 bytes,    9970864 total
- age   3:      82288 bytes,   10053152 total
- age   4:        120 bytes,   10053272 total
- age   5:        240 bytes,   10053512 total
- age   6:        144 bytes,   10053656 total
- age   7:       2976 bytes,   10056632 total
- age   8:      16656 bytes,   10073288 total
: 655360K->102412K(655360K), 0,0963050 secs] 1042068K->491438K(3014656K), 0,0966154 secs] [Times: user=0,06 sys=0,00, real=0,10 secs] 
Heap after GC invocations=67 (full 1):
 par new generation   total 655360K, used 102412K [0x0000000700000000, 0x0000000730000000, 0x0000000730000000)
  eden space 524288K,   0% used [0x0000000700000000, 0x0000000700000000, 0x0000000720000000)
  from space 131072K,  78% used [0x0000000728000000, 0x000000072e4031c0, 0x0000000730000000)
  to   space 131072K,   0% used [0x0000000720000000, 0x0000000720000000, 0x0000000728000000)
 concurrent mark-sweep generation total 2359296K, used 389025K [0x0000000730000000, 0x00000007c0000000, 0x00000007c0000000)
 Metaspace       used 44356K, capacity 46163K, committed 46472K, reserved 1089536K
  class space    used 5175K, capacity 5717K, committed 5792K, reserved 1048576K
}
2018-01-03T20:25:32.855-0200: 172,065: Total time for which application threads were stopped: 0,0996926 seconds, Stopping threads took: 0,0023641 seconds
2018-01-03T20:25:32.871-0200: 172,080: Total time for which application threads were stopped: 0,0069026 seconds, Stopping threads took: 0,0066943 seconds
2018-01-03T20:25:33.179-0200: 172,389: Total time for which application threads were stopped: 0,0070515 seconds, Stopping threads took: 0,0068789 seconds
2018-01-03T20:25:33.195-0200: 172,404: Total time for which application threads were stopped: 0,0094235 seconds, Stopping threads took: 0,0093557 seconds
2018-01-03T20:25:33.231-0200: 172,440: Total time for which application threads were stopped: 0,0066880 seconds, Stopping threads took: 0,0066197 seconds
2018-01-03T20:25:33.231-0200: 172,440: Total time for which application threads were stopped: 0,0000352 seconds, Stopping threads took: 0,0000069 seconds
2018-01-03T20:25:33.338-0200: 172,548: Total time for which application threads were stopped: 0,0068207 seconds, Stopping threads took: 0,0067491 seconds
2018-01-03T20:25:33.339-0200: 172,549: Total time for which application threads were stopped: 0,0000488 seconds, Stopping threads took: 0,0000087 seconds
2018-01-03T20:25:33.339-0200: 172,549: Total time for which application threads were stopped: 0,0000327 seconds, Stopping threads took: 0,0000056 seconds
2018-01-03T20:25:33.339-0200: 172,549: Total time for which application threads were stopped: 0,0000315 seconds, Stopping threads took: 0,0000053 seconds
2018-01-03T20:25:33.339-0200: 172,549: Total time for which application threads were stopped: 0,0000309 seconds, Stopping threads took: 0,0000052 seconds
2018-01-03T20:25:33.351-0200: 172,560: Total time for which application threads were stopped: 0,0031185 seconds, Stopping threads took: 0,0030259 seconds
2018-01-03T20:25:33.351-0200: 172,561: Total time for which application threads were stopped: 0,0000366 seconds, Stopping threads took: 0,0000075 seconds
2018-01-03T20:25:33.351-0200: 172,561: Total time for which application threads were stopped: 0,0000304 seconds, Stopping threads took: 0,0000053 seconds
2018-01-03T20:25:33.351-0200: 172,561: Total time for which application threads were stopped: 0,0000296 seconds, Stopping threads took: 0,0000049 seconds
2018-01-03T20:25:33.351-0200: 172,561: Total time for which application threads were stopped: 0,0000294 seconds, Stopping threads took: 0,0000050 seconds
2018-01-03T20:25:33.351-0200: 172,561: Total time for which application threads were stopped: 0,0000298 seconds, Stopping threads took: 0,0000052 seconds
2018-01-03T20:25:33.353-0200: 172,563: Total time for which application threads were stopped: 0,0000874 seconds, Stopping threads took: 0,0000394 seconds
2018-01-03T20:25:33.353-0200: 172,563: Total time for which application threads were stopped: 0,0000315 seconds, Stopping threads took: 0,0000058 seconds
2018-01-03T20:25:33.354-0200: 172,564: Total time for which application threads were stopped: 0,0000396 seconds, Stopping threads took: 0,0000074 seconds
2018-01-03T20:25:33.354-0200: 172,564: Total time for which application threads were stopped: 0,0000316 seconds, Stopping threads took: 0,0000053 seconds
2018-01-03T20:25:33.373-0200: 172,582: Total time for which application threads were stopped: 0,0073977 seconds, Stopping threads took: 0,0073147 seconds
2018-01-03T20:25:33.383-0200: 172,592: Total time for which application threads were stopped: 0,0016055 seconds, Stopping threads took: 0,0015351 seconds
2018-01-03T20:25:33.383-0200: 172,592: Total time for which application threads were stopped: 0,0000343 seconds, Stopping threads took: 0,0000069 seconds
2018-01-03T20:25:34.387-0200: 173,596: Total time for which application threads were stopped: 0,0038435 seconds, Stopping threads took: 0,0037875 seconds
2018-01-03T20:25:35.152-0200: 174,362: Total time for which application threads were stopped: 0,0113106 seconds, Stopping threads took: 0,0111755 seconds
2018-01-03T20:25:35.192-0200: 174,402: Total time for which application threads were stopped: 0,0057536 seconds, Stopping threads took: 0,0056401 seconds
2018-01-03T20:25:35.226-0200: 174,436: Total time for which application threads were stopped: 0,0067136 seconds, Stopping threads took: 0,0065874 seconds
2018-01-03T20:25:35.298-0200: 174,508: Total time for which application threads were stopped: 0,0103711 seconds, Stopping threads took: 0,0102868 seconds
{Heap before GC invocations=67 (full 1):
 par new generation   total 655360K, used 626700K [0x0000000700000000, 0x0000000730000000, 0x0000000730000000)
  eden space 524288K, 100% used [0x0000000700000000, 0x0000000720000000, 0x0000000720000000)
  from space 131072K,  78% used [0x0000000728000000, 0x000000072e4031c0, 0x0000000730000000)
  to   space 131072K,   0% used [0x0000000720000000, 0x0000000720000000, 0x0000000728000000)
 concurrent mark-sweep generation total 2359296K, used 389025K [0x0000000730000000, 0x00000007c0000000, 0x00000007c0000000)
 Metaspace       used 44374K, capacity 46227K, committed 46472K, reserved 1089536K
  class space    used 5175K, capacity 5717K, committed 5792K, reserved 1048576K
2018-01-03T20:25:35.307-0200: 174,516: [GC (Allocation Failure) 2018-01-03T20:25:35.307-0200: 174,516: [ParNew
Desired survivor size 120795952 bytes, new threshold 8 (max 8)
- age   1:   11630056 bytes,   11630056 total
- age   2:    8183736 bytes,   19813792 total
- age   3:     352840 bytes,   20166632 total
- age   4:      80056 bytes,   20246688 total
- age   5:        120 bytes,   20246808 total
- age   6:        240 bytes,   20247048 total
- age   7:        144 bytes,   20247192 total
- age   8:       2976 bytes,   20250168 total
: 626700K->39788K(655360K), 0,1737531 secs] 1015726K->428830K(3014656K), 0,1738176 secs] [Times: user=0,08 sys=0,00, real=0,17 secs] 
Heap after GC invocations=68 (full 1):
 par new generation   total 655360K, used 39788K [0x0000000700000000, 0x0000000730000000, 0x0000000730000000)
  eden space 524288K,   0% used [0x0000000700000000, 0x0000000700000000, 0x0000000720000000)
  from space 131072K,  30% used [0x0000000720000000, 0x00000007226db010, 0x0000000728000000)
  to   space 131072K,   0% used [0x0000000728000000, 0x0000000728000000, 0x0000000730000000)
 concurrent mark-sweep generation total 2359296K, used 389042K [0x0000000730000000, 0x00000007c0000000, 0x00000007c0000000)
 Metaspace       used 44374K, capacity 46227K, committed 46472K, reserved 1089536K
  class space    used 5175K, capacity 5717K, committed 5792K, reserved 1048576K
}
2018-01-03T20:25:35.481-0200: 174,690: Total time for which application threads were stopped: 0,1747044 seconds, Stopping threads took: 0,0007378 seconds
2018-01-03T20:25:35.525-0200: 174,735: Total time for which application threads were stopped: 0,0080129 seconds, Stopping threads took: 0,0078994 seconds
2018-01-03T20:25:35.573-0200: 174,783: Total time for which application threads were stopped: 0,0068092 seconds, Stopping threads took: 0,0067070 seconds
2018-01-03T20:25:35.644-0200: 174,854: Total time for which application threads were stopped: 0,0056841 seconds, Stopping threads took: 0,0055198 seconds
2018-01-03T20:25:35.707-0200: 174,916: Total time for which application threads were stopped: 0,0085480 seconds, Stopping threads took: 0,0084336 seconds
2018-01-03T20:25:35.829-0200: 175,039: Total time for which application threads were stopped: 0,0103048 seconds, Stopping threads took: 0,0102065 seconds
2018-01-03T20:25:35.913-0200: 175,123: Total time for which application threads were stopped: 0,0067879 seconds, Stopping threads took: 0,0066828 seconds
2018-01-03T20:25:36.002-0200: 175,211: Total time for which application threads were stopped: 0,0167342 seconds, Stopping threads took: 0,0166384 seconds
2018-01-03T20:25:36.525-0200: 175,735: Total time for which application threads were stopped: 0,0027089 seconds, Stopping threads took: 0,0026099 seconds
2018-01-03T20:25:36.809-0200: 176,018: Total time for which application threads were stopped: 0,0084516 seconds, Stopping threads took: 0,0083558 seconds
2018-01-03T20:25:36.827-0200: 176,036: Total time for which application threads were stopped: 0,0088736 seconds, Stopping threads took: 0,0087823 seconds
2018-01-03T20:25:36.955-0200: 176,165: Total time for which application threads were stopped: 0,0061136 seconds, Stopping threads took: 0,0059837 seconds
2018-01-03T20:25:36.960-0200: 176,170: Total time for which application threads were stopped: 0,0001571 seconds, Stopping threads took: 0,0000513 seconds
2018-01-03T20:25:36.960-0200: 176,170: Total time for which application threads were stopped: 0,0000633 seconds, Stopping threads took: 0,0000061 seconds
2018-01-03T20:25:36.960-0200: 176,170: Total time for which application threads were stopped: 0,0000730 seconds, Stopping threads took: 0,0000056 seconds
2018-01-03T20:25:36.983-0200: 176,193: Total time for which application threads were stopped: 0,0034317 seconds, Stopping threads took: 0,0033763 seconds
2018-01-03T20:25:37.007-0200: 176,217: Total time for which application threads were stopped: 0,0000874 seconds, Stopping threads took: 0,0000312 seconds
2018-01-03T20:25:37.009-0200: 176,218: Total time for which application threads were stopped: 0,0018461 seconds, Stopping threads took: 0,0018118 seconds
2018-01-03T20:25:37.081-0200: 176,290: Total time for which application threads were stopped: 0,0064354 seconds, Stopping threads took: 0,0063352 seconds
2018-01-03T20:25:37.214-0200: 176,424: Total time for which application threads were stopped: 0,0070243 seconds, Stopping threads took: 0,0069244 seconds
2018-01-03T20:25:37.215-0200: 176,424: Total time for which application threads were stopped: 0,0001051 seconds, Stopping threads took: 0,0000073 seconds
2018-01-03T20:25:37.231-0200: 176,440: Total time for which application threads were stopped: 0,0060307 seconds, Stopping threads took: 0,0059317 seconds
2018-01-03T20:25:37.310-0200: 176,520: Total time for which application threads were stopped: 0,0022406 seconds, Stopping threads took: 0,0021809 seconds
2018-01-03T20:25:37.361-0200: 176,571: Total time for which application threads were stopped: 0,0054659 seconds, Stopping threads took: 0,0053931 seconds
2018-01-03T20:25:37.362-0200: 176,571: Total time for which application threads were stopped: 0,0000958 seconds, Stopping threads took: 0,0000082 seconds
2018-01-03T20:25:37.362-0200: 176,572: Total time for which application threads were stopped: 0,0000527 seconds, Stopping threads took: 0,0000062 seconds
2018-01-03T20:25:37.362-0200: 176,572: Total time for which application threads were stopped: 0,0000482 seconds, Stopping threads took: 0,0000061 seconds
2018-01-03T20:25:37.369-0200: 176,579: Total time for which application threads were stopped: 0,0001354 seconds, Stopping threads took: 0,0000305 seconds
2018-01-03T20:25:37.371-0200: 176,580: Total time for which application threads were stopped: 0,0001093 seconds, Stopping threads took: 0,0000262 seconds
2018-01-03T20:25:37.438-0200: 176,648: Total time for which application threads were stopped: 0,0046096 seconds, Stopping threads took: 0,0045188 seconds
2018-01-03T20:25:37.439-0200: 176,648: Total time for which application threads were stopped: 0,0000854 seconds, Stopping threads took: 0,0000093 seconds
2018-01-03T20:25:37.439-0200: 176,648: Total time for which application threads were stopped: 0,0000445 seconds, Stopping threads took: 0,0000093 seconds
2018-01-03T20:25:37.439-0200: 176,648: Total time for which application threads were stopped: 0,0000374 seconds, Stopping threads took: 0,0000052 seconds
2018-01-03T20:25:37.439-0200: 176,648: Total time for which application threads were stopped: 0,0000363 seconds, Stopping threads took: 0,0000048 seconds
2018-01-03T20:25:37.444-0200: 176,653: Total time for which application threads were stopped: 0,0007151 seconds, Stopping threads took: 0,0006535 seconds
2018-01-03T20:25:37.451-0200: 176,660: Total time for which application threads were stopped: 0,0035978 seconds, Stopping threads took: 0,0035285 seconds
2018-01-03T20:25:37.451-0200: 176,660: Total time for which application threads were stopped: 0,0000470 seconds, Stopping threads took: 0,0000078 seconds
2018-01-03T20:25:37.451-0200: 176,661: Total time for which application threads were stopped: 0,0000318 seconds, Stopping threads took: 0,0000047 seconds
2018-01-03T20:25:37.451-0200: 176,661: Total time for which application threads were stopped: 0,0000305 seconds, Stopping threads took: 0,0000045 seconds
2018-01-03T20:25:37.451-0200: 176,661: Total time for which application threads were stopped: 0,0000316 seconds, Stopping threads took: 0,0000048 seconds
2018-01-03T20:25:37.451-0200: 176,661: Total time for which application threads were stopped: 0,0000303 seconds, Stopping threads took: 0,0000045 seconds
2018-01-03T20:25:37.451-0200: 176,661: Total time for which application threads were stopped: 0,0000297 seconds, Stopping threads took: 0,0000044 seconds
2018-01-03T20:25:37.451-0200: 176,661: Total time for which application threads were stopped: 0,0000306 seconds, Stopping threads took: 0,0000045 seconds
2018-01-03T20:25:37.452-0200: 176,661: Total time for which application threads were stopped: 0,0007214 seconds, Stopping threads took: 0,0000044 seconds
2018-01-03T20:25:37.452-0200: 176,662: Total time for which application threads were stopped: 0,0000342 seconds, Stopping threads took: 0,0000056 seconds
2018-01-03T20:25:37.452-0200: 176,662: Total time for which application threads were stopped: 0,0001244 seconds, Stopping threads took: 0,0000047 seconds
2018-01-03T20:25:37.452-0200: 176,662: Total time for which application threads were stopped: 0,0000371 seconds, Stopping threads took: 0,0000069 seconds
2018-01-03T20:25:37.469-0200: 176,678: Total time for which application threads were stopped: 0,0010873 seconds, Stopping threads took: 0,0010278 seconds
2018-01-03T20:25:37.469-0200: 176,679: Total time for which application threads were stopped: 0,0000508 seconds, Stopping threads took: 0,0000087 seconds
2018-01-03T20:25:37.470-0200: 176,680: Total time for which application threads were stopped: 0,0000410 seconds, Stopping threads took: 0,0000071 seconds
{Heap before GC invocations=68 (full 1):
 par new generation   total 655360K, used 564076K [0x0000000700000000, 0x0000000730000000, 0x0000000730000000)
  eden space 524288K, 100% used [0x0000000700000000, 0x0000000720000000, 0x0000000720000000)
  from space 131072K,  30% used [0x0000000720000000, 0x00000007226db010, 0x0000000728000000)
  to   space 131072K,   0% used [0x0000000728000000, 0x0000000728000000, 0x0000000730000000)
 concurrent mark-sweep generation total 2359296K, used 389042K [0x0000000730000000, 0x00000007c0000000, 0x00000007c0000000)
 Metaspace       used 44571K, capacity 46351K, committed 46472K, reserved 1089536K
  class space    used 5185K, capacity 5732K, committed 5792K, reserved 1048576K
2018-01-03T20:25:37.887-0200: 177,097: [GC (Allocation Failure) 2018-01-03T20:25:37.887-0200: 177,097: [ParNew
Desired survivor size 120795952 bytes, new threshold 8 (max 8)
- age   1:    6661640 bytes,    6661640 total
- age   2:    1018192 bytes,    7679832 total
- age   3:     258400 bytes,    7938232 total
- age   4:     221584 bytes,    8159816 total
- age   5:      79792 bytes,    8239608 total
- age   6:        120 bytes,    8239728 total
- age   7:        240 bytes,    8239968 total
- age   8:        144 bytes,    8240112 total
: 564076K->12924K(655360K), 0,0481233 secs] 953118K->401969K(3014656K), 0,0481775 secs] [Times: user=0,05 sys=0,00, real=0,05 secs] 
Heap after GC invocations=69 (full 1):
 par new generation   total 655360K, used 12924K [0x0000000700000000, 0x0000000730000000, 0x0000000730000000)
  eden space 524288K,   0% used [0x0000000700000000, 0x0000000700000000, 0x0000000720000000)
  from space 131072K,   9% used [0x0000000728000000, 0x0000000728c9f018, 0x0000000730000000)
  to   space 131072K,   0% used [0x0000000720000000, 0x0000000720000000, 0x0000000728000000)
 concurrent mark-sweep generation total 2359296K, used 389045K [0x0000000730000000, 0x00000007c0000000, 0x00000007c0000000)
 Metaspace       used 44571K, capacity 46351K, committed 46472K, reserved 1089536K
  class space    used 5185K, capacity 5732K, committed 5792K, reserved 1048576K
}
2018-01-03T20:25:37.935-0200: 177,145: Total time for which application threads were stopped: 0,0528146 seconds, Stopping threads took: 0,0045036 seconds
2018-01-03T20:25:37.943-0200: 177,152: Total time for which application threads were stopped: 0,0021664 seconds, Stopping threads took: 0,0021091 seconds
2018-01-03T20:25:38.514-0200: 177,723: Total time for which application threads were stopped: 0,0065959 seconds, Stopping threads took: 0,0064072 seconds
2018-01-03T20:25:38.525-0200: 177,735: Total time for which application threads were stopped: 0,0035080 seconds, Stopping threads took: 0,0034349 seconds
2018-01-03T20:25:38.539-0200: 177,749: Total time for which application threads were stopped: 0,0042809 seconds, Stopping threads took: 0,0042090 seconds
2018-01-03T20:25:38.539-0200: 177,749: Total time for which application threads were stopped: 0,0000486 seconds, Stopping threads took: 0,0000086 seconds
2018-01-03T20:25:38.581-0200: 177,791: Total time for which application threads were stopped: 0,0112416 seconds, Stopping threads took: 0,0111610 seconds
2018-01-03T20:25:38.586-0200: 177,796: Total time for which application threads were stopped: 0,0001010 seconds, Stopping threads took: 0,0000436 seconds
{Heap before GC invocations=69 (full 1):
 par new generation   total 655360K, used 537212K [0x0000000700000000, 0x0000000730000000, 0x0000000730000000)
  eden space 524288K, 100% used [0x0000000700000000, 0x0000000720000000, 0x0000000720000000)
  from space 131072K,   9% used [0x0000000728000000, 0x0000000728c9f018, 0x0000000730000000)
  to   space 131072K,   0% used [0x0000000720000000, 0x0000000720000000, 0x0000000728000000)
 concurrent mark-sweep generation total 2359296K, used 389045K [0x0000000730000000, 0x00000007c0000000, 0x00000007c0000000)
 Metaspace       used 44574K, capacity 46351K, committed 46472K, reserved 1089536K
  class space    used 5185K, capacity 5732K, committed 5792K, reserved 1048576K
2018-01-03T20:25:39.230-0200: 178,440: [GC (Allocation Failure) 2018-01-03T20:25:39.230-0200: 178,440: [ParNew
Desired survivor size 120795952 bytes, new threshold 8 (max 8)
- age   1:    9641504 bytes,    9641504 total
- age   2:    5961568 bytes,   15603072 total
- age   3:    1007320 bytes,   16610392 total
- age   4:     258048 bytes,   16868440 total
- age   5:     221584 bytes,   17090024 total
- age   6:      79792 bytes,   17169816 total
- age   7:        120 bytes,   17169936 total
- age   8:        240 bytes,   17170176 total
: 537212K->18514K(655360K), 0,0662701 secs] 926257K->407559K(3014656K), 0,0663642 secs] [Times: user=0,07 sys=0,00, real=0,07 secs] 
Heap after GC invocations=70 (full 1):
 par new generation   total 655360K, used 18514K [0x0000000700000000, 0x0000000730000000, 0x0000000730000000)
  eden space 524288K,   0% used [0x0000000700000000, 0x0000000700000000, 0x0000000720000000)
  from space 131072K,  14% used [0x0000000720000000, 0x0000000721214910, 0x0000000728000000)
  to   space 131072K,   0% used [0x0000000728000000, 0x0000000728000000, 0x0000000730000000)
 concurrent mark-sweep generation total 2359296K, used 389045K [0x0000000730000000, 0x00000007c0000000, 0x00000007c0000000)
 Metaspace       used 44574K, capacity 46351K, committed 46472K, reserved 1089536K
  class space    used 5185K, capacity 5732K, committed 5792K, reserved 1048576K
}
2018-01-03T20:25:39.297-0200: 178,506: Total time for which application threads were stopped: 0,0740753 seconds, Stopping threads took: 0,0075663 seconds
2018-01-03T20:25:40.129-0200: 179,338: Total time for which application threads were stopped: 0,0039581 seconds, Stopping threads took: 0,0038847 seconds
2018-01-03T20:25:40.789-0200: 179,998: Total time for which application threads were stopped: 0,6016115 seconds, Stopping threads took: 0,6012028 seconds
2018-01-03T20:25:40.797-0200: 180,007: Total time for which application threads were stopped: 0,0001393 seconds, Stopping threads took: 0,0000158 seconds
2018-01-03T20:25:40.815-0200: 180,025: Total time for which application threads were stopped: 0,0011920 seconds, Stopping threads took: 0,0011239 seconds
2018-01-03T20:25:40.815-0200: 180,025: Total time for which application threads were stopped: 0,0000613 seconds, Stopping threads took: 0,0000125 seconds
2018-01-03T20:25:40.816-0200: 180,025: Total time for which application threads were stopped: 0,0001510 seconds, Stopping threads took: 0,0000055 seconds
2018-01-03T20:25:40.843-0200: 180,052: Total time for which application threads were stopped: 0,0057456 seconds, Stopping threads took: 0,0056762 seconds
2018-01-03T20:25:40.843-0200: 180,052: Total time for which application threads were stopped: 0,0000424 seconds, Stopping threads took: 0,0000075 seconds
2018-01-03T20:25:40.868-0200: 180,077: Total time for which application threads were stopped: 0,0043527 seconds, Stopping threads took: 0,0042821 seconds
2018-01-03T20:25:40.870-0200: 180,079: Total time for which application threads were stopped: 0,0000624 seconds, Stopping threads took: 0,0000122 seconds
{Heap before GC invocations=70 (full 1):
 par new generation   total 655360K, used 542802K [0x0000000700000000, 0x0000000730000000, 0x0000000730000000)
  eden space 524288K, 100% used [0x0000000700000000, 0x0000000720000000, 0x0000000720000000)
  from space 131072K,  14% used [0x0000000720000000, 0x0000000721214910, 0x0000000728000000)
  to   space 131072K,   0% used [0x0000000728000000, 0x0000000728000000, 0x0000000730000000)
 concurrent mark-sweep generation total 2359296K, used 389045K [0x0000000730000000, 0x00000007c0000000, 0x00000007c0000000)
 Metaspace       used 44593K, capacity 46351K, committed 46472K, reserved 1089536K
  class space    used 5185K, capacity 5732K, committed 5792K, reserved 1048576K
2018-01-03T20:25:41.215-0200: 180,425: [GC (Allocation Failure) 2018-01-03T20:25:41.215-0200: 180,425: [ParNew
Desired survivor size 120795952 bytes, new threshold 8 (max 8)
- age   1:   13208776 bytes,   13208776 total
- age   2:    7799584 bytes,   21008360 total
- age   3:    5777264 bytes,   26785624 total
- age   4:    1007000 bytes,   27792624 total
- age   5:     257744 bytes,   28050368 total
- age   6:     221584 bytes,   28271952 total
- age   7:      79488 bytes,   28351440 total
- age   8:        120 bytes,   28351560 total
: 542802K->37479K(655360K), 0,0794568 secs] 931847K->426525K(3014656K), 0,0795232 secs] [Times: user=0,07 sys=0,00, real=0,08 secs] 
Heap after GC invocations=71 (full 1):
 par new generation   total 655360K, used 37479K [0x0000000700000000, 0x0000000730000000, 0x0000000730000000)
  eden space 524288K,   0% used [0x0000000700000000, 0x0000000700000000, 0x0000000720000000)
  from space 131072K,  28% used [0x0000000728000000, 0x000000072a499ea8, 0x0000000730000000)
  to   space 131072K,   0% used [0x0000000720000000, 0x0000000720000000, 0x0000000728000000)
 concurrent mark-sweep generation total 2359296K, used 389045K [0x0000000730000000, 0x00000007c0000000, 0x00000007c0000000)
 Metaspace       used 44593K, capacity 46351K, committed 46472K, reserved 1089536K
  class space    used 5185K, capacity 5732K, committed 5792K, reserved 1048576K
}
2018-01-03T20:25:41.295-0200: 180,504: Total time for which application threads were stopped: 0,0881322 seconds, Stopping threads took: 0,0084838 seconds
{Heap before GC invocations=71 (full 1):
 par new generation   total 655360K, used 561767K [0x0000000700000000, 0x0000000730000000, 0x0000000730000000)
  eden space 524288K, 100% used [0x0000000700000000, 0x0000000720000000, 0x0000000720000000)
  from space 131072K,  28% used [0x0000000728000000, 0x000000072a499ea8, 0x0000000730000000)
  to   space 131072K,   0% used [0x0000000720000000, 0x0000000720000000, 0x0000000728000000)
 concurrent mark-sweep generation total 2359296K, used 389045K [0x0000000730000000, 0x00000007c0000000, 0x00000007c0000000)
 Metaspace       used 44593K, capacity 46351K, committed 46472K, reserved 1089536K
  class space    used 5185K, capacity 5732K, committed 5792K, reserved 1048576K
2018-01-03T20:25:42.253-0200: 181,462: [GC (Allocation Failure) 2018-01-03T20:25:42.253-0200: 181,462: [ParNew
Desired survivor size 120795952 bytes, new threshold 8 (max 8)
- age   1:   11832152 bytes,   11832152 total
- age   2:   10498880 bytes,   22331032 total
- age   3:    7766800 bytes,   30097832 total
- age   4:    5776816 bytes,   35874648 total
- age   5:    1007000 bytes,   36881648 total
- age   6:     257744 bytes,   37139392 total
- age   7:     221584 bytes,   37360976 total
- age   8:      79488 bytes,   37440464 total
: 561767K->41881K(655360K), 0,0829826 secs] 950813K->430927K(3014656K), 0,0834610 secs] [Times: user=0,07 sys=0,00, real=0,09 secs] 
Heap after GC invocations=72 (full 1):
 par new generation   total 655360K, used 41881K [0x0000000700000000, 0x0000000730000000, 0x0000000730000000)
  eden space 524288K,   0% used [0x0000000700000000, 0x0000000700000000, 0x0000000720000000)
  from space 131072K,  31% used [0x0000000720000000, 0x00000007228e66f0, 0x0000000728000000)
  to   space 131072K,   0% used [0x0000000728000000, 0x0000000728000000, 0x0000000730000000)
 concurrent mark-sweep generation total 2359296K, used 389045K [0x0000000730000000, 0x00000007c0000000, 0x00000007c0000000)
 Metaspace       used 44593K, capacity 46351K, committed 46472K, reserved 1089536K
  class space    used 5185K, capacity 5732K, committed 5792K, reserved 1048576K
}
2018-01-03T20:25:42.336-0200: 181,546: Total time for which application threads were stopped: 0,0931979 seconds, Stopping threads took: 0,0096019 seconds
{Heap before GC invocations=72 (full 1):
 par new generation   total 655360K, used 566169K [0x0000000700000000, 0x0000000730000000, 0x0000000730000000)
  eden space 524288K, 100% used [0x0000000700000000, 0x0000000720000000, 0x0000000720000000)
  from space 131072K,  31% used [0x0000000720000000, 0x00000007228e66f0, 0x0000000728000000)
  to   space 131072K,   0% used [0x0000000728000000, 0x0000000728000000, 0x0000000730000000)
 concurrent mark-sweep generation total 2359296K, used 389045K [0x0000000730000000, 0x00000007c0000000, 0x00000007c0000000)
 Metaspace       used 44593K, capacity 46351K, committed 46472K, reserved 1089536K
  class space    used 5185K, capacity 5732K, committed 5792K, reserved 1048576K
2018-01-03T20:25:43.696-0200: 182,906: [GC (Allocation Failure) 2018-01-03T20:25:43.696-0200: 182,906: [ParNew
Desired survivor size 120795952 bytes, new threshold 8 (max 8)
- age   1:   10693016 bytes,   10693016 total
- age   2:    8884216 bytes,   19577232 total
- age   3:   10227488 bytes,   29804720 total
- age   4:    7766800 bytes,   37571520 total
- age   5:    5776312 bytes,   43347832 total
- age   6:    1007000 bytes,   44354832 total
- age   7:     257744 bytes,   44612576 total
- age   8:     221584 bytes,   44834160 total
: 566169K->60971K(655360K), 0,1659664 secs] 955215K->450095K(3014656K), 0,1660267 secs] [Times: user=0,07 sys=0,00, real=0,17 secs] 
Heap after GC invocations=73 (full 1):
 par new generation   total 655360K, used 60971K [0x0000000700000000, 0x0000000730000000, 0x0000000730000000)
  eden space 524288K,   0% used [0x0000000700000000, 0x0000000700000000, 0x0000000720000000)
  from space 131072K,  46% used [0x0000000728000000, 0x000000072bb8adc0, 0x0000000730000000)
  to   space 131072K,   0% used [0x0000000720000000, 0x0000000720000000, 0x0000000728000000)
 concurrent mark-sweep generation total 2359296K, used 389123K [0x0000000730000000, 0x00000007c0000000, 0x00000007c0000000)
 Metaspace       used 44593K, capacity 46351K, committed 46472K, reserved 1089536K
  class space    used 5185K, capacity 5732K, committed 5792K, reserved 1048576K
}
2018-01-03T20:25:43.862-0200: 183,072: Total time for which application threads were stopped: 0,1661681 seconds, Stopping threads took: 0,0000254 seconds
2018-01-03T20:25:43.875-0200: 183,084: Total time for which application threads were stopped: 0,0031593 seconds, Stopping threads took: 0,0030558 seconds
2018-01-03T20:25:43.932-0200: 183,141: Total time for which application threads were stopped: 0,0090044 seconds, Stopping threads took: 0,0089388 seconds
2018-01-03T20:25:43.932-0200: 183,142: Total time for which application threads were stopped: 0,0000454 seconds, Stopping threads took: 0,0000075 seconds
2018-01-03T20:25:43.953-0200: 183,162: Total time for which application threads were stopped: 0,0041943 seconds, Stopping threads took: 0,0040179 seconds
2018-01-03T20:25:43.953-0200: 183,162: Total time for which application threads were stopped: 0,0000389 seconds, Stopping threads took: 0,0000077 seconds
2018-01-03T20:25:44.077-0200: 183,287: Total time for which application threads were stopped: 0,0032102 seconds, Stopping threads took: 0,0031205 seconds
2018-01-03T20:25:44.078-0200: 183,287: Total time for which application threads were stopped: 0,0000554 seconds, Stopping threads took: 0,0000090 seconds
2018-01-03T20:25:44.078-0200: 183,287: Total time for which application threads were stopped: 0,0000389 seconds, Stopping threads took: 0,0000055 seconds
2018-01-03T20:25:44.078-0200: 183,287: Total time for which application threads were stopped: 0,0000357 seconds, Stopping threads took: 0,0000049 seconds
2018-01-03T20:25:44.080-0200: 183,290: Total time for which application threads were stopped: 0,0001943 seconds, Stopping threads took: 0,0000369 seconds
2018-01-03T20:25:44.080-0200: 183,290: Total time for which application threads were stopped: 0,0000476 seconds, Stopping threads took: 0,0000059 seconds
2018-01-03T20:25:44.081-0200: 183,290: Total time for which application threads were stopped: 0,0000414 seconds, Stopping threads took: 0,0000060 seconds
2018-01-03T20:25:44.113-0200: 183,323: Total time for which application threads were stopped: 0,0068097 seconds, Stopping threads took: 0,0067397 seconds
2018-01-03T20:25:44.113-0200: 183,323: Total time for which application threads were stopped: 0,0000448 seconds, Stopping threads took: 0,0000078 seconds
2018-01-03T20:25:44.147-0200: 183,357: Total time for which application threads were stopped: 0,0066890 seconds, Stopping threads took: 0,0066301 seconds
2018-01-03T20:25:44.154-0200: 183,364: Total time for which application threads were stopped: 0,0016579 seconds, Stopping threads took: 0,0016007 seconds
{Heap before GC invocations=73 (full 1):
 par new generation   total 655360K, used 585259K [0x0000000700000000, 0x0000000730000000, 0x0000000730000000)
  eden space 524288K, 100% used [0x0000000700000000, 0x0000000720000000, 0x0000000720000000)
  from space 131072K,  46% used [0x0000000728000000, 0x000000072bb8adc0, 0x0000000730000000)
  to   space 131072K,   0% used [0x0000000720000000, 0x0000000720000000, 0x0000000728000000)
 concurrent mark-sweep generation total 2359296K, used 389123K [0x0000000730000000, 0x00000007c0000000, 0x00000007c0000000)
 Metaspace       used 44637K, capacity 46575K, committed 46728K, reserved 1089536K
  class space    used 5187K, capacity 5764K, committed 5792K, reserved 1048576K
2018-01-03T20:25:45.431-0200: 184,641: [GC (Allocation Failure) 2018-01-03T20:25:45.431-0200: 184,641: [ParNew
Desired survivor size 120795952 bytes, new threshold 8 (max 8)
- age   1:   13530616 bytes,   13530616 total
- age   2:    6984776 bytes,   20515392 total
- age   3:    8884216 bytes,   29399608 total
- age   4:    9612304 bytes,   39011912 total
- age   5:    7766736 bytes,   46778648 total
- age   6:    5776312 bytes,   52554960 total
- age   7:    1006856 bytes,   53561816 total
- age   8:     257744 bytes,   53819560 total
: 585259K->66110K(655360K), 0,0837788 secs] 974383K->455455K(3014656K), 0,0838445 secs] [Times: user=0,09 sys=0,00, real=0,09 secs] 
Heap after GC invocations=74 (full 1):
 par new generation   total 655360K, used 66110K [0x0000000700000000, 0x0000000730000000, 0x0000000730000000)
  eden space 524288K,   0% used [0x0000000700000000, 0x0000000700000000, 0x0000000720000000)
  from space 131072K,  50% used [0x0000000720000000, 0x000000072408fa10, 0x0000000728000000)
  to   space 131072K,   0% used [0x0000000728000000, 0x0000000728000000, 0x0000000730000000)
 concurrent mark-sweep generation total 2359296K, used 389345K [0x0000000730000000, 0x00000007c0000000, 0x00000007c0000000)
 Metaspace       used 44637K, capacity 46575K, committed 46728K, reserved 1089536K
  class space    used 5187K, capacity 5764K, committed 5792K, reserved 1048576K
}
2018-01-03T20:25:45.515-0200: 184,725: Total time for which application threads were stopped: 0,0898154 seconds, Stopping threads took: 0,0058422 seconds
{Heap before GC invocations=74 (full 1):
 par new generation   total 655360K, used 590398K [0x0000000700000000, 0x0000000730000000, 0x0000000730000000)
  eden space 524288K, 100% used [0x0000000700000000, 0x0000000720000000, 0x0000000720000000)
  from space 131072K,  50% used [0x0000000720000000, 0x000000072408fa10, 0x0000000728000000)
  to   space 131072K,   0% used [0x0000000728000000, 0x0000000728000000, 0x0000000730000000)
 concurrent mark-sweep generation total 2359296K, used 389345K [0x0000000730000000, 0x00000007c0000000, 0x00000007c0000000)
 Metaspace       used 44639K, capacity 46575K, committed 46728K, reserved 1089536K
  class space    used 5187K, capacity 5764K, committed 5792K, reserved 1048576K
2018-01-03T20:25:46.441-0200: 185,650: [GC (Allocation Failure) 2018-01-03T20:25:46.441-0200: 185,650: [ParNew
Desired survivor size 120795952 bytes, new threshold 8 (max 8)
- age   1:   15103360 bytes,   15103360 total
- age   2:    8966056 bytes,   24069416 total
- age   3:    6951248 bytes,   31020664 total
- age   4:    7835608 bytes,   38856272 total
- age   5:    9612304 bytes,   48468576 total
- age   6:    7766736 bytes,   56235312 total
- age   7:    5776312 bytes,   62011624 total
- age   8:    1006856 bytes,   63018480 total
: 590398K->90857K(655360K), 0,0871929 secs] 979743K->480457K(3014656K), 0,0872530 secs] [Times: user=0,08 sys=0,00, real=0,09 secs] 
Heap after GC invocations=75 (full 1):
 par new generation   total 655360K, used 90857K [0x0000000700000000, 0x0000000730000000, 0x0000000730000000)
  eden space 524288K,   0% used [0x0000000700000000, 0x0000000700000000, 0x0000000720000000)
  from space 131072K,  69% used [0x0000000728000000, 0x000000072d8ba580, 0x0000000730000000)
  to   space 131072K,   0% used [0x0000000720000000, 0x0000000720000000, 0x0000000728000000)
 concurrent mark-sweep generation total 2359296K, used 389600K [0x0000000730000000, 0x00000007c0000000, 0x00000007c0000000)
 Metaspace       used 44639K, capacity 46575K, committed 46728K, reserved 1089536K
  class space    used 5187K, capacity 5764K, committed 5792K, reserved 1048576K
}
2018-01-03T20:25:46.528-0200: 185,738: Total time for which application threads were stopped: 0,0895660 seconds, Stopping threads took: 0,0021555 seconds
2018-01-03T20:25:46.743-0200: 185,952: Total time for which application threads were stopped: 0,0024221 seconds, Stopping threads took: 0,0023172 seconds
2018-01-03T20:25:46.816-0200: 186,025: Total time for which application threads were stopped: 0,0119267 seconds, Stopping threads took: 0,0118681 seconds
2018-01-03T20:25:46.818-0200: 186,028: Total time for which application threads were stopped: 0,0009589 seconds, Stopping threads took: 0,0009089 seconds
2018-01-03T20:25:46.901-0200: 186,111: Total time for which application threads were stopped: 0,0047628 seconds, Stopping threads took: 0,0046691 seconds
2018-01-03T20:25:46.950-0200: 186,160: Total time for which application threads were stopped: 0,0000899 seconds, Stopping threads took: 0,0000233 seconds
2018-01-03T20:25:47.079-0200: 186,289: Total time for which application threads were stopped: 0,0062383 seconds, Stopping threads took: 0,0061286 seconds
2018-01-03T20:25:47.079-0200: 186,289: Total time for which application threads were stopped: 0,0000500 seconds, Stopping threads took: 0,0000082 seconds
2018-01-03T20:25:48.095-0200: 187,305: Total time for which application threads were stopped: 0,0134222 seconds, Stopping threads took: 0,0133588 seconds
2018-01-03T20:25:48.159-0200: 187,369: Total time for which application threads were stopped: 0,0073425 seconds, Stopping threads took: 0,0072657 seconds
{Heap before GC invocations=75 (full 1):
 par new generation   total 655360K, used 615145K [0x0000000700000000, 0x0000000730000000, 0x0000000730000000)
  eden space 524288K, 100% used [0x0000000700000000, 0x0000000720000000, 0x0000000720000000)
  from space 131072K,  69% used [0x0000000728000000, 0x000000072d8ba580, 0x0000000730000000)
  to   space 131072K,   0% used [0x0000000720000000, 0x0000000720000000, 0x0000000728000000)
 concurrent mark-sweep generation total 2359296K, used 389600K [0x0000000730000000, 0x00000007c0000000, 0x00000007c0000000)
 Metaspace       used 44828K, capacity 46715K, committed 46984K, reserved 1091584K
  class space    used 5205K, capacity 5766K, committed 5792K, reserved 1048576K
2018-01-03T20:25:48.487-0200: 187,696: [GC (Allocation Failure) 2018-01-03T20:25:48.487-0200: 187,697: [ParNew
Desired survivor size 120795952 bytes, new threshold 8 (max 8)
- age   1:    4427240 bytes,    4427240 total
- age   2:   11322760 bytes,   15750000 total
- age   3:    7459376 bytes,   23209376 total
- age   4:    5829304 bytes,   29038680 total
- age   5:    6331688 bytes,   35370368 total
- age   6:    7938440 bytes,   43308808 total
- age   7:    6265568 bytes,   49574376 total
- age   8:    5114432 bytes,   54688808 total
: 615145K->78503K(655360K), 0,0776725 secs] 1004745K->469089K(3014656K), 0,0777697 secs] [Times: user=0,08 sys=0,00, real=0,08 secs] 
Heap after GC invocations=76 (full 1):
 par new generation   total 655360K, used 78503K [0x0000000700000000, 0x0000000730000000, 0x0000000730000000)
  eden space 524288K,   0% used [0x0000000700000000, 0x0000000700000000, 0x0000000720000000)
  from space 131072K,  59% used [0x0000000720000000, 0x0000000724ca9d08, 0x0000000728000000)
  to   space 131072K,   0% used [0x0000000728000000, 0x0000000728000000, 0x0000000730000000)
 concurrent mark-sweep generation total 2359296K, used 390586K [0x0000000730000000, 0x00000007c0000000, 0x00000007c0000000)
 Metaspace       used 44828K, capacity 46715K, committed 46984K, reserved 1091584K
  class space    used 5205K, capacity 5766K, committed 5792K, reserved 1048576K
}
2018-01-03T20:25:48.565-0200: 187,774: Total time for which application threads were stopped: 0,0779512 seconds, Stopping threads took: 0,0000331 seconds
2018-01-03T20:25:48.713-0200: 187,923: Total time for which application threads were stopped: 0,0037481 seconds, Stopping threads took: 0,0036981 seconds
2018-01-03T20:25:48.713-0200: 187,923: Total time for which application threads were stopped: 0,0000319 seconds, Stopping threads took: 0,0000062 seconds
2018-01-03T20:25:48.714-0200: 187,924: Total time for which application threads were stopped: 0,0000459 seconds, Stopping threads took: 0,0000088 seconds
2018-01-03T20:25:48.714-0200: 187,924: Total time for which application threads were stopped: 0,0000312 seconds, Stopping threads took: 0,0000054 seconds
2018-01-03T20:25:48.761-0200: 187,970: Total time for which application threads were stopped: 0,0038633 seconds, Stopping threads took: 0,0038079 seconds
2018-01-03T20:25:48.764-0200: 187,974: Total time for which application threads were stopped: 0,0000770 seconds, Stopping threads took: 0,0000156 seconds
2018-01-03T20:25:49.775-0200: 188,985: Total time for which application threads were stopped: 0,0107255 seconds, Stopping threads took: 0,0106480 seconds
{Heap before GC invocations=76 (full 1):
 par new generation   total 655360K, used 602791K [0x0000000700000000, 0x0000000730000000, 0x0000000730000000)
  eden space 524288K, 100% used [0x0000000700000000, 0x0000000720000000, 0x0000000720000000)
  from space 131072K,  59% used [0x0000000720000000, 0x0000000724ca9d08, 0x0000000728000000)
  to   space 131072K,   0% used [0x0000000728000000, 0x0000000728000000, 0x0000000730000000)
 concurrent mark-sweep generation total 2359296K, used 390586K [0x0000000730000000, 0x00000007c0000000, 0x00000007c0000000)
 Metaspace       used 44939K, capacity 46843K, committed 46984K, reserved 1091584K
  class space    used 5213K, capacity 5766K, committed 5792K, reserved 1048576K
2018-01-03T20:25:49.997-0200: 189,206: [GC (Allocation Failure) 2018-01-03T20:25:49.997-0200: 189,207: [ParNew
Desired survivor size 120795952 bytes, new threshold 8 (max 8)
- age   1:    6283824 bytes,    6283824 total
- age   2:      91600 bytes,    6375424 total
- age   3:      19848 bytes,    6395272 total
- age   4:      20984 bytes,    6416256 total
- age   5:     535584 bytes,    6951840 total
- age   6:       8064 bytes,    6959904 total
- age   7:      18768 bytes,    6978672 total
- age   8:      11904 bytes,    6990576 total
: 602791K->28252K(655360K), 0,0498857 secs] 993377K->420795K(3014656K), 0,0499427 secs] [Times: user=0,05 sys=0,00, real=0,05 secs] 
Heap after GC invocations=77 (full 1):
 par new generation   total 655360K, used 28252K [0x0000000700000000, 0x0000000730000000, 0x0000000730000000)
  eden space 524288K,   0% used [0x0000000700000000, 0x0000000700000000, 0x0000000720000000)
  from space 131072K,  21% used [0x0000000728000000, 0x0000000729b971c0, 0x0000000730000000)
  to   space 131072K,   0% used [0x0000000720000000, 0x0000000720000000, 0x0000000728000000)
 concurrent mark-sweep generation total 2359296K, used 392543K [0x0000000730000000, 0x00000007c0000000, 0x00000007c0000000)
 Metaspace       used 44939K, capacity 46843K, committed 46984K, reserved 1091584K
  class space    used 5213K, capacity 5766K, committed 5792K, reserved 1048576K
}
2018-01-03T20:25:50.047-0200: 189,256: Total time for which application threads were stopped: 0,0532144 seconds, Stopping threads took: 0,0031422 seconds
2018-01-03T20:25:50.359-0200: 189,569: Total time for which application threads were stopped: 0,0043455 seconds, Stopping threads took: 0,0041609 seconds
2018-01-03T20:25:50.359-0200: 189,569: Total time for which application threads were stopped: 0,0000917 seconds, Stopping threads took: 0,0000103 seconds
{Heap before GC invocations=77 (full 1):
 par new generation   total 655360K, used 552540K [0x0000000700000000, 0x0000000730000000, 0x0000000730000000)
  eden space 524288K, 100% used [0x0000000700000000, 0x0000000720000000, 0x0000000720000000)
  from space 131072K,  21% used [0x0000000728000000, 0x0000000729b971c0, 0x0000000730000000)
  to   space 131072K,   0% used [0x0000000720000000, 0x0000000720000000, 0x0000000728000000)
 concurrent mark-sweep generation total 2359296K, used 392543K [0x0000000730000000, 0x00000007c0000000, 0x00000007c0000000)
 Metaspace       used 44963K, capacity 46907K, committed 47240K, reserved 1091584K
  class space    used 5213K, capacity 5766K, committed 5792K, reserved 1048576K
2018-01-03T20:25:51.438-0200: 190,648: [GC (Allocation Failure) 2018-01-03T20:25:51.438-0200: 190,648: [ParNew
Desired survivor size 120795952 bytes, new threshold 8 (max 8)
- age   1:    5970608 bytes,    5970608 total
- age   2:    1641688 bytes,    7612296 total
- age   3:      91536 bytes,    7703832 total
- age   4:      19848 bytes,    7723680 total
- age   5:      20688 bytes,    7744368 total
- age   6:     535584 bytes,    8279952 total
- age   7:       8064 bytes,    8288016 total
- age   8:      18768 bytes,    8306784 total
: 552540K->11874K(655360K), 0,0485258 secs] 945083K->404429K(3014656K), 0,0485826 secs] [Times: user=0,05 sys=0,00, real=0,05 secs] 
Heap after GC invocations=78 (full 1):
 par new generation   total 655360K, used 11874K [0x0000000700000000, 0x0000000730000000, 0x0000000730000000)
  eden space 524288K,   0% used [0x0000000700000000, 0x0000000700000000, 0x0000000720000000)
  from space 131072K,   9% used [0x0000000720000000, 0x0000000720b98aa0, 0x0000000728000000)
  to   space 131072K,   0% used [0x0000000728000000, 0x0000000728000000, 0x0000000730000000)
 concurrent mark-sweep generation total 2359296K, used 392555K [0x0000000730000000, 0x00000007c0000000, 0x00000007c0000000)
 Metaspace       used 44963K, capacity 46907K, committed 47240K, reserved 1091584K
  class space    used 5213K, capacity 5766K, committed 5792K, reserved 1048576K
}
2018-01-03T20:25:51.487-0200: 190,697: Total time for which application threads were stopped: 0,0487503 seconds, Stopping threads took: 0,0000255 seconds
2018-01-03T20:25:52.575-0200: 191,785: Total time for which application threads were stopped: 0,0071776 seconds, Stopping threads took: 0,0070970 seconds
2018-01-03T20:25:52.575-0200: 191,785: Total time for which application threads were stopped: 0,0000652 seconds, Stopping threads took: 0,0000191 seconds
2018-01-03T20:25:52.609-0200: 191,819: Total time for which application threads were stopped: 0,0063905 seconds, Stopping threads took: 0,0062453 seconds
2018-01-03T20:25:52.609-0200: 191,819: Total time for which application threads were stopped: 0,0001078 seconds, Stopping threads took: 0,0000082 seconds
2018-01-03T20:25:52.609-0200: 191,819: Total time for which application threads were stopped: 0,0000830 seconds, Stopping threads took: 0,0000051 seconds
2018-01-03T20:25:52.706-0200: 191,915: Total time for which application threads were stopped: 0,0150917 seconds, Stopping threads took: 0,0150165 seconds
2018-01-03T20:25:52.730-0200: 191,940: Total time for which application threads were stopped: 0,0106284 seconds, Stopping threads took: 0,0105557 seconds
2018-01-03T20:25:52.744-0200: 191,954: Total time for which application threads were stopped: 0,0005793 seconds, Stopping threads took: 0,0004984 seconds
2018-01-03T20:25:52.744-0200: 191,954: Total time for which application threads were stopped: 0,0000349 seconds, Stopping threads took: 0,0000069 seconds
{Heap before GC invocations=78 (full 1):
 par new generation   total 655360K, used 536162K [0x0000000700000000, 0x0000000730000000, 0x0000000730000000)
  eden space 524288K, 100% used [0x0000000700000000, 0x0000000720000000, 0x0000000720000000)
  from space 131072K,   9% used [0x0000000720000000, 0x0000000720b98aa0, 0x0000000728000000)
  to   space 131072K,   0% used [0x0000000728000000, 0x0000000728000000, 0x0000000730000000)
 concurrent mark-sweep generation total 2359296K, used 392555K [0x0000000730000000, 0x00000007c0000000, 0x00000007c0000000)
 Metaspace       used 44974K, capacity 46907K, committed 47240K, reserved 1091584K
  class space    used 5213K, capacity 5766K, committed 5792K, reserved 1048576K
2018-01-03T20:25:52.961-0200: 192,170: [GC (Allocation Failure) 2018-01-03T20:25:52.961-0200: 192,170: [ParNew
Desired survivor size 120795952 bytes, new threshold 8 (max 8)
- age   1:    7572040 bytes,    7572040 total
- age   2:    5183528 bytes,   12755568 total
- age   3:    1641592 bytes,   14397160 total
- age   4:      90992 bytes,   14488152 total
- age   5:      11400 bytes,   14499552 total
- age   6:      19608 bytes,   14519160 total
- age   7:     535584 bytes,   15054744 total
- age   8:       8064 bytes,   15062808 total
: 536162K->17574K(655360K), 0,0557823 secs] 928717K->410147K(3014656K), 0,0558409 secs] [Times: user=0,05 sys=0,00, real=0,06 secs] 
Heap after GC invocations=79 (full 1):
 par new generation   total 655360K, used 17574K [0x0000000700000000, 0x0000000730000000, 0x0000000730000000)
  eden space 524288K,   0% used [0x0000000700000000, 0x0000000700000000, 0x0000000720000000)
  from space 131072K,  13% used [0x0000000728000000, 0x0000000729129830, 0x0000000730000000)
  to   space 131072K,   0% used [0x0000000720000000, 0x0000000720000000, 0x0000000728000000)
 concurrent mark-sweep generation total 2359296K, used 392573K [0x0000000730000000, 0x00000007c0000000, 0x00000007c0000000)
 Metaspace       used 44974K, capacity 46907K, committed 47240K, reserved 1091584K
  class space    used 5213K, capacity 5766K, committed 5792K, reserved 1048576K
}
2018-01-03T20:25:53.016-0200: 192,226: Total time for which application threads were stopped: 0,0620035 seconds, Stopping threads took: 0,0060381 seconds
2018-01-03T20:25:53.974-0200: 193,184: Total time for which application threads were stopped: 0,0025665 seconds, Stopping threads took: 0,0024220 seconds
{Heap before GC invocations=79 (full 1):
 par new generation   total 655360K, used 541862K [0x0000000700000000, 0x0000000730000000, 0x0000000730000000)
  eden space 524288K, 100% used [0x0000000700000000, 0x0000000720000000, 0x0000000720000000)
  from space 131072K,  13% used [0x0000000728000000, 0x0000000729129830, 0x0000000730000000)
  to   space 131072K,   0% used [0x0000000720000000, 0x0000000720000000, 0x0000000728000000)
 concurrent mark-sweep generation total 2359296K, used 392573K [0x0000000730000000, 0x00000007c0000000, 0x00000007c0000000)
 Metaspace       used 44983K, capacity 46907K, committed 47240K, reserved 1091584K
  class space    used 5213K, capacity 5766K, committed 5792K, reserved 1048576K
2018-01-03T20:25:54.215-0200: 193,424: [GC (Allocation Failure) 2018-01-03T20:25:54.215-0200: 193,424: [ParNew
Desired survivor size 120795952 bytes, new threshold 8 (max 8)
- age   1:    9304792 bytes,    9304792 total
- age   2:    6158360 bytes,   15463152 total
- age   3:    5180136 bytes,   20643288 total
- age   4:    1641592 bytes,   22284880 total
- age   5:      90760 bytes,   22375640 total
- age   6:      11280 bytes,   22386920 total
- age   7:      19608 bytes,   22406528 total
- age   8:     535584 bytes,   22942112 total
: 541862K->30719K(655360K), 0,1505818 secs] 934435K->423300K(3014656K), 0,1506373 secs] [Times: user=0,07 sys=0,00, real=0,16 secs] 
Heap after GC invocations=80 (full 1):
 par new generation   total 655360K, used 30719K [0x0000000700000000, 0x0000000730000000, 0x0000000730000000)
  eden space 524288K,   0% used [0x0000000700000000, 0x0000000700000000, 0x0000000720000000)
  from space 131072K,  23% used [0x0000000720000000, 0x0000000721dffc40, 0x0000000728000000)
  to   space 131072K,   0% used [0x0000000728000000, 0x0000000728000000, 0x0000000730000000)
 concurrent mark-sweep generation total 2359296K, used 392581K [0x0000000730000000, 0x00000007c0000000, 0x00000007c0000000)
 Metaspace       used 44983K, capacity 46907K, committed 47240K, reserved 1091584K
  class space    used 5213K, capacity 5766K, committed 5792K, reserved 1048576K
}
2018-01-03T20:25:54.365-0200: 193,575: Total time for which application threads were stopped: 0,1605454 seconds, Stopping threads took: 0,0097563 seconds
2018-01-03T20:25:54.382-0200: 193,591: Total time for which application threads were stopped: 0,0012024 seconds, Stopping threads took: 0,0010671 seconds
2018-01-03T20:25:55.411-0200: 194,621: Total time for which application threads were stopped: 0,0246316 seconds, Stopping threads took: 0,0245549 seconds
2018-01-03T20:25:55.555-0200: 194,765: Total time for which application threads were stopped: 0,0088588 seconds, Stopping threads took: 0,0087579 seconds
2018-01-03T20:25:55.813-0200: 195,023: Total time for which application threads were stopped: 0,0172814 seconds, Stopping threads took: 0,0171889 seconds
{Heap before GC invocations=80 (full 1):
 par new generation   total 655360K, used 555007K [0x0000000700000000, 0x0000000730000000, 0x0000000730000000)
  eden space 524288K, 100% used [0x0000000700000000, 0x0000000720000000, 0x0000000720000000)
  from space 131072K,  23% used [0x0000000720000000, 0x0000000721dffc40, 0x0000000728000000)
  to   space 131072K,   0% used [0x0000000728000000, 0x0000000728000000, 0x0000000730000000)
 concurrent mark-sweep generation total 2359296K, used 392581K [0x0000000730000000, 0x00000007c0000000, 0x00000007c0000000)
 Metaspace       used 45081K, capacity 47039K, committed 47240K, reserved 1091584K
  class space    used 5220K, capacity 5778K, committed 5792K, reserved 1048576K
2018-01-03T20:25:56.264-0200: 195,473: [GC (Allocation Failure) 2018-01-03T20:25:56.264-0200: 195,474: [ParNew
Desired survivor size 120795952 bytes, new threshold 8 (max 8)
- age   1:    8517440 bytes,    8517440 total
- age   2:    6569352 bytes,   15086792 total
- age   3:    5169032 bytes,   20255824 total
- age   4:    4613896 bytes,   24869720 total
- age   5:    1641592 bytes,   26511312 total
- age   6:      90696 bytes,   26602008 total
- age   7:      11280 bytes,   26613288 total
- age   8:      19608 bytes,   26632896 total
: 555007K->31552K(655360K), 0,1067740 secs] 947588K->424656K(3014656K), 0,1068482 secs] [Times: user=0,06 sys=0,00, real=0,10 secs] 
Heap after GC invocations=81 (full 1):
 par new generation   total 655360K, used 31552K [0x0000000700000000, 0x0000000730000000, 0x0000000730000000)
  eden space 524288K,   0% used [0x0000000700000000, 0x0000000700000000, 0x0000000720000000)
  from space 131072K,  24% used [0x0000000728000000, 0x0000000729ed0130, 0x0000000730000000)
  to   space 131072K,   0% used [0x0000000720000000, 0x0000000720000000, 0x0000000728000000)
 concurrent mark-sweep generation total 2359296K, used 393104K [0x0000000730000000, 0x00000007c0000000, 0x00000007c0000000)
 Metaspace       used 45081K, capacity 47039K, committed 47240K, reserved 1091584K
  class space    used 5220K, capacity 5778K, committed 5792K, reserved 1048576K
}
2018-01-03T20:25:56.371-0200: 195,580: Total time for which application threads were stopped: 0,1181166 seconds, Stopping threads took: 0,0111381 seconds
2018-01-03T20:25:57.428-0200: 196,637: Total time for which application threads were stopped: 0,0171809 seconds, Stopping threads took: 0,0170942 seconds
2018-01-03T20:25:57.693-0200: 196,903: Total time for which application threads were stopped: 0,0145380 seconds, Stopping threads took: 0,0144200 seconds
2018-01-03T20:25:57.693-0200: 196,903: Total time for which application threads were stopped: 0,0000734 seconds, Stopping threads took: 0,0000077 seconds
2018-01-03T20:25:58.039-0200: 197,248: Total time for which application threads were stopped: 0,0152971 seconds, Stopping threads took: 0,0151603 seconds
2018-01-03T20:25:58.080-0200: 197,290: Total time for which application threads were stopped: 0,0103063 seconds, Stopping threads took: 0,0101927 seconds
2018-01-03T20:25:58.081-0200: 197,291: Total time for which application threads were stopped: 0,0001105 seconds, Stopping threads took: 0,0000150 seconds
2018-01-03T20:25:58.093-0200: 197,303: Total time for which application threads were stopped: 0,0037544 seconds, Stopping threads took: 0,0036418 seconds
2018-01-03T20:25:58.096-0200: 197,306: Total time for which application threads were stopped: 0,0004892 seconds, Stopping threads took: 0,0003866 seconds
2018-01-03T20:25:58.223-0200: 197,432: Total time for which application threads were stopped: 0,0112684 seconds, Stopping threads took: 0,0111723 seconds
2018-01-03T20:25:58.241-0200: 197,451: Total time for which application threads were stopped: 0,0006756 seconds, Stopping threads took: 0,0006002 seconds
2018-01-03T20:25:58.243-0200: 197,452: Total time for which application threads were stopped: 0,0000988 seconds, Stopping threads took: 0,0000195 seconds
2018-01-03T20:25:58.243-0200: 197,453: Total time for which application threads were stopped: 0,0001481 seconds, Stopping threads took: 0,0000600 seconds
2018-01-03T20:25:58.244-0200: 197,453: Total time for which application threads were stopped: 0,0000663 seconds, Stopping threads took: 0,0000105 seconds
2018-01-03T20:25:58.244-0200: 197,454: Total time for which application threads were stopped: 0,0001024 seconds, Stopping threads took: 0,0000120 seconds
2018-01-03T20:25:58.246-0200: 197,456: Total time for which application threads were stopped: 0,0000981 seconds, Stopping threads took: 0,0000198 seconds
2018-01-03T20:25:58.246-0200: 197,456: Total time for which application threads were stopped: 0,0000545 seconds, Stopping threads took: 0,0000080 seconds
2018-01-03T20:25:58.247-0200: 197,456: Total time for which application threads were stopped: 0,0000786 seconds, Stopping threads took: 0,0000067 seconds
{Heap before GC invocations=81 (full 1):
 par new generation   total 655360K, used 555840K [0x0000000700000000, 0x0000000730000000, 0x0000000730000000)
  eden space 524288K, 100% used [0x0000000700000000, 0x0000000720000000, 0x0000000720000000)
  from space 131072K,  24% used [0x0000000728000000, 0x0000000729ed0130, 0x0000000730000000)
  to   space 131072K,   0% used [0x0000000720000000, 0x0000000720000000, 0x0000000728000000)
 concurrent mark-sweep generation total 2359296K, used 393104K [0x0000000730000000, 0x00000007c0000000, 0x00000007c0000000)
 Metaspace       used 45207K, capacity 47121K, committed 47240K, reserved 1091584K
  class space    used 5225K, capacity 5784K, committed 5792K, reserved 1048576K
2018-01-03T20:25:58.525-0200: 197,735: [GC (Allocation Failure) 2018-01-03T20:25:58.525-0200: 197,735: [ParNew
Desired survivor size 120795952 bytes, new threshold 8 (max 8)
- age   1:    3263656 bytes,    3263656 total
- age   2:    2368368 bytes,    5632024 total
- age   3:    2679944 bytes,    8311968 total
- age   4:    1981072 bytes,   10293040 total
- age   5:    1934368 bytes,   12227408 total
- age   6:    1634984 bytes,   13862392 total
- age   7:      90664 bytes,   13953056 total
- age   8:      11280 bytes,   13964336 total
: 555840K->27968K(655360K), 0,0503340 secs] 948944K->421092K(3014656K), 0,0503806 secs] [Times: user=0,05 sys=0,00, real=0,05 secs] 
Heap after GC invocations=82 (full 1):
 par new generation   total 655360K, used 27968K [0x0000000700000000, 0x0000000730000000, 0x0000000730000000)
  eden space 524288K,   0% used [0x0000000700000000, 0x0000000700000000, 0x0000000720000000)
  from space 131072K,  21% used [0x0000000720000000, 0x0000000721b502b0, 0x0000000728000000)
  to   space 131072K,   0% used [0x0000000728000000, 0x0000000728000000, 0x0000000730000000)
 concurrent mark-sweep generation total 2359296K, used 393123K [0x0000000730000000, 0x00000007c0000000, 0x00000007c0000000)
 Metaspace       used 45207K, capacity 47121K, committed 47240K, reserved 1091584K
  class space    used 5225K, capacity 5784K, committed 5792K, reserved 1048576K
}
2018-01-03T20:25:58.576-0200: 197,785: Total time for which application threads were stopped: 0,0505556 seconds, Stopping threads took: 0,0000246 seconds
2018-01-03T20:25:58.582-0200: 197,791: Total time for which application threads were stopped: 0,0017220 seconds, Stopping threads took: 0,0016712 seconds
2018-01-03T20:25:59.298-0200: 198,508: Total time for which application threads were stopped: 0,0030645 seconds, Stopping threads took: 0,0029731 seconds
2018-01-03T20:25:59.319-0200: 198,528: Total time for which application threads were stopped: 0,0027490 seconds, Stopping threads took: 0,0026817 seconds
2018-01-03T20:25:59.319-0200: 198,528: Total time for which application threads were stopped: 0,0000424 seconds, Stopping threads took: 0,0000068 seconds
2018-01-03T20:25:59.332-0200: 198,542: Total time for which application threads were stopped: 0,0026578 seconds, Stopping threads took: 0,0025900 seconds
2018-01-03T20:25:59.334-0200: 198,543: Total time for which application threads were stopped: 0,0000601 seconds, Stopping threads took: 0,0000246 seconds
{Heap before GC invocations=82 (full 1):
 par new generation   total 655360K, used 552256K [0x0000000700000000, 0x0000000730000000, 0x0000000730000000)
  eden space 524288K, 100% used [0x0000000700000000, 0x0000000720000000, 0x0000000720000000)
  from space 131072K,  21% used [0x0000000720000000, 0x0000000721b502b0, 0x0000000728000000)
  to   space 131072K,   0% used [0x0000000728000000, 0x0000000728000000, 0x0000000730000000)
 concurrent mark-sweep generation total 2359296K, used 393123K [0x0000000730000000, 0x00000007c0000000, 0x00000007c0000000)
 Metaspace       used 45213K, capacity 47185K, committed 47240K, reserved 1091584K
  class space    used 5225K, capacity 5784K, committed 5792K, reserved 1048576K
2018-01-03T20:25:59.470-0200: 198,679: [GC (Allocation Failure) 2018-01-03T20:25:59.470-0200: 198,679: [ParNew
Desired survivor size 120795952 bytes, new threshold 8 (max 8)
- age   1:    8045576 bytes,    8045576 total
- age   2:    2989872 bytes,   11035448 total
- age   3:    2194656 bytes,   13230104 total
- age   4:    2677064 bytes,   15907168 total
- age   5:    1971864 bytes,   17879032 total
- age   6:    1934320 bytes,   19813352 total
- age   7:    1634984 bytes,   21448336 total
- age   8:      90664 bytes,   21539000 total
: 552256K->24451K(655360K), 0,1136238 secs] 945380K->417586K(3014656K), 0,1136815 secs] [Times: user=0,06 sys=0,00, real=0,12 secs] 
Heap after GC invocations=83 (full 1):
 par new generation   total 655360K, used 24451K [0x0000000700000000, 0x0000000730000000, 0x0000000730000000)
  eden space 524288K,   0% used [0x0000000700000000, 0x0000000700000000, 0x0000000720000000)
  from space 131072K,  18% used [0x0000000728000000, 0x00000007297e0fe0, 0x0000000730000000)
  to   space 131072K,   0% used [0x0000000720000000, 0x0000000720000000, 0x0000000728000000)
 concurrent mark-sweep generation total 2359296K, used 393134K [0x0000000730000000, 0x00000007c0000000, 0x00000007c0000000)
 Metaspace       used 45213K, capacity 47185K, committed 47240K, reserved 1091584K
  class space    used 5225K, capacity 5784K, committed 5792K, reserved 1048576K
}
2018-01-03T20:25:59.584-0200: 198,793: Total time for which application threads were stopped: 0,1164263 seconds, Stopping threads took: 0,0026208 seconds
2018-01-03T20:25:59.608-0200: 198,818: Total time for which application threads were stopped: 0,0113999 seconds, Stopping threads took: 0,0113329 seconds
{Heap before GC invocations=83 (full 1):
 par new generation   total 655360K, used 548739K [0x0000000700000000, 0x0000000730000000, 0x0000000730000000)
  eden space 524288K, 100% used [0x0000000700000000, 0x0000000720000000, 0x0000000720000000)
  from space 131072K,  18% used [0x0000000728000000, 0x00000007297e0fe0, 0x0000000730000000)
  to   space 131072K,   0% used [0x0000000720000000, 0x0000000720000000, 0x0000000728000000)
 concurrent mark-sweep generation total 2359296K, used 393134K [0x0000000730000000, 0x00000007c0000000, 0x00000007c0000000)
 Metaspace       used 45213K, capacity 47185K, committed 47240K, reserved 1091584K
  class space    used 5225K, capacity 5784K, committed 5792K, reserved 1048576K
2018-01-03T20:26:00.702-0200: 199,911: [GC (Allocation Failure) 2018-01-03T20:26:00.702-0200: 199,911: [ParNew
Desired survivor size 120795952 bytes, new threshold 8 (max 8)
- age   1:    8639000 bytes,    8639000 total
- age   2:    6735544 bytes,   15374544 total
- age   3:    2986512 bytes,   18361056 total
- age   4:    1932496 bytes,   20293552 total
- age   5:    2677064 bytes,   22970616 total
- age   6:    1971584 bytes,   24942200 total
- age   7:    1934320 bytes,   26876520 total
- age   8:    1634984 bytes,   28511504 total
: 548739K->40079K(655360K), 0,0627613 secs] 941874K->433304K(3014656K), 0,0628437 secs] [Times: user=0,05 sys=0,00, real=0,07 secs] 
Heap after GC invocations=84 (full 1):
 par new generation   total 655360K, used 40079K [0x0000000700000000, 0x0000000730000000, 0x0000000730000000)
  eden space 524288K,   0% used [0x0000000700000000, 0x0000000700000000, 0x0000000720000000)
  from space 131072K,  30% used [0x0000000720000000, 0x0000000722723fd0, 0x0000000728000000)
  to   space 131072K,   0% used [0x0000000728000000, 0x0000000728000000, 0x0000000730000000)
 concurrent mark-sweep generation total 2359296K, used 393224K [0x0000000730000000, 0x00000007c0000000, 0x00000007c0000000)
 Metaspace       used 45213K, capacity 47185K, committed 47240K, reserved 1091584K
  class space    used 5225K, capacity 5784K, committed 5792K, reserved 1048576K
}
2018-01-03T20:26:00.765-0200: 199,974: Total time for which application threads were stopped: 0,0658284 seconds, Stopping threads took: 0,0028598 seconds
2018-01-03T20:26:01.771-0200: 200,981: Total time for which application threads were stopped: 0,0020934 seconds, Stopping threads took: 0,0020245 seconds
{Heap before GC invocations=84 (full 1):
 par new generation   total 655360K, used 564367K [0x0000000700000000, 0x0000000730000000, 0x0000000730000000)
  eden space 524288K, 100% used [0x0000000700000000, 0x0000000720000000, 0x0000000720000000)
  from space 131072K,  30% used [0x0000000720000000, 0x0000000722723fd0, 0x0000000728000000)
  to   space 131072K,   0% used [0x0000000728000000, 0x0000000728000000, 0x0000000730000000)
 concurrent mark-sweep generation total 2359296K, used 393224K [0x0000000730000000, 0x00000007c0000000, 0x00000007c0000000)
 Metaspace       used 45213K, capacity 47185K, committed 47240K, reserved 1091584K
  class space    used 5225K, capacity 5784K, committed 5792K, reserved 1048576K
2018-01-03T20:26:01.935-0200: 201,144: [GC (Allocation Failure) 2018-01-03T20:26:01.935-0200: 201,144: [ParNew
Desired survivor size 120795952 bytes, new threshold 8 (max 8)
- age   1:    8981304 bytes,    8981304 total
- age   2:    6841936 bytes,   15823240 total
- age   3:    6727096 bytes,   22550336 total
- age   4:    2986512 bytes,   25536848 total
- age   5:    1932496 bytes,   27469344 total
- age   6:    2677064 bytes,   30146408 total
- age   7:    1971552 bytes,   32117960 total
- age   8:    1934320 bytes,   34052280 total
: 564367K->40960K(655360K), 0,2092194 secs] 957592K->435781K(3014656K), 0,2092775 secs] [Times: user=0,09 sys=0,00, real=0,21 secs] 
Heap after GC invocations=85 (full 1):
 par new generation   total 655360K, used 40960K [0x0000000700000000, 0x0000000730000000, 0x0000000730000000)
  eden space 524288K,   0% used [0x0000000700000000, 0x0000000700000000, 0x0000000720000000)
  from space 131072K,  31% used [0x0000000728000000, 0x000000072a800030, 0x0000000730000000)
  to   space 131072K,   0% used [0x0000000720000000, 0x0000000720000000, 0x0000000728000000)
 concurrent mark-sweep generation total 2359296K, used 394821K [0x0000000730000000, 0x00000007c0000000, 0x00000007c0000000)
 Metaspace       used 45213K, capacity 47185K, committed 47240K, reserved 1091584K
  class space    used 5225K, capacity 5784K, committed 5792K, reserved 1048576K
}
2018-01-03T20:26:02.144-0200: 201,354: Total time for which application threads were stopped: 0,2190548 seconds, Stopping threads took: 0,0095935 seconds
2018-01-03T20:26:02.176-0200: 201,385: Total time for which application threads were stopped: 0,0012227 seconds, Stopping threads took: 0,0010794 seconds
2018-01-03T20:26:02.243-0200: 201,453: Total time for which application threads were stopped: 0,0160586 seconds, Stopping threads took: 0,0159439 seconds
2018-01-03T20:26:02.251-0200: 201,460: Total time for which application threads were stopped: 0,0002187 seconds, Stopping threads took: 0,0001378 seconds
2018-01-03T20:26:02.275-0200: 201,485: Total time for which application threads were stopped: 0,0099455 seconds, Stopping threads took: 0,0098497 seconds
2018-01-03T20:26:02.323-0200: 201,533: Total time for which application threads were stopped: 0,0101913 seconds, Stopping threads took: 0,0101279 seconds
2018-01-03T20:26:02.351-0200: 201,560: Total time for which application threads were stopped: 0,0080104 seconds, Stopping threads took: 0,0079472 seconds
2018-01-03T20:26:02.361-0200: 201,571: Total time for which application threads were stopped: 0,0006285 seconds, Stopping threads took: 0,0005153 seconds
{Heap before GC invocations=85 (full 1):
 par new generation   total 655360K, used 565248K [0x0000000700000000, 0x0000000730000000, 0x0000000730000000)
  eden space 524288K, 100% used [0x0000000700000000, 0x0000000720000000, 0x0000000720000000)
  from space 131072K,  31% used [0x0000000728000000, 0x000000072a800030, 0x0000000730000000)
  to   space 131072K,   0% used [0x0000000720000000, 0x0000000720000000, 0x0000000728000000)
 concurrent mark-sweep generation total 2359296K, used 394821K [0x0000000730000000, 0x00000007c0000000, 0x00000007c0000000)
 Metaspace       used 45217K, capacity 47185K, committed 47240K, reserved 1091584K
  class space    used 5225K, capacity 5784K, committed 5792K, reserved 1048576K
2018-01-03T20:26:03.382-0200: 202,592: [GC (Allocation Failure) 2018-01-03T20:26:03.382-0200: 202,592: [ParNew
Desired survivor size 120795952 bytes, new threshold 8 (max 8)
- age   1:    9332456 bytes,    9332456 total
- age   2:    6796912 bytes,   16129368 total
- age   3:    6317424 bytes,   22446792 total
- age   4:    6693664 bytes,   29140456 total
- age   5:    2986000 bytes,   32126456 total
- age   6:    1932328 bytes,   34058784 total
- age   7:    2677032 bytes,   36735816 total
- age   8:    1971104 bytes,   38706920 total
: 565248K->50162K(655360K), 0,1088874 secs] 960069K->446874K(3014656K), 0,1089436 secs] [Times: user=0,08 sys=0,00, real=0,11 secs] 
Heap after GC invocations=86 (full 1):
 par new generation   total 655360K, used 50162K [0x0000000700000000, 0x0000000730000000, 0x0000000730000000)
  eden space 524288K,   0% used [0x0000000700000000, 0x0000000700000000, 0x0000000720000000)
  from space 131072K,  38% used [0x0000000720000000, 0x00000007230fc9f8, 0x0000000728000000)
  to   space 131072K,   0% used [0x0000000728000000, 0x0000000728000000, 0x0000000730000000)
 concurrent mark-sweep generation total 2359296K, used 396711K [0x0000000730000000, 0x00000007c0000000, 0x00000007c0000000)
 Metaspace       used 45217K, capacity 47185K, committed 47240K, reserved 1091584K
  class space    used 5225K, capacity 5784K, committed 5792K, reserved 1048576K
}
2018-01-03T20:26:03.491-0200: 202,701: Total time for which application threads were stopped: 0,1090801 seconds, Stopping threads took: 0,0000221 seconds
{Heap before GC invocations=86 (full 1):
 par new generation   total 655360K, used 574450K [0x0000000700000000, 0x0000000730000000, 0x0000000730000000)
  eden space 524288K, 100% used [0x0000000700000000, 0x0000000720000000, 0x0000000720000000)
  from space 131072K,  38% used [0x0000000720000000, 0x00000007230fc9f8, 0x0000000728000000)
  to   space 131072K,   0% used [0x0000000728000000, 0x0000000728000000, 0x0000000730000000)
 concurrent mark-sweep generation total 2359296K, used 396711K [0x0000000730000000, 0x00000007c0000000, 0x00000007c0000000)
 Metaspace       used 45217K, capacity 47185K, committed 47240K, reserved 1091584K
  class space    used 5225K, capacity 5784K, committed 5792K, reserved 1048576K
2018-01-03T20:26:04.498-0200: 203,707: [GC (Allocation Failure) 2018-01-03T20:26:04.498-0200: 203,707: [ParNew
Desired survivor size 120795952 bytes, new threshold 8 (max 8)
- age   1:   10233128 bytes,   10233128 total
- age   2:    6581336 bytes,   16814464 total
- age   3:    6796912 bytes,   23611376 total
- age   4:    6317448 bytes,   29928824 total
- age   5:    6693664 bytes,   36622488 total
- age   6:    2985496 bytes,   39607984 total
- age   7:    1932328 bytes,   41540312 total
- age   8:    2677032 bytes,   44217344 total
: 574450K->53352K(655360K), 0,0842490 secs] 971162K->451989K(3014656K), 0,0843277 secs] [Times: user=0,08 sys=0,00, real=0,08 secs] 
Heap after GC invocations=87 (full 1):
 par new generation   total 655360K, used 53352K [0x0000000700000000, 0x0000000730000000, 0x0000000730000000)
  eden space 524288K,   0% used [0x0000000700000000, 0x0000000700000000, 0x0000000720000000)
  from space 131072K,  40% used [0x0000000728000000, 0x000000072b41a1b0, 0x0000000730000000)
  to   space 131072K,   0% used [0x0000000720000000, 0x0000000720000000, 0x0000000728000000)
 concurrent mark-sweep generation total 2359296K, used 398636K [0x0000000730000000, 0x00000007c0000000, 0x00000007c0000000)
 Metaspace       used 45217K, capacity 47185K, committed 47240K, reserved 1091584K
  class space    used 5225K, capacity 5784K, committed 5792K, reserved 1048576K
}
2018-01-03T20:26:04.582-0200: 203,792: Total time for which application threads were stopped: 0,0865520 seconds, Stopping threads took: 0,0020924 seconds
2018-01-03T20:26:04.989-0200: 204,199: Total time for which application threads were stopped: 0,0023626 seconds, Stopping threads took: 0,0022940 seconds
2018-01-03T20:26:04.989-0200: 204,199: Total time for which application threads were stopped: 0,0000349 seconds, Stopping threads took: 0,0000068 seconds
{Heap before GC invocations=87 (full 1):
 par new generation   total 655360K, used 577640K [0x0000000700000000, 0x0000000730000000, 0x0000000730000000)
  eden space 524288K, 100% used [0x0000000700000000, 0x0000000720000000, 0x0000000720000000)
  from space 131072K,  40% used [0x0000000728000000, 0x000000072b41a1b0, 0x0000000730000000)
  to   space 131072K,   0% used [0x0000000720000000, 0x0000000720000000, 0x0000000728000000)
 concurrent mark-sweep generation total 2359296K, used 398636K [0x0000000730000000, 0x00000007c0000000, 0x00000007c0000000)
 Metaspace       used 45218K, capacity 47185K, committed 47240K, reserved 1091584K
  class space    used 5225K, capacity 5784K, committed 5792K, reserved 1048576K
2018-01-03T20:26:05.977-0200: 205,187: [GC (Allocation Failure) 2018-01-03T20:26:05.977-0200: 205,187: [ParNew
Desired survivor size 120795952 bytes, new threshold 8 (max 8)
- age   1:   10735256 bytes,   10735256 total
- age   2:    5364752 bytes,   16100008 total
- age   3:    5533432 bytes,   21633440 total
- age   4:    5158848 bytes,   26792288 total
- age   5:    5258992 bytes,   32051280 total
- age   6:    5553440 bytes,   37604720 total
- age   7:    2455488 bytes,   40060208 total
- age   8:    1932328 bytes,   41992536 total
: 577640K->56581K(655360K), 0,0842978 secs] 976277K->457834K(3014656K), 0,0843595 secs] [Times: user=0,08 sys=0,00, real=0,08 secs] 
Heap after GC invocations=88 (full 1):
 par new generation   total 655360K, used 56581K [0x0000000700000000, 0x0000000730000000, 0x0000000730000000)
  eden space 524288K,   0% used [0x0000000700000000, 0x0000000700000000, 0x0000000720000000)
  from space 131072K,  43% used [0x0000000720000000, 0x0000000723741600, 0x0000000728000000)
  to   space 131072K,   0% used [0x0000000728000000, 0x0000000728000000, 0x0000000730000000)
 concurrent mark-sweep generation total 2359296K, used 401252K [0x0000000730000000, 0x00000007c0000000, 0x00000007c0000000)
 Metaspace       used 45218K, capacity 47185K, committed 47240K, reserved 1091584K
  class space    used 5225K, capacity 5784K, committed 5792K, reserved 1048576K
}
2018-01-03T20:26:06.061-0200: 205,271: Total time for which application threads were stopped: 0,0908493 seconds, Stopping threads took: 0,0063464 seconds
2018-01-03T20:26:07.019-0200: 206,228: Total time for which application threads were stopped: 0,0041699 seconds, Stopping threads took: 0,0040907 seconds
2018-01-03T20:26:07.033-0200: 206,242: Total time for which application threads were stopped: 0,0060076 seconds, Stopping threads took: 0,0059462 seconds
2018-01-03T20:26:07.044-0200: 206,253: Total time for which application threads were stopped: 0,0024774 seconds, Stopping threads took: 0,0023998 seconds
2018-01-03T20:26:07.044-0200: 206,254: Total time for which application threads were stopped: 0,0000580 seconds, Stopping threads took: 0,0000075 seconds
2018-01-03T20:26:07.235-0200: 206,445: Total time for which application threads were stopped: 0,0074935 seconds, Stopping threads took: 0,0074123 seconds
{Heap before GC invocations=88 (full 1):
 par new generation   total 655360K, used 580869K [0x0000000700000000, 0x0000000730000000, 0x0000000730000000)
  eden space 524288K, 100% used [0x0000000700000000, 0x0000000720000000, 0x0000000720000000)
  from space 131072K,  43% used [0x0000000720000000, 0x0000000723741600, 0x0000000728000000)
  to   space 131072K,   0% used [0x0000000728000000, 0x0000000728000000, 0x0000000730000000)
 concurrent mark-sweep generation total 2359296K, used 401252K [0x0000000730000000, 0x00000007c0000000, 0x00000007c0000000)
 Metaspace       used 45222K, capacity 47185K, committed 47240K, reserved 1091584K
  class space    used 5225K, capacity 5784K, committed 5792K, reserved 1048576K
2018-01-03T20:26:07.467-0200: 206,677: [GC (Allocation Failure) 2018-01-03T20:26:07.467-0200: 206,677: [ParNew
Desired survivor size 120795952 bytes, new threshold 8 (max 8)
- age   1:    5494776 bytes,    5494776 total
- age   2:    3312200 bytes,    8806976 total
- age   3:    2246568 bytes,   11053544 total
- age   4:    1881320 bytes,   12934864 total
- age   5:    2135312 bytes,   15070176 total
- age   6:    2509864 bytes,   17580040 total
- age   7:    2311352 bytes,   19891392 total
- age   8:    1799640 bytes,   21691032 total
: 580869K->31010K(655360K), 0,1161624 secs] 982122K->434159K(3014656K), 0,1163189 secs] [Times: user=0,06 sys=0,00, real=0,12 secs] 
Heap after GC invocations=89 (full 1):
 par new generation   total 655360K, used 31010K [0x0000000700000000, 0x0000000730000000, 0x0000000730000000)
  eden space 524288K,   0% used [0x0000000700000000, 0x0000000700000000, 0x0000000720000000)
  from space 131072K,  23% used [0x0000000728000000, 0x0000000729e489e0, 0x0000000730000000)
  to   space 131072K,   0% used [0x0000000720000000, 0x0000000720000000, 0x0000000728000000)
 concurrent mark-sweep generation total 2359296K, used 403149K [0x0000000730000000, 0x00000007c0000000, 0x00000007c0000000)
 Metaspace       used 45222K, capacity 47185K, committed 47240K, reserved 1091584K
  class space    used 5225K, capacity 5784K, committed 5792K, reserved 1048576K
}
2018-01-03T20:26:07.584-0200: 206,793: Total time for which application threads were stopped: 0,1214668 seconds, Stopping threads took: 0,0050125 seconds
2018-01-03T20:26:07.873-0200: 207,082: Total time for which application threads were stopped: 0,0094199 seconds, Stopping threads took: 0,0092906 seconds
2018-01-03T20:26:07.882-0200: 207,092: Total time for which application threads were stopped: 0,0009621 seconds, Stopping threads took: 0,0008655 seconds
2018-01-03T20:26:07.883-0200: 207,092: Total time for which application threads were stopped: 0,0000749 seconds, Stopping threads took: 0,0000070 seconds
2018-01-03T20:26:08.869-0200: 208,079: Total time for which application threads were stopped: 0,0117268 seconds, Stopping threads took: 0,0116411 seconds
2018-01-03T20:26:08.869-0200: 208,079: Total time for which application threads were stopped: 0,0000511 seconds, Stopping threads took: 0,0000083 seconds
2018-01-03T20:26:08.908-0200: 208,117: Total time for which application threads were stopped: 0,0064366 seconds, Stopping threads took: 0,0063649 seconds
2018-01-03T20:26:08.908-0200: 208,117: Total time for which application threads were stopped: 0,0000425 seconds, Stopping threads took: 0,0000094 seconds
{Heap before GC invocations=89 (full 1):
 par new generation   total 655360K, used 555298K [0x0000000700000000, 0x0000000730000000, 0x0000000730000000)
  eden space 524288K, 100% used [0x0000000700000000, 0x0000000720000000, 0x0000000720000000)
  from space 131072K,  23% used [0x0000000728000000, 0x0000000729e489e0, 0x0000000730000000)
  to   space 131072K,   0% used [0x0000000720000000, 0x0000000720000000, 0x0000000728000000)
 concurrent mark-sweep generation total 2359296K, used 403149K [0x0000000730000000, 0x00000007c0000000, 0x00000007c0000000)
 Metaspace       used 45228K, capacity 47185K, committed 47240K, reserved 1091584K
  class space    used 5225K, capacity 5784K, committed 5792K, reserved 1048576K
2018-01-03T20:26:09.044-0200: 208,254: [GC (Allocation Failure) 2018-01-03T20:26:09.044-0200: 208,254: [ParNew
Desired survivor size 120795952 bytes, new threshold 8 (max 8)
- age   1:    6280272 bytes,    6280272 total
- age   2:    2788504 bytes,    9068776 total
- age   3:    2278816 bytes,   11347592 total
- age   4:    2246568 bytes,   13594160 total
- age   5:    1880568 bytes,   15474728 total
- age   6:    2135312 bytes,   17610040 total
- age   7:    2509832 bytes,   20119872 total
- age   8:    2311352 bytes,   22431224 total
: 555298K->35363K(655360K), 0,1426779 secs] 958447K->440274K(3014656K), 0,1427491 secs] [Times: user=0,06 sys=0,00, real=0,14 secs] 
Heap after GC invocations=90 (full 1):
 par new generation   total 655360K, used 35363K [0x0000000700000000, 0x0000000730000000, 0x0000000730000000)
  eden space 524288K,   0% used [0x0000000700000000, 0x0000000700000000, 0x0000000720000000)
  from space 131072K,  26% used [0x0000000720000000, 0x0000000722288ff0, 0x0000000728000000)
  to   space 131072K,   0% used [0x0000000728000000, 0x0000000728000000, 0x0000000730000000)
 concurrent mark-sweep generation total 2359296K, used 404910K [0x0000000730000000, 0x00000007c0000000, 0x00000007c0000000)
 Metaspace       used 45228K, capacity 47185K, committed 47240K, reserved 1091584K
  class space    used 5225K, capacity 5784K, committed 5792K, reserved 1048576K
}
2018-01-03T20:26:09.187-0200: 208,396: Total time for which application threads were stopped: 0,1520371 seconds, Stopping threads took: 0,0091581 seconds
{Heap before GC invocations=90 (full 1):
 par new generation   total 655360K, used 559651K [0x0000000700000000, 0x0000000730000000, 0x0000000730000000)
  eden space 524288K, 100% used [0x0000000700000000, 0x0000000720000000, 0x0000000720000000)
  from space 131072K,  26% used [0x0000000720000000, 0x0000000722288ff0, 0x0000000728000000)
  to   space 131072K,   0% used [0x0000000728000000, 0x0000000728000000, 0x0000000730000000)
 concurrent mark-sweep generation total 2359296K, used 404910K [0x0000000730000000, 0x00000007c0000000, 0x00000007c0000000)
 Metaspace       used 45228K, capacity 47185K, committed 47240K, reserved 1091584K
  class space    used 5225K, capacity 5784K, committed 5792K, reserved 1048576K
2018-01-03T20:26:10.305-0200: 209,514: [GC (Allocation Failure) 2018-01-03T20:26:10.305-0200: 209,514: [ParNew
Desired survivor size 120795952 bytes, new threshold 8 (max 8)
- age   1:    7512480 bytes,    7512480 total
- age   2:    5191288 bytes,   12703768 total
- age   3:    2787952 bytes,   15491720 total
- age   4:    2270336 bytes,   17762056 total
- age   5:    2246568 bytes,   20008624 total
- age   6:    1880568 bytes,   21889192 total
- age   7:    2135312 bytes,   24024504 total
- age   8:    2509832 bytes,   26534336 total
: 559651K->29291K(655360K), 0,0646471 secs] 964562K->436459K(3014656K), 0,0646991 secs] [Times: user=0,06 sys=0,01, real=0,06 secs] 
Heap after GC invocations=91 (full 1):
 par new generation   total 655360K, used 29291K [0x0000000700000000, 0x0000000730000000, 0x0000000730000000)
  eden space 524288K,   0% used [0x0000000700000000, 0x0000000700000000, 0x0000000720000000)
  from space 131072K,  22% used [0x0000000728000000, 0x0000000729c9ae28, 0x0000000730000000)
  to   space 131072K,   0% used [0x0000000720000000, 0x0000000720000000, 0x0000000728000000)
 concurrent mark-sweep generation total 2359296K, used 407168K [0x0000000730000000, 0x00000007c0000000, 0x00000007c0000000)
 Metaspace       used 45228K, capacity 47185K, committed 47240K, reserved 1091584K
  class space    used 5225K, capacity 5784K, committed 5792K, reserved 1048576K
}
2018-01-03T20:26:10.369-0200: 209,579: Total time for which application threads were stopped: 0,0648480 seconds, Stopping threads took: 0,0000264 seconds
2018-01-03T20:26:10.851-0200: 210,060: Total time for which application threads were stopped: 0,0051903 seconds, Stopping threads took: 0,0051014 seconds
{Heap before GC invocations=91 (full 1):
 par new generation   total 655360K, used 553579K [0x0000000700000000, 0x0000000730000000, 0x0000000730000000)
  eden space 524288K, 100% used [0x0000000700000000, 0x0000000720000000, 0x0000000720000000)
  from space 131072K,  22% used [0x0000000728000000, 0x0000000729c9ae28, 0x0000000730000000)
  to   space 131072K,   0% used [0x0000000720000000, 0x0000000720000000, 0x0000000728000000)
 concurrent mark-sweep generation total 2359296K, used 407168K [0x0000000730000000, 0x00000007c0000000, 0x00000007c0000000)
 Metaspace       used 45239K, capacity 47185K, committed 47240K, reserved 1091584K
  class space    used 5225K, capacity 5784K, committed 5792K, reserved 1048576K
2018-01-03T20:26:11.708-0200: 210,918: [GC (Allocation Failure) 2018-01-03T20:26:11.708-0200: 210,918: [ParNew
Desired survivor size 120795952 bytes, new threshold 8 (max 8)
- age   1:    8000448 bytes,    8000448 total
- age   2:    5967904 bytes,   13968352 total
- age   3:    5191032 bytes,   19159384 total
- age   4:    2784592 bytes,   21943976 total
- age   5:    2270216 bytes,   24214192 total
- age   6:    2246568 bytes,   26460760 total
- age   7:    1880568 bytes,   28341328 total
- age   8:    2135280 bytes,   30476608 total
: 553579K->43375K(655360K), 0,0750971 secs] 960747K->452994K(3014656K), 0,0751624 secs] [Times: user=0,07 sys=0,00, real=0,08 secs] 
Heap after GC invocations=92 (full 1):
 par new generation   total 655360K, used 43375K [0x0000000700000000, 0x0000000730000000, 0x0000000730000000)
  eden space 524288K,   0% used [0x0000000700000000, 0x0000000700000000, 0x0000000720000000)
  from space 131072K,  33% used [0x0000000720000000, 0x0000000722a5bc80, 0x0000000728000000)
  to   space 131072K,   0% used [0x0000000728000000, 0x0000000728000000, 0x0000000730000000)
 concurrent mark-sweep generation total 2359296K, used 409619K [0x0000000730000000, 0x00000007c0000000, 0x00000007c0000000)
 Metaspace       used 45239K, capacity 47185K, committed 47240K, reserved 1091584K
  class space    used 5225K, capacity 5784K, committed 5792K, reserved 1048576K
}
2018-01-03T20:26:11.783-0200: 210,993: Total time for which application threads were stopped: 0,0809518 seconds, Stopping threads took: 0,0056364 seconds
{Heap before GC invocations=92 (full 1):
 par new generation   total 655360K, used 567663K [0x0000000700000000, 0x0000000730000000, 0x0000000730000000)
  eden space 524288K, 100% used [0x0000000700000000, 0x0000000720000000, 0x0000000720000000)
  from space 131072K,  33% used [0x0000000720000000, 0x0000000722a5bc80, 0x0000000728000000)
  to   space 131072K,   0% used [0x0000000728000000, 0x0000000728000000, 0x0000000730000000)
 concurrent mark-sweep generation total 2359296K, used 409619K [0x0000000730000000, 0x00000007c0000000, 0x00000007c0000000)
 Metaspace       used 45239K, capacity 47185K, committed 47240K, reserved 1091584K
  class space    used 5225K, capacity 5784K, committed 5792K, reserved 1048576K
2018-01-03T20:26:12.799-0200: 212,009: [GC (Allocation Failure) 2018-01-03T20:26:12.799-0200: 212,009: [ParNew
Desired survivor size 120795952 bytes, new threshold 8 (max 8)
- age   1:    9252568 bytes,    9252568 total
- age   2:    6077344 bytes,   15329912 total
- age   3:    5705728 bytes,   21035640 total
- age   4:    5190704 bytes,   26226344 total
- age   5:    2784592 bytes,   29010936 total
- age   6:    2270216 bytes,   31281152 total
- age   7:    2246568 bytes,   33527720 total
- age   8:    1880568 bytes,   35408288 total
: 567663K->41456K(655360K), 0,1002283 secs] 977282K->453161K(3014656K), 0,1003019 secs] [Times: user=0,08 sys=0,00, real=0,10 secs] 
Heap after GC invocations=93 (full 1):
 par new generation   total 655360K, used 41456K [0x0000000700000000, 0x0000000730000000, 0x0000000730000000)
  eden space 524288K,   0% used [0x0000000700000000, 0x0000000700000000, 0x0000000720000000)
  from space 131072K,  31% used [0x0000000728000000, 0x000000072a87c3d0, 0x0000000730000000)
  to   space 131072K,   0% used [0x0000000720000000, 0x0000000720000000, 0x0000000728000000)
 concurrent mark-sweep generation total 2359296K, used 411704K [0x0000000730000000, 0x00000007c0000000, 0x00000007c0000000)
 Metaspace       used 45239K, capacity 47185K, committed 47240K, reserved 1091584K
  class space    used 5225K, capacity 5784K, committed 5792K, reserved 1048576K
}
2018-01-03T20:26:12.899-0200: 212,109: Total time for which application threads were stopped: 0,1048868 seconds, Stopping threads took: 0,0044665 seconds
{Heap before GC invocations=93 (full 1):
 par new generation   total 655360K, used 565744K [0x0000000700000000, 0x0000000730000000, 0x0000000730000000)
  eden space 524288K, 100% used [0x0000000700000000, 0x0000000720000000, 0x0000000720000000)
  from space 131072K,  31% used [0x0000000728000000, 0x000000072a87c3d0, 0x0000000730000000)
  to   space 131072K,   0% used [0x0000000720000000, 0x0000000720000000, 0x0000000728000000)
 concurrent mark-sweep generation total 2359296K, used 411704K [0x0000000730000000, 0x00000007c0000000, 0x00000007c0000000)
 Metaspace       used 45239K, capacity 47185K, committed 47240K, reserved 1091584K
  class space    used 5225K, capacity 5784K, committed 5792K, reserved 1048576K
2018-01-03T20:26:14.149-0200: 213,358: [GC (Allocation Failure) 2018-01-03T20:26:14.149-0200: 213,358: [ParNew
Desired survivor size 120795952 bytes, new threshold 8 (max 8)
- age   1:   10093536 bytes,   10093536 total
- age   2:    6808392 bytes,   16901928 total
- age   3:    5553024 bytes,   22454952 total
- age   4:    5435120 bytes,   27890072 total
- age   5:    5157920 bytes,   33047992 total
- age   6:    2784536 bytes,   35832528 total
- age   7:    2270216 bytes,   38102744 total
- age   8:    2246568 bytes,   40349312 total
: 565744K->60159K(655360K), 0,1587082 secs] 977449K->473700K(3014656K), 0,1587740 secs] [Times: user=0,07 sys=0,00, real=0,16 secs] 
Heap after GC invocations=94 (full 1):
 par new generation   total 655360K, used 60159K [0x0000000700000000, 0x0000000730000000, 0x0000000730000000)
  eden space 524288K,   0% used [0x0000000700000000, 0x0000000700000000, 0x0000000720000000)
  from space 131072K,  45% used [0x0000000720000000, 0x0000000723abfc40, 0x0000000728000000)
  to   space 131072K,   0% used [0x0000000728000000, 0x0000000728000000, 0x0000000730000000)
 concurrent mark-sweep generation total 2359296K, used 413541K [0x0000000730000000, 0x00000007c0000000, 0x00000007c0000000)
 Metaspace       used 45239K, capacity 47185K, committed 47240K, reserved 1091584K
  class space    used 5225K, capacity 5784K, committed 5792K, reserved 1048576K
}
2018-01-03T20:26:14.307-0200: 213,517: Total time for which application threads were stopped: 0,1683960 seconds, Stopping threads took: 0,0094851 seconds
2018-01-03T20:26:14.429-0200: 213,639: Total time for which application threads were stopped: 0,0101709 seconds, Stopping threads took: 0,0100861 seconds
2018-01-03T20:26:14.532-0200: 213,741: Total time for which application threads were stopped: 0,0074511 seconds, Stopping threads took: 0,0073693 seconds
2018-01-03T20:26:14.532-0200: 213,742: Total time for which application threads were stopped: 0,0000460 seconds, Stopping threads took: 0,0000078 seconds
2018-01-03T20:26:14.624-0200: 213,834: Total time for which application threads were stopped: 0,0053876 seconds, Stopping threads took: 0,0053070 seconds
2018-01-03T20:26:14.637-0200: 213,846: Total time for which application threads were stopped: 0,0014012 seconds, Stopping threads took: 0,0013233 seconds
2018-01-03T20:26:14.759-0200: 213,969: Total time for which application threads were stopped: 0,0102880 seconds, Stopping threads took: 0,0101928 seconds
2018-01-03T20:26:14.760-0200: 213,969: Total time for which application threads were stopped: 0,0000520 seconds, Stopping threads took: 0,0000076 seconds
2018-01-03T20:26:14.784-0200: 213,994: Total time for which application threads were stopped: 0,0090476 seconds, Stopping threads took: 0,0089787 seconds
2018-01-03T20:26:14.792-0200: 214,002: Total time for which application threads were stopped: 0,0021790 seconds, Stopping threads took: 0,0021044 seconds
{Heap before GC invocations=94 (full 1):
 par new generation   total 655360K, used 584447K [0x0000000700000000, 0x0000000730000000, 0x0000000730000000)
  eden space 524288K, 100% used [0x0000000700000000, 0x0000000720000000, 0x0000000720000000)
  from space 131072K,  45% used [0x0000000720000000, 0x0000000723abfc40, 0x0000000728000000)
  to   space 131072K,   0% used [0x0000000728000000, 0x0000000728000000, 0x0000000730000000)
 concurrent mark-sweep generation total 2359296K, used 413541K [0x0000000730000000, 0x00000007c0000000, 0x00000007c0000000)
 Metaspace       used 45245K, capacity 47185K, committed 47240K, reserved 1091584K
  class space    used 5225K, capacity 5784K, committed 5792K, reserved 1048576K
2018-01-03T20:26:15.694-0200: 214,903: [GC (Allocation Failure) 2018-01-03T20:26:15.694-0200: 214,903: [ParNew
Desired survivor size 120795952 bytes, new threshold 8 (max 8)
- age   1:    9748256 bytes,    9748256 total
- age   2:    7001072 bytes,   16749328 total
- age   3:    6791720 bytes,   23541048 total
- age   4:    5552616 bytes,   29093664 total
- age   5:    5435000 bytes,   34528664 total
- age   6:    5157456 bytes,   39686120 total
- age   7:    2784088 bytes,   42470208 total
- age   8:    2270216 bytes,   44740424 total
: 584447K->56455K(655360K), 0,0894831 secs] 997988K->472190K(3014656K), 0,0895485 secs] [Times: user=0,08 sys=0,00, real=0,10 secs] 
Heap after GC invocations=95 (full 1):
 par new generation   total 655360K, used 56455K [0x0000000700000000, 0x0000000730000000, 0x0000000730000000)
  eden space 524288K,   0% used [0x0000000700000000, 0x0000000700000000, 0x0000000720000000)
  from space 131072K,  43% used [0x0000000728000000, 0x000000072b721c28, 0x0000000730000000)
  to   space 131072K,   0% used [0x0000000720000000, 0x0000000720000000, 0x0000000728000000)
 concurrent mark-sweep generation total 2359296K, used 415735K [0x0000000730000000, 0x00000007c0000000, 0x00000007c0000000)
 Metaspace       used 45245K, capacity 47185K, committed 47240K, reserved 1091584K
  class space    used 5225K, capacity 5784K, committed 5792K, reserved 1048576K
}
2018-01-03T20:26:15.783-0200: 214,993: Total time for which application threads were stopped: 0,0939598 seconds, Stopping threads took: 0,0042536 seconds
{Heap before GC invocations=95 (full 1):
 par new generation   total 655360K, used 580743K [0x0000000700000000, 0x0000000730000000, 0x0000000730000000)
  eden space 524288K, 100% used [0x0000000700000000, 0x0000000720000000, 0x0000000720000000)
  from space 131072K,  43% used [0x0000000728000000, 0x000000072b721c28, 0x0000000730000000)
  to   space 131072K,   0% used [0x0000000720000000, 0x0000000720000000, 0x0000000728000000)
 concurrent mark-sweep generation total 2359296K, used 415735K [0x0000000730000000, 0x00000007c0000000, 0x00000007c0000000)
 Metaspace       used 45245K, capacity 47185K, committed 47240K, reserved 1091584K
  class space    used 5225K, capacity 5784K, committed 5792K, reserved 1048576K
2018-01-03T20:26:16.871-0200: 216,080: [GC (Allocation Failure) 2018-01-03T20:26:16.871-0200: 216,080: [ParNew
Desired survivor size 120795952 bytes, new threshold 8 (max 8)
- age   1:   11846144 bytes,   11846144 total
- age   2:    6035904 bytes,   17882048 total
- age   3:    7001072 bytes,   24883120 total
- age   4:    6179192 bytes,   31062312 total
- age   5:    5552616 bytes,   36614928 total
- age   6:    5435000 bytes,   42049928 total
- age   7:    5157456 bytes,   47207384 total
- age   8:    2784088 bytes,   49991472 total
: 580743K->56999K(655360K), 0,1405434 secs] 996478K->474952K(3014656K), 0,1406460 secs] [Times: user=0,09 sys=0,00, real=0,14 secs] 
Heap after GC invocations=96 (full 1):
 par new generation   total 655360K, used 56999K [0x0000000700000000, 0x0000000730000000, 0x0000000730000000)
  eden space 524288K,   0% used [0x0000000700000000, 0x0000000700000000, 0x0000000720000000)
  from space 131072K,  43% used [0x0000000720000000, 0x00000007237a9eb8, 0x0000000728000000)
  to   space 131072K,   0% used [0x0000000728000000, 0x0000000728000000, 0x0000000730000000)
 concurrent mark-sweep generation total 2359296K, used 417952K [0x0000000730000000, 0x00000007c0000000, 0x00000007c0000000)
 Metaspace       used 45245K, capacity 47185K, committed 47240K, reserved 1091584K
  class space    used 5225K, capacity 5784K, committed 5792K, reserved 1048576K
}
2018-01-03T20:26:17.011-0200: 216,221: Total time for which application threads were stopped: 0,1524466 seconds, Stopping threads took: 0,0116572 seconds
{Heap before GC invocations=96 (full 1):
 par new generation   total 655360K, used 581287K [0x0000000700000000, 0x0000000730000000, 0x0000000730000000)
  eden space 524288K, 100% used [0x0000000700000000, 0x0000000720000000, 0x0000000720000000)
  from space 131072K,  43% used [0x0000000720000000, 0x00000007237a9eb8, 0x0000000728000000)
  to   space 131072K,   0% used [0x0000000728000000, 0x0000000728000000, 0x0000000730000000)
 concurrent mark-sweep generation total 2359296K, used 417952K [0x0000000730000000, 0x00000007c0000000, 0x00000007c0000000)
 Metaspace       used 45245K, capacity 47185K, committed 47240K, reserved 1091584K
  class space    used 5225K, capacity 5784K, committed 5792K, reserved 1048576K
2018-01-03T20:26:18.054-0200: 217,264: [GC (Allocation Failure) 2018-01-03T20:26:18.054-0200: 217,264: [ParNew
Desired survivor size 120795952 bytes, new threshold 8 (max 8)
- age   1:   13278928 bytes,   13278928 total
- age   2:    7448168 bytes,   20727096 total
- age   3:    6035504 bytes,   26762600 total
- age   4:    6468240 bytes,   33230840 total
- age   5:    6179192 bytes,   39410032 total
- age   6:    5552616 bytes,   44962648 total
- age   7:    5435000 bytes,   50397648 total
- age   8:    5157456 bytes,   55555104 total
: 581287K->73144K(655360K), 0,1359442 secs] 999240K->493825K(3014656K), 0,1359940 secs] [Times: user=0,09 sys=0,00, real=0,14 secs] 
Heap after GC invocations=97 (full 1):
 par new generation   total 655360K, used 73144K [0x0000000700000000, 0x0000000730000000, 0x0000000730000000)
  eden space 524288K,   0% used [0x0000000700000000, 0x0000000700000000, 0x0000000720000000)
  from space 131072K,  55% used [0x0000000728000000, 0x000000072c76e098, 0x0000000730000000)
  to   space 131072K,   0% used [0x0000000720000000, 0x0000000720000000, 0x0000000728000000)
 concurrent mark-sweep generation total 2359296K, used 420681K [0x0000000730000000, 0x00000007c0000000, 0x00000007c0000000)
 Metaspace       used 45245K, capacity 47185K, committed 47240K, reserved 1091584K
  class space    used 5225K, capacity 5784K, committed 5792K, reserved 1048576K
}
2018-01-03T20:26:18.190-0200: 217,400: Total time for which application threads were stopped: 0,1361583 seconds, Stopping threads took: 0,0000246 seconds
2018-01-03T20:26:18.199-0200: 217,409: Total time for which application threads were stopped: 0,0001547 seconds, Stopping threads took: 0,0000319 seconds
2018-01-03T20:26:18.299-0200: 217,509: Total time for which application threads were stopped: 0,0253647 seconds, Stopping threads took: 0,0252355 seconds
2018-01-03T20:26:18.322-0200: 217,531: Total time for which application threads were stopped: 0,0033363 seconds, Stopping threads took: 0,0032355 seconds
2018-01-03T20:26:18.322-0200: 217,532: Total time for which application threads were stopped: 0,0000763 seconds, Stopping threads took: 0,0000094 seconds
2018-01-03T20:26:18.352-0200: 217,561: Total time for which application threads were stopped: 0,0173481 seconds, Stopping threads took: 0,0079155 seconds
2018-01-03T20:26:18.352-0200: 217,561: Total time for which application threads were stopped: 0,0000708 seconds, Stopping threads took: 0,0000094 seconds
{Heap before GC invocations=97 (full 1):
 par new generation   total 655360K, used 597432K [0x0000000700000000, 0x0000000730000000, 0x0000000730000000)
  eden space 524288K, 100% used [0x0000000700000000, 0x0000000720000000, 0x0000000720000000)
  from space 131072K,  55% used [0x0000000728000000, 0x000000072c76e098, 0x0000000730000000)
  to   space 131072K,   0% used [0x0000000720000000, 0x0000000720000000, 0x0000000728000000)
 concurrent mark-sweep generation total 2359296K, used 420681K [0x0000000730000000, 0x00000007c0000000, 0x00000007c0000000)
 Metaspace       used 45251K, capacity 47185K, committed 47240K, reserved 1091584K
  class space    used 5225K, capacity 5784K, committed 5792K, reserved 1048576K
2018-01-03T20:26:19.572-0200: 218,782: [GC (Allocation Failure) 2018-01-03T20:26:19.572-0200: 218,782: [ParNew
Desired survivor size 120795952 bytes, new threshold 8 (max 8)
- age   1:   10993976 bytes,   10993976 total
- age   2:    8342552 bytes,   19336528 total
- age   3:    7447464 bytes,   26783992 total
- age   4:    6009336 bytes,   32793328 total
- age   5:    5943816 bytes,   38737144 total
- age   6:    6179192 bytes,   44916336 total
- age   7:    5552336 bytes,   50468672 total
- age   8:    5435000 bytes,   55903672 total
: 597432K->62612K(655360K), 0,1645571 secs] 1018113K->488449K(3014656K), 0,1646267 secs] [Times: user=0,09 sys=0,00, real=0,17 secs] 
Heap after GC invocations=98 (full 1):
 par new generation   total 655360K, used 62612K [0x0000000700000000, 0x0000000730000000, 0x0000000730000000)
  eden space 524288K,   0% used [0x0000000700000000, 0x0000000700000000, 0x0000000720000000)
  from space 131072K,  47% used [0x0000000720000000, 0x0000000723d25090, 0x0000000728000000)
  to   space 131072K,   0% used [0x0000000728000000, 0x0000000728000000, 0x0000000730000000)
 concurrent mark-sweep generation total 2359296K, used 425837K [0x0000000730000000, 0x00000007c0000000, 0x00000007c0000000)
 Metaspace       used 45251K, capacity 47185K, committed 47240K, reserved 1091584K
  class space    used 5225K, capacity 5784K, committed 5792K, reserved 1048576K
}
2018-01-03T20:26:19.737-0200: 218,946: Total time for which application threads were stopped: 0,1647727 seconds, Stopping threads took: 0,0000249 seconds
2018-01-03T20:26:20.750-0200: 219,959: Total time for which application threads were stopped: 0,0071606 seconds, Stopping threads took: 0,0070945 seconds
{Heap before GC invocations=98 (full 1):
 par new generation   total 655360K, used 586900K [0x0000000700000000, 0x0000000730000000, 0x0000000730000000)
  eden space 524288K, 100% used [0x0000000700000000, 0x0000000720000000, 0x0000000720000000)
  from space 131072K,  47% used [0x0000000720000000, 0x0000000723d25090, 0x0000000728000000)
  to   space 131072K,   0% used [0x0000000728000000, 0x0000000728000000, 0x0000000730000000)
 concurrent mark-sweep generation total 2359296K, used 425837K [0x0000000730000000, 0x00000007c0000000, 0x00000007c0000000)
 Metaspace       used 45251K, capacity 47185K, committed 47240K, reserved 1091584K
  class space    used 5225K, capacity 5784K, committed 5792K, reserved 1048576K
2018-01-03T20:26:21.380-0200: 220,589: [GC (Allocation Failure) 2018-01-03T20:26:21.380-0200: 220,590: [ParNew
Desired survivor size 120795952 bytes, new threshold 8 (max 8)
- age   1:   10696216 bytes,   10696216 total
- age   2:   10336048 bytes,   21032264 total
- age   3:    6742664 bytes,   27774928 total
- age   4:    7056408 bytes,   34831336 total
- age   5:    5619864 bytes,   40451200 total
- age   6:    5602248 bytes,   46053448 total
- age   7:    5776328 bytes,   51829776 total
- age   8:    5198576 bytes,   57028352 total
: 586900K->83782K(655360K), 0,2110688 secs] 1012737K->514652K(3014656K), 0,2111362 secs] [Times: user=0,08 sys=0,00, real=0,21 secs] 
Heap after GC invocations=99 (full 1):
 par new generation   total 655360K, used 83782K [0x0000000700000000, 0x0000000730000000, 0x0000000730000000)
  eden space 524288K,   0% used [0x0000000700000000, 0x0000000700000000, 0x0000000720000000)
  from space 131072K,  63% used [0x0000000728000000, 0x000000072d1d1928, 0x0000000730000000)
  to   space 131072K,   0% used [0x0000000720000000, 0x0000000720000000, 0x0000000728000000)
 concurrent mark-sweep generation total 2359296K, used 430869K [0x0000000730000000, 0x00000007c0000000, 0x00000007c0000000)
 Metaspace       used 45251K, capacity 47185K, committed 47240K, reserved 1091584K
  class space    used 5225K, capacity 5784K, committed 5792K, reserved 1048576K
}
2018-01-03T20:26:21.591-0200: 220,801: Total time for which application threads were stopped: 0,2113132 seconds, Stopping threads took: 0,0000223 seconds
{Heap before GC invocations=99 (full 1):
 par new generation   total 655360K, used 608070K [0x0000000700000000, 0x0000000730000000, 0x0000000730000000)
  eden space 524288K, 100% used [0x0000000700000000, 0x0000000720000000, 0x0000000720000000)
  from space 131072K,  63% used [0x0000000728000000, 0x000000072d1d1928, 0x0000000730000000)
  to   space 131072K,   0% used [0x0000000720000000, 0x0000000720000000, 0x0000000728000000)
 concurrent mark-sweep generation total 2359296K, used 430869K [0x0000000730000000, 0x00000007c0000000, 0x00000007c0000000)
 Metaspace       used 45251K, capacity 47185K, committed 47240K, reserved 1091584K
  class space    used 5225K, capacity 5784K, committed 5792K, reserved 1048576K
2018-01-03T20:26:22.727-0200: 221,937: [GC (Allocation Failure) 2018-01-03T20:26:22.727-0200: 221,937: [ParNew
Desired survivor size 120795952 bytes, new threshold 8 (max 8)
- age   1:    5926408 bytes,    5926408 total
- age   2:    9619192 bytes,   15545600 total
- age   3:   10335264 bytes,   25880864 total
- age   4:    6734216 bytes,   32615080 total
- age   5:    7056408 bytes,   39671488 total
- age   6:    5619864 bytes,   45291352 total
- age   7:    5602248 bytes,   50893600 total
- age   8:    5776328 bytes,   56669928 total
: 608070K->70977K(655360K), 0,1028584 secs] 1038940K->506989K(3014656K), 0,1029397 secs] [Times: user=0,08 sys=0,00, real=0,10 secs] 
Heap after GC invocations=100 (full 1):
 par new generation   total 655360K, used 70977K [0x0000000700000000, 0x0000000730000000, 0x0000000730000000)
  eden space 524288K,   0% used [0x0000000700000000, 0x0000000700000000, 0x0000000720000000)
  from space 131072K,  54% used [0x0000000720000000, 0x0000000724550658, 0x0000000728000000)
  to   space 131072K,   0% used [0x0000000728000000, 0x0000000728000000, 0x0000000730000000)
 concurrent mark-sweep generation total 2359296K, used 436011K [0x0000000730000000, 0x00000007c0000000, 0x00000007c0000000)
 Metaspace       used 45251K, capacity 47185K, committed 47240K, reserved 1091584K
  class space    used 5225K, capacity 5784K, committed 5792K, reserved 1048576K
}
2018-01-03T20:26:22.830-0200: 222,040: Total time for which application threads were stopped: 0,1062141 seconds, Stopping threads took: 0,0031275 seconds
2018-01-03T20:26:23.846-0200: 223,055: Total time for which application threads were stopped: 0,0069628 seconds, Stopping threads took: 0,0068926 seconds
2018-01-03T20:26:23.941-0200: 223,151: Total time for which application threads were stopped: 0,0061822 seconds, Stopping threads took: 0,0060879 seconds
2018-01-03T20:26:23.949-0200: 223,158: Total time for which application threads were stopped: 0,0001169 seconds, Stopping threads took: 0,0000487 seconds
2018-01-03T20:26:23.949-0200: 223,158: Total time for which application threads were stopped: 0,0000482 seconds, Stopping threads took: 0,0000055 seconds
2018-01-03T20:26:23.949-0200: 223,159: Total time for which application threads were stopped: 0,0000780 seconds, Stopping threads took: 0,0000223 seconds
2018-01-03T20:26:23.949-0200: 223,159: Total time for which application threads were stopped: 0,0000484 seconds, Stopping threads took: 0,0000055 seconds
{Heap before GC invocations=100 (full 1):
 par new generation   total 655360K, used 595265K [0x0000000700000000, 0x0000000730000000, 0x0000000730000000)
  eden space 524288K, 100% used [0x0000000700000000, 0x0000000720000000, 0x0000000720000000)
  from space 131072K,  54% used [0x0000000720000000, 0x0000000724550658, 0x0000000728000000)
  to   space 131072K,   0% used [0x0000000728000000, 0x0000000728000000, 0x0000000730000000)
 concurrent mark-sweep generation total 2359296K, used 436011K [0x0000000730000000, 0x00000007c0000000, 0x00000007c0000000)
 Metaspace       used 45261K, capacity 47189K, committed 47240K, reserved 1091584K
  class space    used 5225K, capacity 5784K, committed 5792K, reserved 1048576K
2018-01-03T20:26:23.973-0200: 223,182: [GC (Allocation Failure) 2018-01-03T20:26:23.973-0200: 223,182: [ParNew
Desired survivor size 120795952 bytes, new threshold 8 (max 8)
- age   1:    4011184 bytes,    4011184 total
- age   2:    2150640 bytes,    6161824 total
- age   3:    4229624 bytes,   10391448 total
- age   4:    9343568 bytes,   19735016 total
- age   5:    5624240 bytes,   25359256 total
- age   6:    5965808 bytes,   31325064 total
- age   7:    4525616 bytes,   35850680 total
- age   8:    4639480 bytes,   40490160 total
: 595265K->59948K(655360K), 0,0632093 secs] 1031277K->500512K(3014656K), 0,0632672 secs] [Times: user=0,07 sys=0,00, real=0,07 secs] 
Heap after GC invocations=101 (full 1):
 par new generation   total 655360K, used 59948K [0x0000000700000000, 0x0000000730000000, 0x0000000730000000)
  eden space 524288K,   0% used [0x0000000700000000, 0x0000000700000000, 0x0000000720000000)
  from space 131072K,  45% used [0x0000000728000000, 0x000000072ba8b238, 0x0000000730000000)
  to   space 131072K,   0% used [0x0000000720000000, 0x0000000720000000, 0x0000000728000000)
 concurrent mark-sweep generation total 2359296K, used 440564K [0x0000000730000000, 0x00000007c0000000, 0x00000007c0000000)
 Metaspace       used 45261K, capacity 47189K, committed 47240K, reserved 1091584K
  class space    used 5225K, capacity 5784K, committed 5792K, reserved 1048576K
}
2018-01-03T20:26:24.036-0200: 223,246: Total time for which application threads were stopped: 0,0665761 seconds, Stopping threads took: 0,0031881 seconds
{Heap before GC invocations=101 (full 1):
 par new generation   total 655360K, used 584236K [0x0000000700000000, 0x0000000730000000, 0x0000000730000000)
  eden space 524288K, 100% used [0x0000000700000000, 0x0000000720000000, 0x0000000720000000)
  from space 131072K,  45% used [0x0000000728000000, 0x000000072ba8b238, 0x0000000730000000)
  to   space 131072K,   0% used [0x0000000720000000, 0x0000000720000000, 0x0000000728000000)
 concurrent mark-sweep generation total 2359296K, used 440564K [0x0000000730000000, 0x00000007c0000000, 0x00000007c0000000)
 Metaspace       used 45261K, capacity 47189K, committed 47240K, reserved 1091584K
  class space    used 5225K, capacity 5784K, committed 5792K, reserved 1048576K
2018-01-03T20:26:25.153-0200: 224,362: [GC (Allocation Failure) 2018-01-03T20:26:25.153-0200: 224,362: [ParNew
Desired survivor size 120795952 bytes, new threshold 8 (max 8)
- age   1:    7416952 bytes,    7416952 total
- age   2:    3510344 bytes,   10927296 total
- age   3:    2150640 bytes,   13077936 total
- age   4:    4229624 bytes,   17307560 total
- age   5:    9343568 bytes,   26651128 total
- age   6:    5624240 bytes,   32275368 total
- age   7:    5965808 bytes,   38241176 total
- age   8:    4525616 bytes,   42766792 total
: 584236K->50242K(655360K), 0,0694717 secs] 1024800K->495351K(3014656K), 0,0695230 secs] [Times: user=0,07 sys=0,00, real=0,07 secs] 
Heap after GC invocations=102 (full 1):
 par new generation   total 655360K, used 50242K [0x0000000700000000, 0x0000000730000000, 0x0000000730000000)
  eden space 524288K,   0% used [0x0000000700000000, 0x0000000700000000, 0x0000000720000000)
  from space 131072K,  38% used [0x0000000720000000, 0x0000000723110b10, 0x0000000728000000)
  to   space 131072K,   0% used [0x0000000728000000, 0x0000000728000000, 0x0000000730000000)
 concurrent mark-sweep generation total 2359296K, used 445108K [0x0000000730000000, 0x00000007c0000000, 0x00000007c0000000)
 Metaspace       used 45261K, capacity 47189K, committed 47240K, reserved 1091584K
  class space    used 5225K, capacity 5784K, committed 5792K, reserved 1048576K
}
2018-01-03T20:26:25.222-0200: 224,432: Total time for which application threads were stopped: 0,0736372 seconds, Stopping threads took: 0,0039988 seconds
2018-01-03T20:26:26.232-0200: 225,441: Total time for which application threads were stopped: 0,0029070 seconds, Stopping threads took: 0,0028487 seconds
{Heap before GC invocations=102 (full 1):
 par new generation   total 655360K, used 574530K [0x0000000700000000, 0x0000000730000000, 0x0000000730000000)
  eden space 524288K, 100% used [0x0000000700000000, 0x0000000720000000, 0x0000000720000000)
  from space 131072K,  38% used [0x0000000720000000, 0x0000000723110b10, 0x0000000728000000)
  to   space 131072K,   0% used [0x0000000728000000, 0x0000000728000000, 0x0000000730000000)
 concurrent mark-sweep generation total 2359296K, used 445108K [0x0000000730000000, 0x00000007c0000000, 0x00000007c0000000)
 Metaspace       used 45261K, capacity 47189K, committed 47240K, reserved 1091584K
  class space    used 5225K, capacity 5784K, committed 5792K, reserved 1048576K
2018-01-03T20:26:26.444-0200: 225,653: [GC (Allocation Failure) 2018-01-03T20:26:26.444-0200: 225,653: [ParNew
Desired survivor size 120795952 bytes, new threshold 8 (max 8)
- age   1:    7760224 bytes,    7760224 total
- age   2:    6108120 bytes,   13868344 total
- age   3:    3506512 bytes,   17374856 total
- age   4:    2142192 bytes,   19517048 total
- age   5:    4229624 bytes,   23746672 total
- age   6:    9343568 bytes,   33090240 total
- age   7:    5624240 bytes,   38714480 total
- age   8:    5965808 bytes,   44680288 total
: 574530K->54036K(655360K), 0,1673578 secs] 1019639K->503580K(3014656K), 0,1674181 secs] [Times: user=0,08 sys=0,00, real=0,16 secs] 
Heap after GC invocations=103 (full 1):
 par new generation   total 655360K, used 54036K [0x0000000700000000, 0x0000000730000000, 0x0000000730000000)
  eden space 524288K,   0% used [0x0000000700000000, 0x0000000700000000, 0x0000000720000000)
  from space 131072K,  41% used [0x0000000728000000, 0x000000072b4c5090, 0x0000000730000000)
  to   space 131072K,   0% used [0x0000000720000000, 0x0000000720000000, 0x0000000728000000)
 concurrent mark-sweep generation total 2359296K, used 449544K [0x0000000730000000, 0x00000007c0000000, 0x00000007c0000000)
 Metaspace       used 45261K, capacity 47189K, committed 47240K, reserved 1091584K
  class space    used 5225K, capacity 5784K, committed 5792K, reserved 1048576K
}
2018-01-03T20:26:26.611-0200: 225,821: Total time for which application threads were stopped: 0,1699878 seconds, Stopping threads took: 0,0024209 seconds
2018-01-03T20:26:27.274-0200: 226,483: Total time for which application threads were stopped: 0,0123096 seconds, Stopping threads took: 0,0122198 seconds
2018-01-03T20:26:27.324-0200: 226,534: Total time for which application threads were stopped: 0,0090906 seconds, Stopping threads took: 0,0090052 seconds
2018-01-03T20:26:27.333-0200: 226,542: Total time for which application threads were stopped: 0,0012716 seconds, Stopping threads took: 0,0012095 seconds
2018-01-03T20:26:27.333-0200: 226,543: Total time for which application threads were stopped: 0,0000380 seconds, Stopping threads took: 0,0000074 seconds
2018-01-03T20:26:27.527-0200: 226,737: Total time for which application threads were stopped: 0,0120680 seconds, Stopping threads took: 0,0119788 seconds
2018-01-03T20:26:27.538-0200: 226,748: Total time for which application threads were stopped: 0,0015506 seconds, Stopping threads took: 0,0014672 seconds
2018-01-03T20:26:27.540-0200: 226,749: Total time for which application threads were stopped: 0,0009279 seconds, Stopping threads took: 0,0008403 seconds
2018-01-03T20:26:27.569-0200: 226,779: Total time for which application threads were stopped: 0,0076733 seconds, Stopping threads took: 0,0075761 seconds
2018-01-03T20:26:27.573-0200: 226,783: Total time for which application threads were stopped: 0,0002088 seconds, Stopping threads took: 0,0001052 seconds
{Heap before GC invocations=103 (full 1):
 par new generation   total 655360K, used 578324K [0x0000000700000000, 0x0000000730000000, 0x0000000730000000)
  eden space 524288K, 100% used [0x0000000700000000, 0x0000000720000000, 0x0000000720000000)
  from space 131072K,  41% used [0x0000000728000000, 0x000000072b4c5090, 0x0000000730000000)
  to   space 131072K,   0% used [0x0000000720000000, 0x0000000720000000, 0x0000000728000000)
 concurrent mark-sweep generation total 2359296K, used 449544K [0x0000000730000000, 0x00000007c0000000, 0x00000007c0000000)
 Metaspace       used 45266K, capacity 47189K, committed 47240K, reserved 1091584K
  class space    used 5225K, capacity 5784K, committed 5792K, reserved 1048576K
2018-01-03T20:26:28.126-0200: 227,335: [GC (Allocation Failure) 2018-01-03T20:26:28.126-0200: 227,335: [ParNew
Desired survivor size 120795952 bytes, new threshold 8 (max 8)
- age   1:    7524752 bytes,    7524752 total
- age   2:    6039976 bytes,   13564728 total
- age   3:    6108120 bytes,   19672848 total
- age   4:    3506408 bytes,   23179256 total
- age   5:    2142072 bytes,   25321328 total
- age   6:    4229624 bytes,   29550952 total
- age   7:    9341672 bytes,   38892624 total
- age   8:    5624240 bytes,   44516864 total
: 578324K->62596K(655360K), 0,0997149 secs] 1027868K->517983K(3014656K), 0,0997840 secs] [Times: user=0,08 sys=0,01, real=0,10 secs] 
Heap after GC invocations=104 (full 1):
 par new generation   total 655360K, used 62596K [0x0000000700000000, 0x0000000730000000, 0x0000000730000000)
  eden space 524288K,   0% used [0x0000000700000000, 0x0000000700000000, 0x0000000720000000)
  from space 131072K,  47% used [0x0000000720000000, 0x0000000723d21110, 0x0000000728000000)
  to   space 131072K,   0% used [0x0000000728000000, 0x0000000728000000, 0x0000000730000000)
 concurrent mark-sweep generation total 2359296K, used 455387K [0x0000000730000000, 0x00000007c0000000, 0x00000007c0000000)
 Metaspace       used 45266K, capacity 47189K, committed 47240K, reserved 1091584K
  class space    used 5225K, capacity 5784K, committed 5792K, reserved 1048576K
}
2018-01-03T20:26:28.226-0200: 227,435: Total time for which application threads were stopped: 0,1031483 seconds, Stopping threads took: 0,0032144 seconds
2018-01-03T20:26:28.530-0200: 227,739: Total time for which application threads were stopped: 0,0032862 seconds, Stopping threads took: 0,0031945 seconds
2018-01-03T20:26:28.548-0200: 227,758: Total time for which application threads were stopped: 0,0056619 seconds, Stopping threads took: 0,0055601 seconds
{Heap before GC invocations=104 (full 1):
 par new generation   total 655360K, used 586884K [0x0000000700000000, 0x0000000730000000, 0x0000000730000000)
  eden space 524288K, 100% used [0x0000000700000000, 0x0000000720000000, 0x0000000720000000)
  from space 131072K,  47% used [0x0000000720000000, 0x0000000723d21110, 0x0000000728000000)
  to   space 131072K,   0% used [0x0000000728000000, 0x0000000728000000, 0x0000000730000000)
 concurrent mark-sweep generation total 2359296K, used 455387K [0x0000000730000000, 0x00000007c0000000, 0x00000007c0000000)
 Metaspace       used 45289K, capacity 47193K, committed 47240K, reserved 1091584K
  class space    used 5225K, capacity 5784K, committed 5792K, reserved 1048576K
2018-01-03T20:26:29.389-0200: 228,598: [GC (Allocation Failure) 2018-01-03T20:26:29.389-0200: 228,598: [ParNew
Desired survivor size 120795952 bytes, new threshold 8 (max 8)
- age   1:    4023800 bytes,    4023800 total
- age   2:    6112560 bytes,   10136360 total
- age   3:    6039976 bytes,   16176336 total
- age   4:    6108120 bytes,   22284456 total
- age   5:    3469888 bytes,   25754344 total
- age   6:    2142072 bytes,   27896416 total
- age   7:    4229528 bytes,   32125944 total
- age   8:    9341608 bytes,   41467552 total
: 586884K->53470K(655360K), 0,1270571 secs] 1042271K->514366K(3014656K), 0,1271286 secs] [Times: user=0,06 sys=0,01, real=0,13 secs] 
Heap after GC invocations=105 (full 1):
 par new generation   total 655360K, used 53470K [0x0000000700000000, 0x0000000730000000, 0x0000000730000000)
  eden space 524288K,   0% used [0x0000000700000000, 0x0000000700000000, 0x0000000720000000)
  from space 131072K,  40% used [0x0000000728000000, 0x000000072b437a40, 0x0000000730000000)
  to   space 131072K,   0% used [0x0000000720000000, 0x0000000720000000, 0x0000000728000000)
 concurrent mark-sweep generation total 2359296K, used 460895K [0x0000000730000000, 0x00000007c0000000, 0x00000007c0000000)
 Metaspace       used 45289K, capacity 47193K, committed 47240K, reserved 1091584K
  class space    used 5225K, capacity 5784K, committed 5792K, reserved 1048576K
}
2018-01-03T20:26:29.516-0200: 228,725: Total time for which application threads were stopped: 0,1345627 seconds, Stopping threads took: 0,0072807 seconds
2018-01-03T20:26:29.547-0200: 228,757: Total time for which application threads were stopped: 0,0094282 seconds, Stopping threads took: 0,0093329 seconds
2018-01-03T20:26:30.568-0200: 229,777: Total time for which application threads were stopped: 0,0070591 seconds, Stopping threads took: 0,0069766 seconds
2018-01-03T20:26:30.673-0200: 229,882: Total time for which application threads were stopped: 0,0065950 seconds, Stopping threads took: 0,0065012 seconds
2018-01-03T20:26:30.935-0200: 230,145: Total time for which application threads were stopped: 0,0168397 seconds, Stopping threads took: 0,0167373 seconds
{Heap before GC invocations=105 (full 1):
 par new generation   total 655360K, used 577758K [0x0000000700000000, 0x0000000730000000, 0x0000000730000000)
  eden space 524288K, 100% used [0x0000000700000000, 0x0000000720000000, 0x0000000720000000)
  from space 131072K,  40% used [0x0000000728000000, 0x000000072b437a40, 0x0000000730000000)
  to   space 131072K,   0% used [0x0000000720000000, 0x0000000720000000, 0x0000000728000000)
 concurrent mark-sweep generation total 2359296K, used 460895K [0x0000000730000000, 0x00000007c0000000, 0x00000007c0000000)
 Metaspace       used 45348K, capacity 47335K, committed 47496K, reserved 1091584K
  class space    used 5228K, capacity 5789K, committed 5792K, reserved 1048576K
2018-01-03T20:26:31.887-0200: 231,097: [GC (Allocation Failure) 2018-01-03T20:26:31.887-0200: 231,097: [ParNew
Desired survivor size 120795952 bytes, new threshold 8 (max 8)
- age   1:    2277880 bytes,    2277880 total
- age   2:    2455048 bytes,    4732928 total
- age   3:    5126992 bytes,    9859920 total
- age   4:    5007704 bytes,   14867624 total
- age   5:    5050840 bytes,   19918464 total
- age   6:    2859112 bytes,   22777576 total
- age   7:    2142072 bytes,   24919648 total
- age   8:    4229528 bytes,   29149176 total
: 577758K->38271K(655360K), 0,1602759 secs] 1038654K->508305K(3014656K), 0,1603471 secs] [Times: user=0,08 sys=0,00, real=0,16 secs] 
Heap after GC invocations=106 (full 1):
 par new generation   total 655360K, used 38271K [0x0000000700000000, 0x0000000730000000, 0x0000000730000000)
  eden space 524288K,   0% used [0x0000000700000000, 0x0000000700000000, 0x0000000720000000)
  from space 131072K,  29% used [0x0000000720000000, 0x000000072255ffd0, 0x0000000728000000)
  to   space 131072K,   0% used [0x0000000728000000, 0x0000000728000000, 0x0000000730000000)
 concurrent mark-sweep generation total 2359296K, used 470033K [0x0000000730000000, 0x00000007c0000000, 0x00000007c0000000)
 Metaspace       used 45348K, capacity 47335K, committed 47496K, reserved 1091584K
  class space    used 5228K, capacity 5789K, committed 5792K, reserved 1048576K
}
2018-01-03T20:26:32.048-0200: 231,257: Total time for which application threads were stopped: 0,1776334 seconds, Stopping threads took: 0,0171315 seconds
2018-01-03T20:26:32.432-0200: 231,642: Total time for which application threads were stopped: 0,0152304 seconds, Stopping threads took: 0,0150643 seconds
2018-01-03T20:26:32.849-0200: 232,059: Total time for which application threads were stopped: 0,0060556 seconds, Stopping threads took: 0,0059856 seconds
2018-01-03T20:26:33.007-0200: 232,216: Total time for which application threads were stopped: 0,0074425 seconds, Stopping threads took: 0,0073531 seconds
2018-01-03T20:26:33.255-0200: 232,465: Total time for which application threads were stopped: 0,0034938 seconds, Stopping threads took: 0,0034366 seconds
2018-01-03T20:26:33.255-0200: 232,465: Total time for which application threads were stopped: 0,0000397 seconds, Stopping threads took: 0,0000080 seconds
2018-01-03T20:26:33.257-0200: 232,467: Total time for which application threads were stopped: 0,0000821 seconds, Stopping threads took: 0,0000203 seconds
2018-01-03T20:26:33.258-0200: 232,467: Total time for which application threads were stopped: 0,0000570 seconds, Stopping threads took: 0,0000066 seconds
2018-01-03T20:26:33.267-0200: 232,477: Total time for which application threads were stopped: 0,0051443 seconds, Stopping threads took: 0,0049904 seconds
{Heap before GC invocations=106 (full 1):
 par new generation   total 655360K, used 562559K [0x0000000700000000, 0x0000000730000000, 0x0000000730000000)
  eden space 524288K, 100% used [0x0000000700000000, 0x0000000720000000, 0x0000000720000000)
  from space 131072K,  29% used [0x0000000720000000, 0x000000072255ffd0, 0x0000000728000000)
  to   space 131072K,   0% used [0x0000000728000000, 0x0000000728000000, 0x0000000730000000)
 concurrent mark-sweep generation total 2359296K, used 470033K [0x0000000730000000, 0x00000007c0000000, 0x00000007c0000000)
 Metaspace       used 45497K, capacity 47443K, committed 47624K, reserved 1091584K
  class space    used 5235K, capacity 5798K, committed 5920K, reserved 1048576K
2018-01-03T20:26:33.804-0200: 233,014: [GC (Allocation Failure) 2018-01-03T20:26:33.804-0200: 233,014: [ParNew
Desired survivor size 120795952 bytes, new threshold 8 (max 8)
- age   1:     818728 bytes,     818728 total
- age   2:    1035248 bytes,    1853976 total
- age   3:    1141744 bytes,    2995720 total
- age   4:    1678384 bytes,    4674104 total
- age   5:    1861296 bytes,    6535400 total
- age   6:    2239832 bytes,    8775232 total
- age   7:    1410560 bytes,   10185792 total
- age   8:    1549272 bytes,   11735064 total
: 562559K->24213K(655360K), 0,0496972 secs] 1032593K->497880K(3014656K), 0,0497613 secs] [Times: user=0,04 sys=0,00, real=0,04 secs] 
Heap after GC invocations=107 (full 1):
 par new generation   total 655360K, used 24213K [0x0000000700000000, 0x0000000730000000, 0x0000000730000000)
  eden space 524288K,   0% used [0x0000000700000000, 0x0000000700000000, 0x0000000720000000)
  from space 131072K,  18% used [0x0000000728000000, 0x00000007297a54f0, 0x0000000730000000)
  to   space 131072K,   0% used [0x0000000720000000, 0x0000000720000000, 0x0000000728000000)
 concurrent mark-sweep generation total 2359296K, used 473667K [0x0000000730000000, 0x00000007c0000000, 0x00000007c0000000)
 Metaspace       used 45497K, capacity 47443K, committed 47624K, reserved 1091584K
  class space    used 5235K, capacity 5798K, committed 5920K, reserved 1048576K
}
2018-01-03T20:26:33.854-0200: 233,064: Total time for which application threads were stopped: 0,0499570 seconds, Stopping threads took: 0,0000291 seconds
2018-01-03T20:26:33.860-0200: 233,070: Total time for which application threads were stopped: 0,0016304 seconds, Stopping threads took: 0,0015784 seconds
2018-01-03T20:26:34.494-0200: 233,703: Total time for which application threads were stopped: 0,0021085 seconds, Stopping threads took: 0,0020469 seconds
2018-01-03T20:26:34.495-0200: 233,705: Total time for which application threads were stopped: 0,0000584 seconds, Stopping threads took: 0,0000099 seconds
2018-01-03T20:26:34.495-0200: 233,705: Total time for which application threads were stopped: 0,0000310 seconds, Stopping threads took: 0,0000053 seconds
2018-01-03T20:26:34.495-0200: 233,705: Total time for which application threads were stopped: 0,0000284 seconds, Stopping threads took: 0,0000047 seconds
2018-01-03T20:26:34.495-0200: 233,705: Total time for which application threads were stopped: 0,0000282 seconds, Stopping threads took: 0,0000045 seconds
2018-01-03T20:26:34.495-0200: 233,705: Total time for which application threads were stopped: 0,0000466 seconds, Stopping threads took: 0,0000046 seconds
2018-01-03T20:26:34.496-0200: 233,705: Total time for which application threads were stopped: 0,0000282 seconds, Stopping threads took: 0,0000048 seconds
2018-01-03T20:26:34.496-0200: 233,705: Total time for which application threads were stopped: 0,0000285 seconds, Stopping threads took: 0,0000049 seconds
2018-01-03T20:26:34.496-0200: 233,705: Total time for which application threads were stopped: 0,0000278 seconds, Stopping threads took: 0,0000046 seconds
2018-01-03T20:26:34.498-0200: 233,707: Total time for which application threads were stopped: 0,0000558 seconds, Stopping threads took: 0,0000131 seconds
2018-01-03T20:26:34.498-0200: 233,707: Total time for which application threads were stopped: 0,0000312 seconds, Stopping threads took: 0,0000052 seconds
2018-01-03T20:26:34.498-0200: 233,707: Total time for which application threads were stopped: 0,0000285 seconds, Stopping threads took: 0,0000047 seconds
2018-01-03T20:26:34.563-0200: 233,772: Total time for which application threads were stopped: 0,0193762 seconds, Stopping threads took: 0,0193050 seconds
2018-01-03T20:26:34.568-0200: 233,777: Total time for which application threads were stopped: 0,0020383 seconds, Stopping threads took: 0,0019745 seconds
2018-01-03T20:26:34.568-0200: 233,778: Total time for which application threads were stopped: 0,0000460 seconds, Stopping threads took: 0,0000116 seconds
{Heap before GC invocations=107 (full 1):
 par new generation   total 655360K, used 548501K [0x0000000700000000, 0x0000000730000000, 0x0000000730000000)
  eden space 524288K, 100% used [0x0000000700000000, 0x0000000720000000, 0x0000000720000000)
  from space 131072K,  18% used [0x0000000728000000, 0x00000007297a54f0, 0x0000000730000000)
  to   space 131072K,   0% used [0x0000000720000000, 0x0000000720000000, 0x0000000728000000)
 concurrent mark-sweep generation total 2359296K, used 473667K [0x0000000730000000, 0x00000007c0000000, 0x00000007c0000000)
 Metaspace       used 45500K, capacity 47443K, committed 47624K, reserved 1091584K
  class space    used 5235K, capacity 5798K, committed 5920K, reserved 1048576K
2018-01-03T20:26:34.819-0200: 234,029: [GC (Allocation Failure) 2018-01-03T20:26:34.819-0200: 234,029: [ParNew
Desired survivor size 120795952 bytes, new threshold 8 (max 8)
- age   1:       3760 bytes,       3760 total
- age   2:     768648 bytes,     772408 total
- age   3:     863408 bytes,    1635816 total
- age   4:    1141440 bytes,    2777256 total
- age   5:    1677720 bytes,    4454976 total
- age   6:    1861296 bytes,    6316272 total
- age   7:    2239832 bytes,    8556104 total
- age   8:    1410560 bytes,    9966664 total
: 548501K->13914K(655360K), 0,0926036 secs] 1022168K->489094K(3014656K), 0,0926638 secs] [Times: user=0,06 sys=0,00, real=0,09 secs] 
Heap after GC invocations=108 (full 1):
 par new generation   total 655360K, used 13914K [0x0000000700000000, 0x0000000730000000, 0x0000000730000000)
  eden space 524288K,   0% used [0x0000000700000000, 0x0000000700000000, 0x0000000720000000)
  from space 131072K,  10% used [0x0000000720000000, 0x0000000720d96a88, 0x0000000728000000)
  to   space 131072K,   0% used [0x0000000728000000, 0x0000000728000000, 0x0000000730000000)
 concurrent mark-sweep generation total 2359296K, used 475180K [0x0000000730000000, 0x00000007c0000000, 0x00000007c0000000)
 Metaspace       used 45500K, capacity 47443K, committed 47624K, reserved 1091584K
  class space    used 5235K, capacity 5798K, committed 5920K, reserved 1048576K
}
2018-01-03T20:26:34.912-0200: 234,121: Total time for which application threads were stopped: 0,0928007 seconds, Stopping threads took: 0,0000238 seconds
{Heap before GC invocations=108 (full 1):
 par new generation   total 655360K, used 538202K [0x0000000700000000, 0x0000000730000000, 0x0000000730000000)
  eden space 524288K, 100% used [0x0000000700000000, 0x0000000720000000, 0x0000000720000000)
  from space 131072K,  10% used [0x0000000720000000, 0x0000000720d96a88, 0x0000000728000000)
  to   space 131072K,   0% used [0x0000000728000000, 0x0000000728000000, 0x0000000730000000)
 concurrent mark-sweep generation total 2359296K, used 475180K [0x0000000730000000, 0x00000007c0000000, 0x00000007c0000000)
 Metaspace       used 45500K, capacity 47443K, committed 47624K, reserved 1091584K
  class space    used 5235K, capacity 5798K, committed 5920K, reserved 1048576K
2018-01-03T20:26:35.900-0200: 235,110: [GC (Allocation Failure) 2018-01-03T20:26:35.900-0200: 235,110: [ParNew
Desired survivor size 120795952 bytes, new threshold 8 (max 8)
- age   1:        728 bytes,        728 total
- age   2:       2264 bytes,       2992 total
- age   3:     768672 bytes,     771664 total
- age   4:     863408 bytes,    1635072 total
- age   5:    1141440 bytes,    2776512 total
- age   6:    1677720 bytes,    4454232 total
- age   7:    1861296 bytes,    6315528 total
- age   8:    2239832 bytes,    8555360 total
: 538202K->11690K(655360K), 0,0972848 secs] 1013382K->488248K(3014656K), 0,0973463 secs] [Times: user=0,05 sys=0,01, real=0,10 secs] 
Heap after GC invocations=109 (full 1):
 par new generation   total 655360K, used 11690K [0x0000000700000000, 0x0000000730000000, 0x0000000730000000)
  eden space 524288K,   0% used [0x0000000700000000, 0x0000000700000000, 0x0000000720000000)
  from space 131072K,   8% used [0x0000000728000000, 0x0000000728b6abb8, 0x0000000730000000)
  to   space 131072K,   0% used [0x0000000720000000, 0x0000000720000000, 0x0000000728000000)
 concurrent mark-sweep generation total 2359296K, used 476558K [0x0000000730000000, 0x00000007c0000000, 0x00000007c0000000)
 Metaspace       used 45500K, capacity 47443K, committed 47624K, reserved 1091584K
  class space    used 5235K, capacity 5798K, committed 5920K, reserved 1048576K
}
2018-01-03T20:26:35.997-0200: 235,207: Total time for which application threads were stopped: 0,0974808 seconds, Stopping threads took: 0,0000228 seconds
2018-01-03T20:26:36.037-0200: 235,246: Total time for which application threads were stopped: 0,0020953 seconds, Stopping threads took: 0,0020365 seconds
2018-01-03T20:26:36.102-0200: 235,311: Total time for which application threads were stopped: 0,0143015 seconds, Stopping threads took: 0,0142196 seconds
2018-01-03T20:26:36.131-0200: 235,341: Total time for which application threads were stopped: 0,0144460 seconds, Stopping threads took: 0,0143563 seconds
2018-01-03T20:26:36.165-0200: 235,375: Total time for which application threads were stopped: 0,0063021 seconds, Stopping threads took: 0,0062367 seconds
2018-01-03T20:26:36.173-0200: 235,383: Total time for which application threads were stopped: 0,0001108 seconds, Stopping threads took: 0,0000433 seconds
2018-01-03T20:26:36.174-0200: 235,383: Total time for which application threads were stopped: 0,0000361 seconds, Stopping threads took: 0,0000063 seconds
2018-01-03T20:26:37.184-0200: 236,394: Total time for which application threads were stopped: 0,0085861 seconds, Stopping threads took: 0,0085303 seconds
{Heap before GC invocations=109 (full 1):
 par new generation   total 655360K, used 535978K [0x0000000700000000, 0x0000000730000000, 0x0000000730000000)
  eden space 524288K, 100% used [0x0000000700000000, 0x0000000720000000, 0x0000000720000000)
  from space 131072K,   8% used [0x0000000728000000, 0x0000000728b6abb8, 0x0000000730000000)
  to   space 131072K,   0% used [0x0000000720000000, 0x0000000720000000, 0x0000000728000000)
 concurrent mark-sweep generation total 2359296K, used 476558K [0x0000000730000000, 0x00000007c0000000, 0x00000007c0000000)
 Metaspace       used 45500K, capacity 47443K, committed 47624K, reserved 1091584K
  class space    used 5235K, capacity 5798K, committed 5920K, reserved 1048576K
2018-01-03T20:26:37.529-0200: 236,739: [GC (Allocation Failure) 2018-01-03T20:26:37.529-0200: 236,739: [ParNew
Desired survivor size 120795952 bytes, new threshold 8 (max 8)
- age   1:      17920 bytes,      17920 total
- age   3:       1408 bytes,      19328 total
- age   4:     768648 bytes,     787976 total
- age   5:     863408 bytes,    1651384 total
- age   6:    1141376 bytes,    2792760 total
- age   7:    1677272 bytes,    4470032 total
- age   8:    1861296 bytes,    6331328 total
: 535978K->7756K(655360K), 0,0667122 secs] 1012536K->486501K(3014656K), 0,0667766 secs] [Times: user=0,04 sys=0,00, real=0,07 secs] 
Heap after GC invocations=110 (full 1):
 par new generation   total 655360K, used 7756K [0x0000000700000000, 0x0000000730000000, 0x0000000730000000)
  eden space 524288K,   0% used [0x0000000700000000, 0x0000000700000000, 0x0000000720000000)
  from space 131072K,   5% used [0x0000000720000000, 0x0000000720793070, 0x0000000728000000)
  to   space 131072K,   0% used [0x0000000728000000, 0x0000000728000000, 0x0000000730000000)
 concurrent mark-sweep generation total 2359296K, used 478745K [0x0000000730000000, 0x00000007c0000000, 0x00000007c0000000)
 Metaspace       used 45500K, capacity 47443K, committed 47624K, reserved 1091584K
  class space    used 5235K, capacity 5798K, committed 5920K, reserved 1048576K
}
2018-01-03T20:26:37.596-0200: 236,806: Total time for which application threads were stopped: 0,0697007 seconds, Stopping threads took: 0,0027949 seconds
2018-01-03T20:26:38.405-0200: 237,615: Total time for which application threads were stopped: 0,0101715 seconds, Stopping threads took: 0,0100936 seconds
2018-01-03T20:26:38.405-0200: 237,615: Total time for which application threads were stopped: 0,0000421 seconds, Stopping threads took: 0,0000073 seconds
2018-01-03T20:26:38.414-0200: 237,624: Total time for which application threads were stopped: 0,0024560 seconds, Stopping threads took: 0,0023866 seconds
2018-01-03T20:26:38.415-0200: 237,624: Total time for which application threads were stopped: 0,0003676 seconds, Stopping threads took: 0,0003277 seconds
2018-01-03T20:26:38.603-0200: 237,813: Total time for which application threads were stopped: 0,0067425 seconds, Stopping threads took: 0,0066739 seconds
2018-01-03T20:26:38.618-0200: 237,828: Total time for which application threads were stopped: 0,0037287 seconds, Stopping threads took: 0,0036496 seconds
2018-01-03T20:26:38.619-0200: 237,828: Total time for which application threads were stopped: 0,0000463 seconds, Stopping threads took: 0,0000086 seconds
2018-01-03T20:26:38.619-0200: 237,828: Total time for which application threads were stopped: 0,0000323 seconds, Stopping threads took: 0,0000052 seconds
2018-01-03T20:26:38.619-0200: 237,828: Total time for which application threads were stopped: 0,0000341 seconds, Stopping threads took: 0,0000057 seconds
2018-01-03T20:26:38.619-0200: 237,828: Total time for which application threads were stopped: 0,0000315 seconds, Stopping threads took: 0,0000045 seconds
2018-01-03T20:26:38.619-0200: 237,829: Total time for which application threads were stopped: 0,0000379 seconds, Stopping threads took: 0,0000070 seconds
2018-01-03T20:26:38.623-0200: 237,832: Total time for which application threads were stopped: 0,0023766 seconds, Stopping threads took: 0,0023059 seconds
2018-01-03T20:26:38.629-0200: 237,839: Total time for which application threads were stopped: 0,0000825 seconds, Stopping threads took: 0,0000178 seconds
2018-01-03T20:26:38.670-0200: 237,880: Total time for which application threads were stopped: 0,0115033 seconds, Stopping threads took: 0,0114223 seconds
2018-01-03T20:26:38.670-0200: 237,880: Total time for which application threads were stopped: 0,0000684 seconds, Stopping threads took: 0,0000340 seconds
{Heap before GC invocations=110 (full 1):
 par new generation   total 655360K, used 532044K [0x0000000700000000, 0x0000000730000000, 0x0000000730000000)
  eden space 524288K, 100% used [0x0000000700000000, 0x0000000720000000, 0x0000000720000000)
  from space 131072K,   5% used [0x0000000720000000, 0x0000000720793070, 0x0000000728000000)
  to   space 131072K,   0% used [0x0000000728000000, 0x0000000728000000, 0x0000000730000000)
 concurrent mark-sweep generation total 2359296K, used 478745K [0x0000000730000000, 0x00000007c0000000, 0x00000007c0000000)
 Metaspace       used 45531K, capacity 47539K, committed 47880K, reserved 1091584K
  class space    used 5237K, capacity 5830K, committed 5920K, reserved 1048576K
2018-01-03T20:26:39.251-0200: 238,461: [GC (Allocation Failure) 2018-01-03T20:26:39.251-0200: 238,461: [ParNew
Desired survivor size 120795952 bytes, new threshold 8 (max 8)
- age   1:      28064 bytes,      28064 total
- age   2:      12888 bytes,      40952 total
- age   4:       1344 bytes,      42296 total
- age   5:     768616 bytes,     810912 total
- age   6:     863240 bytes,    1674152 total
- age   7:    1141320 bytes,    2815472 total
- age   8:    1677272 bytes,    4492744 total
: 532044K->7181K(655360K), 0,0581442 secs] 1010789K->487744K(3014656K), 0,0582200 secs] [Times: user=0,06 sys=0,00, real=0,06 secs] 
Heap after GC invocations=111 (full 1):
 par new generation   total 655360K, used 7181K [0x0000000700000000, 0x0000000730000000, 0x0000000730000000)
  eden space 524288K,   0% used [0x0000000700000000, 0x0000000700000000, 0x0000000720000000)
  from space 131072K,   5% used [0x0000000728000000, 0x0000000728703640, 0x0000000730000000)
  to   space 131072K,   0% used [0x0000000720000000, 0x0000000720000000, 0x0000000728000000)
 concurrent mark-sweep generation total 2359296K, used 480563K [0x0000000730000000, 0x00000007c0000000, 0x00000007c0000000)
 Metaspace       used 45531K, capacity 47539K, committed 47880K, reserved 1091584K
  class space    used 5237K, capacity 5830K, committed 5920K, reserved 1048576K
}
2018-01-03T20:26:39.309-0200: 238,519: Total time for which application threads were stopped: 0,0583869 seconds, Stopping threads took: 0,0000260 seconds
2018-01-03T20:26:40.434-0200: 239,644: Total time for which application threads were stopped: 0,0089037 seconds, Stopping threads took: 0,0088302 seconds
2018-01-03T20:26:40.450-0200: 239,660: Total time for which application threads were stopped: 0,0030993 seconds, Stopping threads took: 0,0030035 seconds
2018-01-03T20:26:40.551-0200: 239,760: Total time for which application threads were stopped: 0,0088335 seconds, Stopping threads took: 0,0087563 seconds
2018-01-03T20:26:40.551-0200: 239,760: Total time for which application threads were stopped: 0,0000415 seconds, Stopping threads took: 0,0000082 seconds
2018-01-03T20:26:40.551-0200: 239,760: Total time for which application threads were stopped: 0,0000289 seconds, Stopping threads took: 0,0000052 seconds
2018-01-03T20:26:40.551-0200: 239,761: Total time for which application threads were stopped: 0,0000327 seconds, Stopping threads took: 0,0000057 seconds
2018-01-03T20:26:40.551-0200: 239,761: Total time for which application threads were stopped: 0,0000299 seconds, Stopping threads took: 0,0000050 seconds
2018-01-03T20:26:40.552-0200: 239,761: Total time for which application threads were stopped: 0,0000568 seconds, Stopping threads took: 0,0000252 seconds
2018-01-03T20:26:40.552-0200: 239,761: Total time for which application threads were stopped: 0,0000310 seconds, Stopping threads took: 0,0000060 seconds
{Heap before GC invocations=111 (full 1):
 par new generation   total 655360K, used 531469K [0x0000000700000000, 0x0000000730000000, 0x0000000730000000)
  eden space 524288K, 100% used [0x0000000700000000, 0x0000000720000000, 0x0000000720000000)
  from space 131072K,   5% used [0x0000000728000000, 0x0000000728703640, 0x0000000730000000)
  to   space 131072K,   0% used [0x0000000720000000, 0x0000000720000000, 0x0000000728000000)
 concurrent mark-sweep generation total 2359296K, used 480563K [0x0000000730000000, 0x00000007c0000000, 0x00000007c0000000)
 Metaspace       used 45754K, capacity 47807K, committed 48136K, reserved 1091584K
  class space    used 5261K, capacity 5832K, committed 5920K, reserved 1048576K
2018-01-03T20:26:40.661-0200: 239,871: [GC (Allocation Failure) 2018-01-03T20:26:40.661-0200: 239,871: [ParNew
Desired survivor size 120795952 bytes, new threshold 8 (max 8)
- age   1:     355160 bytes,     355160 total
- age   2:       8360 bytes,     363520 total
- age   3:      12856 bytes,     376376 total
- age   5:       1184 bytes,     377560 total
- age   6:     765480 bytes,    1143040 total
- age   7:     860056 bytes,    2003096 total
- age   8:     825304 bytes,    2828400 total
: 531469K->3799K(655360K), 0,0427545 secs] 1012032K->485017K(3014656K), 0,0428203 secs] [Times: user=0,04 sys=0,00, real=0,05 secs] 
Heap after GC invocations=112 (full 1):
 par new generation   total 655360K, used 3799K [0x0000000700000000, 0x0000000730000000, 0x0000000730000000)
  eden space 524288K,   0% used [0x0000000700000000, 0x0000000700000000, 0x0000000720000000)
  from space 131072K,   2% used [0x0000000720000000, 0x00000007203b5f20, 0x0000000728000000)
  to   space 131072K,   0% used [0x0000000728000000, 0x0000000728000000, 0x0000000730000000)
 concurrent mark-sweep generation total 2359296K, used 481217K [0x0000000730000000, 0x00000007c0000000, 0x00000007c0000000)
 Metaspace       used 45754K, capacity 47807K, committed 48136K, reserved 1091584K
  class space    used 5261K, capacity 5832K, committed 5920K, reserved 1048576K
}
2018-01-03T20:26:40.704-0200: 239,914: Total time for which application threads were stopped: 0,0452747 seconds, Stopping threads took: 0,0023217 seconds
2018-01-03T20:26:40.715-0200: 239,924: Total time for which application threads were stopped: 0,0029440 seconds, Stopping threads took: 0,0028141 seconds
2018-01-03T20:26:41.724-0200: 240,933: Total time for which application threads were stopped: 0,0021656 seconds, Stopping threads took: 0,0020999 seconds
{Heap before GC invocations=112 (full 1):
 par new generation   total 655360K, used 528087K [0x0000000700000000, 0x0000000730000000, 0x0000000730000000)
  eden space 524288K, 100% used [0x0000000700000000, 0x0000000720000000, 0x0000000720000000)
  from space 131072K,   2% used [0x0000000720000000, 0x00000007203b5f20, 0x0000000728000000)
  to   space 131072K,   0% used [0x0000000728000000, 0x0000000728000000, 0x0000000730000000)
 concurrent mark-sweep generation total 2359296K, used 481217K [0x0000000730000000, 0x00000007c0000000, 0x00000007c0000000)
 Metaspace       used 45806K, capacity 47807K, committed 48136K, reserved 1091584K
  class space    used 5263K, capacity 5832K, committed 5920K, reserved 1048576K
2018-01-03T20:26:41.839-0200: 241,048: [GC (Allocation Failure) 2018-01-03T20:26:41.839-0200: 241,048: [ParNew
Desired survivor size 120795952 bytes, new threshold 8 (max 8)
- age   1:      47120 bytes,      47120 total
- age   2:     146080 bytes,     193200 total
- age   3:       8360 bytes,     201560 total
- age   4:      12856 bytes,     214416 total
- age   6:       1184 bytes,     215600 total
- age   7:     765432 bytes,     981032 total
- age   8:     860056 bytes,    1841088 total
: 528087K->3338K(655360K), 0,0526327 secs] 1009305K->485363K(3014656K), 0,0526876 secs] [Times: user=0,03 sys=0,00, real=0,05 secs] 
Heap after GC invocations=113 (full 1):
 par new generation   total 655360K, used 3338K [0x0000000700000000, 0x0000000730000000, 0x0000000730000000)
  eden space 524288K,   0% used [0x0000000700000000, 0x0000000700000000, 0x0000000720000000)
  from space 131072K,   2% used [0x0000000728000000, 0x00000007283428c0, 0x0000000730000000)
  to   space 131072K,   0% used [0x0000000720000000, 0x0000000720000000, 0x0000000728000000)
 concurrent mark-sweep generation total 2359296K, used 482025K [0x0000000730000000, 0x00000007c0000000, 0x00000007c0000000)
 Metaspace       used 45806K, capacity 47807K, committed 48136K, reserved 1091584K
  class space    used 5263K, capacity 5832K, committed 5920K, reserved 1048576K
}
2018-01-03T20:26:41.891-0200: 241,101: Total time for which application threads were stopped: 0,0528261 seconds, Stopping threads took: 0,0000246 seconds
2018-01-03T20:26:41.922-0200: 241,132: Total time for which application threads were stopped: 0,0022751 seconds, Stopping threads took: 0,0022075 seconds
{Heap before GC invocations=113 (full 1):
 par new generation   total 655360K, used 527626K [0x0000000700000000, 0x0000000730000000, 0x0000000730000000)
  eden space 524288K, 100% used [0x0000000700000000, 0x0000000720000000, 0x0000000720000000)
  from space 131072K,   2% used [0x0000000728000000, 0x00000007283428c0, 0x0000000730000000)
  to   space 131072K,   0% used [0x0000000720000000, 0x0000000720000000, 0x0000000728000000)
 concurrent mark-sweep generation total 2359296K, used 482025K [0x0000000730000000, 0x00000007c0000000, 0x00000007c0000000)
 Metaspace       used 45823K, capacity 47871K, committed 48136K, reserved 1091584K
  class space    used 5263K, capacity 5832K, committed 5920K, reserved 1048576K
2018-01-03T20:26:42.742-0200: 241,951: [GC (Allocation Failure) 2018-01-03T20:26:42.742-0200: 241,951: [ParNew
Desired survivor size 120795952 bytes, new threshold 8 (max 8)
- age   1:       2528 bytes,       2528 total
- age   2:      30712 bytes,      33240 total
- age   3:     145232 bytes,     178472 total
- age   4:       8328 bytes,     186800 total
- age   5:      12856 bytes,     199656 total
- age   7:       1184 bytes,     200840 total
- age   8:     765432 bytes,     966272 total
: 527626K->1508K(655360K), 0,0361184 secs] 1009651K->484382K(3014656K), 0,0361794 secs] [Times: user=0,04 sys=0,00, real=0,04 secs] 
Heap after GC invocations=114 (full 1):
 par new generation   total 655360K, used 1508K [0x0000000700000000, 0x0000000730000000, 0x0000000730000000)
  eden space 524288K,   0% used [0x0000000700000000, 0x0000000700000000, 0x0000000720000000)
  from space 131072K,   1% used [0x0000000720000000, 0x0000000720179300, 0x0000000728000000)
  to   space 131072K,   0% used [0x0000000728000000, 0x0000000728000000, 0x0000000730000000)
 concurrent mark-sweep generation total 2359296K, used 482874K [0x0000000730000000, 0x00000007c0000000, 0x00000007c0000000)
 Metaspace       used 45823K, capacity 47871K, committed 48136K, reserved 1091584K
  class space    used 5263K, capacity 5832K, committed 5920K, reserved 1048576K
}
2018-01-03T20:26:42.778-0200: 241,987: Total time for which application threads were stopped: 0,0429109 seconds, Stopping threads took: 0,0065994 seconds
{Heap before GC invocations=114 (full 1):
 par new generation   total 655360K, used 525796K [0x0000000700000000, 0x0000000730000000, 0x0000000730000000)
  eden space 524288K, 100% used [0x0000000700000000, 0x0000000720000000, 0x0000000720000000)
  from space 131072K,   1% used [0x0000000720000000, 0x0000000720179300, 0x0000000728000000)
  to   space 131072K,   0% used [0x0000000728000000, 0x0000000728000000, 0x0000000730000000)
 concurrent mark-sweep generation total 2359296K, used 482874K [0x0000000730000000, 0x00000007c0000000, 0x00000007c0000000)
 Metaspace       used 45824K, capacity 47871K, committed 48136K, reserved 1091584K
  class space    used 5263K, capacity 5832K, committed 5920K, reserved 1048576K
2018-01-03T20:26:43.906-0200: 243,115: [GC (Allocation Failure) 2018-01-03T20:26:43.906-0200: 243,115: [ParNew
Desired survivor size 120795952 bytes, new threshold 8 (max 8)
- age   1:       2968 bytes,       2968 total
- age   2:       1040 bytes,       4008 total
- age   3:      30712 bytes,      34720 total
- age   4:     145208 bytes,     179928 total
- age   5:       8296 bytes,     188224 total
- age   6:      12856 bytes,     201080 total
- age   8:       1184 bytes,     202264 total
: 525796K->530K(655360K), 0,0377968 secs] 1008670K->484159K(3014656K), 0,0378514 secs] [Times: user=0,03 sys=0,00, real=0,04 secs] 
Heap after GC invocations=115 (full 1):
 par new generation   total 655360K, used 530K [0x0000000700000000, 0x0000000730000000, 0x0000000730000000)
  eden space 524288K,   0% used [0x0000000700000000, 0x0000000700000000, 0x0000000720000000)
  from space 131072K,   0% used [0x0000000728000000, 0x0000000728084a80, 0x0000000730000000)
  to   space 131072K,   0% used [0x0000000720000000, 0x0000000720000000, 0x0000000728000000)
 concurrent mark-sweep generation total 2359296K, used 483629K [0x0000000730000000, 0x00000007c0000000, 0x00000007c0000000)
 Metaspace       used 45824K, capacity 47871K, committed 48136K, reserved 1091584K
  class space    used 5263K, capacity 5832K, committed 5920K, reserved 1048576K
}
2018-01-03T20:26:43.944-0200: 243,153: Total time for which application threads were stopped: 0,0407276 seconds, Stopping threads took: 0,0027668 seconds
{Heap before GC invocations=115 (full 1):
 par new generation   total 655360K, used 524818K [0x0000000700000000, 0x0000000730000000, 0x0000000730000000)
  eden space 524288K, 100% used [0x0000000700000000, 0x0000000720000000, 0x0000000720000000)
  from space 131072K,   0% used [0x0000000728000000, 0x0000000728084a80, 0x0000000730000000)
  to   space 131072K,   0% used [0x0000000720000000, 0x0000000720000000, 0x0000000728000000)
 concurrent mark-sweep generation total 2359296K, used 483629K [0x0000000730000000, 0x00000007c0000000, 0x00000007c0000000)
 Metaspace       used 45824K, capacity 47871K, committed 48136K, reserved 1091584K
  class space    used 5263K, capacity 5832K, committed 5920K, reserved 1048576K
2018-01-03T20:26:44.830-0200: 244,039: [GC (Allocation Failure) 2018-01-03T20:26:44.830-0200: 244,039: [ParNew
Desired survivor size 120795952 bytes, new threshold 8 (max 8)
- age   1:       2944 bytes,       2944 total
- age   2:        600 bytes,       3544 total
- age   3:       1016 bytes,       4560 total
- age   4:      30712 bytes,      35272 total
- age   5:     145208 bytes,     180480 total
- age   6:       8264 bytes,     188744 total
- age   7:      12656 bytes,     201400 total
: 524818K->275K(655360K), 0,0875823 secs] 1008447K->483905K(3014656K), 0,0876592 secs] [Times: user=0,04 sys=0,00, real=0,09 secs] 
Heap after GC invocations=116 (full 1):
 par new generation   total 655360K, used 275K [0x0000000700000000, 0x0000000730000000, 0x0000000730000000)
  eden space 524288K,   0% used [0x0000000700000000, 0x0000000700000000, 0x0000000720000000)
  from space 131072K,   0% used [0x0000000720000000, 0x0000000720044e10, 0x0000000728000000)
  to   space 131072K,   0% used [0x0000000728000000, 0x0000000728000000, 0x0000000730000000)
 concurrent mark-sweep generation total 2359296K, used 483630K [0x0000000730000000, 0x00000007c0000000, 0x00000007c0000000)
 Metaspace       used 45824K, capacity 47871K, committed 48136K, reserved 1091584K
  class space    used 5263K, capacity 5832K, committed 5920K, reserved 1048576K
}
2018-01-03T20:26:44.917-0200: 244,127: Total time for which application threads were stopped: 0,0953116 seconds, Stopping threads took: 0,0075298 seconds
2018-01-03T20:26:46.029-0200: 245,239: Total time for which application threads were stopped: 0,0112376 seconds, Stopping threads took: 0,0111623 seconds
2018-01-03T20:26:46.029-0200: 245,239: Total time for which application threads were stopped: 0,0000466 seconds, Stopping threads took: 0,0000080 seconds
2018-01-03T20:26:46.054-0200: 245,263: Total time for which application threads were stopped: 0,0067348 seconds, Stopping threads took: 0,0065746 seconds
2018-01-03T20:26:46.074-0200: 245,284: Total time for which application threads were stopped: 0,0023919 seconds, Stopping threads took: 0,0021407 seconds
2018-01-03T20:26:46.080-0200: 245,289: Total time for which application threads were stopped: 0,0025703 seconds, Stopping threads took: 0,0023807 seconds
2018-01-03T20:26:46.205-0200: 245,415: Total time for which application threads were stopped: 0,0136321 seconds, Stopping threads took: 0,0135578 seconds
2018-01-03T20:26:46.208-0200: 245,417: Total time for which application threads were stopped: 0,0015192 seconds, Stopping threads took: 0,0014103 seconds
2018-01-03T20:26:46.218-0200: 245,427: Total time for which application threads were stopped: 0,0040318 seconds, Stopping threads took: 0,0039640 seconds
2018-01-03T20:26:46.230-0200: 245,439: Total time for which application threads were stopped: 0,0022796 seconds, Stopping threads took: 0,0022087 seconds
{Heap before GC invocations=116 (full 1):
 par new generation   total 655360K, used 524563K [0x0000000700000000, 0x0000000730000000, 0x0000000730000000)
  eden space 524288K, 100% used [0x0000000700000000, 0x0000000720000000, 0x0000000720000000)
  from space 131072K,   0% used [0x0000000720000000, 0x0000000720044e10, 0x0000000728000000)
  to   space 131072K,   0% used [0x0000000728000000, 0x0000000728000000, 0x0000000730000000)
 concurrent mark-sweep generation total 2359296K, used 483630K [0x0000000730000000, 0x00000007c0000000, 0x00000007c0000000)
 Metaspace       used 45848K, capacity 47871K, committed 48136K, reserved 1091584K
  class space    used 5263K, capacity 5832K, committed 5920K, reserved 1048576K
2018-01-03T20:26:46.432-0200: 245,642: [GC (Allocation Failure) 2018-01-03T20:26:46.432-0200: 245,642: [ParNew
Desired survivor size 120795952 bytes, new threshold 8 (max 8)
- age   1:       6928 bytes,       6928 total
- age   2:        680 bytes,       7608 total
- age   3:        576 bytes,       8184 total
- age   4:       1016 bytes,       9200 total
- age   5:      30712 bytes,      39912 total
- age   6:     144944 bytes,     184856 total
- age   7:       7256 bytes,     192112 total
- age   8:      12656 bytes,     204768 total
: 524563K->244K(655360K), 0,0406703 secs] 1008193K->483874K(3014656K), 0,0407617 secs] [Times: user=0,04 sys=0,00, real=0,04 secs] 
Heap after GC invocations=117 (full 1):
 par new generation   total 655360K, used 244K [0x0000000700000000, 0x0000000730000000, 0x0000000730000000)
  eden space 524288K,   0% used [0x0000000700000000, 0x0000000700000000, 0x0000000720000000)
  from space 131072K,   0% used [0x0000000728000000, 0x000000072803d1c0, 0x0000000730000000)
  to   space 131072K,   0% used [0x0000000720000000, 0x0000000720000000, 0x0000000728000000)
 concurrent mark-sweep generation total 2359296K, used 483630K [0x0000000730000000, 0x00000007c0000000, 0x00000007c0000000)
 Metaspace       used 45848K, capacity 47871K, committed 48136K, reserved 1091584K
  class space    used 5263K, capacity 5832K, committed 5920K, reserved 1048576K
}
2018-01-03T20:26:46.473-0200: 245,682: Total time for which application threads were stopped: 0,0462921 seconds, Stopping threads took: 0,0054077 seconds
{Heap before GC invocations=117 (full 1):
 par new generation   total 655360K, used 524532K [0x0000000700000000, 0x0000000730000000, 0x0000000730000000)
  eden space 524288K, 100% used [0x0000000700000000, 0x0000000720000000, 0x0000000720000000)
  from space 131072K,   0% used [0x0000000728000000, 0x000000072803d1c0, 0x0000000730000000)
  to   space 131072K,   0% used [0x0000000720000000, 0x0000000720000000, 0x0000000728000000)
 concurrent mark-sweep generation total 2359296K, used 483630K [0x0000000730000000, 0x00000007c0000000, 0x00000007c0000000)
 Metaspace       used 45848K, capacity 47871K, committed 48136K, reserved 1091584K
  class space    used 5263K, capacity 5832K, committed 5920K, reserved 1048576K
2018-01-03T20:26:47.453-0200: 246,662: [GC (Allocation Failure) 2018-01-03T20:26:47.453-0200: 246,662: [ParNew
Desired survivor size 120795952 bytes, new threshold 8 (max 8)
- age   1:       1400 bytes,       1400 total
- age   2:       3824 bytes,       5224 total
- age   3:        680 bytes,       5904 total
- age   4:        576 bytes,       6480 total
- age   5:       1016 bytes,       7496 total
- age   6:      30712 bytes,      38208 total
- age   7:     144944 bytes,     183152 total
- age   8:       7256 bytes,     190408 total
: 524532K->318K(655360K), 0,0397349 secs] 1008162K->483961K(3014656K), 0,0397890 secs] [Times: user=0,04 sys=0,00, real=0,04 secs] 
Heap after GC invocations=118 (full 1):
 par new generation   total 655360K, used 318K [0x0000000700000000, 0x0000000730000000, 0x0000000730000000)
  eden space 524288K,   0% used [0x0000000700000000, 0x0000000700000000, 0x0000000720000000)
  from space 131072K,   0% used [0x0000000720000000, 0x000000072004fbd0, 0x0000000728000000)
  to   space 131072K,   0% used [0x0000000728000000, 0x0000000728000000, 0x0000000730000000)
 concurrent mark-sweep generation total 2359296K, used 483642K [0x0000000730000000, 0x00000007c0000000, 0x00000007c0000000)
 Metaspace       used 45848K, capacity 47871K, committed 48136K, reserved 1091584K
  class space    used 5263K, capacity 5832K, committed 5920K, reserved 1048576K
}
2018-01-03T20:26:47.493-0200: 246,702: Total time for which application threads were stopped: 0,0428220 seconds, Stopping threads took: 0,0029143 seconds
2018-01-03T20:26:48.506-0200: 247,716: Total time for which application threads were stopped: 0,0086533 seconds, Stopping threads took: 0,0085454 seconds
{Heap before GC invocations=118 (full 1):
 par new generation   total 655360K, used 524606K [0x0000000700000000, 0x0000000730000000, 0x0000000730000000)
  eden space 524288K, 100% used [0x0000000700000000, 0x0000000720000000, 0x0000000720000000)
  from space 131072K,   0% used [0x0000000720000000, 0x000000072004fbd0, 0x0000000728000000)
  to   space 131072K,   0% used [0x0000000728000000, 0x0000000728000000, 0x0000000730000000)
 concurrent mark-sweep generation total 2359296K, used 483642K [0x0000000730000000, 0x00000007c0000000, 0x00000007c0000000)
 Metaspace       used 45869K, capacity 47877K, committed 48136K, reserved 1091584K
  class space    used 5263K, capacity 5833K, committed 5920K, reserved 1048576K
2018-01-03T20:26:48.658-0200: 247,868: [GC (Allocation Failure) 2018-01-03T20:26:48.658-0200: 247,868: [ParNew
Desired survivor size 120795952 bytes, new threshold 8 (max 8)
- age   1:    1799224 bytes,    1799224 total
- age   3:       3576 bytes,    1802800 total
- age   4:        680 bytes,    1803480 total
- age   5:        576 bytes,    1804056 total
- age   6:        752 bytes,    1804808 total
- age   7:      30712 bytes,    1835520 total
- age   8:     144944 bytes,    1980464 total
: 524606K->1983K(655360K), 0,0869270 secs] 1008249K->485633K(3014656K), 0,0869968 secs] [Times: user=0,03 sys=0,00, real=0,09 secs] 
Heap after GC invocations=119 (full 1):
 par new generation   total 655360K, used 1983K [0x0000000700000000, 0x0000000730000000, 0x0000000730000000)
  eden space 524288K,   0% used [0x0000000700000000, 0x0000000700000000, 0x0000000720000000)
  from space 131072K,   1% used [0x0000000728000000, 0x00000007281eff20, 0x0000000730000000)
  to   space 131072K,   0% used [0x0000000720000000, 0x0000000720000000, 0x0000000728000000)
 concurrent mark-sweep generation total 2359296K, used 483649K [0x0000000730000000, 0x00000007c0000000, 0x00000007c0000000)
 Metaspace       used 45869K, capacity 47877K, committed 48136K, reserved 1091584K
  class space    used 5263K, capacity 5833K, committed 5920K, reserved 1048576K
}
2018-01-03T20:26:48.745-0200: 247,955: Total time for which application threads were stopped: 0,1075729 seconds, Stopping threads took: 0,0203889 seconds
2018-01-03T20:26:48.767-0200: 247,977: Total time for which application threads were stopped: 0,0060276 seconds, Stopping threads took: 0,0059302 seconds
2018-01-03T20:26:49.316-0200: 248,525: Total time for which application threads were stopped: 0,0089956 seconds, Stopping threads took: 0,0089107 seconds
2018-01-03T20:26:49.549-0200: 248,758: Total time for which application threads were stopped: 0,0061090 seconds, Stopping threads took: 0,0060121 seconds
2018-01-03T20:26:49.789-0200: 248,998: Total time for which application threads were stopped: 0,0112205 seconds, Stopping threads took: 0,0111444 seconds
2018-01-03T20:26:49.799-0200: 249,009: Total time for which application threads were stopped: 0,0053860 seconds, Stopping threads took: 0,0053113 seconds
2018-01-03T20:26:49.806-0200: 249,015: Total time for which application threads were stopped: 0,0049022 seconds, Stopping threads took: 0,0047400 seconds
2018-01-03T20:26:49.818-0200: 249,028: Total time for which application threads were stopped: 0,0038933 seconds, Stopping threads took: 0,0038278 seconds
2018-01-03T20:26:49.873-0200: 249,083: Total time for which application threads were stopped: 0,0064680 seconds, Stopping threads took: 0,0063643 seconds
2018-01-03T20:26:49.880-0200: 249,090: Total time for which application threads were stopped: 0,0002137 seconds, Stopping threads took: 0,0000608 seconds
{Heap before GC invocations=119 (full 1):
 par new generation   total 655360K, used 526271K [0x0000000700000000, 0x0000000730000000, 0x0000000730000000)
  eden space 524288K, 100% used [0x0000000700000000, 0x0000000720000000, 0x0000000720000000)
  from space 131072K,   1% used [0x0000000728000000, 0x00000007281eff20, 0x0000000730000000)
  to   space 131072K,   0% used [0x0000000720000000, 0x0000000720000000, 0x0000000728000000)
 concurrent mark-sweep generation total 2359296K, used 483649K [0x0000000730000000, 0x00000007c0000000, 0x00000007c0000000)
 Metaspace       used 46017K, capacity 48051K, committed 48136K, reserved 1091584K
  class space    used 5272K, capacity 5845K, committed 5920K, reserved 1048576K
2018-01-03T20:26:50.439-0200: 249,648: [GC (Allocation Failure) 2018-01-03T20:26:50.439-0200: 249,648: [ParNew
Desired survivor size 120795952 bytes, new threshold 8 (max 8)
- age   1:    1360080 bytes,    1360080 total
- age   2:     802312 bytes,    2162392 total
- age   4:       3464 bytes,    2165856 total
- age   5:        680 bytes,    2166536 total
- age   6:        576 bytes,    2167112 total
- age   7:        752 bytes,    2167864 total
- age   8:      30712 bytes,    2198576 total
: 526271K->2485K(655360K), 0,0410733 secs] 1009921K->486272K(3014656K), 0,0411552 secs] [Times: user=0,03 sys=0,00, real=0,04 secs] 
Heap after GC invocations=120 (full 1):
 par new generation   total 655360K, used 2485K [0x0000000700000000, 0x0000000730000000, 0x0000000730000000)
  eden space 524288K,   0% used [0x0000000700000000, 0x0000000700000000, 0x0000000720000000)
  from space 131072K,   1% used [0x0000000720000000, 0x000000072026d558, 0x0000000728000000)
  to   space 131072K,   0% used [0x0000000728000000, 0x0000000728000000, 0x0000000730000000)
 concurrent mark-sweep generation total 2359296K, used 483787K [0x0000000730000000, 0x00000007c0000000, 0x00000007c0000000)
 Metaspace       used 46017K, capacity 48051K, committed 48136K, reserved 1091584K
  class space    used 5272K, capacity 5845K, committed 5920K, reserved 1048576K
}
2018-01-03T20:26:50.480-0200: 249,690: Total time for which application threads were stopped: 0,0413583 seconds, Stopping threads took: 0,0000277 seconds
2018-01-03T20:26:50.494-0200: 249,704: Total time for which application threads were stopped: 0,0029532 seconds, Stopping threads took: 0,0028582 seconds
2018-01-03T20:26:51.044-0200: 250,253: Total time for which application threads were stopped: 0,0169467 seconds, Stopping threads took: 0,0168627 seconds
2018-01-03T20:26:51.054-0200: 250,263: Total time for which application threads were stopped: 0,0032202 seconds, Stopping threads took: 0,0031520 seconds
2018-01-03T20:26:51.090-0200: 250,300: Total time for which application threads were stopped: 0,0079015 seconds, Stopping threads took: 0,0077999 seconds
2018-01-03T20:26:51.090-0200: 250,300: Total time for which application threads were stopped: 0,0002320 seconds, Stopping threads took: 0,0000964 seconds
2018-01-03T20:26:51.123-0200: 250,332: Total time for which application threads were stopped: 0,0065575 seconds, Stopping threads took: 0,0064862 seconds
2018-01-03T20:26:51.150-0200: 250,359: Total time for which application threads were stopped: 0,0110524 seconds, Stopping threads took: 0,0109857 seconds
{Heap before GC invocations=120 (full 1):
 par new generation   total 655360K, used 526773K [0x0000000700000000, 0x0000000730000000, 0x0000000730000000)
  eden space 524288K, 100% used [0x0000000700000000, 0x0000000720000000, 0x0000000720000000)
  from space 131072K,   1% used [0x0000000720000000, 0x000000072026d558, 0x0000000728000000)
  to   space 131072K,   0% used [0x0000000728000000, 0x0000000728000000, 0x0000000730000000)
 concurrent mark-sweep generation total 2359296K, used 483787K [0x0000000730000000, 0x00000007c0000000, 0x00000007c0000000)
 Metaspace       used 46027K, capacity 48051K, committed 48136K, reserved 1091584K
  class space    used 5272K, capacity 5845K, committed 5920K, reserved 1048576K
2018-01-03T20:26:51.875-0200: 251,085: [GC (Allocation Failure) 2018-01-03T20:26:51.875-0200: 251,085: [ParNew
Desired survivor size 120795952 bytes, new threshold 8 (max 8)
- age   1:       4464 bytes,       4464 total
- age   2:    1194848 bytes,    1199312 total
- age   3:     792288 bytes,    1991600 total
- age   5:       2968 bytes,    1994568 total
- age   6:        648 bytes,    1995216 total
- age   7:        344 bytes,    1995560 total
- age   8:        752 bytes,    1996312 total
: 526773K->3301K(655360K), 0,0444884 secs] 1010560K->487119K(3014656K), 0,0445522 secs] [Times: user=0,04 sys=0,00, real=0,04 secs] 
Heap after GC invocations=121 (full 1):
 par new generation   total 655360K, used 3301K [0x0000000700000000, 0x0000000730000000, 0x0000000730000000)
  eden space 524288K,   0% used [0x0000000700000000, 0x0000000700000000, 0x0000000720000000)
  from space 131072K,   2% used [0x0000000728000000, 0x0000000728339548, 0x0000000730000000)
  to   space 131072K,   0% used [0x0000000720000000, 0x0000000720000000, 0x0000000728000000)
 concurrent mark-sweep generation total 2359296K, used 483817K [0x0000000730000000, 0x00000007c0000000, 0x00000007c0000000)
 Metaspace       used 46027K, capacity 48051K, committed 48136K, reserved 1091584K
  class space    used 5272K, capacity 5845K, committed 5920K, reserved 1048576K
}
2018-01-03T20:26:51.920-0200: 251,129: Total time for which application threads were stopped: 0,0505970 seconds, Stopping threads took: 0,0059100 seconds
2018-01-03T20:26:52.347-0200: 251,556: Total time for which application threads were stopped: 0,0195233 seconds, Stopping threads took: 0,0194175 seconds
2018-01-03T20:26:52.374-0200: 251,584: Total time for which application threads were stopped: 0,0001792 seconds, Stopping threads took: 0,0000946 seconds
2018-01-03T20:26:52.374-0200: 251,584: Total time for which application threads were stopped: 0,0000448 seconds, Stopping threads took: 0,0000059 seconds
2018-01-03T20:26:52.401-0200: 251,611: Total time for which application threads were stopped: 0,0074392 seconds, Stopping threads took: 0,0073618 seconds
2018-01-03T20:26:52.402-0200: 251,612: Total time for which application threads were stopped: 0,0000576 seconds, Stopping threads took: 0,0000089 seconds
2018-01-03T20:26:52.420-0200: 251,630: Total time for which application threads were stopped: 0,0061154 seconds, Stopping threads took: 0,0060473 seconds
2018-01-03T20:26:52.425-0200: 251,635: Total time for which application threads were stopped: 0,0004082 seconds, Stopping threads took: 0,0003504 seconds
{Heap before GC invocations=121 (full 1):
 par new generation   total 655360K, used 527589K [0x0000000700000000, 0x0000000730000000, 0x0000000730000000)
  eden space 524288K, 100% used [0x0000000700000000, 0x0000000720000000, 0x0000000720000000)
  from space 131072K,   2% used [0x0000000728000000, 0x0000000728339548, 0x0000000730000000)
  to   space 131072K,   0% used [0x0000000720000000, 0x0000000720000000, 0x0000000728000000)
 concurrent mark-sweep generation total 2359296K, used 483817K [0x0000000730000000, 0x00000007c0000000, 0x00000007c0000000)
 Metaspace       used 46032K, capacity 48051K, committed 48136K, reserved 1091584K
  class space    used 5272K, capacity 5845K, committed 5920K, reserved 1048576K
2018-01-03T20:26:53.132-0200: 252,342: [GC (Allocation Failure) 2018-01-03T20:26:53.132-0200: 252,342: [ParNew
Desired survivor size 120795952 bytes, new threshold 8 (max 8)
- age   1:      16864 bytes,      16864 total
- age   2:       1848 bytes,      18712 total
- age   3:    1023008 bytes,    1041720 total
- age   4:     792288 bytes,    1834008 total
- age   6:       2616 bytes,    1836624 total
- age   7:        344 bytes,    1836968 total
- age   8:        344 bytes,    1837312 total
: 527589K->2669K(655360K), 0,0831190 secs] 1011407K->486487K(3014656K), 0,0831733 secs] [Times: user=0,04 sys=0,00, real=0,09 secs] 
Heap after GC invocations=122 (full 1):
 par new generation   total 655360K, used 2669K [0x0000000700000000, 0x0000000730000000, 0x0000000730000000)
  eden space 524288K,   0% used [0x0000000700000000, 0x0000000700000000, 0x0000000720000000)
  from space 131072K,   2% used [0x0000000720000000, 0x000000072029b510, 0x0000000728000000)
  to   space 131072K,   0% used [0x0000000728000000, 0x0000000728000000, 0x0000000730000000)
 concurrent mark-sweep generation total 2359296K, used 483818K [0x0000000730000000, 0x00000007c0000000, 0x00000007c0000000)
 Metaspace       used 46032K, capacity 48051K, committed 48136K, reserved 1091584K
  class space    used 5272K, capacity 5845K, committed 5920K, reserved 1048576K
}
2018-01-03T20:26:53.215-0200: 252,425: Total time for which application threads were stopped: 0,0880742 seconds, Stopping threads took: 0,0047839 seconds
{Heap before GC invocations=122 (full 1):
 par new generation   total 655360K, used 526957K [0x0000000700000000, 0x0000000730000000, 0x0000000730000000)
  eden space 524288K, 100% used [0x0000000700000000, 0x0000000720000000, 0x0000000720000000)
  from space 131072K,   2% used [0x0000000720000000, 0x000000072029b510, 0x0000000728000000)
  to   space 131072K,   0% used [0x0000000728000000, 0x0000000728000000, 0x0000000730000000)
 concurrent mark-sweep generation total 2359296K, used 483818K [0x0000000730000000, 0x00000007c0000000, 0x00000007c0000000)
 Metaspace       used 46032K, capacity 48051K, committed 48136K, reserved 1091584K
  class space    used 5272K, capacity 5845K, committed 5920K, reserved 1048576K
2018-01-03T20:26:54.273-0200: 253,482: [GC (Allocation Failure) 2018-01-03T20:26:54.273-0200: 253,482: [ParNew
Desired survivor size 120795952 bytes, new threshold 8 (max 8)
- age   1:       1424 bytes,       1424 total
- age   2:      14272 bytes,      15696 total
- age   3:       1848 bytes,      17544 total
- age   4:    1023008 bytes,    1040552 total
- age   5:     792288 bytes,    1832840 total
- age   7:       2616 bytes,    1835456 total
- age   8:        344 bytes,    1835800 total
: 526957K->2508K(655360K), 0,0387295 secs] 1010775K->486327K(3014656K), 0,0387912 secs] [Times: user=0,03 sys=0,00, real=0,04 secs] 
Heap after GC invocations=123 (full 1):
 par new generation   total 655360K, used 2508K [0x0000000700000000, 0x0000000730000000, 0x0000000730000000)
  eden space 524288K,   0% used [0x0000000700000000, 0x0000000700000000, 0x0000000720000000)
  from space 131072K,   1% used [0x0000000728000000, 0x0000000728273298, 0x0000000730000000)
  to   space 131072K,   0% used [0x0000000720000000, 0x0000000720000000, 0x0000000728000000)
 concurrent mark-sweep generation total 2359296K, used 483818K [0x0000000730000000, 0x00000007c0000000, 0x00000007c0000000)
 Metaspace       used 46032K, capacity 48051K, committed 48136K, reserved 1091584K
  class space    used 5272K, capacity 5845K, committed 5920K, reserved 1048576K
}
2018-01-03T20:26:54.311-0200: 253,521: Total time for which application threads were stopped: 0,0389490 seconds, Stopping threads took: 0,0000374 seconds
{Heap before GC invocations=123 (full 1):
 par new generation   total 655360K, used 526796K [0x0000000700000000, 0x0000000730000000, 0x0000000730000000)
  eden space 524288K, 100% used [0x0000000700000000, 0x0000000720000000, 0x0000000720000000)
  from space 131072K,   1% used [0x0000000728000000, 0x0000000728273298, 0x0000000730000000)
  to   space 131072K,   0% used [0x0000000720000000, 0x0000000720000000, 0x0000000728000000)
 concurrent mark-sweep generation total 2359296K, used 483818K [0x0000000730000000, 0x00000007c0000000, 0x00000007c0000000)
 Metaspace       used 46032K, capacity 48051K, committed 48136K, reserved 1091584K
  class space    used 5272K, capacity 5845K, committed 5920K, reserved 1048576K
2018-01-03T20:26:55.185-0200: 254,395: [GC (Allocation Failure) 2018-01-03T20:26:55.192-0200: 254,402: [ParNew
Desired survivor size 120795952 bytes, new threshold 8 (max 8)
- age   1:       1336 bytes,       1336 total
- age   3:      14272 bytes,      15608 total
- age   4:       1848 bytes,      17456 total
- age   5:    1023008 bytes,    1040464 total
- age   6:     792288 bytes,    1832752 total
- age   8:       2616 bytes,    1835368 total
: 526796K->2213K(655360K), 0,0399498 secs] 1010615K->486032K(3014656K), 0,0468166 secs] [Times: user=0,04 sys=0,01, real=0,04 secs] 
Heap after GC invocations=124 (full 1):
 par new generation   total 655360K, used 2213K [0x0000000700000000, 0x0000000730000000, 0x0000000730000000)
  eden space 524288K,   0% used [0x0000000700000000, 0x0000000700000000, 0x0000000720000000)
  from space 131072K,   1% used [0x0000000720000000, 0x0000000720229660, 0x0000000728000000)
  to   space 131072K,   0% used [0x0000000728000000, 0x0000000728000000, 0x0000000730000000)
 concurrent mark-sweep generation total 2359296K, used 483819K [0x0000000730000000, 0x00000007c0000000, 0x00000007c0000000)
 Metaspace       used 46032K, capacity 48051K, committed 48136K, reserved 1091584K
  class space    used 5272K, capacity 5845K, committed 5920K, reserved 1048576K
}
2018-01-03T20:26:55.232-0200: 254,442: Total time for which application threads were stopped: 0,0525712 seconds, Stopping threads took: 0,0056372 seconds
{Heap before GC invocations=124 (full 1):
 par new generation   total 655360K, used 526501K [0x0000000700000000, 0x0000000730000000, 0x0000000730000000)
  eden space 524288K, 100% used [0x0000000700000000, 0x0000000720000000, 0x0000000720000000)
  from space 131072K,   1% used [0x0000000720000000, 0x0000000720229660, 0x0000000728000000)
  to   space 131072K,   0% used [0x0000000728000000, 0x0000000728000000, 0x0000000730000000)
 concurrent mark-sweep generation total 2359296K, used 483819K [0x0000000730000000, 0x00000007c0000000, 0x00000007c0000000)
 Metaspace       used 46032K, capacity 48051K, committed 48136K, reserved 1091584K
  class space    used 5272K, capacity 5845K, committed 5920K, reserved 1048576K
2018-01-03T20:26:56.200-0200: 255,409: [GC (Allocation Failure) 2018-01-03T20:26:56.200-0200: 255,409: [ParNew
Desired survivor size 120795952 bytes, new threshold 8 (max 8)
- age   1:       1656 bytes,       1656 total
- age   4:      14272 bytes,      15928 total
- age   5:       1848 bytes,      17776 total
- age   6:    1023008 bytes,    1040784 total
- age   7:     792288 bytes,    1833072 total
: 526501K->3131K(655360K), 0,0475159 secs] 1010320K->486953K(3014656K), 0,0475787 secs] [Times: user=0,04 sys=0,00, real=0,05 secs] 
Heap after GC invocations=125 (full 1):
 par new generation   total 655360K, used 3131K [0x0000000700000000, 0x0000000730000000, 0x0000000730000000)
  eden space 524288K,   0% used [0x0000000700000000, 0x0000000700000000, 0x0000000720000000)
  from space 131072K,   2% used [0x0000000728000000, 0x000000072830ed40, 0x0000000730000000)
  to   space 131072K,   0% used [0x0000000720000000, 0x0000000720000000, 0x0000000728000000)
 concurrent mark-sweep generation total 2359296K, used 483821K [0x0000000730000000, 0x00000007c0000000, 0x00000007c0000000)
 Metaspace       used 46032K, capacity 48051K, committed 48136K, reserved 1091584K
  class space    used 5272K, capacity 5845K, committed 5920K, reserved 1048576K
}
2018-01-03T20:26:56.247-0200: 255,457: Total time for which application threads were stopped: 0,0540549 seconds, Stopping threads took: 0,0063580 seconds
{Heap before GC invocations=125 (full 1):
 par new generation   total 655360K, used 527419K [0x0000000700000000, 0x0000000730000000, 0x0000000730000000)
  eden space 524288K, 100% used [0x0000000700000000, 0x0000000720000000, 0x0000000720000000)
  from space 131072K,   2% used [0x0000000728000000, 0x000000072830ed40, 0x0000000730000000)
  to   space 131072K,   0% used [0x0000000720000000, 0x0000000720000000, 0x0000000728000000)
 concurrent mark-sweep generation total 2359296K, used 483821K [0x0000000730000000, 0x00000007c0000000, 0x00000007c0000000)
 Metaspace       used 46032K, capacity 48051K, committed 48136K, reserved 1091584K
  class space    used 5272K, capacity 5845K, committed 5920K, reserved 1048576K
2018-01-03T20:26:57.264-0200: 256,474: [GC (Allocation Failure) 2018-01-03T20:26:57.264-0200: 256,474: [ParNew
Desired survivor size 120795952 bytes, new threshold 8 (max 8)
- age   1:       1232 bytes,       1232 total
- age   5:      14272 bytes,      15504 total
- age   6:       1848 bytes,      17352 total
- age   7:    1023008 bytes,    1040360 total
- age   8:     792288 bytes,    1832648 total
: 527419K->2339K(655360K), 0,0777396 secs] 1011241K->486160K(3014656K), 0,0777933 secs] [Times: user=0,04 sys=0,00, real=0,07 secs] 
Heap after GC invocations=126 (full 1):
 par new generation   total 655360K, used 2339K [0x0000000700000000, 0x0000000730000000, 0x0000000730000000)
  eden space 524288K,   0% used [0x0000000700000000, 0x0000000700000000, 0x0000000720000000)
  from space 131072K,   1% used [0x0000000720000000, 0x0000000720248c60, 0x0000000728000000)
  to   space 131072K,   0% used [0x0000000728000000, 0x0000000728000000, 0x0000000730000000)
 concurrent mark-sweep generation total 2359296K, used 483821K [0x0000000730000000, 0x00000007c0000000, 0x00000007c0000000)
 Metaspace       used 46032K, capacity 48051K, committed 48136K, reserved 1091584K
  class space    used 5272K, capacity 5845K, committed 5920K, reserved 1048576K
}
2018-01-03T20:26:57.342-0200: 256,551: Total time for which application threads were stopped: 0,0809833 seconds, Stopping threads took: 0,0030648 seconds
{Heap before GC invocations=126 (full 1):
 par new generation   total 655360K, used 526627K [0x0000000700000000, 0x0000000730000000, 0x0000000730000000)
  eden space 524288K, 100% used [0x0000000700000000, 0x0000000720000000, 0x0000000720000000)
  from space 131072K,   1% used [0x0000000720000000, 0x0000000720248c60, 0x0000000728000000)
  to   space 131072K,   0% used [0x0000000728000000, 0x0000000728000000, 0x0000000730000000)
 concurrent mark-sweep generation total 2359296K, used 483821K [0x0000000730000000, 0x00000007c0000000, 0x00000007c0000000)
 Metaspace       used 46032K, capacity 48051K, committed 48136K, reserved 1091584K
  class space    used 5272K, capacity 5845K, committed 5920K, reserved 1048576K
2018-01-03T20:26:58.242-0200: 257,451: [GC (Allocation Failure) 2018-01-03T20:26:58.242-0200: 257,451: [ParNew
Desired survivor size 120795952 bytes, new threshold 8 (max 8)
- age   1:       1640 bytes,       1640 total
- age   6:      14272 bytes,      15912 total
- age   7:       1848 bytes,      17760 total
- age   8:    1023008 bytes,    1040768 total
: 526627K->1616K(655360K), 0,0420403 secs] 1010448K->486216K(3014656K), 0,0421090 secs] [Times: user=0,04 sys=0,01, real=0,05 secs] 
Heap after GC invocations=127 (full 1):
 par new generation   total 655360K, used 1616K [0x0000000700000000, 0x0000000730000000, 0x0000000730000000)
  eden space 524288K,   0% used [0x0000000700000000, 0x0000000700000000, 0x0000000720000000)
  from space 131072K,   1% used [0x0000000728000000, 0x0000000728194218, 0x0000000730000000)
  to   space 131072K,   0% used [0x0000000720000000, 0x0000000720000000, 0x0000000728000000)
 concurrent mark-sweep generation total 2359296K, used 484600K [0x0000000730000000, 0x00000007c0000000, 0x00000007c0000000)
 Metaspace       used 46032K, capacity 48051K, committed 48136K, reserved 1091584K
  class space    used 5272K, capacity 5845K, committed 5920K, reserved 1048576K
}
2018-01-03T20:26:58.284-0200: 257,493: Total time for which application threads were stopped: 0,0459612 seconds, Stopping threads took: 0,0037228 seconds
{Heap before GC invocations=127 (full 1):
 par new generation   total 655360K, used 525904K [0x0000000700000000, 0x0000000730000000, 0x0000000730000000)
  eden space 524288K, 100% used [0x0000000700000000, 0x0000000720000000, 0x0000000720000000)
  from space 131072K,   1% used [0x0000000728000000, 0x0000000728194218, 0x0000000730000000)
  to   space 131072K,   0% used [0x0000000720000000, 0x0000000720000000, 0x0000000728000000)
 concurrent mark-sweep generation total 2359296K, used 484600K [0x0000000730000000, 0x00000007c0000000, 0x00000007c0000000)
 Metaspace       used 46032K, capacity 48051K, committed 48136K, reserved 1091584K
  class space    used 5272K, capacity 5845K, committed 5920K, reserved 1048576K
2018-01-03T20:26:59.161-0200: 258,370: [GC (Allocation Failure) 2018-01-03T20:26:59.161-0200: 258,370: [ParNew
Desired survivor size 120795952 bytes, new threshold 8 (max 8)
- age   1:       1296 bytes,       1296 total
- age   7:      14272 bytes,      15568 total
- age   8:       1848 bytes,      17416 total
: 525904K->447K(655360K), 0,0393416 secs] 1010504K->486055K(3014656K), 0,0394114 secs] [Times: user=0,04 sys=0,00, real=0,04 secs] 
Heap after GC invocations=128 (full 1):
 par new generation   total 655360K, used 447K [0x0000000700000000, 0x0000000730000000, 0x0000000730000000)
  eden space 524288K,   0% used [0x0000000700000000, 0x0000000700000000, 0x0000000720000000)
  from space 131072K,   0% used [0x0000000720000000, 0x000000072006fd20, 0x0000000728000000)
  to   space 131072K,   0% used [0x0000000728000000, 0x0000000728000000, 0x0000000730000000)
 concurrent mark-sweep generation total 2359296K, used 485608K [0x0000000730000000, 0x00000007c0000000, 0x00000007c0000000)
 Metaspace       used 46032K, capacity 48051K, committed 48136K, reserved 1091584K
  class space    used 5272K, capacity 5845K, committed 5920K, reserved 1048576K
}
2018-01-03T20:26:59.200-0200: 258,410: Total time for which application threads were stopped: 0,0416864 seconds, Stopping threads took: 0,0021192 seconds
{Heap before GC invocations=128 (full 1):
 par new generation   total 655360K, used 524735K [0x0000000700000000, 0x0000000730000000, 0x0000000730000000)
  eden space 524288K, 100% used [0x0000000700000000, 0x0000000720000000, 0x0000000720000000)
  from space 131072K,   0% used [0x0000000720000000, 0x000000072006fd20, 0x0000000728000000)
  to   space 131072K,   0% used [0x0000000728000000, 0x0000000728000000, 0x0000000730000000)
 concurrent mark-sweep generation total 2359296K, used 485608K [0x0000000730000000, 0x00000007c0000000, 0x00000007c0000000)
 Metaspace       used 46032K, capacity 48051K, committed 48136K, reserved 1091584K
  class space    used 5272K, capacity 5845K, committed 5920K, reserved 1048576K
2018-01-03T20:27:00.079-0200: 259,289: [GC (Allocation Failure) 2018-01-03T20:27:00.079-0200: 259,289: [ParNew
Desired survivor size 120795952 bytes, new threshold 8 (max 8)
- age   1:       1200 bytes,       1200 total
- age   8:      14272 bytes,      15472 total
: 524735K->113K(655360K), 0,0518070 secs] 1010343K->485723K(3014656K), 0,0518663 secs] [Times: user=0,04 sys=0,00, real=0,05 secs] 
Heap after GC invocations=129 (full 1):
 par new generation   total 655360K, used 113K [0x0000000700000000, 0x0000000730000000, 0x0000000730000000)
  eden space 524288K,   0% used [0x0000000700000000, 0x0000000700000000, 0x0000000720000000)
  from space 131072K,   0% used [0x0000000728000000, 0x000000072801c5a0, 0x0000000730000000)
  to   space 131072K,   0% used [0x0000000720000000, 0x0000000720000000, 0x0000000728000000)
 concurrent mark-sweep generation total 2359296K, used 485609K [0x0000000730000000, 0x00000007c0000000, 0x00000007c0000000)
 Metaspace       used 46032K, capacity 48051K, committed 48136K, reserved 1091584K
  class space    used 5272K, capacity 5845K, committed 5920K, reserved 1048576K
}
2018-01-03T20:27:00.131-0200: 259,341: Total time for which application threads were stopped: 0,0547092 seconds, Stopping threads took: 0,0026732 seconds
{Heap before GC invocations=129 (full 1):
 par new generation   total 655360K, used 524401K [0x0000000700000000, 0x0000000730000000, 0x0000000730000000)
  eden space 524288K, 100% used [0x0000000700000000, 0x0000000720000000, 0x0000000720000000)
  from space 131072K,   0% used [0x0000000728000000, 0x000000072801c5a0, 0x0000000730000000)
  to   space 131072K,   0% used [0x0000000720000000, 0x0000000720000000, 0x0000000728000000)
 concurrent mark-sweep generation total 2359296K, used 485609K [0x0000000730000000, 0x00000007c0000000, 0x00000007c0000000)
 Metaspace       used 46032K, capacity 48051K, committed 48136K, reserved 1091584K
  class space    used 5272K, capacity 5845K, committed 5920K, reserved 1048576K
2018-01-03T20:27:01.049-0200: 260,258: [GC (Allocation Failure) 2018-01-03T20:27:01.049-0200: 260,258: [ParNew
Desired survivor size 120795952 bytes, new threshold 8 (max 8)
- age   1:       1288 bytes,       1288 total
: 524401K->29K(655360K), 0,0443855 secs] 1010011K->485653K(3014656K), 0,0444365 secs] [Times: user=0,03 sys=0,00, real=0,04 secs] 
Heap after GC invocations=130 (full 1):
 par new generation   total 655360K, used 29K [0x0000000700000000, 0x0000000730000000, 0x0000000730000000)
  eden space 524288K,   0% used [0x0000000700000000, 0x0000000700000000, 0x0000000720000000)
  from space 131072K,   0% used [0x0000000720000000, 0x00000007200077e0, 0x0000000728000000)
  to   space 131072K,   0% used [0x0000000728000000, 0x0000000728000000, 0x0000000730000000)
 concurrent mark-sweep generation total 2359296K, used 485623K [0x0000000730000000, 0x00000007c0000000, 0x00000007c0000000)
 Metaspace       used 46032K, capacity 48051K, committed 48136K, reserved 1091584K
  class space    used 5272K, capacity 5845K, committed 5920K, reserved 1048576K
}
2018-01-03T20:27:01.093-0200: 260,303: Total time for which application threads were stopped: 0,0445918 seconds, Stopping threads took: 0,0000392 seconds
{Heap before GC invocations=130 (full 1):
 par new generation   total 655360K, used 524317K [0x0000000700000000, 0x0000000730000000, 0x0000000730000000)
  eden space 524288K, 100% used [0x0000000700000000, 0x0000000720000000, 0x0000000720000000)
  from space 131072K,   0% used [0x0000000720000000, 0x00000007200077e0, 0x0000000728000000)
  to   space 131072K,   0% used [0x0000000728000000, 0x0000000728000000, 0x0000000730000000)
 concurrent mark-sweep generation total 2359296K, used 485623K [0x0000000730000000, 0x00000007c0000000, 0x00000007c0000000)
 Metaspace       used 46032K, capacity 48051K, committed 48136K, reserved 1091584K
  class space    used 5272K, capacity 5845K, committed 5920K, reserved 1048576K
2018-01-03T20:27:02.370-0200: 261,579: [GC (Allocation Failure) 2018-01-03T20:27:02.370-0200: 261,579: [ParNew
Desired survivor size 120795952 bytes, new threshold 8 (max 8)
- age   1:       1728 bytes,       1728 total
: 524317K->6K(655360K), 0,0538983 secs] 1009941K->485629K(3014656K), 0,0539640 secs] [Times: user=0,03 sys=0,00, real=0,06 secs] 
Heap after GC invocations=131 (full 1):
 par new generation   total 655360K, used 6K [0x0000000700000000, 0x0000000730000000, 0x0000000730000000)
  eden space 524288K,   0% used [0x0000000700000000, 0x0000000700000000, 0x0000000720000000)
  from space 131072K,   0% used [0x0000000728000000, 0x0000000728001830, 0x0000000730000000)
  to   space 131072K,   0% used [0x0000000720000000, 0x0000000720000000, 0x0000000728000000)
 concurrent mark-sweep generation total 2359296K, used 485623K [0x0000000730000000, 0x00000007c0000000, 0x00000007c0000000)
 Metaspace       used 46032K, capacity 48051K, committed 48136K, reserved 1091584K
  class space    used 5272K, capacity 5845K, committed 5920K, reserved 1048576K
}
2018-01-03T20:27:02.424-0200: 261,633: Total time for which application threads were stopped: 0,0573018 seconds, Stopping threads took: 0,0032103 seconds
2018-01-03T20:27:02.656-0200: 261,865: Total time for which application threads were stopped: 0,0067370 seconds, Stopping threads took: 0,0059718 seconds
2018-01-03T20:27:02.678-0200: 261,887: Total time for which application threads were stopped: 0,0121824 seconds, Stopping threads took: 0,0113261 seconds
2018-01-03T20:27:02.742-0200: 261,952: Total time for which application threads were stopped: 0,0022412 seconds, Stopping threads took: 0,0021873 seconds
2018-01-03T20:27:02.742-0200: 261,952: Total time for which application threads were stopped: 0,0000374 seconds, Stopping threads took: 0,0000068 seconds
2018-01-03T20:27:02.757-0200: 261,966: Total time for which application threads were stopped: 0,0104450 seconds, Stopping threads took: 0,0103521 seconds
2018-01-03T20:27:02.768-0200: 261,978: Total time for which application threads were stopped: 0,0017177 seconds, Stopping threads took: 0,0016500 seconds
2018-01-03T20:27:02.768-0200: 261,978: Total time for which application threads were stopped: 0,0000373 seconds, Stopping threads took: 0,0000063 seconds
2018-01-03T20:27:02.768-0200: 261,978: Total time for which application threads were stopped: 0,0000331 seconds, Stopping threads took: 0,0000048 seconds
2018-01-03T20:27:02.772-0200: 261,982: Total time for which application threads were stopped: 0,0003949 seconds, Stopping threads took: 0,0003386 seconds
2018-01-03T20:27:02.772-0200: 261,982: Total time for which application threads were stopped: 0,0000440 seconds, Stopping threads took: 0,0000052 seconds
2018-01-03T20:27:02.772-0200: 261,982: Total time for which application threads were stopped: 0,0000347 seconds, Stopping threads took: 0,0000053 seconds
2018-01-03T20:27:02.776-0200: 261,985: Total time for which application threads were stopped: 0,0002561 seconds, Stopping threads took: 0,0001994 seconds
2018-01-03T20:27:02.776-0200: 261,986: Total time for which application threads were stopped: 0,0000541 seconds, Stopping threads took: 0,0000059 seconds
2018-01-03T20:27:02.781-0200: 261,991: Total time for which application threads were stopped: 0,0002003 seconds, Stopping threads took: 0,0000143 seconds
2018-01-03T20:27:02.786-0200: 261,995: Total time for which application threads were stopped: 0,0018702 seconds, Stopping threads took: 0,0018028 seconds
2018-01-03T20:27:02.802-0200: 262,011: Total time for which application threads were stopped: 0,0008357 seconds, Stopping threads took: 0,0007761 seconds
2018-01-03T20:27:02.834-0200: 262,043: Total time for which application threads were stopped: 0,0075460 seconds, Stopping threads took: 0,0074952 seconds
2018-01-03T20:27:02.839-0200: 262,049: Total time for which application threads were stopped: 0,0006943 seconds, Stopping threads took: 0,0006478 seconds
Heap
 par new generation   total 655360K, used 201710K [0x0000000700000000, 0x0000000730000000, 0x0000000730000000)
  eden space 524288K,  38% used [0x0000000700000000, 0x000000070c4fa2a0, 0x0000000720000000)
  from space 131072K,   0% used [0x0000000728000000, 0x0000000728001830, 0x0000000730000000)
  to   space 131072K,   0% used [0x0000000720000000, 0x0000000720000000, 0x0000000728000000)
 concurrent mark-sweep generation total 2359296K, used 485623K [0x0000000730000000, 0x00000007c0000000, 0x00000007c0000000)
 Metaspace       used 46085K, capacity 48125K, committed 48392K, reserved 1091584K
  class space    used 5281K, capacity 5848K, committed 5920K, reserved 1048576K
